
> leadflow-dashboard@0.0.1 test
> vitest --run


[1m[46m RUN [49m[22m [36mv4.0.16 [39m[90mC:/Users/Admin/Sources/zoolab-dashboard[39m

 [32m✓[39m src/components/meeting/CustomTimePicker.test.jsx[2m > [22mCustomTimePicker[2m > [22mbasic rendering[2m > [22mshould render the time picker[32m 211[2mms[22m[39m
 [32m✓[39m src/components/NotesModal.test.jsx[2m > [22mNotesModal[2m > [22mbasic rendering[2m > [22mshould render when isOpen is true[32m 290[2mms[22m[39m
 [32m✓[39m src/components/NotesModal.test.jsx[2m > [22mNotesModal[2m > [22mbasic rendering[2m > [22mshould not render when isOpen is false[32m 8[2mms[22m[39m
 [32m✓[39m src/components/NotesModal.test.jsx[2m > [22mNotesModal[2m > [22mbasic rendering[2m > [22mshould render the modal title[32m 62[2mms[22m[39m
 [31m×[39m src/components/meeting/CustomTimePicker.test.jsx[2m > [22mCustomTimePicker[2m > [22mbasic rendering[2m > [22mshould render all 12 hours[32m 183[2mms[22m[39m[33m (retry x1)[39m
[31m   → Found multiple elements with the text: 05

Here are the matching elements:

Ignored nodes: comments, script, style
[36m<button[31m
  [33mclass[31m=[32m"w-9 py-1 text-[11px] rounded-md transition-all font-medium cursor-pointer block mb-0.5 text-slate-700 hover:bg-slate-200"[31m
  [33mstyle[31m=[32m"font-family: \"Manrope\", sans-serif;"[31m
  [33mtype[31m=[32m"button"[31m
[36m>[31m
  [0m05[0m
[36m</button>[31m

Ignored nodes: comments, script, style
[36m<button[31m
  [33mclass[31m=[32m"w-9 py-1 text-[11px] rounded-md transition-all font-medium cursor-pointer block mb-0.5 text-slate-700 hover:bg-slate-200"[31m
  [33mstyle[31m=[32m"font-family: \"Manrope\", sans-serif;"[31m
  [33mtype[31m=[32m"button"[31m
[36m>[31m
  [0m05[0m
[36m</button>[31m

(If this is intentional, then use the `*AllBy*` variant of the query (like `queryAllByText`, `getAllByText`, or `findAllByText`)).

Ignored nodes: comments, script, style
[36m<body>[31m
  [36m<div>[31m
    [36m<div[31m
      [33manimate[31m=[32m"[object Object]"[31m
      [33mclass[31m=[32m"absolute top-full left-0 mt-1.5 p-2 rounded-xl border shadow-xl z-50 bg-white border-slate-200"[31m
      [33mexit[31m=[32m"[object Object]"[31m
      [33minitial[31m=[32m"[object Object]"[31m
      [33mtransition[31m=[32m"[object Object]"[31m
    [36m>[31m
      [36m<div[31m
        [33mclass[31m=[32m"flex gap-1"[31m
      [36m>[31m
        [36m<div[31m
          [33mclass[31m=[32m"flex flex-col"[31m
        [36m>[31m
          [36m<label[31m
            [33mclass[31m=[32m"text-[9px] font-semibold mb-1 text-center text-slate-500"[31m
            [33mstyle[31m=[32m"font-family: \"Manrope\", sans-serif;"[31m
          [36m>[31m
            [0mHr[0m
          [36m</label>[31m
          [36m<div[31m
            [33mclass[31m=[32m"h-24 overflow-y-auto rounded-lg p-0.5 scrollbar-none [&::-webkit-scrollbar]:hidden [-ms-overflow-style:none] [scrollbar-width:none] bg-slate-50"[31m
          [36m>[31m
            [36m<button[31m
              [33mclass[31m=[32m"w-9 py-1 text-[11px] rounded-md transition-all font-medium cursor-pointer block mb-0.5 text-slate-700 hover:bg-slate-200"[31m
              [33mstyle[31m=[32m"font-family: \"Manrope\", sans-serif;"[31m
              [33mtype[31m=[32m"button"[31m
            [36m>[31m
              [0m12[0m
            [36m</button>[31m
            [36m<button[31m
              [33mclass[31m=[32m"w-9 py-1 text-[11px] rounded-md transition-all font-medium cursor-pointer block mb-0.5 text-slate-700 hover:bg-slate-200"[31m
              [33mstyle[31m=[32m"font-family: \"Manrope\", sans-serif;"[31m
              [33mtype[31m=[32m"button"[31m
            [36m>[31m
              [0m01[0m
            [36m</button>[31m
            [36m<button[31m
              [33mclass[31m=[32m"w-9 py-1 text-[11px] rounded-md transition-all font-medium cursor-pointer block mb-0.5 text-slate-700 hover:bg-slate-200"[31m
              [33mstyle[31m=[32m"font-family: \"Manrope\", sans-serif;"[31m
              [33mtype[31m=[32m"button"[31m
            [36m>[31m
              [0m02[0m
            [36m</button>[31m
            [36m<button[31m
              [33mclass[31m=[32m"w-9 py-1 text-[11px] rounded-md transition-all font-medium cursor-pointer block mb-0.5 text-slate-700 hover:bg-slate-200"[31m
              [33mstyle[31m=[32m"font-family: \"Manrope\", sans-serif;"[31m
              [33mtype[31m=[32m"button"[31m
            [36m>[31m
              [0m03[0m
            [36m</button>[31m
            [36m<button[31m
              [33mclass[31m=[32m"w-9 py-1 text-[11px] rounded-md transition-all font-medium cursor-pointer block mb-0.5 text-slate-700 hover:bg-slate-200"[31m
              [33mstyle[31m=[32m"font-family: \"Manrope\", sans-serif;"[31m
              [33mtype[31m=[32m"button"[31m
            [36m>[31m
              [0m04[0m
            [36m</button>[31m
            [36m<button[31m
              [33mclass[31m=[32m"w-9 py-1 text-[11px] rounded-md transition-all font-medium cursor-pointer block mb-0.5 text-slate-700 hover:bg-slate-200"[31m
              [33mstyle[31m=[32m"font-family: \"Manrope\", sans-serif;"[31m
              [33mtype[31m=[32m"button"[31m
            [36m>[31m
              [0m05[0m
            [36m</button>[31m
            [36m<button[31m
              [33mclass[31m=[32m"w-9 py-1 text-[11px] rounded-md transition-all font-medium cursor-pointer block mb-0.5 text-slate-700 hover:bg-slate-200"[31m
              [33mstyle[31m=[32m"font-family: \"Manrope\", sans-serif;"[31m
              [33mtype[31m=[32m"button"[31m
            [36m>[31m
              [0m06[0m
            [36m</button>[31m
            [36m<button[31m
              [33mclass[31m=[32m"w-9 py-1 text-[11px] rounded-md transition-all font-medium cursor-pointer block mb-0.5 text-slate-700 hover:bg-slate-200"[31m
              [33mstyle[31m=[32m"font-family: \"Manrope\", sans-serif;"[31m
              [33mtype[31m=[32m"button"[31m
            [36m>[31m
              [0m07[0m
            [36m</button>[31m
            [36m<button[31m
              [33mclass[31m=[32m"w-9 py-1 text-[11px] rounded-md transition-all font-medium cursor-pointer block mb-0.5 text-slate-700 hover:bg-slate-200"[31m
              [33mstyle[31m=[32m"font-family: \"Manrope\", sans-serif;"[31m
              [33mtype[31m=[32m"button"[31m
            [36m>[31m
              [0m08[0m
            [36m</button>[31m
            [36m<button[31m
              [33mclass[31m=[32m"w-9 py-1 text-[11px] rounded-md transition-all font-medium cursor-pointer block mb-0.5 bg-blue-500 text-white shadow-sm"[31m
              [33mstyle[31m=[32m"font-family: \"Manrope\", sans-serif;"[31m
              [33mtype[31m=[32m"button"[31m
            [36m>[31m
              [0m09[0m
            [36m</button>[31m
            [36m<button[31m
              [33mclass[31m=[32m"w-9 py-1 text-[11px] rounded-md transition-all font-medium cursor-pointer block mb-0.5 text-slate-700 hover:bg-slate-200"[31m
              [33mstyle[31m=[32m"font-family: \"Manrope\", sans-serif;"[31m
              [33mtype[31m=[32m"button"[31m
            [36m>[31m
              [0m10[0m
            [36m</button>[31m
            [36m<button[31m
              [33mclass[31m=[32m"w-9 py-1 text-[11px] rounded-md transition-all font-medium cursor-pointer block mb-0.5 text-slate-700 hover:bg-slate-200"[31m
              [33mstyle[31m=[32m"font-family: \"Manrope\", sans-serif;"[31m
              [33mtype[31m=[32m"button"[31m
            [36m>[31m
              [0m11[0m
            [36m</button>[31m
          [36m</div>[31m
        [36m</div>[31m
        [36m<div[31m
          [33mclass[31m=[32m"flex flex-col"[31m
        [36m>[31m
          [36m<label[31m
            [33mclass[31m=[32m"text-[9px] font-semibold mb-1 text-center text-slate-500"[31m
            [33mstyle[31m=[32m"font-family: \"Manrope\", sans-serif;"[31m
          [36m>[31m
            [0mMin[0m
          [36m</label>[31m
          [36m<div[31m
            [33mclass[31m=[32m"h-24 overflow-y-auto rounded-lg p-0.5 scrollbar-none [&::-webkit-scrollbar]:hidden [-ms-overflow-style:none] [scrollbar-width:none] bg-slate-50"[31m
          [36m>[31m
            [36m<button[31m
              [33mclass[31m=[32m"w-9 py-1 text-[11px] rounded-md transition-all font-medium cursor-pointer block mb-0.5 text-slate-700 hover:bg-slate-200"[31m
              [33mstyle[31m=[32m"font-family: \"Manrope\", sans-serif;"[31m
              [33mtype[31m=[32m"button"[31m
            [36m>[31m
              [0m00[0m
            [36m</button>[31m
            [36m<button...[39m
[31m   → Found multiple elements with the text: 05

Here are the matching elements:

Ignored nodes: comments, script, style
[36m<button[31m
  [33mclass[31m=[32m"w-9 py-1 text-[11px] rounded-md transition-all font-medium cursor-pointer block mb-0.5 text-slate-700 hover:bg-slate-200"[31m
  [33mstyle[31m=[32m"font-family: \"Manrope\", sans-serif;"[31m
  [33mtype[31m=[32m"button"[31m
[36m>[31m
  [0m05[0m
[36m</button>[31m

Ignored nodes: comments, script, style
[36m<button[31m
  [33mclass[31m=[32m"w-9 py-1 text-[11px] rounded-md transition-all font-medium cursor-pointer block mb-0.5 text-slate-700 hover:bg-slate-200"[31m
  [33mstyle[31m=[32m"font-family: \"Manrope\", sans-serif;"[31m
  [33mtype[31m=[32m"button"[31m
[36m>[31m
  [0m05[0m
[36m</button>[31m

(If this is intentional, then use the `*AllBy*` variant of the query (like `queryAllByText`, `getAllByText`, or `findAllByText`)).

Ignored nodes: comments, script, style
[36m<body>[31m
  [36m<div>[31m
    [36m<div[31m
      [33manimate[31m=[32m"[object Object]"[31m
      [33mclass[31m=[32m"absolute top-full left-0 mt-1.5 p-2 rounded-xl border shadow-xl z-50 bg-white border-slate-200"[31m
      [33mexit[31m=[32m"[object Object]"[31m
      [33minitial[31m=[32m"[object Object]"[31m
      [33mtransition[31m=[32m"[object Object]"[31m
    [36m>[31m
      [36m<div[31m
        [33mclass[31m=[32m"flex gap-1"[31m
      [36m>[31m
        [36m<div[31m
          [33mclass[31m=[32m"flex flex-col"[31m
        [36m>[31m
          [36m<label[31m
            [33mclass[31m=[32m"text-[9px] font-semibold mb-1 text-center text-slate-500"[31m
            [33mstyle[31m=[32m"font-family: \"Manrope\", sans-serif;"[31m
          [36m>[31m
            [0mHr[0m
          [36m</label>[31m
          [36m<div[31m
            [33mclass[31m=[32m"h-24 overflow-y-auto rounded-lg p-0.5 scrollbar-none [&::-webkit-scrollbar]:hidden [-ms-overflow-style:none] [scrollbar-width:none] bg-slate-50"[31m
          [36m>[31m
            [36m<button[31m
              [33mclass[31m=[32m"w-9 py-1 text-[11px] rounded-md transition-all font-medium cursor-pointer block mb-0.5 text-slate-700 hover:bg-slate-200"[31m
              [33mstyle[31m=[32m"font-family: \"Manrope\", sans-serif;"[31m
              [33mtype[31m=[32m"button"[31m
            [36m>[31m
              [0m12[0m
            [36m</button>[31m
            [36m<button[31m
              [33mclass[31m=[32m"w-9 py-1 text-[11px] rounded-md transition-all font-medium cursor-pointer block mb-0.5 text-slate-700 hover:bg-slate-200"[31m
              [33mstyle[31m=[32m"font-family: \"Manrope\", sans-serif;"[31m
              [33mtype[31m=[32m"button"[31m
            [36m>[31m
              [0m01[0m
            [36m</button>[31m
            [36m<button[31m
              [33mclass[31m=[32m"w-9 py-1 text-[11px] rounded-md transition-all font-medium cursor-pointer block mb-0.5 text-slate-700 hover:bg-slate-200"[31m
              [33mstyle[31m=[32m"font-family: \"Manrope\", sans-serif;"[31m
              [33mtype[31m=[32m"button"[31m
            [36m>[31m
              [0m02[0m
            [36m</button>[31m
            [36m<button[31m
              [33mclass[31m=[32m"w-9 py-1 text-[11px] rounded-md transition-all font-medium cursor-pointer block mb-0.5 text-slate-700 hover:bg-slate-200"[31m
              [33mstyle[31m=[32m"font-family: \"Manrope\", sans-serif;"[31m
              [33mtype[31m=[32m"button"[31m
            [36m>[31m
              [0m03[0m
            [36m</button>[31m
            [36m<button[31m
              [33mclass[31m=[32m"w-9 py-1 text-[11px] rounded-md transition-all font-medium cursor-pointer block mb-0.5 text-slate-700 hover:bg-slate-200"[31m
              [33mstyle[31m=[32m"font-family: \"Manrope\", sans-serif;"[31m
              [33mtype[31m=[32m"button"[31m
            [36m>[31m
              [0m04[0m
            [36m</button>[31m
            [36m<button[31m
              [33mclass[31m=[32m"w-9 py-1 text-[11px] rounded-md transition-all font-medium cursor-pointer block mb-0.5 text-slate-700 hover:bg-slate-200"[31m
              [33mstyle[31m=[32m"font-family: \"Manrope\", sans-serif;"[31m
              [33mtype[31m=[32m"button"[31m
            [36m>[31m
              [0m05[0m
            [36m</button>[31m
            [36m<button[31m
              [33mclass[31m=[32m"w-9 py-1 text-[11px] rounded-md transition-all font-medium cursor-pointer block mb-0.5 text-slate-700 hover:bg-slate-200"[31m
              [33mstyle[31m=[32m"font-family: \"Manrope\", sans-serif;"[31m
              [33mtype[31m=[32m"button"[31m
            [36m>[31m
              [0m06[0m
            [36m</button>[31m
            [36m<button[31m
              [33mclass[31m=[32m"w-9 py-1 text-[11px] rounded-md transition-all font-medium cursor-pointer block mb-0.5 text-slate-700 hover:bg-slate-200"[31m
              [33mstyle[31m=[32m"font-family: \"Manrope\", sans-serif;"[31m
              [33mtype[31m=[32m"button"[31m
            [36m>[31m
              [0m07[0m
            [36m</button>[31m
            [36m<button[31m
              [33mclass[31m=[32m"w-9 py-1 text-[11px] rounded-md transition-all font-medium cursor-pointer block mb-0.5 text-slate-700 hover:bg-slate-200"[31m
              [33mstyle[31m=[32m"font-family: \"Manrope\", sans-serif;"[31m
              [33mtype[31m=[32m"button"[31m
            [36m>[31m
              [0m08[0m
            [36m</button>[31m
            [36m<button[31m
              [33mclass[31m=[32m"w-9 py-1 text-[11px] rounded-md transition-all font-medium cursor-pointer block mb-0.5 bg-blue-500 text-white shadow-sm"[31m
              [33mstyle[31m=[32m"font-family: \"Manrope\", sans-serif;"[31m
              [33mtype[31m=[32m"button"[31m
            [36m>[31m
              [0m09[0m
            [36m</button>[31m
            [36m<button[31m
              [33mclass[31m=[32m"w-9 py-1 text-[11px] rounded-md transition-all font-medium cursor-pointer block mb-0.5 text-slate-700 hover:bg-slate-200"[31m
              [33mstyle[31m=[32m"font-family: \"Manrope\", sans-serif;"[31m
              [33mtype[31m=[32m"button"[31m
            [36m>[31m
              [0m10[0m
            [36m</button>[31m
            [36m<button[31m
              [33mclass[31m=[32m"w-9 py-1 text-[11px] rounded-md transition-all font-medium cursor-pointer block mb-0.5 text-slate-700 hover:bg-slate-200"[31m
              [33mstyle[31m=[32m"font-family: \"Manrope\", sans-serif;"[31m
              [33mtype[31m=[32m"button"[31m
            [36m>[31m
              [0m11[0m
            [36m</button>[31m
          [36m</div>[31m
        [36m</div>[31m
        [36m<div[31m
          [33mclass[31m=[32m"flex flex-col"[31m
        [36m>[31m
          [36m<label[31m
            [33mclass[31m=[32m"text-[9px] font-semibold mb-1 text-center text-slate-500"[31m
            [33mstyle[31m=[32m"font-family: \"Manrope\", sans-serif;"[31m
          [36m>[31m
            [0mMin[0m
          [36m</label>[31m
          [36m<div[31m
            [33mclass[31m=[32m"h-24 overflow-y-auto rounded-lg p-0.5 scrollbar-none [&::-webkit-scrollbar]:hidden [-ms-overflow-style:none] [scrollbar-width:none] bg-slate-50"[31m
          [36m>[31m
            [36m<button[31m
              [33mclass[31m=[32m"w-9 py-1 text-[11px] rounded-md transition-all font-medium cursor-pointer block mb-0.5 text-slate-700 hover:bg-slate-200"[31m
              [33mstyle[31m=[32m"font-family: \"Manrope\", sans-serif;"[31m
              [33mtype[31m=[32m"button"[31m
            [36m>[31m
              [0m00[0m
            [36m</button>[31m
            [36m<button...[39m
 [32m✓[39m src/components/LeadSourceChart.test.jsx[2m > [22mLeadSourceChart[2m > [22mbasic rendering[2m > [22mshould render the chart component[32m 273[2mms[22m[39m
 [32m✓[39m src/components/CreateMeetingModal.test.jsx[2m > [22mCreateMeetingModal[2m > [22mbasic rendering[2m > [22mshould render when isOpen is true[32m 299[2mms[22m[39m
 [32m✓[39m src/components/CreateMeetingModal.test.jsx[2m > [22mCreateMeetingModal[2m > [22mbasic rendering[2m > [22mshould not render when isOpen is false[32m 23[2mms[22m[39m
 [32m✓[39m src/components/NotesModal.test.jsx[2m > [22mNotesModal[2m > [22mbasic rendering[2m > [22mshould render the close button[32m 61[2mms[22m[39m
 [32m✓[39m src/components/NotesModal.test.jsx[2m > [22mNotesModal[2m > [22mbasic rendering[2m > [22mshould render Add Note button[32m 71[2mms[22m[39m
 [32m✓[39m src/components/LeadSourceChart.test.jsx[2m > [22mLeadSourceChart[2m > [22mbasic rendering[2m > [22mshould render the chart title[32m 114[2mms[22m[39m
 [32m✓[39m src/components/LeadSourceChart.test.jsx[2m > [22mLeadSourceChart[2m > [22mbasic rendering[2m > [22mshould render time period buttons[32m 83[2mms[22m[39m
 [32m✓[39m src/components/CreateMeetingModal.test.jsx[2m > [22mCreateMeetingModal[2m > [22mbasic rendering[2m > [22mshould render the modal title[32m 157[2mms[22m[39m
 [32m✓[39m src/components/LeadSourceChart.test.jsx[2m > [22mLeadSourceChart[2m > [22mbasic rendering[2m > [22mshould render the pie chart container[32m 47[2mms[22m[39m
 [32m✓[39m src/components/LeadSourceChart.test.jsx[2m > [22mLeadSourceChart[2m > [22mbasic rendering[2m > [22mshould render the responsive container[32m 49[2mms[22m[39m
 [32m✓[39m src/components/NotesModal.test.jsx[2m > [22mNotesModal[2m > [22mbasic rendering[2m > [22mshould render View Notes button with count[32m 85[2mms[22m[39m
 [32m✓[39m src/components/NotesModal.test.jsx[2m > [22mNotesModal[2m > [22mmode toggle[2m > [22mshould start in add mode by default[32m 71[2mms[22m[39m
 [32m✓[39m src/components/CreateMeetingModal.test.jsx[2m > [22mCreateMeetingModal[2m > [22mbasic rendering[2m > [22mshould render close button[32m 124[2mms[22m[39m
 [32m✓[39m src/components/meeting/CustomDropdown.test.jsx[2m > [22mCustomDropdown[2m > [22mbasic rendering[2m > [22mshould render the dropdown button[33m 726[2mms[22m[39m
 [32m✓[39m src/components/meeting/CustomDropdown.test.jsx[2m > [22mCustomDropdown[2m > [22mbasic rendering[2m > [22mshould display placeholder when no value is selected[32m 39[2mms[22m[39m
 [32m✓[39m src/components/meeting/CustomDropdown.test.jsx[2m > [22mCustomDropdown[2m > [22mbasic rendering[2m > [22mshould display selected option label when value is set[32m 14[2mms[22m[39m
 [32m✓[39m src/components/meeting/CustomDropdown.test.jsx[2m > [22mCustomDropdown[2m > [22mbasic rendering[2m > [22mshould render chevron down icon[32m 28[2mms[22m[39m
 [32m✓[39m src/components/LeadSourceChart.test.jsx[2m > [22mLeadSourceChart[2m > [22mlegend rendering[2m > [22mshould render legend with all data items[32m 52[2mms[22m[39m
 [32m✓[39m src/components/LeadSourceChart.test.jsx[2m > [22mLeadSourceChart[2m > [22mlegend rendering[2m > [22mshould render percentage values in legend[32m 81[2mms[22m[39m
 [32m✓[39m src/components/meeting/CustomClientDropdown.test.jsx[2m > [22mCustomClientDropdown[2m > [22mbasic rendering[2m > [22mshould render the input field[32m 144[2mms[22m[39m
 [32m✓[39m src/components/meeting/CustomClientDropdown.test.jsx[2m > [22mCustomClientDropdown[2m > [22mbasic rendering[2m > [22mshould render with provided value[32m 19[2mms[22m[39m
 [32m✓[39m src/components/meeting/CustomClientDropdown.test.jsx[2m > [22mCustomClientDropdown[2m > [22mbasic rendering[2m > [22mshould render chevron icon[32m 29[2mms[22m[39m
 [32m✓[39m src/components/meeting/CustomClientDropdown.test.jsx[2m > [22mCustomClientDropdown[2m > [22mbasic rendering[2m > [22mshould not show dropdown initially[32m 25[2mms[22m[39m
 [32m✓[39m src/components/CreateMeetingModal.test.jsx[2m > [22mCreateMeetingModal[2m > [22mbasic rendering[2m > [22mshould render form fields[32m 106[2mms[22m[39m
 [32m✓[39m src/components/meeting/CustomDropdown.test.jsx[2m > [22mCustomDropdown[2m > [22mbasic rendering[2m > [22mshould not show dropdown options initially[32m 17[2mms[22m[39m
 [32m✓[39m src/components/CreateMeetingModal.test.jsx[2m > [22mCreateMeetingModal[2m > [22mbasic rendering[2m > [22mshould render Create Meeting button[32m 115[2mms[22m[39m
 [32m✓[39m src/components/meeting/CustomClientDropdown.test.jsx[2m > [22mCustomClientDropdown[2m > [22mdropdown interaction[2m > [22mshould open dropdown when input is focused[33m 806[2mms[22m[39m
 [32m✓[39m src/components/AlertsModal.test.jsx[2m > [22mAlertsModal[2m > [22mbasic rendering[2m > [22mshould render modal when isOpen is true[33m 914[2mms[22m[39m
 [32m✓[39m src/components/AlertsModal.test.jsx[2m > [22mAlertsModal[2m > [22mbasic rendering[2m > [22mshould not render modal when isOpen is false[32m 40[2mms[22m[39m
 [32m✓[39m src/components/CreateMeetingModal.test.jsx[2m > [22mCreateMeetingModal[2m > [22mbasic rendering[2m > [22mshould render Cancel button[32m 150[2mms[22m[39m
 [32m✓[39m src/components/meeting/CustomDropdown.test.jsx[2m > [22mCustomDropdown[2m > [22mopen/close behavior[2m > [22mshould open dropdown when button is clicked[33m 373[2mms[22m[39m
 [32m✓[39m src/components/meeting/CustomClientDropdown.test.jsx[2m > [22mCustomClientDropdown[2m > [22mdropdown interaction[2m > [22mshould show all clients when dropdown is opened[32m 201[2mms[22m[39m
 [32m✓[39m src/components/AlertsModal.test.jsx[2m > [22mAlertsModal[2m > [22mbasic rendering[2m > [22mshould render Lead Alerts title[32m 207[2mms[22m[39m
 [32m✓[39m src/components/AlertsModal.test.jsx[2m > [22mAlertsModal[2m > [22mbasic rendering[2m > [22mshould render alert count badge[32m 64[2mms[22m[39m
 [32m✓[39m src/components/meeting/CustomClientDropdown.test.jsx[2m > [22mCustomClientDropdown[2m > [22mdropdown interaction[2m > [22mshould show client emails in dropdown[32m 159[2mms[22m[39m
 [32m✓[39m src/components/AlertsModal.test.jsx[2m > [22mAlertsModal[2m > [22mbasic rendering[2m > [22mshould render close button[32m 90[2mms[22m[39m
 [32m✓[39m src/components/meeting/CustomClientDropdown.test.jsx[2m > [22mCustomClientDropdown[2m > [22mdropdown interaction[2m > [22mshould close dropdown when clicking outside[32m 126[2mms[22m[39m
 [32m✓[39m src/components/LeadSourceChart.test.jsx[2m > [22mLeadSourceChart[2m > [22mlegend rendering[2m > [22mshould render color indicators in legend[32m 41[2mms[22m[39m
 [32m✓[39m src/components/AlertsModal.test.jsx[2m > [22mAlertsModal[2m > [22mbasic rendering[2m > [22mshould render all alerts[32m 142[2mms[22m[39m
 [32m✓[39m src/components/AlertsModal.test.jsx[2m > [22mAlertsModal[2m > [22mbasic rendering[2m > [22mshould render add alert input[32m 54[2mms[22m[39m
 [32m✓[39m src/components/meeting/CustomDropdown.test.jsx[2m > [22mCustomDropdown[2m > [22mopen/close behavior[2m > [22mshould close dropdown when button is clicked again[32m 289[2mms[22m[39m
 [32m✓[39m src/components/LeadSourceChart.test.jsx[2m > [22mLeadSourceChart[2m > [22mlegend rendering[2m > [22mshould have aria-label on legend container[33m 733[2mms[22m[39m
 [32m✓[39m src/components/AlertsModal.test.jsx[2m > [22mAlertsModal[2m > [22mbasic rendering[2m > [22mshould render Add button[32m 55[2mms[22m[39m
 [32m✓[39m src/components/AlertsModal.test.jsx[2m > [22mAlertsModal[2m > [22mempty state[2m > [22mshould show empty state message when no alerts[32m 36[2mms[22m[39m
 [32m✓[39m src/components/AlertsModal.test.jsx[2m > [22mAlertsModal[2m > [22mempty state[2m > [22mshould show encouraging message when no alerts[32m 35[2mms[22m[39m
 [32m✓[39m src/components/AlertsModal.test.jsx[2m > [22mAlertsModal[2m > [22mempty state[2m > [22mshould show count badge with 0 when no alerts[32m 25[2mms[22m[39m
 [32m✓[39m src/components/NotesModal.test.jsx[2m > [22mNotesModal[2m > [22mmode toggle[2m > [22mshould switch to view mode when View Notes is clicked[33m 925[2mms[22m[39m
 [32m✓[39m src/components/meeting/CustomClientDropdown.test.jsx[2m > [22mCustomClientDropdown[2m > [22mclient selection[2m > [22mshould call onChange and onEmailChange when client is selected[32m 191[2mms[22m[39m
 [31m×[39m src/components/meeting/CustomTimePicker.test.jsx[2m > [22mCustomTimePicker[2m > [22mbasic rendering[2m > [22mshould render minute options in 5-minute increments[32m 152[2mms[22m[39m[33m (retry x1)[39m
[31m   → Found multiple elements with the text: 05

Here are the matching elements:

Ignored nodes: comments, script, style
[36m<button[31m
  [33mclass[31m=[32m"w-9 py-1 text-[11px] rounded-md transition-all font-medium cursor-pointer block mb-0.5 text-slate-700 hover:bg-slate-200"[31m
  [33mstyle[31m=[32m"font-family: \"Manrope\", sans-serif;"[31m
  [33mtype[31m=[32m"button"[31m
[36m>[31m
  [0m05[0m
[36m</button>[31m

Ignored nodes: comments, script, style
[36m<button[31m
  [33mclass[31m=[32m"w-9 py-1 text-[11px] rounded-md transition-all font-medium cursor-pointer block mb-0.5 text-slate-700 hover:bg-slate-200"[31m
  [33mstyle[31m=[32m"font-family: \"Manrope\", sans-serif;"[31m
  [33mtype[31m=[32m"button"[31m
[36m>[31m
  [0m05[0m
[36m</button>[31m

(If this is intentional, then use the `*AllBy*` variant of the query (like `queryAllByText`, `getAllByText`, or `findAllByText`)).

Ignored nodes: comments, script, style
[36m<body>[31m
  [36m<div>[31m
    [36m<div[31m
      [33manimate[31m=[32m"[object Object]"[31m
      [33mclass[31m=[32m"absolute top-full left-0 mt-1.5 p-2 rounded-xl border shadow-xl z-50 bg-white border-slate-200"[31m
      [33mexit[31m=[32m"[object Object]"[31m
      [33minitial[31m=[32m"[object Object]"[31m
      [33mtransition[31m=[32m"[object Object]"[31m
    [36m>[31m
      [36m<div[31m
        [33mclass[31m=[32m"flex gap-1"[31m
      [36m>[31m
        [36m<div[31m
          [33mclass[31m=[32m"flex flex-col"[31m
        [36m>[31m
          [36m<label[31m
            [33mclass[31m=[32m"text-[9px] font-semibold mb-1 text-center text-slate-500"[31m
            [33mstyle[31m=[32m"font-family: \"Manrope\", sans-serif;"[31m
          [36m>[31m
            [0mHr[0m
          [36m</label>[31m
          [36m<div[31m
            [33mclass[31m=[32m"h-24 overflow-y-auto rounded-lg p-0.5 scrollbar-none [&::-webkit-scrollbar]:hidden [-ms-overflow-style:none] [scrollbar-width:none] bg-slate-50"[31m
          [36m>[31m
            [36m<button[31m
              [33mclass[31m=[32m"w-9 py-1 text-[11px] rounded-md transition-all font-medium cursor-pointer block mb-0.5 text-slate-700 hover:bg-slate-200"[31m
              [33mstyle[31m=[32m"font-family: \"Manrope\", sans-serif;"[31m
              [33mtype[31m=[32m"button"[31m
            [36m>[31m
              [0m12[0m
            [36m</button>[31m
            [36m<button[31m
              [33mclass[31m=[32m"w-9 py-1 text-[11px] rounded-md transition-all font-medium cursor-pointer block mb-0.5 text-slate-700 hover:bg-slate-200"[31m
              [33mstyle[31m=[32m"font-family: \"Manrope\", sans-serif;"[31m
              [33mtype[31m=[32m"button"[31m
            [36m>[31m
              [0m01[0m
            [36m</button>[31m
            [36m<button[31m
              [33mclass[31m=[32m"w-9 py-1 text-[11px] rounded-md transition-all font-medium cursor-pointer block mb-0.5 text-slate-700 hover:bg-slate-200"[31m
              [33mstyle[31m=[32m"font-family: \"Manrope\", sans-serif;"[31m
              [33mtype[31m=[32m"button"[31m
            [36m>[31m
              [0m02[0m
            [36m</button>[31m
            [36m<button[31m
              [33mclass[31m=[32m"w-9 py-1 text-[11px] rounded-md transition-all font-medium cursor-pointer block mb-0.5 text-slate-700 hover:bg-slate-200"[31m
              [33mstyle[31m=[32m"font-family: \"Manrope\", sans-serif;"[31m
              [33mtype[31m=[32m"button"[31m
            [36m>[31m
              [0m03[0m
            [36m</button>[31m
            [36m<button[31m
              [33mclass[31m=[32m"w-9 py-1 text-[11px] rounded-md transition-all font-medium cursor-pointer block mb-0.5 text-slate-700 hover:bg-slate-200"[31m
              [33mstyle[31m=[32m"font-family: \"Manrope\", sans-serif;"[31m
              [33mtype[31m=[32m"button"[31m
            [36m>[31m
              [0m04[0m
            [36m</button>[31m
            [36m<button[31m
              [33mclass[31m=[32m"w-9 py-1 text-[11px] rounded-md transition-all font-medium cursor-pointer block mb-0.5 text-slate-700 hover:bg-slate-200"[31m
              [33mstyle[31m=[32m"font-family: \"Manrope\", sans-serif;"[31m
              [33mtype[31m=[32m"button"[31m
            [36m>[31m
              [0m05[0m
            [36m</button>[31m
            [36m<button[31m
              [33mclass[31m=[32m"w-9 py-1 text-[11px] rounded-md transition-all font-medium cursor-pointer block mb-0.5 text-slate-700 hover:bg-slate-200"[31m
              [33mstyle[31m=[32m"font-family: \"Manrope\", sans-serif;"[31m
              [33mtype[31m=[32m"button"[31m
            [36m>[31m
              [0m06[0m
            [36m</button>[31m
            [36m<button[31m
              [33mclass[31m=[32m"w-9 py-1 text-[11px] rounded-md transition-all font-medium cursor-pointer block mb-0.5 text-slate-700 hover:bg-slate-200"[31m
              [33mstyle[31m=[32m"font-family: \"Manrope\", sans-serif;"[31m
              [33mtype[31m=[32m"button"[31m
            [36m>[31m
              [0m07[0m
            [36m</button>[31m
            [36m<button[31m
              [33mclass[31m=[32m"w-9 py-1 text-[11px] rounded-md transition-all font-medium cursor-pointer block mb-0.5 text-slate-700 hover:bg-slate-200"[31m
              [33mstyle[31m=[32m"font-family: \"Manrope\", sans-serif;"[31m
              [33mtype[31m=[32m"button"[31m
            [36m>[31m
              [0m08[0m
            [36m</button>[31m
            [36m<button[31m
              [33mclass[31m=[32m"w-9 py-1 text-[11px] rounded-md transition-all font-medium cursor-pointer block mb-0.5 bg-blue-500 text-white shadow-sm"[31m
              [33mstyle[31m=[32m"font-family: \"Manrope\", sans-serif;"[31m
              [33mtype[31m=[32m"button"[31m
            [36m>[31m
              [0m09[0m
            [36m</button>[31m
            [36m<button[31m
              [33mclass[31m=[32m"w-9 py-1 text-[11px] rounded-md transition-all font-medium cursor-pointer block mb-0.5 text-slate-700 hover:bg-slate-200"[31m
              [33mstyle[31m=[32m"font-family: \"Manrope\", sans-serif;"[31m
              [33mtype[31m=[32m"button"[31m
            [36m>[31m
              [0m10[0m
            [36m</button>[31m
            [36m<button[31m
              [33mclass[31m=[32m"w-9 py-1 text-[11px] rounded-md transition-all font-medium cursor-pointer block mb-0.5 text-slate-700 hover:bg-slate-200"[31m
              [33mstyle[31m=[32m"font-family: \"Manrope\", sans-serif;"[31m
              [33mtype[31m=[32m"button"[31m
            [36m>[31m
              [0m11[0m
            [36m</button>[31m
          [36m</div>[31m
        [36m</div>[31m
        [36m<div[31m
          [33mclass[31m=[32m"flex flex-col"[31m
        [36m>[31m
          [36m<label[31m
            [33mclass[31m=[32m"text-[9px] font-semibold mb-1 text-center text-slate-500"[31m
            [33mstyle[31m=[32m"font-family: \"Manrope\", sans-serif;"[31m
          [36m>[31m
            [0mMin[0m
          [36m</label>[31m
          [36m<div[31m
            [33mclass[31m=[32m"h-24 overflow-y-auto rounded-lg p-0.5 scrollbar-none [&::-webkit-scrollbar]:hidden [-ms-overflow-style:none] [scrollbar-width:none] bg-slate-50"[31m
          [36m>[31m
            [36m<button[31m
              [33mclass[31m=[32m"w-9 py-1 text-[11px] rounded-md transition-all font-medium cursor-pointer block mb-0.5 text-slate-700 hover:bg-slate-200"[31m
              [33mstyle[31m=[32m"font-family: \"Manrope\", sans-serif;"[31m
              [33mtype[31m=[32m"button"[31m
            [36m>[31m
              [0m00[0m
            [36m</button>[31m
            [36m<button...[39m
[31m   → Found multiple elements with the text: 05

Here are the matching elements:

Ignored nodes: comments, script, style
[36m<button[31m
  [33mclass[31m=[32m"w-9 py-1 text-[11px] rounded-md transition-all font-medium cursor-pointer block mb-0.5 text-slate-700 hover:bg-slate-200"[31m
  [33mstyle[31m=[32m"font-family: \"Manrope\", sans-serif;"[31m
  [33mtype[31m=[32m"button"[31m
[36m>[31m
  [0m05[0m
[36m</button>[31m

Ignored nodes: comments, script, style
[36m<button[31m
  [33mclass[31m=[32m"w-9 py-1 text-[11px] rounded-md transition-all font-medium cursor-pointer block mb-0.5 text-slate-700 hover:bg-slate-200"[31m
  [33mstyle[31m=[32m"font-family: \"Manrope\", sans-serif;"[31m
  [33mtype[31m=[32m"button"[31m
[36m>[31m
  [0m05[0m
[36m</button>[31m

(If this is intentional, then use the `*AllBy*` variant of the query (like `queryAllByText`, `getAllByText`, or `findAllByText`)).

Ignored nodes: comments, script, style
[36m<body>[31m
  [36m<div>[31m
    [36m<div[31m
      [33manimate[31m=[32m"[object Object]"[31m
      [33mclass[31m=[32m"absolute top-full left-0 mt-1.5 p-2 rounded-xl border shadow-xl z-50 bg-white border-slate-200"[31m
      [33mexit[31m=[32m"[object Object]"[31m
      [33minitial[31m=[32m"[object Object]"[31m
      [33mtransition[31m=[32m"[object Object]"[31m
    [36m>[31m
      [36m<div[31m
        [33mclass[31m=[32m"flex gap-1"[31m
      [36m>[31m
        [36m<div[31m
          [33mclass[31m=[32m"flex flex-col"[31m
        [36m>[31m
          [36m<label[31m
            [33mclass[31m=[32m"text-[9px] font-semibold mb-1 text-center text-slate-500"[31m
            [33mstyle[31m=[32m"font-family: \"Manrope\", sans-serif;"[31m
          [36m>[31m
            [0mHr[0m
          [36m</label>[31m
          [36m<div[31m
            [33mclass[31m=[32m"h-24 overflow-y-auto rounded-lg p-0.5 scrollbar-none [&::-webkit-scrollbar]:hidden [-ms-overflow-style:none] [scrollbar-width:none] bg-slate-50"[31m
          [36m>[31m
            [36m<button[31m
              [33mclass[31m=[32m"w-9 py-1 text-[11px] rounded-md transition-all font-medium cursor-pointer block mb-0.5 text-slate-700 hover:bg-slate-200"[31m
              [33mstyle[31m=[32m"font-family: \"Manrope\", sans-serif;"[31m
              [33mtype[31m=[32m"button"[31m
            [36m>[31m
              [0m12[0m
            [36m</button>[31m
            [36m<button[31m
              [33mclass[31m=[32m"w-9 py-1 text-[11px] rounded-md transition-all font-medium cursor-pointer block mb-0.5 text-slate-700 hover:bg-slate-200"[31m
              [33mstyle[31m=[32m"font-family: \"Manrope\", sans-serif;"[31m
              [33mtype[31m=[32m"button"[31m
            [36m>[31m
              [0m01[0m
            [36m</button>[31m
            [36m<button[31m
              [33mclass[31m=[32m"w-9 py-1 text-[11px] rounded-md transition-all font-medium cursor-pointer block mb-0.5 text-slate-700 hover:bg-slate-200"[31m
              [33mstyle[31m=[32m"font-family: \"Manrope\", sans-serif;"[31m
              [33mtype[31m=[32m"button"[31m
            [36m>[31m
              [0m02[0m
            [36m</button>[31m
            [36m<button[31m
              [33mclass[31m=[32m"w-9 py-1 text-[11px] rounded-md transition-all font-medium cursor-pointer block mb-0.5 text-slate-700 hover:bg-slate-200"[31m
              [33mstyle[31m=[32m"font-family: \"Manrope\", sans-serif;"[31m
              [33mtype[31m=[32m"button"[31m
            [36m>[31m
              [0m03[0m
            [36m</button>[31m
            [36m<button[31m
              [33mclass[31m=[32m"w-9 py-1 text-[11px] rounded-md transition-all font-medium cursor-pointer block mb-0.5 text-slate-700 hover:bg-slate-200"[31m
              [33mstyle[31m=[32m"font-family: \"Manrope\", sans-serif;"[31m
              [33mtype[31m=[32m"button"[31m
            [36m>[31m
              [0m04[0m
            [36m</button>[31m
            [36m<button[31m
              [33mclass[31m=[32m"w-9 py-1 text-[11px] rounded-md transition-all font-medium cursor-pointer block mb-0.5 text-slate-700 hover:bg-slate-200"[31m
              [33mstyle[31m=[32m"font-family: \"Manrope\", sans-serif;"[31m
              [33mtype[31m=[32m"button"[31m
            [36m>[31m
              [0m05[0m
            [36m</button>[31m
            [36m<button[31m
              [33mclass[31m=[32m"w-9 py-1 text-[11px] rounded-md transition-all font-medium cursor-pointer block mb-0.5 text-slate-700 hover:bg-slate-200"[31m
              [33mstyle[31m=[32m"font-family: \"Manrope\", sans-serif;"[31m
              [33mtype[31m=[32m"button"[31m
            [36m>[31m
              [0m06[0m
            [36m</button>[31m
            [36m<button[31m
              [33mclass[31m=[32m"w-9 py-1 text-[11px] rounded-md transition-all font-medium cursor-pointer block mb-0.5 text-slate-700 hover:bg-slate-200"[31m
              [33mstyle[31m=[32m"font-family: \"Manrope\", sans-serif;"[31m
              [33mtype[31m=[32m"button"[31m
            [36m>[31m
              [0m07[0m
            [36m</button>[31m
            [36m<button[31m
              [33mclass[31m=[32m"w-9 py-1 text-[11px] rounded-md transition-all font-medium cursor-pointer block mb-0.5 text-slate-700 hover:bg-slate-200"[31m
              [33mstyle[31m=[32m"font-family: \"Manrope\", sans-serif;"[31m
              [33mtype[31m=[32m"button"[31m
            [36m>[31m
              [0m08[0m
            [36m</button>[31m
            [36m<button[31m
              [33mclass[31m=[32m"w-9 py-1 text-[11px] rounded-md transition-all font-medium cursor-pointer block mb-0.5 bg-blue-500 text-white shadow-sm"[31m
              [33mstyle[31m=[32m"font-family: \"Manrope\", sans-serif;"[31m
              [33mtype[31m=[32m"button"[31m
            [36m>[31m
              [0m09[0m
            [36m</button>[31m
            [36m<button[31m
              [33mclass[31m=[32m"w-9 py-1 text-[11px] rounded-md transition-all font-medium cursor-pointer block mb-0.5 text-slate-700 hover:bg-slate-200"[31m
              [33mstyle[31m=[32m"font-family: \"Manrope\", sans-serif;"[31m
              [33mtype[31m=[32m"button"[31m
            [36m>[31m
              [0m10[0m
            [36m</button>[31m
            [36m<button[31m
              [33mclass[31m=[32m"w-9 py-1 text-[11px] rounded-md transition-all font-medium cursor-pointer block mb-0.5 text-slate-700 hover:bg-slate-200"[31m
              [33mstyle[31m=[32m"font-family: \"Manrope\", sans-serif;"[31m
              [33mtype[31m=[32m"button"[31m
            [36m>[31m
              [0m11[0m
            [36m</button>[31m
          [36m</div>[31m
        [36m</div>[31m
        [36m<div[31m
          [33mclass[31m=[32m"flex flex-col"[31m
        [36m>[31m
          [36m<label[31m
            [33mclass[31m=[32m"text-[9px] font-semibold mb-1 text-center text-slate-500"[31m
            [33mstyle[31m=[32m"font-family: \"Manrope\", sans-serif;"[31m
          [36m>[31m
            [0mMin[0m
          [36m</label>[31m
          [36m<div[31m
            [33mclass[31m=[32m"h-24 overflow-y-auto rounded-lg p-0.5 scrollbar-none [&::-webkit-scrollbar]:hidden [-ms-overflow-style:none] [scrollbar-width:none] bg-slate-50"[31m
          [36m>[31m
            [36m<button[31m
              [33mclass[31m=[32m"w-9 py-1 text-[11px] rounded-md transition-all font-medium cursor-pointer block mb-0.5 text-slate-700 hover:bg-slate-200"[31m
              [33mstyle[31m=[32m"font-family: \"Manrope\", sans-serif;"[31m
              [33mtype[31m=[32m"button"[31m
            [36m>[31m
              [0m00[0m
            [36m</button>[31m
            [36m<button...[39m
 [32m✓[39m src/components/AlertsModal.test.jsx[2m > [22mAlertsModal[2m > [22mempty state[2m > [22mshould not show Clear All button when no alerts[32m 37[2mms[22m[39m
 [32m✓[39m src/components/LeadSourceChart.test.jsx[2m > [22mLeadSourceChart[2m > [22mlegend rendering[2m > [22mshould render legend items as list items[32m 126[2mms[22m[39m
 [32m✓[39m src/components/meeting/CustomDropdown.test.jsx[2m > [22mCustomDropdown[2m > [22mopen/close behavior[2m > [22mshould close dropdown when clicking outside[32m 289[2mms[22m[39m
 [32m✓[39m src/components/CreateMeetingModal.test.jsx[2m > [22mCreateMeetingModal[2m > [22mmodal open/close behavior[2m > [22mshould call onClose when Cancel button is clicked[33m 747[2mms[22m[39m
 [32m✓[39m src/components/NotesModal.test.jsx[2m > [22mNotesModal[2m > [22mmode toggle[2m > [22mshould switch back to add mode when Add Note is clicked[33m 357[2mms[22m[39m
 [32m✓[39m src/components/LeadSourceChart.test.jsx[2m > [22mLeadSourceChart[2m > [22mtime period functionality[2m > [22mshould call setTimePeriod when week button is clicked[32m 216[2mms[22m[39m
 [32m✓[39m src/components/meeting/CustomClientDropdown.test.jsx[2m > [22mCustomClientDropdown[2m > [22mclient selection[2m > [22mshould close dropdown after selection[32m 227[2mms[22m[39m
 [32m✓[39m src/components/meeting/CustomDropdown.test.jsx[2m > [22mCustomDropdown[2m > [22mopen/close behavior[2m > [22mshould apply ring styling when open[32m 212[2mms[22m[39m
 [32m✓[39m src/components/meeting/CustomTimePicker.test.jsx[2m > [22mCustomTimePicker[2m > [22mbasic rendering[2m > [22mshould render AM and PM buttons[33m 1291[2mms[22m[39m
 [32m✓[39m src/components/AlertsModal.test.jsx[2m > [22mAlertsModal[2m > [22mclose modal[2m > [22mshould call onClose when close button is clicked[33m 307[2mms[22m[39m
 [32m✓[39m src/components/NotesModal.test.jsx[2m > [22mNotesModal[2m > [22mmode toggle[2m > [22mshould highlight active mode button[32m 188[2mms[22m[39m
 [32m✓[39m src/components/CreateMeetingModal.test.jsx[2m > [22mCreateMeetingModal[2m > [22mmodal open/close behavior[2m > [22mshould call onClose when clicking backdrop overlay[32m 216[2mms[22m[39m
 [32m✓[39m src/components/CreateMeetingModal.test.jsx[2m > [22mCreateMeetingModal[2m > [22mmodal open/close behavior[2m > [22mshould call onClose when Escape key is pressed[32m 70[2mms[22m[39m
 [32m✓[39m src/components/LeadSourceChart.test.jsx[2m > [22mLeadSourceChart[2m > [22mtime period functionality[2m > [22mshould call setTimePeriod when month button is clicked[32m 168[2mms[22m[39m
 [32m✓[39m src/components/meeting/CustomClientDropdown.test.jsx[2m > [22mCustomClientDropdown[2m > [22mclient selection[2m > [22mshould update input value after selection[32m 211[2mms[22m[39m
 [32m✓[39m src/components/meeting/CustomDropdown.test.jsx[2m > [22mCustomDropdown[2m > [22mopen/close behavior[2m > [22mshould rotate chevron when dropdown is open[32m 135[2mms[22m[39m
 [32m✓[39m src/components/AlertsModal.test.jsx[2m > [22mAlertsModal[2m > [22mclose modal[2m > [22mshould call onClose when backdrop is clicked[32m 141[2mms[22m[39m
 [32m✓[39m src/components/LeadSourceChart.test.jsx[2m > [22mLeadSourceChart[2m > [22mtime period functionality[2m > [22mshould call setTimePeriod when year button is clicked[32m 132[2mms[22m[39m
 [32m✓[39m src/components/LeadSourceChart.test.jsx[2m > [22mLeadSourceChart[2m > [22mtime period functionality[2m > [22mshould pass current time period to TimePeriodButtons[32m 50[2mms[22m[39m
 [32m✓[39m src/components/CreateMeetingModal.test.jsx[2m > [22mCreateMeetingModal[2m > [22mmodal open/close behavior[2m > [22mshould reset form when modal is reopened[32m 73[2mms[22m[39m
 [32m✓[39m src/components/NotesModal.test.jsx[2m > [22mNotesModal[2m > [22madd note functionality[2m > [22mshould render textarea in add mode[32m 59[2mms[22m[39m
 [32m✓[39m src/components/NotesModal.test.jsx[2m > [22mNotesModal[2m > [22madd note functionality[2m > [22mshould render Save Note button[32m 44[2mms[22m[39m
 [32m✓[39m src/components/NotesModal.test.jsx[2m > [22mNotesModal[2m > [22madd note functionality[2m > [22mshould disable Save Note button when textarea is empty[32m 34[2mms[22m[39m
 [32m✓[39m src/components/AlertsModal.test.jsx[2m > [22mAlertsModal[2m > [22mclose modal[2m > [22mshould not close when clicking inside modal content[32m 149[2mms[22m[39m
 [31m×[39m src/components/LeadSourceChart.test.jsx[2m > [22mLeadSourceChart[2m > [22mdark mode styling[2m > [22mshould apply dark card background in dark mode[32m 89[2mms[22m[39m[33m (retry x1)[39m
[31m   → [2mexpect([22m[31melement[31m[2m).toHaveClass([22m[32m[32m"bg-zinc-900/80"[32m[31m[2m)[22m

Expected the element to have class:
[32m  bg-zinc-900/80[31m
Received:
[31m  bg-neutral-900/90 border-neutral-700/50 shadow-2xl shadow-black/60 ring-1 ring-neutral-600/20 backdrop-blur-lg rounded-2xl p-4 sm:p-6 border transition-all duration-300 hover:shadow-2xl overflow-hidden[31m[39m
[31m   → [2mexpect([22m[31melement[31m[2m).toHaveClass([22m[32m[32m"bg-zinc-900/80"[32m[31m[2m)[22m

Expected the element to have class:
[32m  bg-zinc-900/80[31m
Received:
[31m  bg-neutral-900/90 border-neutral-700/50 shadow-2xl shadow-black/60 ring-1 ring-neutral-600/20 backdrop-blur-lg rounded-2xl p-4 sm:p-6 border transition-all duration-300 hover:shadow-2xl overflow-hidden[31m[39m
 [31m×[39m src/components/LeadSourceChart.test.jsx[2m > [22mLeadSourceChart[2m > [22mdark mode styling[2m > [22mshould apply light card background in light mode[32m 59[2mms[22m[39m[33m (retry x1)[39m
[31m   → [2mexpect([22m[31melement[31m[2m).toHaveClass([22m[32m[32m"bg-white/80"[32m[31m[2m)[22m

Expected the element to have class:
[32m  bg-white/80[31m
Received:
[31m  bg-white/90 border-slate-200/60 shadow-xl shadow-slate-900/10 backdrop-blur-lg rounded-2xl p-4 sm:p-6 border transition-all duration-300 hover:shadow-2xl overflow-hidden[31m[39m
[31m   → [2mexpect([22m[31melement[31m[2m).toHaveClass([22m[32m[32m"bg-white/80"[32m[31m[2m)[22m

Expected the element to have class:
[32m  bg-white/80[31m
Received:
[31m  bg-white/90 border-slate-200/60 shadow-xl shadow-slate-900/10 backdrop-blur-lg rounded-2xl p-4 sm:p-6 border transition-all duration-300 hover:shadow-2xl overflow-hidden[31m[39m
 [32m✓[39m src/components/meeting/CustomDropdown.test.jsx[2m > [22mCustomDropdown[2m > [22moption selection[2m > [22mshould call onChange with option value when option is clicked[32m 230[2mms[22m[39m
 [32m✓[39m src/components/meeting/CustomTimePicker.test.jsx[2m > [22mCustomTimePicker[2m > [22mbasic rendering[2m > [22mshould render Done button[33m 322[2mms[22m[39m
 [31m×[39m src/components/LeadSourceChart.test.jsx[2m > [22mLeadSourceChart[2m > [22mdark mode styling[2m > [22mshould apply dark border in dark mode[32m 51[2mms[22m[39m[33m (retry x1)[39m
[31m   → [2mexpect([22m[31melement[31m[2m).toHaveClass([22m[32m[32m"border-zinc-700/50"[32m[31m[2m)[22m

Expected the element to have class:
[32m  border-zinc-700/50[31m
Received:
[31m  bg-neutral-900/90 border-neutral-700/50 shadow-2xl shadow-black/60 ring-1 ring-neutral-600/20 backdrop-blur-lg rounded-2xl p-4 sm:p-6 border transition-all duration-300 hover:shadow-2xl overflow-hidden[31m[39m
[31m   → [2mexpect([22m[31melement[31m[2m).toHaveClass([22m[32m[32m"border-zinc-700/50"[32m[31m[2m)[22m

Expected the element to have class:
[32m  border-zinc-700/50[31m
Received:
[31m  bg-neutral-900/90 border-neutral-700/50 shadow-2xl shadow-black/60 ring-1 ring-neutral-600/20 backdrop-blur-lg rounded-2xl p-4 sm:p-6 border transition-all duration-300 hover:shadow-2xl overflow-hidden[31m[39m
 [31m×[39m src/components/LeadSourceChart.test.jsx[2m > [22mLeadSourceChart[2m > [22mdark mode styling[2m > [22mshould apply light border in light mode[32m 51[2mms[22m[39m[33m (retry x1)[39m
[31m   → [2mexpect([22m[31melement[31m[2m).toHaveClass([22m[32m[32m"border-slate-200"[32m[31m[2m)[22m

Expected the element to have class:
[32m  border-slate-200[31m
Received:
[31m  bg-white/90 border-slate-200/60 shadow-xl shadow-slate-900/10 backdrop-blur-lg rounded-2xl p-4 sm:p-6 border transition-all duration-300 hover:shadow-2xl overflow-hidden[31m[39m
[31m   → [2mexpect([22m[31melement[31m[2m).toHaveClass([22m[32m[32m"border-slate-200"[32m[31m[2m)[22m

Expected the element to have class:
[32m  border-slate-200[31m
Received:
[31m  bg-white/90 border-slate-200/60 shadow-xl shadow-slate-900/10 backdrop-blur-lg rounded-2xl p-4 sm:p-6 border transition-all duration-300 hover:shadow-2xl overflow-hidden[31m[39m
 [31m×[39m src/components/LeadSourceChart.test.jsx[2m > [22mLeadSourceChart[2m > [22mdark mode styling[2m > [22mshould apply dark text color in dark mode[32m 55[2mms[22m[39m[33m (retry x1)[39m
[31m   → [2mexpect([22m[31melement[31m[2m).toHaveClass([22m[32m[32m"text-white"[32m[31m[2m)[22m

Expected the element to have class:
[32m  text-white[31m
Received:
[31m  text-lg sm:text-xl font-bold text-neutral-100 mb-2[31m[39m
[31m   → [2mexpect([22m[31melement[31m[2m).toHaveClass([22m[32m[32m"text-white"[32m[31m[2m)[22m

Expected the element to have class:
[32m  text-white[31m
Received:
[31m  text-lg sm:text-xl font-bold text-neutral-100 mb-2[31m[39m
 [31m×[39m src/components/LeadSourceChart.test.jsx[2m > [22mLeadSourceChart[2m > [22mdark mode styling[2m > [22mshould apply light text color in light mode[32m 52[2mms[22m[39m[33m (retry x1)[39m
[31m   → [2mexpect([22m[31melement[31m[2m).toHaveClass([22m[32m[32m"text-slate-800"[32m[31m[2m)[22m

Expected the element to have class:
[32m  text-slate-800[31m
Received:
[31m  text-lg sm:text-xl font-bold text-slate-700 mb-2[31m[39m
[31m   → [2mexpect([22m[31melement[31m[2m).toHaveClass([22m[32m[32m"text-slate-800"[32m[31m[2m)[22m

Expected the element to have class:
[32m  text-slate-800[31m
Received:
[31m  text-lg sm:text-xl font-bold text-slate-700 mb-2[31m[39m
 [31m×[39m src/components/meeting/CustomClientDropdown.test.jsx[2m > [22mCustomClientDropdown[2m > [22msearch and filtering[2m > [22mshould filter clients based on search term[33m 438[2mms[22m[39m[33m (retry x1)[39m
[31m   → [2mexpect([22m[31melement[31m[2m).not.toBeInTheDocument()[22m

[31mexpected document not to contain element, found <span
  class="font-medium"
>
  Bob Johnson
</span> instead[31m[39m
[31m   → [2mexpect([22m[31melement[31m[2m).not.toBeInTheDocument()[22m

[31mexpected document not to contain element, found <span
  class="font-medium"
>
  Bob Johnson
</span> instead[31m[39m
 [32m✓[39m src/components/meeting/CustomDropdown.test.jsx[2m > [22mCustomDropdown[2m > [22moption selection[2m > [22mshould close dropdown after selecting an option[32m 193[2mms[22m[39m
 [32m✓[39m src/components/LeadSourceChart.test.jsx[2m > [22mLeadSourceChart[2m > [22mdark mode styling[2m > [22mshould apply dark legend text in dark mode[32m 20[2mms[22m[39m
 [31m×[39m src/components/LeadSourceChart.test.jsx[2m > [22mLeadSourceChart[2m > [22mdarkMode override prop[2m > [22mshould use darkMode override when provided (true)[32m 54[2mms[22m[39m[33m (retry x1)[39m
[31m   → [2mexpect([22m[31melement[31m[2m).toHaveClass([22m[32m[32m"bg-zinc-900/80"[32m[31m[2m)[22m

Expected the element to have class:
[32m  bg-zinc-900/80[31m
Received:
[31m  bg-neutral-900/90 border-neutral-700/50 shadow-2xl shadow-black/60 ring-1 ring-neutral-600/20 backdrop-blur-lg rounded-2xl p-4 sm:p-6 border transition-all duration-300 hover:shadow-2xl overflow-hidden[31m[39m
[31m   → [2mexpect([22m[31melement[31m[2m).toHaveClass([22m[32m[32m"bg-zinc-900/80"[32m[31m[2m)[22m

Expected the element to have class:
[32m  bg-zinc-900/80[31m
Received:
[31m  bg-neutral-900/90 border-neutral-700/50 shadow-2xl shadow-black/60 ring-1 ring-neutral-600/20 backdrop-blur-lg rounded-2xl p-4 sm:p-6 border transition-all duration-300 hover:shadow-2xl overflow-hidden[31m[39m
 [32m✓[39m src/components/meeting/CustomClientDropdown.test.jsx[2m > [22mCustomClientDropdown[2m > [22msearch and filtering[2m > [22mshould be case-insensitive when filtering[32m 168[2mms[22m[39m
 [31m×[39m src/components/LeadSourceChart.test.jsx[2m > [22mLeadSourceChart[2m > [22mdarkMode override prop[2m > [22mshould use darkMode override when provided (false)[32m 64[2mms[22m[39m[33m (retry x1)[39m
[31m   → [2mexpect([22m[31melement[31m[2m).toHaveClass([22m[32m[32m"bg-white/80"[32m[31m[2m)[22m

Expected the element to have class:
[32m  bg-white/80[31m
Received:
[31m  bg-white/90 border-slate-200/60 shadow-xl shadow-slate-900/10 backdrop-blur-lg rounded-2xl p-4 sm:p-6 border transition-all duration-300 hover:shadow-2xl overflow-hidden[31m[39m
[31m   → [2mexpect([22m[31melement[31m[2m).toHaveClass([22m[32m[32m"bg-white/80"[32m[31m[2m)[22m

Expected the element to have class:
[32m  bg-white/80[31m
Received:
[31m  bg-white/90 border-slate-200/60 shadow-xl shadow-slate-900/10 backdrop-blur-lg rounded-2xl p-4 sm:p-6 border transition-all duration-300 hover:shadow-2xl overflow-hidden[31m[39m
 [31m×[39m src/components/LeadSourceChart.test.jsx[2m > [22mLeadSourceChart[2m > [22mdarkMode override prop[2m > [22mshould use context value when darkMode override is undefined[32m 51[2mms[22m[39m[33m (retry x1)[39m
[31m   → [2mexpect([22m[31melement[31m[2m).toHaveClass([22m[32m[32m"bg-zinc-900/80"[32m[31m[2m)[22m

Expected the element to have class:
[32m  bg-zinc-900/80[31m
Received:
[31m  bg-neutral-900/90 border-neutral-700/50 shadow-2xl shadow-black/60 ring-1 ring-neutral-600/20 backdrop-blur-lg rounded-2xl p-4 sm:p-6 border transition-all duration-300 hover:shadow-2xl overflow-hidden[31m[39m
[31m   → [2mexpect([22m[31melement[31m[2m).toHaveClass([22m[32m[32m"bg-zinc-900/80"[32m[31m[2m)[22m

Expected the element to have class:
[32m  bg-zinc-900/80[31m
Received:
[31m  bg-neutral-900/90 border-neutral-700/50 shadow-2xl shadow-black/60 ring-1 ring-neutral-600/20 backdrop-blur-lg rounded-2xl p-4 sm:p-6 border transition-all duration-300 hover:shadow-2xl overflow-hidden[31m[39m
 [32m✓[39m src/components/LeadSourceChart.test.jsx[2m > [22mLeadSourceChart[2m > [22mpie chart data[2m > [22mshould render pie segments for each data item[32m 25[2mms[22m[39m
 [32m✓[39m src/components/meeting/CustomTimePicker.test.jsx[2m > [22mCustomTimePicker[2m > [22mvalue parsing[2m > [22mshould parse morning time correctly (09:30)[33m 403[2mms[22m[39m
 [32m✓[39m src/components/NotesModal.test.jsx[2m > [22mNotesModal[2m > [22madd note functionality[2m > [22mshould enable Save Note button when textarea has content[33m 520[2mms[22m[39m
 [32m✓[39m src/components/LeadSourceChart.test.jsx[2m > [22mLeadSourceChart[2m > [22mpie chart data[2m > [22mshould pass correct dataKey to Pie[32m 25[2mms[22m[39m
 [32m✓[39m src/components/LeadSourceChart.test.jsx[2m > [22mLeadSourceChart[2m > [22mpie chart data[2m > [22mshould pass correct nameKey to Pie[32m 23[2mms[22m[39m
 [32m✓[39m src/components/LeadSourceChart.test.jsx[2m > [22mLeadSourceChart[2m > [22mstyling[2m > [22mshould have rounded corners on card[32m 26[2mms[22m[39m
 [32m✓[39m src/components/LeadSourceChart.test.jsx[2m > [22mLeadSourceChart[2m > [22mstyling[2m > [22mshould have hover transition[32m 22[2mms[22m[39m
 [32m✓[39m src/components/LeadSourceChart.test.jsx[2m > [22mLeadSourceChart[2m > [22mstyling[2m > [22mshould have hover shadow[32m 17[2mms[22m[39m
 [32m✓[39m src/components/AlertsModal.test.jsx[2m > [22mAlertsModal[2m > [22madd alert functionality[2m > [22mshould call onAddAlert when Add button is clicked with valid input[33m 560[2mms[22m[39m
 [31m×[39m src/components/meeting/CustomDropdown.test.jsx[2m > [22mCustomDropdown[2m > [22moption selection[2m > [22mshould highlight the currently selected option[33m 349[2mms[22m[39m[33m (retry x1)[39m
[31m   → [2mexpect([22m[31melement[31m[2m).toHaveClass([22m[32m[32m"bg-blue-50"[32m[31m[2m)[22m

Expected the element to have class:
[32m  bg-blue-50[31m
Received:
[31m  w-full p-2.5 rounded-lg border transition-all duration-150 flex items-center justify-between gap-1.5 text-left cursor-pointer bg-slate-50 border-slate-200 text-slate-700 hover:border-slate-300 ring-2 ring-blue-500/30 border-blue-500[31m[39m
[31m   → [2mexpect([22m[31melement[31m[2m).toHaveClass([22m[32m[32m"bg-blue-50"[32m[31m[2m)[22m

Expected the element to have class:
[32m  bg-blue-50[31m
Received:
[31m  w-full p-2.5 rounded-lg border transition-all duration-150 flex items-center justify-between gap-1.5 text-left cursor-pointer bg-slate-50 border-slate-200 text-slate-700 hover:border-slate-300 ring-2 ring-blue-500/30 border-blue-500[31m[39m
 [32m✓[39m src/components/meeting/CustomClientDropdown.test.jsx[2m > [22mCustomClientDropdown[2m > [22msearch and filtering[2m > [22mshould call onChange when typing[32m 252[2mms[22m[39m
 [32m✓[39m src/components/LeadSourceChart.test.jsx[2m > [22mLeadSourceChart[2m > [22mstyling[2m > [22mshould have backdrop blur[32m 23[2mms[22m[39m
 [32m✓[39m src/components/LeadSourceChart.test.jsx[2m > [22mLeadSourceChart[2m > [22mstyling[2m > [22mshould have overflow hidden for pie chart[32m 26[2mms[22m[39m
 [32m✓[39m src/components/LeadSourceChart.test.jsx[2m > [22mLeadSourceChart[2m > [22mstyling[2m > [22mshould have proper padding[32m 21[2mms[22m[39m
 [32m✓[39m src/components/LeadSourceChart.test.jsx[2m > [22mLeadSourceChart[2m > [22mresponsive behavior[2m > [22mshould handle small screen size[32m 43[2mms[22m[39m
 [32m✓[39m src/components/CreateMeetingModal.test.jsx[2m > [22mCreateMeetingModal[2m > [22mform inputs[2m > [22mshould update title when typed[33m 770[2mms[22m[39m
 [32m✓[39m src/components/meeting/CustomTimePicker.test.jsx[2m > [22mCustomTimePicker[2m > [22mvalue parsing[2m > [22mshould parse afternoon time correctly (14:00 -> 2 PM)[33m 346[2mms[22m[39m
 [32m✓[39m src/components/LeadSourceChart.test.jsx[2m > [22mLeadSourceChart[2m > [22mresponsive behavior[2m > [22mshould handle large screen size[32m 23[2mms[22m[39m
 [32m✓[39m src/components/LeadSourceChart.test.jsx[2m > [22mLeadSourceChart[2m > [22mresponsive behavior[2m > [22mshould have responsive padding classes[32m 24[2mms[22m[39m
 [32m✓[39m src/components/LeadSourceChart.test.jsx[2m > [22mLeadSourceChart[2m > [22maccessibility[2m > [22mshould have accessible chart container[32m 50[2mms[22m[39m
 [31m×[39m src/components/meeting/CustomDropdown.test.jsx[2m > [22mCustomDropdown[2m > [22moption selection[2m > [22mshould highlight selected option in dark mode[32m 269[2mms[22m[39m[33m (retry x1)[39m
[31m   → [2mexpect([22m[31melement[31m[2m).toHaveClass([22m[32m[32m"bg-blue-950/60"[32m[31m[2m)[22m

Expected the element to have class:
[32m  bg-blue-950/60[31m
Received:
[31m  w-full p-2.5 rounded-lg border transition-all duration-150 flex items-center justify-between gap-1.5 text-left cursor-pointer bg-zinc-800/50 border-zinc-700 text-zinc-200 hover:border-zinc-600 ring-2 ring-blue-500/30 border-blue-500[31m[39m
[31m   → [2mexpect([22m[31melement[31m[2m).toHaveClass([22m[32m[32m"bg-blue-950/60"[32m[31m[2m)[22m

Expected the element to have class:
[32m  bg-blue-950/60[31m
Received:
[31m  w-full p-2.5 rounded-lg border transition-all duration-150 flex items-center justify-between gap-1.5 text-left cursor-pointer bg-zinc-800/50 border-zinc-700 text-zinc-200 hover:border-zinc-600 ring-2 ring-blue-500/30 border-blue-500[31m[39m
 [32m✓[39m src/components/LeadSourceChart.test.jsx[2m > [22mLeadSourceChart[2m > [22maccessibility[2m > [22mshould have accessible legend[32m 44[2mms[22m[39m
 [32m✓[39m src/components/LeadSourceChart.test.jsx[2m > [22mLeadSourceChart[2m > [22maccessibility[2m > [22mshould have aria-hidden on color indicators[32m 36[2mms[22m[39m
 [32m✓[39m src/components/LeadSourceChart.test.jsx[2m > [22mLeadSourceChart[2m > [22medge cases[2m > [22mshould handle empty data array[32m 11[2mms[22m[39m
 [32m✓[39m src/components/meeting/CustomClientDropdown.test.jsx[2m > [22mCustomClientDropdown[2m > [22msearch and filtering[2m > [22mshould clear email when typing custom name[32m 274[2mms[22m[39m
 [32m✓[39m src/components/AlertsModal.test.jsx[2m > [22mAlertsModal[2m > [22madd alert functionality[2m > [22mshould clear input after adding alert[33m 420[2mms[22m[39m
 [31m×[39m src/components/LeadSourceChart.test.jsx[2m > [22mLeadSourceChart[2m > [22medge cases[2m > [22mshould handle single data item[32m 54[2mms[22m[39m[33m (retry x1)[39m
[31m   → Found multiple elements with the text: Only Source

Here are the matching elements:

Ignored nodes: comments, script, style
[36m<div[31m
  [33mdata-testid[31m=[32m"pie-segment-0"[31m
  [33mdata-value[31m=[32m"100"[31m
[36m>[31m
  [0mOnly Source[0m
[36m</div>[31m

Ignored nodes: comments, script, style
[36m<span[31m
  [33mclass[31m=[32m"text-xs flex-1 text-slate-600"[31m
  [33mstyle[31m=[32m"font-family: \"Manrope\", sans-serif;"[31m
[36m>[31m
  [0mOnly Source[0m
[36m</span>[31m

(If this is intentional, then use the `*AllBy*` variant of the query (like `queryAllByText`, `getAllByText`, or `findAllByText`)).

Ignored nodes: comments, script, style
[36m<body>[31m
  [36m<div>[31m
    [36m<div[31m
      [33mclass[31m=[32m"bg-white/90 border-slate-200/60 shadow-xl shadow-slate-900/10 backdrop-blur-lg rounded-2xl p-4 sm:p-6 border transition-all duration-300 hover:shadow-2xl overflow-hidden"[31m
    [36m>[31m
      [36m<div[31m
        [33mclass[31m=[32m"flex flex-col items-center mb-3"[31m
      [36m>[31m
        [36m<h3[31m
          [33mclass[31m=[32m"text-lg sm:text-xl font-bold text-slate-700 mb-2"[31m
          [33mstyle[31m=[32m"font-family: \"Manrope\", sans-serif;"[31m
        [36m>[31m
          [0mLead Source Distribution[0m
        [36m</h3>[31m
        [36m<div[31m
          [33maria-label[31m=[32m"Select time period"[31m
          [33mclass[31m=[32m"flex space-x-2 w-full sm:w-auto"[31m
          [33mrole[31m=[32m"group"[31m
        [36m>[31m
          [36m<button[31m
            [33maria-label[31m=[32m"Show week data"[31m
            [33maria-pressed[31m=[32m"true"[31m
            [33mclass[31m=[32m"px-3 sm:px-4 py-2 text-xs sm:text-sm font-medium rounded-xl transition-all duration-200 flex-1 sm:flex-none cursor-pointer bg-blue-600 text-white shadow-lg"[31m
            [33mstyle[31m=[32m"font-family: \"Manrope\", sans-serif;"[31m
          [36m>[31m
            [0mWeek[0m
          [36m</button>[31m
          [36m<button[31m
            [33maria-label[31m=[32m"Show month data"[31m
            [33maria-pressed[31m=[32m"false"[31m
            [33mclass[31m=[32m"px-3 sm:px-4 py-2 text-xs sm:text-sm font-medium rounded-xl transition-all duration-200 flex-1 sm:flex-none cursor-pointer text-slate-600 hover:text-slate-800 hover:bg-slate-100"[31m
            [33mstyle[31m=[32m"font-family: \"Manrope\", sans-serif;"[31m
          [36m>[31m
            [0mMonth[0m
          [36m</button>[31m
          [36m<button[31m
            [33maria-label[31m=[32m"Show year data"[31m
            [33maria-pressed[31m=[32m"false"[31m
            [33mclass[31m=[32m"px-3 sm:px-4 py-2 text-xs sm:text-sm font-medium rounded-xl transition-all duration-200 flex-1 sm:flex-none cursor-pointer text-slate-600 hover:text-slate-800 hover:bg-slate-100"[31m
            [33mstyle[31m=[32m"font-family: \"Manrope\", sans-serif;"[31m
          [36m>[31m
            [0mYear[0m
          [36m</button>[31m
        [36m</div>[31m
      [36m</div>[31m
      [36m<div[31m
        [33maria-label[31m=[32m"Lead source distribution pie chart showing lead source percentages"[31m
        [33mclass[31m=[32m"h-48 relative text-slate-600"[31m
        [33mrole[31m=[32m"img"[31m
      [36m>[31m
        [36m<div[31m
          [33mdata-testid[31m=[32m"responsive-container"[31m
          [33mstyle[31m=[32m"width: 500px; height: 300px;"[31m
        [36m>[31m
          [36m<div[31m
            [33mdata-testid[31m=[32m"pie-chart"[31m
            [33mmargin[31m=[32m"[object Object]"[31m
          [36m>[31m
            [36m<div[31m
              [33mdata-datakey[31m=[32m"value"[31m
              [33mdata-namekey[31m=[32m"name"[31m
              [33mdata-testid[31m=[32m"pie"[31m
            [36m>[31m
              [36m<div[31m
                [33mdata-fill[31m=[32m"#2563eb"[31m
                [33mdata-testid[31m=[32m"cell"[31m
              [36m/>[31m
              [36m<div[31m
                [33mdata-testid[31m=[32m"pie-segment-0"[31m
                [33mdata-value[31m=[32m"100"[31m
              [36m>[31m
                [0mOnly Source[0m
              [36m</div>[31m
            [36m</div>[31m
            [36m<div[31m
              [33mdata-testid[31m=[32m"tooltip"[31m
            [36m/>[31m
          [36m</div>[31m
        [36m</div>[31m
      [36m</div>[31m
      [36m<div[31m
        [33maria-label[31m=[32m"Lead source distribution legend"[31m
        [33mclass[31m=[32m"mt-4 grid grid-cols-2 gap-x-4 gap-y-2"[31m
        [33mrole[31m=[32m"list"[31m
      [36m>[31m
        [36m<div[31m
          [33mclass[31m=[32m"flex items-center gap-2 min-w-0"[31m
          [33mrole[31m=[32m"listitem"[31m
        [36m>[31m
          [36m<span[31m
            [33maria-hidden[31m=[32m"true"[31m
            [33mclass[31m=[32m"w-3 h-3 rounded-full shrink-0"[31m
            [33mstyle[31m=[32m"background-color: rgb(37, 99, 235);"[31m
          [36m/>[31m
          [36m<span[31m
            [33mclass[31m=[32m"text-xs flex-1 text-slate-600"[31m
            [33mstyle[31m=[32m"font-family: \"Manrope\", sans-serif;"[31m
          [36m>[31m
            [0mOnly Source[0m
          [36m</span>[31m
          [36m<span[31m
            [33mclass[31m=[32m"text-xs font-semibold shrink-0 text-slate-700"[31m
            [33mstyle[31m=[32m"font-family: \"Manrope\", sans-serif;"[31m
          [36m>[31m
            [0m100[0m
            [0m%[0m
          [36m</span>[31m
        [36m</div>[31m
      [36m</div>[31m
    [36m</div>[31m
  [36m</div>[31m
[36m</body>[31m[39m
[31m   → Found multiple elements with the text: Only Source

Here are the matching elements:

Ignored nodes: comments, script, style
[36m<div[31m
  [33mdata-testid[31m=[32m"pie-segment-0"[31m
  [33mdata-value[31m=[32m"100"[31m
[36m>[31m
  [0mOnly Source[0m
[36m</div>[31m

Ignored nodes: comments, script, style
[36m<span[31m
  [33mclass[31m=[32m"text-xs flex-1 text-slate-600"[31m
  [33mstyle[31m=[32m"font-family: \"Manrope\", sans-serif;"[31m
[36m>[31m
  [0mOnly Source[0m
[36m</span>[31m

(If this is intentional, then use the `*AllBy*` variant of the query (like `queryAllByText`, `getAllByText`, or `findAllByText`)).

Ignored nodes: comments, script, style
[36m<body>[31m
  [36m<div>[31m
    [36m<div[31m
      [33mclass[31m=[32m"bg-white/90 border-slate-200/60 shadow-xl shadow-slate-900/10 backdrop-blur-lg rounded-2xl p-4 sm:p-6 border transition-all duration-300 hover:shadow-2xl overflow-hidden"[31m
    [36m>[31m
      [36m<div[31m
        [33mclass[31m=[32m"flex flex-col items-center mb-3"[31m
      [36m>[31m
        [36m<h3[31m
          [33mclass[31m=[32m"text-lg sm:text-xl font-bold text-slate-700 mb-2"[31m
          [33mstyle[31m=[32m"font-family: \"Manrope\", sans-serif;"[31m
        [36m>[31m
          [0mLead Source Distribution[0m
        [36m</h3>[31m
        [36m<div[31m
          [33maria-label[31m=[32m"Select time period"[31m
          [33mclass[31m=[32m"flex space-x-2 w-full sm:w-auto"[31m
          [33mrole[31m=[32m"group"[31m
        [36m>[31m
          [36m<button[31m
            [33maria-label[31m=[32m"Show week data"[31m
            [33maria-pressed[31m=[32m"true"[31m
            [33mclass[31m=[32m"px-3 sm:px-4 py-2 text-xs sm:text-sm font-medium rounded-xl transition-all duration-200 flex-1 sm:flex-none cursor-pointer bg-blue-600 text-white shadow-lg"[31m
            [33mstyle[31m=[32m"font-family: \"Manrope\", sans-serif;"[31m
          [36m>[31m
            [0mWeek[0m
          [36m</button>[31m
          [36m<button[31m
            [33maria-label[31m=[32m"Show month data"[31m
            [33maria-pressed[31m=[32m"false"[31m
            [33mclass[31m=[32m"px-3 sm:px-4 py-2 text-xs sm:text-sm font-medium rounded-xl transition-all duration-200 flex-1 sm:flex-none cursor-pointer text-slate-600 hover:text-slate-800 hover:bg-slate-100"[31m
            [33mstyle[31m=[32m"font-family: \"Manrope\", sans-serif;"[31m
          [36m>[31m
            [0mMonth[0m
          [36m</button>[31m
          [36m<button[31m
            [33maria-label[31m=[32m"Show year data"[31m
            [33maria-pressed[31m=[32m"false"[31m
            [33mclass[31m=[32m"px-3 sm:px-4 py-2 text-xs sm:text-sm font-medium rounded-xl transition-all duration-200 flex-1 sm:flex-none cursor-pointer text-slate-600 hover:text-slate-800 hover:bg-slate-100"[31m
            [33mstyle[31m=[32m"font-family: \"Manrope\", sans-serif;"[31m
          [36m>[31m
            [0mYear[0m
          [36m</button>[31m
        [36m</div>[31m
      [36m</div>[31m
      [36m<div[31m
        [33maria-label[31m=[32m"Lead source distribution pie chart showing lead source percentages"[31m
        [33mclass[31m=[32m"h-48 relative text-slate-600"[31m
        [33mrole[31m=[32m"img"[31m
      [36m>[31m
        [36m<div[31m
          [33mdata-testid[31m=[32m"responsive-container"[31m
          [33mstyle[31m=[32m"width: 500px; height: 300px;"[31m
        [36m>[31m
          [36m<div[31m
            [33mdata-testid[31m=[32m"pie-chart"[31m
            [33mmargin[31m=[32m"[object Object]"[31m
          [36m>[31m
            [36m<div[31m
              [33mdata-datakey[31m=[32m"value"[31m
              [33mdata-namekey[31m=[32m"name"[31m
              [33mdata-testid[31m=[32m"pie"[31m
            [36m>[31m
              [36m<div[31m
                [33mdata-fill[31m=[32m"#2563eb"[31m
                [33mdata-testid[31m=[32m"cell"[31m
              [36m/>[31m
              [36m<div[31m
                [33mdata-testid[31m=[32m"pie-segment-0"[31m
                [33mdata-value[31m=[32m"100"[31m
              [36m>[31m
                [0mOnly Source[0m
              [36m</div>[31m
            [36m</div>[31m
            [36m<div[31m
              [33mdata-testid[31m=[32m"tooltip"[31m
            [36m/>[31m
          [36m</div>[31m
        [36m</div>[31m
      [36m</div>[31m
      [36m<div[31m
        [33maria-label[31m=[32m"Lead source distribution legend"[31m
        [33mclass[31m=[32m"mt-4 grid grid-cols-2 gap-x-4 gap-y-2"[31m
        [33mrole[31m=[32m"list"[31m
      [36m>[31m
        [36m<div[31m
          [33mclass[31m=[32m"flex items-center gap-2 min-w-0"[31m
          [33mrole[31m=[32m"listitem"[31m
        [36m>[31m
          [36m<span[31m
            [33maria-hidden[31m=[32m"true"[31m
            [33mclass[31m=[32m"w-3 h-3 rounded-full shrink-0"[31m
            [33mstyle[31m=[32m"background-color: rgb(37, 99, 235);"[31m
          [36m/>[31m
          [36m<span[31m
            [33mclass[31m=[32m"text-xs flex-1 text-slate-600"[31m
            [33mstyle[31m=[32m"font-family: \"Manrope\", sans-serif;"[31m
          [36m>[31m
            [0mOnly Source[0m
          [36m</span>[31m
          [36m<span[31m
            [33mclass[31m=[32m"text-xs font-semibold shrink-0 text-slate-700"[31m
            [33mstyle[31m=[32m"font-family: \"Manrope\", sans-serif;"[31m
          [36m>[31m
            [0m100[0m
            [0m%[0m
          [36m</span>[31m
        [36m</div>[31m
      [36m</div>[31m
    [36m</div>[31m
  [36m</div>[31m
[36m</body>[31m[39m
 [32m✓[39m src/components/NotesModal.test.jsx[2m > [22mNotesModal[2m > [22madd note functionality[2m > [22mshould call onSaveNote with content when Save Note is clicked[33m 602[2mms[22m[39m
 [32m✓[39m src/components/meeting/CustomTimePicker.test.jsx[2m > [22mCustomTimePicker[2m > [22mvalue parsing[2m > [22mshould parse midnight correctly (00:00 -> 12 AM)[33m 337[2mms[22m[39m
 [32m✓[39m src/components/AlertsModal.test.jsx[2m > [22mAlertsModal[2m > [22madd alert functionality[2m > [22mshould not call onAddAlert when input is empty[32m 112[2mms[22m[39m
 [31m×[39m src/components/LeadSourceChart.test.jsx[2m > [22mLeadSourceChart[2m > [22medge cases[2m > [22mshould handle many data items[32m 124[2mms[22m[39m[33m (retry x1)[39m
[31m   → Found multiple elements with the text: Source 1

Here are the matching elements:

Ignored nodes: comments, script, style
[36m<div[31m
  [33mdata-testid[31m=[32m"pie-segment-0"[31m
  [33mdata-value[31m=[32m"10"[31m
[36m>[31m
  [0mSource 1[0m
[36m</div>[31m

Ignored nodes: comments, script, style
[36m<span[31m
  [33mclass[31m=[32m"text-xs flex-1 text-slate-600"[31m
  [33mstyle[31m=[32m"font-family: \"Manrope\", sans-serif;"[31m
[36m>[31m
  [0mSource 1[0m
[36m</span>[31m

(If this is intentional, then use the `*AllBy*` variant of the query (like `queryAllByText`, `getAllByText`, or `findAllByText`)).

Ignored nodes: comments, script, style
[36m<body>[31m
  [36m<div>[31m
    [36m<div[31m
      [33mclass[31m=[32m"bg-white/90 border-slate-200/60 shadow-xl shadow-slate-900/10 backdrop-blur-lg rounded-2xl p-4 sm:p-6 border transition-all duration-300 hover:shadow-2xl overflow-hidden"[31m
    [36m>[31m
      [36m<div[31m
        [33mclass[31m=[32m"flex flex-col items-center mb-3"[31m
      [36m>[31m
        [36m<h3[31m
          [33mclass[31m=[32m"text-lg sm:text-xl font-bold text-slate-700 mb-2"[31m
          [33mstyle[31m=[32m"font-family: \"Manrope\", sans-serif;"[31m
        [36m>[31m
          [0mLead Source Distribution[0m
        [36m</h3>[31m
        [36m<div[31m
          [33maria-label[31m=[32m"Select time period"[31m
          [33mclass[31m=[32m"flex space-x-2 w-full sm:w-auto"[31m
          [33mrole[31m=[32m"group"[31m
        [36m>[31m
          [36m<button[31m
            [33maria-label[31m=[32m"Show week data"[31m
            [33maria-pressed[31m=[32m"true"[31m
            [33mclass[31m=[32m"px-3 sm:px-4 py-2 text-xs sm:text-sm font-medium rounded-xl transition-all duration-200 flex-1 sm:flex-none cursor-pointer bg-blue-600 text-white shadow-lg"[31m
            [33mstyle[31m=[32m"font-family: \"Manrope\", sans-serif;"[31m
          [36m>[31m
            [0mWeek[0m
          [36m</button>[31m
          [36m<button[31m
            [33maria-label[31m=[32m"Show month data"[31m
            [33maria-pressed[31m=[32m"false"[31m
            [33mclass[31m=[32m"px-3 sm:px-4 py-2 text-xs sm:text-sm font-medium rounded-xl transition-all duration-200 flex-1 sm:flex-none cursor-pointer text-slate-600 hover:text-slate-800 hover:bg-slate-100"[31m
            [33mstyle[31m=[32m"font-family: \"Manrope\", sans-serif;"[31m
          [36m>[31m
            [0mMonth[0m
          [36m</button>[31m
          [36m<button[31m
            [33maria-label[31m=[32m"Show year data"[31m
            [33maria-pressed[31m=[32m"false"[31m
            [33mclass[31m=[32m"px-3 sm:px-4 py-2 text-xs sm:text-sm font-medium rounded-xl transition-all duration-200 flex-1 sm:flex-none cursor-pointer text-slate-600 hover:text-slate-800 hover:bg-slate-100"[31m
            [33mstyle[31m=[32m"font-family: \"Manrope\", sans-serif;"[31m
          [36m>[31m
            [0mYear[0m
          [36m</button>[31m
        [36m</div>[31m
      [36m</div>[31m
      [36m<div[31m
        [33maria-label[31m=[32m"Lead source distribution pie chart showing lead source percentages"[31m
        [33mclass[31m=[32m"h-48 relative text-slate-600"[31m
        [33mrole[31m=[32m"img"[31m
      [36m>[31m
        [36m<div[31m
          [33mdata-testid[31m=[32m"responsive-container"[31m
          [33mstyle[31m=[32m"width: 500px; height: 300px;"[31m
        [36m>[31m
          [36m<div[31m
            [33mdata-testid[31m=[32m"pie-chart"[31m
            [33mmargin[31m=[32m"[object Object]"[31m
          [36m>[31m
            [36m<div[31m
              [33mdata-datakey[31m=[32m"value"[31m
              [33mdata-namekey[31m=[32m"name"[31m
              [33mdata-testid[31m=[32m"pie"[31m
            [36m>[31m
              [36m<div[31m
                [33mdata-fill[31m=[32m"#2563eb"[31m
                [33mdata-testid[31m=[32m"cell"[31m
              [36m/>[31m
              [36m<div[31m
                [33mdata-fill[31m=[32m"#059669"[31m
                [33mdata-testid[31m=[32m"cell"[31m
              [36m/>[31m
              [36m<div[31m
                [33mdata-fill[31m=[32m"#d97706"[31m
                [33mdata-testid[31m=[32m"cell"[31m
              [36m/>[31m
              [36m<div[31m
                [33mdata-fill[31m=[32m"#dc2626"[31m
                [33mdata-testid[31m=[32m"cell"[31m
              [36m/>[31m
              [36m<div[31m
                [33mdata-fill[31m=[32m"#2563eb"[31m
                [33mdata-testid[31m=[32m"cell"[31m
              [36m/>[31m
              [36m<div[31m
                [33mdata-fill[31m=[32m"#059669"[31m
                [33mdata-testid[31m=[32m"cell"[31m
              [36m/>[31m
              [36m<div[31m
                [33mdata-fill[31m=[32m"#d97706"[31m
                [33mdata-testid[31m=[32m"cell"[31m
              [36m/>[31m
              [36m<div[31m
                [33mdata-fill[31m=[32m"#dc2626"[31m
                [33mdata-testid[31m=[32m"cell"[31m
              [36m/>[31m
              [36m<div[31m
                [33mdata-fill[31m=[32m"#2563eb"[31m
                [33mdata-testid[31m=[32m"cell"[31m
              [36m/>[31m
              [36m<div[31m
                [33mdata-fill[31m=[32m"#059669"[31m
                [33mdata-testid[31m=[32m"cell"[31m
              [36m/>[31m
              [36m<div[31m
                [33mdata-testid[31m=[32m"pie-segment-0"[31m
                [33mdata-value[31m=[32m"10"[31m
              [36m>[31m
                [0mSource 1[0m
              [36m</div>[31m
              [36m<div[31m
                [33mdata-testid[31m=[32m"pie-segment-1"[31m
                [33mdata-value[31m=[32m"10"[31m
              [36m>[31m
                [0mSource 2[0m
              [36m</div>[31m
              [36m<div[31m
                [33mdata-testid[31m=[32m"pie-segment-2"[31m
                [33mdata-value[31m=[32m"10"[31m
              [36m>[31m
                [0mSource 3[0m
              [36m</div>[31m
              [36m<div[31m
                [33mdata-testid[31m=[32m"pie-segment-3"[31m
                [33mdata-value[31m=[32m"10"[31m
              [36m>[31m
                [0mSource 4[0m
              [36m</div>[31m
              [36m<div[31m
                [33mdata-testid[31m=[32m"pie-segment-4"[31m
                [33mdata-value[31m=[32m"10"[31m
              [36m>[31m
                [0mSource 5[0m
              [36m</div>[31m
              [36m<div[31m
                [33mdata-testid[31m=[32m"pie-segment-5"[31m
                [33mdata-value[31m=[32m"10"[31m
              [36m>[31m
                [0mSource 6[0m
              [36m</div>[31m
              [36m<div[31m
                [33mdata-testid[31m=[32m"pie-segment-6"[31m
                [33mdata-value[31m=[32m"10"[31m
              [36m>[31m
                [0mSource 7[0m
              [36m</div>[31m
              [36m<div[31m
                [33mdata-testid[31m=[32m"pie-segment-7"[31m
                [33mdata-value[31m=[32m"10"[31m
              [36m>[31m
                [0mSource 8[0m
              [36m</div>[31m
              [36m<div[31m
                [33mdata-testid[31m=[32m"pie-segment-8"[31m
                [33mdata-value[31m=[32m"10"[31m
              [36m>[31m
                [0mSource 9[0m
        ...[39m
[31m   → Found multiple elements with the text: Source 1

Here are the matching elements:

Ignored nodes: comments, script, style
[36m<div[31m
  [33mdata-testid[31m=[32m"pie-segment-0"[31m
  [33mdata-value[31m=[32m"10"[31m
[36m>[31m
  [0mSource 1[0m
[36m</div>[31m

Ignored nodes: comments, script, style
[36m<span[31m
  [33mclass[31m=[32m"text-xs flex-1 text-slate-600"[31m
  [33mstyle[31m=[32m"font-family: \"Manrope\", sans-serif;"[31m
[36m>[31m
  [0mSource 1[0m
[36m</span>[31m

(If this is intentional, then use the `*AllBy*` variant of the query (like `queryAllByText`, `getAllByText`, or `findAllByText`)).

Ignored nodes: comments, script, style
[36m<body>[31m
  [36m<div>[31m
    [36m<div[31m
      [33mclass[31m=[32m"bg-white/90 border-slate-200/60 shadow-xl shadow-slate-900/10 backdrop-blur-lg rounded-2xl p-4 sm:p-6 border transition-all duration-300 hover:shadow-2xl overflow-hidden"[31m
    [36m>[31m
      [36m<div[31m
        [33mclass[31m=[32m"flex flex-col items-center mb-3"[31m
      [36m>[31m
        [36m<h3[31m
          [33mclass[31m=[32m"text-lg sm:text-xl font-bold text-slate-700 mb-2"[31m
          [33mstyle[31m=[32m"font-family: \"Manrope\", sans-serif;"[31m
        [36m>[31m
          [0mLead Source Distribution[0m
        [36m</h3>[31m
        [36m<div[31m
          [33maria-label[31m=[32m"Select time period"[31m
          [33mclass[31m=[32m"flex space-x-2 w-full sm:w-auto"[31m
          [33mrole[31m=[32m"group"[31m
        [36m>[31m
          [36m<button[31m
            [33maria-label[31m=[32m"Show week data"[31m
            [33maria-pressed[31m=[32m"true"[31m
            [33mclass[31m=[32m"px-3 sm:px-4 py-2 text-xs sm:text-sm font-medium rounded-xl transition-all duration-200 flex-1 sm:flex-none cursor-pointer bg-blue-600 text-white shadow-lg"[31m
            [33mstyle[31m=[32m"font-family: \"Manrope\", sans-serif;"[31m
          [36m>[31m
            [0mWeek[0m
          [36m</button>[31m
          [36m<button[31m
            [33maria-label[31m=[32m"Show month data"[31m
            [33maria-pressed[31m=[32m"false"[31m
            [33mclass[31m=[32m"px-3 sm:px-4 py-2 text-xs sm:text-sm font-medium rounded-xl transition-all duration-200 flex-1 sm:flex-none cursor-pointer text-slate-600 hover:text-slate-800 hover:bg-slate-100"[31m
            [33mstyle[31m=[32m"font-family: \"Manrope\", sans-serif;"[31m
          [36m>[31m
            [0mMonth[0m
          [36m</button>[31m
          [36m<button[31m
            [33maria-label[31m=[32m"Show year data"[31m
            [33maria-pressed[31m=[32m"false"[31m
            [33mclass[31m=[32m"px-3 sm:px-4 py-2 text-xs sm:text-sm font-medium rounded-xl transition-all duration-200 flex-1 sm:flex-none cursor-pointer text-slate-600 hover:text-slate-800 hover:bg-slate-100"[31m
            [33mstyle[31m=[32m"font-family: \"Manrope\", sans-serif;"[31m
          [36m>[31m
            [0mYear[0m
          [36m</button>[31m
        [36m</div>[31m
      [36m</div>[31m
      [36m<div[31m
        [33maria-label[31m=[32m"Lead source distribution pie chart showing lead source percentages"[31m
        [33mclass[31m=[32m"h-48 relative text-slate-600"[31m
        [33mrole[31m=[32m"img"[31m
      [36m>[31m
        [36m<div[31m
          [33mdata-testid[31m=[32m"responsive-container"[31m
          [33mstyle[31m=[32m"width: 500px; height: 300px;"[31m
        [36m>[31m
          [36m<div[31m
            [33mdata-testid[31m=[32m"pie-chart"[31m
            [33mmargin[31m=[32m"[object Object]"[31m
          [36m>[31m
            [36m<div[31m
              [33mdata-datakey[31m=[32m"value"[31m
              [33mdata-namekey[31m=[32m"name"[31m
              [33mdata-testid[31m=[32m"pie"[31m
            [36m>[31m
              [36m<div[31m
                [33mdata-fill[31m=[32m"#2563eb"[31m
                [33mdata-testid[31m=[32m"cell"[31m
              [36m/>[31m
              [36m<div[31m
                [33mdata-fill[31m=[32m"#059669"[31m
                [33mdata-testid[31m=[32m"cell"[31m
              [36m/>[31m
              [36m<div[31m
                [33mdata-fill[31m=[32m"#d97706"[31m
                [33mdata-testid[31m=[32m"cell"[31m
              [36m/>[31m
              [36m<div[31m
                [33mdata-fill[31m=[32m"#dc2626"[31m
                [33mdata-testid[31m=[32m"cell"[31m
              [36m/>[31m
              [36m<div[31m
                [33mdata-fill[31m=[32m"#2563eb"[31m
                [33mdata-testid[31m=[32m"cell"[31m
              [36m/>[31m
              [36m<div[31m
                [33mdata-fill[31m=[32m"#059669"[31m
                [33mdata-testid[31m=[32m"cell"[31m
              [36m/>[31m
              [36m<div[31m
                [33mdata-fill[31m=[32m"#d97706"[31m
                [33mdata-testid[31m=[32m"cell"[31m
              [36m/>[31m
              [36m<div[31m
                [33mdata-fill[31m=[32m"#dc2626"[31m
                [33mdata-testid[31m=[32m"cell"[31m
              [36m/>[31m
              [36m<div[31m
                [33mdata-fill[31m=[32m"#2563eb"[31m
                [33mdata-testid[31m=[32m"cell"[31m
              [36m/>[31m
              [36m<div[31m
                [33mdata-fill[31m=[32m"#059669"[31m
                [33mdata-testid[31m=[32m"cell"[31m
              [36m/>[31m
              [36m<div[31m
                [33mdata-testid[31m=[32m"pie-segment-0"[31m
                [33mdata-value[31m=[32m"10"[31m
              [36m>[31m
                [0mSource 1[0m
              [36m</div>[31m
              [36m<div[31m
                [33mdata-testid[31m=[32m"pie-segment-1"[31m
                [33mdata-value[31m=[32m"10"[31m
              [36m>[31m
                [0mSource 2[0m
              [36m</div>[31m
              [36m<div[31m
                [33mdata-testid[31m=[32m"pie-segment-2"[31m
                [33mdata-value[31m=[32m"10"[31m
              [36m>[31m
                [0mSource 3[0m
              [36m</div>[31m
              [36m<div[31m
                [33mdata-testid[31m=[32m"pie-segment-3"[31m
                [33mdata-value[31m=[32m"10"[31m
              [36m>[31m
                [0mSource 4[0m
              [36m</div>[31m
              [36m<div[31m
                [33mdata-testid[31m=[32m"pie-segment-4"[31m
                [33mdata-value[31m=[32m"10"[31m
              [36m>[31m
                [0mSource 5[0m
              [36m</div>[31m
              [36m<div[31m
                [33mdata-testid[31m=[32m"pie-segment-5"[31m
                [33mdata-value[31m=[32m"10"[31m
              [36m>[31m
                [0mSource 6[0m
              [36m</div>[31m
              [36m<div[31m
                [33mdata-testid[31m=[32m"pie-segment-6"[31m
                [33mdata-value[31m=[32m"10"[31m
              [36m>[31m
                [0mSource 7[0m
              [36m</div>[31m
              [36m<div[31m
                [33mdata-testid[31m=[32m"pie-segment-7"[31m
                [33mdata-value[31m=[32m"10"[31m
              [36m>[31m
                [0mSource 8[0m
              [36m</div>[31m
              [36m<div[31m
                [33mdata-testid[31m=[32m"pie-segment-8"[31m
                [33mdata-value[31m=[32m"10"[31m
              [36m>[31m
                [0mSource 9[0m
        ...[39m
 [31m×[39m src/components/LeadSourceChart.test.jsx[2m > [22mLeadSourceChart[2m > [22medge cases[2m > [22mshould handle zero values[32m 85[2mms[22m[39m[33m (retry x1)[39m
[31m   → Found multiple elements with the text: Has Value

Here are the matching elements:

Ignored nodes: comments, script, style
[36m<div[31m
  [33mdata-testid[31m=[32m"pie-segment-0"[31m
  [33mdata-value[31m=[32m"50"[31m
[36m>[31m
  [0mHas Value[0m
[36m</div>[31m

Ignored nodes: comments, script, style
[36m<span[31m
  [33mclass[31m=[32m"text-xs flex-1 text-slate-600"[31m
  [33mstyle[31m=[32m"font-family: \"Manrope\", sans-serif;"[31m
[36m>[31m
  [0mHas Value[0m
[36m</span>[31m

(If this is intentional, then use the `*AllBy*` variant of the query (like `queryAllByText`, `getAllByText`, or `findAllByText`)).

Ignored nodes: comments, script, style
[36m<body>[31m
  [36m<div>[31m
    [36m<div[31m
      [33mclass[31m=[32m"bg-white/90 border-slate-200/60 shadow-xl shadow-slate-900/10 backdrop-blur-lg rounded-2xl p-4 sm:p-6 border transition-all duration-300 hover:shadow-2xl overflow-hidden"[31m
    [36m>[31m
      [36m<div[31m
        [33mclass[31m=[32m"flex flex-col items-center mb-3"[31m
      [36m>[31m
        [36m<h3[31m
          [33mclass[31m=[32m"text-lg sm:text-xl font-bold text-slate-700 mb-2"[31m
          [33mstyle[31m=[32m"font-family: \"Manrope\", sans-serif;"[31m
        [36m>[31m
          [0mLead Source Distribution[0m
        [36m</h3>[31m
        [36m<div[31m
          [33maria-label[31m=[32m"Select time period"[31m
          [33mclass[31m=[32m"flex space-x-2 w-full sm:w-auto"[31m
          [33mrole[31m=[32m"group"[31m
        [36m>[31m
          [36m<button[31m
            [33maria-label[31m=[32m"Show week data"[31m
            [33maria-pressed[31m=[32m"true"[31m
            [33mclass[31m=[32m"px-3 sm:px-4 py-2 text-xs sm:text-sm font-medium rounded-xl transition-all duration-200 flex-1 sm:flex-none cursor-pointer bg-blue-600 text-white shadow-lg"[31m
            [33mstyle[31m=[32m"font-family: \"Manrope\", sans-serif;"[31m
          [36m>[31m
            [0mWeek[0m
          [36m</button>[31m
          [36m<button[31m
            [33maria-label[31m=[32m"Show month data"[31m
            [33maria-pressed[31m=[32m"false"[31m
            [33mclass[31m=[32m"px-3 sm:px-4 py-2 text-xs sm:text-sm font-medium rounded-xl transition-all duration-200 flex-1 sm:flex-none cursor-pointer text-slate-600 hover:text-slate-800 hover:bg-slate-100"[31m
            [33mstyle[31m=[32m"font-family: \"Manrope\", sans-serif;"[31m
          [36m>[31m
            [0mMonth[0m
          [36m</button>[31m
          [36m<button[31m
            [33maria-label[31m=[32m"Show year data"[31m
            [33maria-pressed[31m=[32m"false"[31m
            [33mclass[31m=[32m"px-3 sm:px-4 py-2 text-xs sm:text-sm font-medium rounded-xl transition-all duration-200 flex-1 sm:flex-none cursor-pointer text-slate-600 hover:text-slate-800 hover:bg-slate-100"[31m
            [33mstyle[31m=[32m"font-family: \"Manrope\", sans-serif;"[31m
          [36m>[31m
            [0mYear[0m
          [36m</button>[31m
        [36m</div>[31m
      [36m</div>[31m
      [36m<div[31m
        [33maria-label[31m=[32m"Lead source distribution pie chart showing lead source percentages"[31m
        [33mclass[31m=[32m"h-48 relative text-slate-600"[31m
        [33mrole[31m=[32m"img"[31m
      [36m>[31m
        [36m<div[31m
          [33mdata-testid[31m=[32m"responsive-container"[31m
          [33mstyle[31m=[32m"width: 500px; height: 300px;"[31m
        [36m>[31m
          [36m<div[31m
            [33mdata-testid[31m=[32m"pie-chart"[31m
            [33mmargin[31m=[32m"[object Object]"[31m
          [36m>[31m
            [36m<div[31m
              [33mdata-datakey[31m=[32m"value"[31m
              [33mdata-namekey[31m=[32m"name"[31m
              [33mdata-testid[31m=[32m"pie"[31m
            [36m>[31m
              [36m<div[31m
                [33mdata-fill[31m=[32m"#2563eb"[31m
                [33mdata-testid[31m=[32m"cell"[31m
              [36m/>[31m
              [36m<div[31m
                [33mdata-fill[31m=[32m"#059669"[31m
                [33mdata-testid[31m=[32m"cell"[31m
              [36m/>[31m
              [36m<div[31m
                [33mdata-testid[31m=[32m"pie-segment-0"[31m
                [33mdata-value[31m=[32m"50"[31m
              [36m>[31m
                [0mHas Value[0m
              [36m</div>[31m
              [36m<div[31m
                [33mdata-testid[31m=[32m"pie-segment-1"[31m
                [33mdata-value[31m=[32m"0"[31m
              [36m>[31m
                [0mZero Value[0m
              [36m</div>[31m
            [36m</div>[31m
            [36m<div[31m
              [33mdata-testid[31m=[32m"tooltip"[31m
            [36m/>[31m
          [36m</div>[31m
        [36m</div>[31m
      [36m</div>[31m
      [36m<div[31m
        [33maria-label[31m=[32m"Lead source distribution legend"[31m
        [33mclass[31m=[32m"mt-4 grid grid-cols-2 gap-x-4 gap-y-2"[31m
        [33mrole[31m=[32m"list"[31m
      [36m>[31m
        [36m<div[31m
          [33mclass[31m=[32m"flex items-center gap-2 min-w-0"[31m
          [33mrole[31m=[32m"listitem"[31m
        [36m>[31m
          [36m<span[31m
            [33maria-hidden[31m=[32m"true"[31m
            [33mclass[31m=[32m"w-3 h-3 rounded-full shrink-0"[31m
            [33mstyle[31m=[32m"background-color: rgb(37, 99, 235);"[31m
          [36m/>[31m
          [36m<span[31m
            [33mclass[31m=[32m"text-xs flex-1 text-slate-600"[31m
            [33mstyle[31m=[32m"font-family: \"Manrope\", sans-serif;"[31m
          [36m>[31m
            [0mHas Value[0m
          [36m</span>[31m
          [36m<span[31m
            [33mclass[31m=[32m"text-xs font-semibold shrink-0 text-slate-700"[31m
            [33mstyle[31m=[32m"font-family: \"Manrope\", sans-serif;"[31m
          [36m>[31m
            [0m50[0m
            [0m%[0m
          [36m</span>[31m
        [36m</div>[31m
        [36m<div[31m
          [33mclass[31m=[32m"flex items-center gap-2 min-w-0"[31m
          [33mrole[31m=[32m"listitem"[31m
        [36m>[31m
          [36m<span[31m
            [33maria-hidden[31m=[32m"true"[31m
            [33mclass[31m=[32m"w-3 h-3 rounded-full shrink-0"[31m
            [33mstyle[31m=[32m"background-color: rgb(5, 150, 105);"[31m
          [36m/>[31m
          [36m<span[31m
            [33mclass[31m=[32m"text-xs flex-1 text-slate-600"[31m
            [33mstyle[31m=[32m"font-family: \"Manrope\", sans-serif;"[31m
          [36m>[31m
            [0mZero Value[0m
          [36m</span>[31m
          [36m<span[31m
            [33mclass[31m=[32m"text-xs font-semibold shrink-0 text-slate-700"[31m
            [33mstyle[31m=[32m"font-family: \"Manrope\", sans-serif;"[31m
          [36m>[31m
            [0m0[0m
            [0m%[0m
          [36m</span>[31m
        [36m</div>[31m
      [36m</div>[31m
    [36m</div>[31m
  [36m</div>[31m
[36m</body>[31m[39m
[31m   → Found multiple elements with the text: Has Value

Here are the matching elements:

Ignored nodes: comments, script, style
[36m<div[31m
  [33mdata-testid[31m=[32m"pie-segment-0"[31m
  [33mdata-value[31m=[32m"50"[31m
[36m>[31m
  [0mHas Value[0m
[36m</div>[31m

Ignored nodes: comments, script, style
[36m<span[31m
  [33mclass[31m=[32m"text-xs flex-1 text-slate-600"[31m
  [33mstyle[31m=[32m"font-family: \"Manrope\", sans-serif;"[31m
[36m>[31m
  [0mHas Value[0m
[36m</span>[31m

(If this is intentional, then use the `*AllBy*` variant of the query (like `queryAllByText`, `getAllByText`, or `findAllByText`)).

Ignored nodes: comments, script, style
[36m<body>[31m
  [36m<div>[31m
    [36m<div[31m
      [33mclass[31m=[32m"bg-white/90 border-slate-200/60 shadow-xl shadow-slate-900/10 backdrop-blur-lg rounded-2xl p-4 sm:p-6 border transition-all duration-300 hover:shadow-2xl overflow-hidden"[31m
    [36m>[31m
      [36m<div[31m
        [33mclass[31m=[32m"flex flex-col items-center mb-3"[31m
      [36m>[31m
        [36m<h3[31m
          [33mclass[31m=[32m"text-lg sm:text-xl font-bold text-slate-700 mb-2"[31m
          [33mstyle[31m=[32m"font-family: \"Manrope\", sans-serif;"[31m
        [36m>[31m
          [0mLead Source Distribution[0m
        [36m</h3>[31m
        [36m<div[31m
          [33maria-label[31m=[32m"Select time period"[31m
          [33mclass[31m=[32m"flex space-x-2 w-full sm:w-auto"[31m
          [33mrole[31m=[32m"group"[31m
        [36m>[31m
          [36m<button[31m
            [33maria-label[31m=[32m"Show week data"[31m
            [33maria-pressed[31m=[32m"true"[31m
            [33mclass[31m=[32m"px-3 sm:px-4 py-2 text-xs sm:text-sm font-medium rounded-xl transition-all duration-200 flex-1 sm:flex-none cursor-pointer bg-blue-600 text-white shadow-lg"[31m
            [33mstyle[31m=[32m"font-family: \"Manrope\", sans-serif;"[31m
          [36m>[31m
            [0mWeek[0m
          [36m</button>[31m
          [36m<button[31m
            [33maria-label[31m=[32m"Show month data"[31m
            [33maria-pressed[31m=[32m"false"[31m
            [33mclass[31m=[32m"px-3 sm:px-4 py-2 text-xs sm:text-sm font-medium rounded-xl transition-all duration-200 flex-1 sm:flex-none cursor-pointer text-slate-600 hover:text-slate-800 hover:bg-slate-100"[31m
            [33mstyle[31m=[32m"font-family: \"Manrope\", sans-serif;"[31m
          [36m>[31m
            [0mMonth[0m
          [36m</button>[31m
          [36m<button[31m
            [33maria-label[31m=[32m"Show year data"[31m
            [33maria-pressed[31m=[32m"false"[31m
            [33mclass[31m=[32m"px-3 sm:px-4 py-2 text-xs sm:text-sm font-medium rounded-xl transition-all duration-200 flex-1 sm:flex-none cursor-pointer text-slate-600 hover:text-slate-800 hover:bg-slate-100"[31m
            [33mstyle[31m=[32m"font-family: \"Manrope\", sans-serif;"[31m
          [36m>[31m
            [0mYear[0m
          [36m</button>[31m
        [36m</div>[31m
      [36m</div>[31m
      [36m<div[31m
        [33maria-label[31m=[32m"Lead source distribution pie chart showing lead source percentages"[31m
        [33mclass[31m=[32m"h-48 relative text-slate-600"[31m
        [33mrole[31m=[32m"img"[31m
      [36m>[31m
        [36m<div[31m
          [33mdata-testid[31m=[32m"responsive-container"[31m
          [33mstyle[31m=[32m"width: 500px; height: 300px;"[31m
        [36m>[31m
          [36m<div[31m
            [33mdata-testid[31m=[32m"pie-chart"[31m
            [33mmargin[31m=[32m"[object Object]"[31m
          [36m>[31m
            [36m<div[31m
              [33mdata-datakey[31m=[32m"value"[31m
              [33mdata-namekey[31m=[32m"name"[31m
              [33mdata-testid[31m=[32m"pie"[31m
            [36m>[31m
              [36m<div[31m
                [33mdata-fill[31m=[32m"#2563eb"[31m
                [33mdata-testid[31m=[32m"cell"[31m
              [36m/>[31m
              [36m<div[31m
                [33mdata-fill[31m=[32m"#059669"[31m
                [33mdata-testid[31m=[32m"cell"[31m
              [36m/>[31m
              [36m<div[31m
                [33mdata-testid[31m=[32m"pie-segment-0"[31m
                [33mdata-value[31m=[32m"50"[31m
              [36m>[31m
                [0mHas Value[0m
              [36m</div>[31m
              [36m<div[31m
                [33mdata-testid[31m=[32m"pie-segment-1"[31m
                [33mdata-value[31m=[32m"0"[31m
              [36m>[31m
                [0mZero Value[0m
              [36m</div>[31m
            [36m</div>[31m
            [36m<div[31m
              [33mdata-testid[31m=[32m"tooltip"[31m
            [36m/>[31m
          [36m</div>[31m
        [36m</div>[31m
      [36m</div>[31m
      [36m<div[31m
        [33maria-label[31m=[32m"Lead source distribution legend"[31m
        [33mclass[31m=[32m"mt-4 grid grid-cols-2 gap-x-4 gap-y-2"[31m
        [33mrole[31m=[32m"list"[31m
      [36m>[31m
        [36m<div[31m
          [33mclass[31m=[32m"flex items-center gap-2 min-w-0"[31m
          [33mrole[31m=[32m"listitem"[31m
        [36m>[31m
          [36m<span[31m
            [33maria-hidden[31m=[32m"true"[31m
            [33mclass[31m=[32m"w-3 h-3 rounded-full shrink-0"[31m
            [33mstyle[31m=[32m"background-color: rgb(37, 99, 235);"[31m
          [36m/>[31m
          [36m<span[31m
            [33mclass[31m=[32m"text-xs flex-1 text-slate-600"[31m
            [33mstyle[31m=[32m"font-family: \"Manrope\", sans-serif;"[31m
          [36m>[31m
            [0mHas Value[0m
          [36m</span>[31m
          [36m<span[31m
            [33mclass[31m=[32m"text-xs font-semibold shrink-0 text-slate-700"[31m
            [33mstyle[31m=[32m"font-family: \"Manrope\", sans-serif;"[31m
          [36m>[31m
            [0m50[0m
            [0m%[0m
          [36m</span>[31m
        [36m</div>[31m
        [36m<div[31m
          [33mclass[31m=[32m"flex items-center gap-2 min-w-0"[31m
          [33mrole[31m=[32m"listitem"[31m
        [36m>[31m
          [36m<span[31m
            [33maria-hidden[31m=[32m"true"[31m
            [33mclass[31m=[32m"w-3 h-3 rounded-full shrink-0"[31m
            [33mstyle[31m=[32m"background-color: rgb(5, 150, 105);"[31m
          [36m/>[31m
          [36m<span[31m
            [33mclass[31m=[32m"text-xs flex-1 text-slate-600"[31m
            [33mstyle[31m=[32m"font-family: \"Manrope\", sans-serif;"[31m
          [36m>[31m
            [0mZero Value[0m
          [36m</span>[31m
          [36m<span[31m
            [33mclass[31m=[32m"text-xs font-semibold shrink-0 text-slate-700"[31m
            [33mstyle[31m=[32m"font-family: \"Manrope\", sans-serif;"[31m
          [36m>[31m
            [0m0[0m
            [0m%[0m
          [36m</span>[31m
        [36m</div>[31m
      [36m</div>[31m
    [36m</div>[31m
  [36m</div>[31m
[36m</body>[31m[39m
 [31m×[39m src/components/LeadSourceChart.test.jsx[2m > [22mLeadSourceChart[2m > [22medge cases[2m > [22mshould handle decimal values[32m 51[2mms[22m[39m[33m (retry x1)[39m
[31m   → Found multiple elements with the text: Decimal Source

Here are the matching elements:

Ignored nodes: comments, script, style
[36m<div[31m
  [33mdata-testid[31m=[32m"pie-segment-0"[31m
  [33mdata-value[31m=[32m"33.33"[31m
[36m>[31m
  [0mDecimal Source[0m
[36m</div>[31m

Ignored nodes: comments, script, style
[36m<span[31m
  [33mclass[31m=[32m"text-xs flex-1 text-slate-600"[31m
  [33mstyle[31m=[32m"font-family: \"Manrope\", sans-serif;"[31m
[36m>[31m
  [0mDecimal Source[0m
[36m</span>[31m

(If this is intentional, then use the `*AllBy*` variant of the query (like `queryAllByText`, `getAllByText`, or `findAllByText`)).

Ignored nodes: comments, script, style
[36m<body>[31m
  [36m<div>[31m
    [36m<div[31m
      [33mclass[31m=[32m"bg-white/90 border-slate-200/60 shadow-xl shadow-slate-900/10 backdrop-blur-lg rounded-2xl p-4 sm:p-6 border transition-all duration-300 hover:shadow-2xl overflow-hidden"[31m
    [36m>[31m
      [36m<div[31m
        [33mclass[31m=[32m"flex flex-col items-center mb-3"[31m
      [36m>[31m
        [36m<h3[31m
          [33mclass[31m=[32m"text-lg sm:text-xl font-bold text-slate-700 mb-2"[31m
          [33mstyle[31m=[32m"font-family: \"Manrope\", sans-serif;"[31m
        [36m>[31m
          [0mLead Source Distribution[0m
        [36m</h3>[31m
        [36m<div[31m
          [33maria-label[31m=[32m"Select time period"[31m
          [33mclass[31m=[32m"flex space-x-2 w-full sm:w-auto"[31m
          [33mrole[31m=[32m"group"[31m
        [36m>[31m
          [36m<button[31m
            [33maria-label[31m=[32m"Show week data"[31m
            [33maria-pressed[31m=[32m"true"[31m
            [33mclass[31m=[32m"px-3 sm:px-4 py-2 text-xs sm:text-sm font-medium rounded-xl transition-all duration-200 flex-1 sm:flex-none cursor-pointer bg-blue-600 text-white shadow-lg"[31m
            [33mstyle[31m=[32m"font-family: \"Manrope\", sans-serif;"[31m
          [36m>[31m
            [0mWeek[0m
          [36m</button>[31m
          [36m<button[31m
            [33maria-label[31m=[32m"Show month data"[31m
            [33maria-pressed[31m=[32m"false"[31m
            [33mclass[31m=[32m"px-3 sm:px-4 py-2 text-xs sm:text-sm font-medium rounded-xl transition-all duration-200 flex-1 sm:flex-none cursor-pointer text-slate-600 hover:text-slate-800 hover:bg-slate-100"[31m
            [33mstyle[31m=[32m"font-family: \"Manrope\", sans-serif;"[31m
          [36m>[31m
            [0mMonth[0m
          [36m</button>[31m
          [36m<button[31m
            [33maria-label[31m=[32m"Show year data"[31m
            [33maria-pressed[31m=[32m"false"[31m
            [33mclass[31m=[32m"px-3 sm:px-4 py-2 text-xs sm:text-sm font-medium rounded-xl transition-all duration-200 flex-1 sm:flex-none cursor-pointer text-slate-600 hover:text-slate-800 hover:bg-slate-100"[31m
            [33mstyle[31m=[32m"font-family: \"Manrope\", sans-serif;"[31m
          [36m>[31m
            [0mYear[0m
          [36m</button>[31m
        [36m</div>[31m
      [36m</div>[31m
      [36m<div[31m
        [33maria-label[31m=[32m"Lead source distribution pie chart showing lead source percentages"[31m
        [33mclass[31m=[32m"h-48 relative text-slate-600"[31m
        [33mrole[31m=[32m"img"[31m
      [36m>[31m
        [36m<div[31m
          [33mdata-testid[31m=[32m"responsive-container"[31m
          [33mstyle[31m=[32m"width: 500px; height: 300px;"[31m
        [36m>[31m
          [36m<div[31m
            [33mdata-testid[31m=[32m"pie-chart"[31m
            [33mmargin[31m=[32m"[object Object]"[31m
          [36m>[31m
            [36m<div[31m
              [33mdata-datakey[31m=[32m"value"[31m
              [33mdata-namekey[31m=[32m"name"[31m
              [33mdata-testid[31m=[32m"pie"[31m
            [36m>[31m
              [36m<div[31m
                [33mdata-fill[31m=[32m"#2563eb"[31m
                [33mdata-testid[31m=[32m"cell"[31m
              [36m/>[31m
              [36m<div[31m
                [33mdata-testid[31m=[32m"pie-segment-0"[31m
                [33mdata-value[31m=[32m"33.33"[31m
              [36m>[31m
                [0mDecimal Source[0m
              [36m</div>[31m
            [36m</div>[31m
            [36m<div[31m
              [33mdata-testid[31m=[32m"tooltip"[31m
            [36m/>[31m
          [36m</div>[31m
        [36m</div>[31m
      [36m</div>[31m
      [36m<div[31m
        [33maria-label[31m=[32m"Lead source distribution legend"[31m
        [33mclass[31m=[32m"mt-4 grid grid-cols-2 gap-x-4 gap-y-2"[31m
        [33mrole[31m=[32m"list"[31m
      [36m>[31m
        [36m<div[31m
          [33mclass[31m=[32m"flex items-center gap-2 min-w-0"[31m
          [33mrole[31m=[32m"listitem"[31m
        [36m>[31m
          [36m<span[31m
            [33maria-hidden[31m=[32m"true"[31m
            [33mclass[31m=[32m"w-3 h-3 rounded-full shrink-0"[31m
            [33mstyle[31m=[32m"background-color: rgb(37, 99, 235);"[31m
          [36m/>[31m
          [36m<span[31m
            [33mclass[31m=[32m"text-xs flex-1 text-slate-600"[31m
            [33mstyle[31m=[32m"font-family: \"Manrope\", sans-serif;"[31m
          [36m>[31m
            [0mDecimal Source[0m
          [36m</span>[31m
          [36m<span[31m
            [33mclass[31m=[32m"text-xs font-semibold shrink-0 text-slate-700"[31m
            [33mstyle[31m=[32m"font-family: \"Manrope\", sans-serif;"[31m
          [36m>[31m
            [0m33.33[0m
            [0m%[0m
          [36m</span>[31m
        [36m</div>[31m
      [36m</div>[31m
    [36m</div>[31m
  [36m</div>[31m
[36m</body>[31m[39m
[31m   → Found multiple elements with the text: Decimal Source

Here are the matching elements:

Ignored nodes: comments, script, style
[36m<div[31m
  [33mdata-testid[31m=[32m"pie-segment-0"[31m
  [33mdata-value[31m=[32m"33.33"[31m
[36m>[31m
  [0mDecimal Source[0m
[36m</div>[31m

Ignored nodes: comments, script, style
[36m<span[31m
  [33mclass[31m=[32m"text-xs flex-1 text-slate-600"[31m
  [33mstyle[31m=[32m"font-family: \"Manrope\", sans-serif;"[31m
[36m>[31m
  [0mDecimal Source[0m
[36m</span>[31m

(If this is intentional, then use the `*AllBy*` variant of the query (like `queryAllByText`, `getAllByText`, or `findAllByText`)).

Ignored nodes: comments, script, style
[36m<body>[31m
  [36m<div>[31m
    [36m<div[31m
      [33mclass[31m=[32m"bg-white/90 border-slate-200/60 shadow-xl shadow-slate-900/10 backdrop-blur-lg rounded-2xl p-4 sm:p-6 border transition-all duration-300 hover:shadow-2xl overflow-hidden"[31m
    [36m>[31m
      [36m<div[31m
        [33mclass[31m=[32m"flex flex-col items-center mb-3"[31m
      [36m>[31m
        [36m<h3[31m
          [33mclass[31m=[32m"text-lg sm:text-xl font-bold text-slate-700 mb-2"[31m
          [33mstyle[31m=[32m"font-family: \"Manrope\", sans-serif;"[31m
        [36m>[31m
          [0mLead Source Distribution[0m
        [36m</h3>[31m
        [36m<div[31m
          [33maria-label[31m=[32m"Select time period"[31m
          [33mclass[31m=[32m"flex space-x-2 w-full sm:w-auto"[31m
          [33mrole[31m=[32m"group"[31m
        [36m>[31m
          [36m<button[31m
            [33maria-label[31m=[32m"Show week data"[31m
            [33maria-pressed[31m=[32m"true"[31m
            [33mclass[31m=[32m"px-3 sm:px-4 py-2 text-xs sm:text-sm font-medium rounded-xl transition-all duration-200 flex-1 sm:flex-none cursor-pointer bg-blue-600 text-white shadow-lg"[31m
            [33mstyle[31m=[32m"font-family: \"Manrope\", sans-serif;"[31m
          [36m>[31m
            [0mWeek[0m
          [36m</button>[31m
          [36m<button[31m
            [33maria-label[31m=[32m"Show month data"[31m
            [33maria-pressed[31m=[32m"false"[31m
            [33mclass[31m=[32m"px-3 sm:px-4 py-2 text-xs sm:text-sm font-medium rounded-xl transition-all duration-200 flex-1 sm:flex-none cursor-pointer text-slate-600 hover:text-slate-800 hover:bg-slate-100"[31m
            [33mstyle[31m=[32m"font-family: \"Manrope\", sans-serif;"[31m
          [36m>[31m
            [0mMonth[0m
          [36m</button>[31m
          [36m<button[31m
            [33maria-label[31m=[32m"Show year data"[31m
            [33maria-pressed[31m=[32m"false"[31m
            [33mclass[31m=[32m"px-3 sm:px-4 py-2 text-xs sm:text-sm font-medium rounded-xl transition-all duration-200 flex-1 sm:flex-none cursor-pointer text-slate-600 hover:text-slate-800 hover:bg-slate-100"[31m
            [33mstyle[31m=[32m"font-family: \"Manrope\", sans-serif;"[31m
          [36m>[31m
            [0mYear[0m
          [36m</button>[31m
        [36m</div>[31m
      [36m</div>[31m
      [36m<div[31m
        [33maria-label[31m=[32m"Lead source distribution pie chart showing lead source percentages"[31m
        [33mclass[31m=[32m"h-48 relative text-slate-600"[31m
        [33mrole[31m=[32m"img"[31m
      [36m>[31m
        [36m<div[31m
          [33mdata-testid[31m=[32m"responsive-container"[31m
          [33mstyle[31m=[32m"width: 500px; height: 300px;"[31m
        [36m>[31m
          [36m<div[31m
            [33mdata-testid[31m=[32m"pie-chart"[31m
            [33mmargin[31m=[32m"[object Object]"[31m
          [36m>[31m
            [36m<div[31m
              [33mdata-datakey[31m=[32m"value"[31m
              [33mdata-namekey[31m=[32m"name"[31m
              [33mdata-testid[31m=[32m"pie"[31m
            [36m>[31m
              [36m<div[31m
                [33mdata-fill[31m=[32m"#2563eb"[31m
                [33mdata-testid[31m=[32m"cell"[31m
              [36m/>[31m
              [36m<div[31m
                [33mdata-testid[31m=[32m"pie-segment-0"[31m
                [33mdata-value[31m=[32m"33.33"[31m
              [36m>[31m
                [0mDecimal Source[0m
              [36m</div>[31m
            [36m</div>[31m
            [36m<div[31m
              [33mdata-testid[31m=[32m"tooltip"[31m
            [36m/>[31m
          [36m</div>[31m
        [36m</div>[31m
      [36m</div>[31m
      [36m<div[31m
        [33maria-label[31m=[32m"Lead source distribution legend"[31m
        [33mclass[31m=[32m"mt-4 grid grid-cols-2 gap-x-4 gap-y-2"[31m
        [33mrole[31m=[32m"list"[31m
      [36m>[31m
        [36m<div[31m
          [33mclass[31m=[32m"flex items-center gap-2 min-w-0"[31m
          [33mrole[31m=[32m"listitem"[31m
        [36m>[31m
          [36m<span[31m
            [33maria-hidden[31m=[32m"true"[31m
            [33mclass[31m=[32m"w-3 h-3 rounded-full shrink-0"[31m
            [33mstyle[31m=[32m"background-color: rgb(37, 99, 235);"[31m
          [36m/>[31m
          [36m<span[31m
            [33mclass[31m=[32m"text-xs flex-1 text-slate-600"[31m
            [33mstyle[31m=[32m"font-family: \"Manrope\", sans-serif;"[31m
          [36m>[31m
            [0mDecimal Source[0m
          [36m</span>[31m
          [36m<span[31m
            [33mclass[31m=[32m"text-xs font-semibold shrink-0 text-slate-700"[31m
            [33mstyle[31m=[32m"font-family: \"Manrope\", sans-serif;"[31m
          [36m>[31m
            [0m33.33[0m
            [0m%[0m
          [36m</span>[31m
        [36m</div>[31m
      [36m</div>[31m
    [36m</div>[31m
  [36m</div>[31m
[36m</body>[31m[39m
 [31m×[39m src/components/LeadSourceChart.test.jsx[2m > [22mLeadSourceChart[2m > [22medge cases[2m > [22mshould handle long source names[32m 40[2mms[22m[39m[33m (retry x1)[39m
[31m   → Found multiple elements with the text: This is a very long source name that might overflow

Here are the matching elements:

Ignored nodes: comments, script, style
[36m<div[31m
  [33mdata-testid[31m=[32m"pie-segment-0"[31m
  [33mdata-value[31m=[32m"50"[31m
[36m>[31m
  [0mThis is a very long source name that might overflow[0m
[36m</div>[31m

Ignored nodes: comments, script, style
[36m<span[31m
  [33mclass[31m=[32m"text-xs flex-1 text-slate-600"[31m
  [33mstyle[31m=[32m"font-family: \"Manrope\", sans-serif;"[31m
[36m>[31m
  [0mThis is a very long source name that might overflow[0m
[36m</span>[31m

(If this is intentional, then use the `*AllBy*` variant of the query (like `queryAllByText`, `getAllByText`, or `findAllByText`)).

Ignored nodes: comments, script, style
[36m<body>[31m
  [36m<div>[31m
    [36m<div[31m
      [33mclass[31m=[32m"bg-white/90 border-slate-200/60 shadow-xl shadow-slate-900/10 backdrop-blur-lg rounded-2xl p-4 sm:p-6 border transition-all duration-300 hover:shadow-2xl overflow-hidden"[31m
    [36m>[31m
      [36m<div[31m
        [33mclass[31m=[32m"flex flex-col items-center mb-3"[31m
      [36m>[31m
        [36m<h3[31m
          [33mclass[31m=[32m"text-lg sm:text-xl font-bold text-slate-700 mb-2"[31m
          [33mstyle[31m=[32m"font-family: \"Manrope\", sans-serif;"[31m
        [36m>[31m
          [0mLead Source Distribution[0m
        [36m</h3>[31m
        [36m<div[31m
          [33maria-label[31m=[32m"Select time period"[31m
          [33mclass[31m=[32m"flex space-x-2 w-full sm:w-auto"[31m
          [33mrole[31m=[32m"group"[31m
        [36m>[31m
          [36m<button[31m
            [33maria-label[31m=[32m"Show week data"[31m
            [33maria-pressed[31m=[32m"true"[31m
            [33mclass[31m=[32m"px-3 sm:px-4 py-2 text-xs sm:text-sm font-medium rounded-xl transition-all duration-200 flex-1 sm:flex-none cursor-pointer bg-blue-600 text-white shadow-lg"[31m
            [33mstyle[31m=[32m"font-family: \"Manrope\", sans-serif;"[31m
          [36m>[31m
            [0mWeek[0m
          [36m</button>[31m
          [36m<button[31m
            [33maria-label[31m=[32m"Show month data"[31m
            [33maria-pressed[31m=[32m"false"[31m
            [33mclass[31m=[32m"px-3 sm:px-4 py-2 text-xs sm:text-sm font-medium rounded-xl transition-all duration-200 flex-1 sm:flex-none cursor-pointer text-slate-600 hover:text-slate-800 hover:bg-slate-100"[31m
            [33mstyle[31m=[32m"font-family: \"Manrope\", sans-serif;"[31m
          [36m>[31m
            [0mMonth[0m
          [36m</button>[31m
          [36m<button[31m
            [33maria-label[31m=[32m"Show year data"[31m
            [33maria-pressed[31m=[32m"false"[31m
            [33mclass[31m=[32m"px-3 sm:px-4 py-2 text-xs sm:text-sm font-medium rounded-xl transition-all duration-200 flex-1 sm:flex-none cursor-pointer text-slate-600 hover:text-slate-800 hover:bg-slate-100"[31m
            [33mstyle[31m=[32m"font-family: \"Manrope\", sans-serif;"[31m
          [36m>[31m
            [0mYear[0m
          [36m</button>[31m
        [36m</div>[31m
      [36m</div>[31m
      [36m<div[31m
        [33maria-label[31m=[32m"Lead source distribution pie chart showing lead source percentages"[31m
        [33mclass[31m=[32m"h-48 relative text-slate-600"[31m
        [33mrole[31m=[32m"img"[31m
      [36m>[31m
        [36m<div[31m
          [33mdata-testid[31m=[32m"responsive-container"[31m
          [33mstyle[31m=[32m"width: 500px; height: 300px;"[31m
        [36m>[31m
          [36m<div[31m
            [33mdata-testid[31m=[32m"pie-chart"[31m
            [33mmargin[31m=[32m"[object Object]"[31m
          [36m>[31m
            [36m<div[31m
              [33mdata-datakey[31m=[32m"value"[31m
              [33mdata-namekey[31m=[32m"name"[31m
              [33mdata-testid[31m=[32m"pie"[31m
            [36m>[31m
              [36m<div[31m
                [33mdata-fill[31m=[32m"#2563eb"[31m
                [33mdata-testid[31m=[32m"cell"[31m
              [36m/>[31m
              [36m<div[31m
                [33mdata-testid[31m=[32m"pie-segment-0"[31m
                [33mdata-value[31m=[32m"50"[31m
              [36m>[31m
                [0mThis is a very long source name that might overflow[0m
              [36m</div>[31m
            [36m</div>[31m
            [36m<div[31m
              [33mdata-testid[31m=[32m"tooltip"[31m
            [36m/>[31m
          [36m</div>[31m
        [36m</div>[31m
      [36m</div>[31m
      [36m<div[31m
        [33maria-label[31m=[32m"Lead source distribution legend"[31m
        [33mclass[31m=[32m"mt-4 grid grid-cols-2 gap-x-4 gap-y-2"[31m
        [33mrole[31m=[32m"list"[31m
      [36m>[31m
        [36m<div[31m
          [33mclass[31m=[32m"flex items-center gap-2 min-w-0"[31m
          [33mrole[31m=[32m"listitem"[31m
        [36m>[31m
          [36m<span[31m
            [33maria-hidden[31m=[32m"true"[31m
            [33mclass[31m=[32m"w-3 h-3 rounded-full shrink-0"[31m
            [33mstyle[31m=[32m"background-color: rgb(37, 99, 235);"[31m
          [36m/>[31m
          [36m<span[31m
            [33mclass[31m=[32m"text-xs flex-1 text-slate-600"[31m
            [33mstyle[31m=[32m"font-family: \"Manrope\", sans-serif;"[31m
          [36m>[31m
            [0mThis is a very long source name that might overflow[0m
          [36m</span>[31m
          [36m<span[31m
            [33mclass[31m=[32m"text-xs font-semibold shrink-0 text-slate-700"[31m
            [33mstyle[31m=[32m"font-family: \"Manrope\", sans-serif;"[31m
          [36m>[31m
            [0m50[0m
            [0m%[0m
          [36m</span>[31m
        [36m</div>[31m
      [36m</div>[31m
    [36m</div>[31m
  [36m</div>[31m
[36m</body>[31m[39m
[31m   → Found multiple elements with the text: This is a very long source name that might overflow

Here are the matching elements:

Ignored nodes: comments, script, style
[36m<div[31m
  [33mdata-testid[31m=[32m"pie-segment-0"[31m
  [33mdata-value[31m=[32m"50"[31m
[36m>[31m
  [0mThis is a very long source name that might overflow[0m
[36m</div>[31m

Ignored nodes: comments, script, style
[36m<span[31m
  [33mclass[31m=[32m"text-xs flex-1 text-slate-600"[31m
  [33mstyle[31m=[32m"font-family: \"Manrope\", sans-serif;"[31m
[36m>[31m
  [0mThis is a very long source name that might overflow[0m
[36m</span>[31m

(If this is intentional, then use the `*AllBy*` variant of the query (like `queryAllByText`, `getAllByText`, or `findAllByText`)).

Ignored nodes: comments, script, style
[36m<body>[31m
  [36m<div>[31m
    [36m<div[31m
      [33mclass[31m=[32m"bg-white/90 border-slate-200/60 shadow-xl shadow-slate-900/10 backdrop-blur-lg rounded-2xl p-4 sm:p-6 border transition-all duration-300 hover:shadow-2xl overflow-hidden"[31m
    [36m>[31m
      [36m<div[31m
        [33mclass[31m=[32m"flex flex-col items-center mb-3"[31m
      [36m>[31m
        [36m<h3[31m
          [33mclass[31m=[32m"text-lg sm:text-xl font-bold text-slate-700 mb-2"[31m
          [33mstyle[31m=[32m"font-family: \"Manrope\", sans-serif;"[31m
        [36m>[31m
          [0mLead Source Distribution[0m
        [36m</h3>[31m
        [36m<div[31m
          [33maria-label[31m=[32m"Select time period"[31m
          [33mclass[31m=[32m"flex space-x-2 w-full sm:w-auto"[31m
          [33mrole[31m=[32m"group"[31m
        [36m>[31m
          [36m<button[31m
            [33maria-label[31m=[32m"Show week data"[31m
            [33maria-pressed[31m=[32m"true"[31m
            [33mclass[31m=[32m"px-3 sm:px-4 py-2 text-xs sm:text-sm font-medium rounded-xl transition-all duration-200 flex-1 sm:flex-none cursor-pointer bg-blue-600 text-white shadow-lg"[31m
            [33mstyle[31m=[32m"font-family: \"Manrope\", sans-serif;"[31m
          [36m>[31m
            [0mWeek[0m
          [36m</button>[31m
          [36m<button[31m
            [33maria-label[31m=[32m"Show month data"[31m
            [33maria-pressed[31m=[32m"false"[31m
            [33mclass[31m=[32m"px-3 sm:px-4 py-2 text-xs sm:text-sm font-medium rounded-xl transition-all duration-200 flex-1 sm:flex-none cursor-pointer text-slate-600 hover:text-slate-800 hover:bg-slate-100"[31m
            [33mstyle[31m=[32m"font-family: \"Manrope\", sans-serif;"[31m
          [36m>[31m
            [0mMonth[0m
          [36m</button>[31m
          [36m<button[31m
            [33maria-label[31m=[32m"Show year data"[31m
            [33maria-pressed[31m=[32m"false"[31m
            [33mclass[31m=[32m"px-3 sm:px-4 py-2 text-xs sm:text-sm font-medium rounded-xl transition-all duration-200 flex-1 sm:flex-none cursor-pointer text-slate-600 hover:text-slate-800 hover:bg-slate-100"[31m
            [33mstyle[31m=[32m"font-family: \"Manrope\", sans-serif;"[31m
          [36m>[31m
            [0mYear[0m
          [36m</button>[31m
        [36m</div>[31m
      [36m</div>[31m
      [36m<div[31m
        [33maria-label[31m=[32m"Lead source distribution pie chart showing lead source percentages"[31m
        [33mclass[31m=[32m"h-48 relative text-slate-600"[31m
        [33mrole[31m=[32m"img"[31m
      [36m>[31m
        [36m<div[31m
          [33mdata-testid[31m=[32m"responsive-container"[31m
          [33mstyle[31m=[32m"width: 500px; height: 300px;"[31m
        [36m>[31m
          [36m<div[31m
            [33mdata-testid[31m=[32m"pie-chart"[31m
            [33mmargin[31m=[32m"[object Object]"[31m
          [36m>[31m
            [36m<div[31m
              [33mdata-datakey[31m=[32m"value"[31m
              [33mdata-namekey[31m=[32m"name"[31m
              [33mdata-testid[31m=[32m"pie"[31m
            [36m>[31m
              [36m<div[31m
                [33mdata-fill[31m=[32m"#2563eb"[31m
                [33mdata-testid[31m=[32m"cell"[31m
              [36m/>[31m
              [36m<div[31m
                [33mdata-testid[31m=[32m"pie-segment-0"[31m
                [33mdata-value[31m=[32m"50"[31m
              [36m>[31m
                [0mThis is a very long source name that might overflow[0m
              [36m</div>[31m
            [36m</div>[31m
            [36m<div[31m
              [33mdata-testid[31m=[32m"tooltip"[31m
            [36m/>[31m
          [36m</div>[31m
        [36m</div>[31m
      [36m</div>[31m
      [36m<div[31m
        [33maria-label[31m=[32m"Lead source distribution legend"[31m
        [33mclass[31m=[32m"mt-4 grid grid-cols-2 gap-x-4 gap-y-2"[31m
        [33mrole[31m=[32m"list"[31m
      [36m>[31m
        [36m<div[31m
          [33mclass[31m=[32m"flex items-center gap-2 min-w-0"[31m
          [33mrole[31m=[32m"listitem"[31m
        [36m>[31m
          [36m<span[31m
            [33maria-hidden[31m=[32m"true"[31m
            [33mclass[31m=[32m"w-3 h-3 rounded-full shrink-0"[31m
            [33mstyle[31m=[32m"background-color: rgb(37, 99, 235);"[31m
          [36m/>[31m
          [36m<span[31m
            [33mclass[31m=[32m"text-xs flex-1 text-slate-600"[31m
            [33mstyle[31m=[32m"font-family: \"Manrope\", sans-serif;"[31m
          [36m>[31m
            [0mThis is a very long source name that might overflow[0m
          [36m</span>[31m
          [36m<span[31m
            [33mclass[31m=[32m"text-xs font-semibold shrink-0 text-slate-700"[31m
            [33mstyle[31m=[32m"font-family: \"Manrope\", sans-serif;"[31m
          [36m>[31m
            [0m50[0m
            [0m%[0m
          [36m</span>[31m
        [36m</div>[31m
      [36m</div>[31m
    [36m</div>[31m
  [36m</div>[31m
[36m</body>[31m[39m
 [32m✓[39m src/components/meeting/CustomClientDropdown.test.jsx[2m > [22mCustomClientDropdown[2m > [22msearch and filtering[2m > [22mshould show new client message when no matches found[33m 372[2mms[22m[39m
 [32m✓[39m src/components/meeting/CustomClientDropdown.test.jsx[2m > [22mCustomClientDropdown[2m > [22msearch and filtering[2m > [22mshould show prompt when input is empty and focused[32m 78[2mms[22m[39m
 [32m✓[39m src/components/meeting/CustomClientDropdown.test.jsx[2m > [22mCustomClientDropdown[2m > [22mdark mode styling[2m > [22mshould apply dark theme input styling[32m 9[2mms[22m[39m
 [32m✓[39m src/components/meeting/CustomClientDropdown.test.jsx[2m > [22mCustomClientDropdown[2m > [22mdark mode styling[2m > [22mshould apply light theme input styling[32m 11[2mms[22m[39m
 [32m✓[39m src/components/meeting/CustomTimePicker.test.jsx[2m > [22mCustomTimePicker[2m > [22mvalue parsing[2m > [22mshould parse noon correctly (12:00 -> 12 PM)[33m 303[2mms[22m[39m
 [31m×[39m src/components/LeadSourceChart.test.jsx[2m > [22mLeadSourceChart[2m > [22medge cases[2m > [22mshould handle special characters in names[32m 50[2mms[22m[39m[33m (retry x1)[39m
[31m   → Found multiple elements with the text: Source & Partners <Ltd>

Here are the matching elements:

Ignored nodes: comments, script, style
[36m<div[31m
  [33mdata-testid[31m=[32m"pie-segment-0"[31m
  [33mdata-value[31m=[32m"30"[31m
[36m>[31m
  [0mSource & Partners &lt;Ltd&gt;[0m
[36m</div>[31m

Ignored nodes: comments, script, style
[36m<span[31m
  [33mclass[31m=[32m"text-xs flex-1 text-slate-600"[31m
  [33mstyle[31m=[32m"font-family: \"Manrope\", sans-serif;"[31m
[36m>[31m
  [0mSource & Partners &lt;Ltd&gt;[0m
[36m</span>[31m

(If this is intentional, then use the `*AllBy*` variant of the query (like `queryAllByText`, `getAllByText`, or `findAllByText`)).

Ignored nodes: comments, script, style
[36m<body>[31m
  [36m<div>[31m
    [36m<div[31m
      [33mclass[31m=[32m"bg-white/90 border-slate-200/60 shadow-xl shadow-slate-900/10 backdrop-blur-lg rounded-2xl p-4 sm:p-6 border transition-all duration-300 hover:shadow-2xl overflow-hidden"[31m
    [36m>[31m
      [36m<div[31m
        [33mclass[31m=[32m"flex flex-col items-center mb-3"[31m
      [36m>[31m
        [36m<h3[31m
          [33mclass[31m=[32m"text-lg sm:text-xl font-bold text-slate-700 mb-2"[31m
          [33mstyle[31m=[32m"font-family: \"Manrope\", sans-serif;"[31m
        [36m>[31m
          [0mLead Source Distribution[0m
        [36m</h3>[31m
        [36m<div[31m
          [33maria-label[31m=[32m"Select time period"[31m
          [33mclass[31m=[32m"flex space-x-2 w-full sm:w-auto"[31m
          [33mrole[31m=[32m"group"[31m
        [36m>[31m
          [36m<button[31m
            [33maria-label[31m=[32m"Show week data"[31m
            [33maria-pressed[31m=[32m"true"[31m
            [33mclass[31m=[32m"px-3 sm:px-4 py-2 text-xs sm:text-sm font-medium rounded-xl transition-all duration-200 flex-1 sm:flex-none cursor-pointer bg-blue-600 text-white shadow-lg"[31m
            [33mstyle[31m=[32m"font-family: \"Manrope\", sans-serif;"[31m
          [36m>[31m
            [0mWeek[0m
          [36m</button>[31m
          [36m<button[31m
            [33maria-label[31m=[32m"Show month data"[31m
            [33maria-pressed[31m=[32m"false"[31m
            [33mclass[31m=[32m"px-3 sm:px-4 py-2 text-xs sm:text-sm font-medium rounded-xl transition-all duration-200 flex-1 sm:flex-none cursor-pointer text-slate-600 hover:text-slate-800 hover:bg-slate-100"[31m
            [33mstyle[31m=[32m"font-family: \"Manrope\", sans-serif;"[31m
          [36m>[31m
            [0mMonth[0m
          [36m</button>[31m
          [36m<button[31m
            [33maria-label[31m=[32m"Show year data"[31m
            [33maria-pressed[31m=[32m"false"[31m
            [33mclass[31m=[32m"px-3 sm:px-4 py-2 text-xs sm:text-sm font-medium rounded-xl transition-all duration-200 flex-1 sm:flex-none cursor-pointer text-slate-600 hover:text-slate-800 hover:bg-slate-100"[31m
            [33mstyle[31m=[32m"font-family: \"Manrope\", sans-serif;"[31m
          [36m>[31m
            [0mYear[0m
          [36m</button>[31m
        [36m</div>[31m
      [36m</div>[31m
      [36m<div[31m
        [33maria-label[31m=[32m"Lead source distribution pie chart showing lead source percentages"[31m
        [33mclass[31m=[32m"h-48 relative text-slate-600"[31m
        [33mrole[31m=[32m"img"[31m
      [36m>[31m
        [36m<div[31m
          [33mdata-testid[31m=[32m"responsive-container"[31m
          [33mstyle[31m=[32m"width: 500px; height: 300px;"[31m
        [36m>[31m
          [36m<div[31m
            [33mdata-testid[31m=[32m"pie-chart"[31m
            [33mmargin[31m=[32m"[object Object]"[31m
          [36m>[31m
            [36m<div[31m
              [33mdata-datakey[31m=[32m"value"[31m
              [33mdata-namekey[31m=[32m"name"[31m
              [33mdata-testid[31m=[32m"pie"[31m
            [36m>[31m
              [36m<div[31m
                [33mdata-fill[31m=[32m"#2563eb"[31m
                [33mdata-testid[31m=[32m"cell"[31m
              [36m/>[31m
              [36m<div[31m
                [33mdata-fill[31m=[32m"#059669"[31m
                [33mdata-testid[31m=[32m"cell"[31m
              [36m/>[31m
              [36m<div[31m
                [33mdata-testid[31m=[32m"pie-segment-0"[31m
                [33mdata-value[31m=[32m"30"[31m
              [36m>[31m
                [0mSource & Partners &lt;Ltd&gt;[0m
              [36m</div>[31m
              [36m<div[31m
                [33mdata-testid[31m=[32m"pie-segment-1"[31m
                [33mdata-value[31m=[32m"70"[31m
              [36m>[31m
                [0mO'Brien's Referral[0m
              [36m</div>[31m
            [36m</div>[31m
            [36m<div[31m
              [33mdata-testid[31m=[32m"tooltip"[31m
            [36m/>[31m
          [36m</div>[31m
        [36m</div>[31m
      [36m</div>[31m
      [36m<div[31m
        [33maria-label[31m=[32m"Lead source distribution legend"[31m
        [33mclass[31m=[32m"mt-4 grid grid-cols-2 gap-x-4 gap-y-2"[31m
        [33mrole[31m=[32m"list"[31m
      [36m>[31m
        [36m<div[31m
          [33mclass[31m=[32m"flex items-center gap-2 min-w-0"[31m
          [33mrole[31m=[32m"listitem"[31m
        [36m>[31m
          [36m<span[31m
            [33maria-hidden[31m=[32m"true"[31m
            [33mclass[31m=[32m"w-3 h-3 rounded-full shrink-0"[31m
            [33mstyle[31m=[32m"background-color: rgb(37, 99, 235);"[31m
          [36m/>[31m
          [36m<span[31m
            [33mclass[31m=[32m"text-xs flex-1 text-slate-600"[31m
            [33mstyle[31m=[32m"font-family: \"Manrope\", sans-serif;"[31m
          [36m>[31m
            [0mSource & Partners &lt;Ltd&gt;[0m
          [36m</span>[31m
          [36m<span[31m
            [33mclass[31m=[32m"text-xs font-semibold shrink-0 text-slate-700"[31m
            [33mstyle[31m=[32m"font-family: \"Manrope\", sans-serif;"[31m
          [36m>[31m
            [0m30[0m
            [0m%[0m
          [36m</span>[31m
        [36m</div>[31m
        [36m<div[31m
          [33mclass[31m=[32m"flex items-center gap-2 min-w-0"[31m
          [33mrole[31m=[32m"listitem"[31m
        [36m>[31m
          [36m<span[31m
            [33maria-hidden[31m=[32m"true"[31m
            [33mclass[31m=[32m"w-3 h-3 rounded-full shrink-0"[31m
            [33mstyle[31m=[32m"background-color: rgb(5, 150, 105);"[31m
          [36m/>[31m
          [36m<span[31m
            [33mclass[31m=[32m"text-xs flex-1 text-slate-600"[31m
            [33mstyle[31m=[32m"font-family: \"Manrope\", sans-serif;"[31m
          [36m>[31m
            [0mO'Brien's Referral[0m
          [36m</span>[31m
          [36m<span[31m
            [33mclass[31m=[32m"text-xs font-semibold shrink-0 text-slate-700"[31m
            [33mstyle[31m=[32m"font-family: \"Manrope\", sans-serif;"[31m
          [36m>[31m
            [0m70[0m
            [0m%[0m
          [36m</span>[31m
        [36m</div>[31m
      [36m</div>[31m
    [36m</div>[31m
  [36m</div>[31m
[36m</body>[31m[39m
[31m   → Found multiple elements with the text: Source & Partners <Ltd>

Here are the matching elements:

Ignored nodes: comments, script, style
[36m<div[31m
  [33mdata-testid[31m=[32m"pie-segment-0"[31m
  [33mdata-value[31m=[32m"30"[31m
[36m>[31m
  [0mSource & Partners &lt;Ltd&gt;[0m
[36m</div>[31m

Ignored nodes: comments, script, style
[36m<span[31m
  [33mclass[31m=[32m"text-xs flex-1 text-slate-600"[31m
  [33mstyle[31m=[32m"font-family: \"Manrope\", sans-serif;"[31m
[36m>[31m
  [0mSource & Partners &lt;Ltd&gt;[0m
[36m</span>[31m

(If this is intentional, then use the `*AllBy*` variant of the query (like `queryAllByText`, `getAllByText`, or `findAllByText`)).

Ignored nodes: comments, script, style
[36m<body>[31m
  [36m<div>[31m
    [36m<div[31m
      [33mclass[31m=[32m"bg-white/90 border-slate-200/60 shadow-xl shadow-slate-900/10 backdrop-blur-lg rounded-2xl p-4 sm:p-6 border transition-all duration-300 hover:shadow-2xl overflow-hidden"[31m
    [36m>[31m
      [36m<div[31m
        [33mclass[31m=[32m"flex flex-col items-center mb-3"[31m
      [36m>[31m
        [36m<h3[31m
          [33mclass[31m=[32m"text-lg sm:text-xl font-bold text-slate-700 mb-2"[31m
          [33mstyle[31m=[32m"font-family: \"Manrope\", sans-serif;"[31m
        [36m>[31m
          [0mLead Source Distribution[0m
        [36m</h3>[31m
        [36m<div[31m
          [33maria-label[31m=[32m"Select time period"[31m
          [33mclass[31m=[32m"flex space-x-2 w-full sm:w-auto"[31m
          [33mrole[31m=[32m"group"[31m
        [36m>[31m
          [36m<button[31m
            [33maria-label[31m=[32m"Show week data"[31m
            [33maria-pressed[31m=[32m"true"[31m
            [33mclass[31m=[32m"px-3 sm:px-4 py-2 text-xs sm:text-sm font-medium rounded-xl transition-all duration-200 flex-1 sm:flex-none cursor-pointer bg-blue-600 text-white shadow-lg"[31m
            [33mstyle[31m=[32m"font-family: \"Manrope\", sans-serif;"[31m
          [36m>[31m
            [0mWeek[0m
          [36m</button>[31m
          [36m<button[31m
            [33maria-label[31m=[32m"Show month data"[31m
            [33maria-pressed[31m=[32m"false"[31m
            [33mclass[31m=[32m"px-3 sm:px-4 py-2 text-xs sm:text-sm font-medium rounded-xl transition-all duration-200 flex-1 sm:flex-none cursor-pointer text-slate-600 hover:text-slate-800 hover:bg-slate-100"[31m
            [33mstyle[31m=[32m"font-family: \"Manrope\", sans-serif;"[31m
          [36m>[31m
            [0mMonth[0m
          [36m</button>[31m
          [36m<button[31m
            [33maria-label[31m=[32m"Show year data"[31m
            [33maria-pressed[31m=[32m"false"[31m
            [33mclass[31m=[32m"px-3 sm:px-4 py-2 text-xs sm:text-sm font-medium rounded-xl transition-all duration-200 flex-1 sm:flex-none cursor-pointer text-slate-600 hover:text-slate-800 hover:bg-slate-100"[31m
            [33mstyle[31m=[32m"font-family: \"Manrope\", sans-serif;"[31m
          [36m>[31m
            [0mYear[0m
          [36m</button>[31m
        [36m</div>[31m
      [36m</div>[31m
      [36m<div[31m
        [33maria-label[31m=[32m"Lead source distribution pie chart showing lead source percentages"[31m
        [33mclass[31m=[32m"h-48 relative text-slate-600"[31m
        [33mrole[31m=[32m"img"[31m
      [36m>[31m
        [36m<div[31m
          [33mdata-testid[31m=[32m"responsive-container"[31m
          [33mstyle[31m=[32m"width: 500px; height: 300px;"[31m
        [36m>[31m
          [36m<div[31m
            [33mdata-testid[31m=[32m"pie-chart"[31m
            [33mmargin[31m=[32m"[object Object]"[31m
          [36m>[31m
            [36m<div[31m
              [33mdata-datakey[31m=[32m"value"[31m
              [33mdata-namekey[31m=[32m"name"[31m
              [33mdata-testid[31m=[32m"pie"[31m
            [36m>[31m
              [36m<div[31m
                [33mdata-fill[31m=[32m"#2563eb"[31m
                [33mdata-testid[31m=[32m"cell"[31m
              [36m/>[31m
              [36m<div[31m
                [33mdata-fill[31m=[32m"#059669"[31m
                [33mdata-testid[31m=[32m"cell"[31m
              [36m/>[31m
              [36m<div[31m
                [33mdata-testid[31m=[32m"pie-segment-0"[31m
                [33mdata-value[31m=[32m"30"[31m
              [36m>[31m
                [0mSource & Partners &lt;Ltd&gt;[0m
              [36m</div>[31m
              [36m<div[31m
                [33mdata-testid[31m=[32m"pie-segment-1"[31m
                [33mdata-value[31m=[32m"70"[31m
              [36m>[31m
                [0mO'Brien's Referral[0m
              [36m</div>[31m
            [36m</div>[31m
            [36m<div[31m
              [33mdata-testid[31m=[32m"tooltip"[31m
            [36m/>[31m
          [36m</div>[31m
        [36m</div>[31m
      [36m</div>[31m
      [36m<div[31m
        [33maria-label[31m=[32m"Lead source distribution legend"[31m
        [33mclass[31m=[32m"mt-4 grid grid-cols-2 gap-x-4 gap-y-2"[31m
        [33mrole[31m=[32m"list"[31m
      [36m>[31m
        [36m<div[31m
          [33mclass[31m=[32m"flex items-center gap-2 min-w-0"[31m
          [33mrole[31m=[32m"listitem"[31m
        [36m>[31m
          [36m<span[31m
            [33maria-hidden[31m=[32m"true"[31m
            [33mclass[31m=[32m"w-3 h-3 rounded-full shrink-0"[31m
            [33mstyle[31m=[32m"background-color: rgb(37, 99, 235);"[31m
          [36m/>[31m
          [36m<span[31m
            [33mclass[31m=[32m"text-xs flex-1 text-slate-600"[31m
            [33mstyle[31m=[32m"font-family: \"Manrope\", sans-serif;"[31m
          [36m>[31m
            [0mSource & Partners &lt;Ltd&gt;[0m
          [36m</span>[31m
          [36m<span[31m
            [33mclass[31m=[32m"text-xs font-semibold shrink-0 text-slate-700"[31m
            [33mstyle[31m=[32m"font-family: \"Manrope\", sans-serif;"[31m
          [36m>[31m
            [0m30[0m
            [0m%[0m
          [36m</span>[31m
        [36m</div>[31m
        [36m<div[31m
          [33mclass[31m=[32m"flex items-center gap-2 min-w-0"[31m
          [33mrole[31m=[32m"listitem"[31m
        [36m>[31m
          [36m<span[31m
            [33maria-hidden[31m=[32m"true"[31m
            [33mclass[31m=[32m"w-3 h-3 rounded-full shrink-0"[31m
            [33mstyle[31m=[32m"background-color: rgb(5, 150, 105);"[31m
          [36m/>[31m
          [36m<span[31m
            [33mclass[31m=[32m"text-xs flex-1 text-slate-600"[31m
            [33mstyle[31m=[32m"font-family: \"Manrope\", sans-serif;"[31m
          [36m>[31m
            [0mO'Brien's Referral[0m
          [36m</span>[31m
          [36m<span[31m
            [33mclass[31m=[32m"text-xs font-semibold shrink-0 text-slate-700"[31m
            [33mstyle[31m=[32m"font-family: \"Manrope\", sans-serif;"[31m
          [36m>[31m
            [0m70[0m
            [0m%[0m
          [36m</span>[31m
        [36m</div>[31m
      [36m</div>[31m
    [36m</div>[31m
  [36m</div>[31m
[36m</body>[31m[39m
 [31m×[39m src/components/LeadSourceChart.test.jsx[2m > [22mLeadSourceChart[2m > [22mintegration tests[2m > [22mshould render complete chart with all elements[32m 86[2mms[22m[39m[33m (retry x1)[39m
[31m   → Found multiple elements with the text: Website

Here are the matching elements:

Ignored nodes: comments, script, style
[36m<div[31m
  [33mdata-testid[31m=[32m"pie-segment-0"[31m
  [33mdata-value[31m=[32m"35"[31m
[36m>[31m
  [0mWebsite[0m
[36m</div>[31m

Ignored nodes: comments, script, style
[36m<span[31m
  [33mclass[31m=[32m"text-xs flex-1 text-slate-600"[31m
  [33mstyle[31m=[32m"font-family: \"Manrope\", sans-serif;"[31m
[36m>[31m
  [0mWebsite[0m
[36m</span>[31m

(If this is intentional, then use the `*AllBy*` variant of the query (like `queryAllByText`, `getAllByText`, or `findAllByText`)).

Ignored nodes: comments, script, style
[36m<body>[31m
  [36m<div>[31m
    [36m<div[31m
      [33mclass[31m=[32m"bg-white/90 border-slate-200/60 shadow-xl shadow-slate-900/10 backdrop-blur-lg rounded-2xl p-4 sm:p-6 border transition-all duration-300 hover:shadow-2xl overflow-hidden"[31m
    [36m>[31m
      [36m<div[31m
        [33mclass[31m=[32m"flex flex-col items-center mb-3"[31m
      [36m>[31m
        [36m<h3[31m
          [33mclass[31m=[32m"text-lg sm:text-xl font-bold text-slate-700 mb-2"[31m
          [33mstyle[31m=[32m"font-family: \"Manrope\", sans-serif;"[31m
        [36m>[31m
          [0mLead Source Distribution[0m
        [36m</h3>[31m
        [36m<div[31m
          [33maria-label[31m=[32m"Select time period"[31m
          [33mclass[31m=[32m"flex space-x-2 w-full sm:w-auto"[31m
          [33mrole[31m=[32m"group"[31m
        [36m>[31m
          [36m<button[31m
            [33maria-label[31m=[32m"Show week data"[31m
            [33maria-pressed[31m=[32m"true"[31m
            [33mclass[31m=[32m"px-3 sm:px-4 py-2 text-xs sm:text-sm font-medium rounded-xl transition-all duration-200 flex-1 sm:flex-none cursor-pointer bg-blue-600 text-white shadow-lg"[31m
            [33mstyle[31m=[32m"font-family: \"Manrope\", sans-serif;"[31m
          [36m>[31m
            [0mWeek[0m
          [36m</button>[31m
          [36m<button[31m
            [33maria-label[31m=[32m"Show month data"[31m
            [33maria-pressed[31m=[32m"false"[31m
            [33mclass[31m=[32m"px-3 sm:px-4 py-2 text-xs sm:text-sm font-medium rounded-xl transition-all duration-200 flex-1 sm:flex-none cursor-pointer text-slate-600 hover:text-slate-800 hover:bg-slate-100"[31m
            [33mstyle[31m=[32m"font-family: \"Manrope\", sans-serif;"[31m
          [36m>[31m
            [0mMonth[0m
          [36m</button>[31m
          [36m<button[31m
            [33maria-label[31m=[32m"Show year data"[31m
            [33maria-pressed[31m=[32m"false"[31m
            [33mclass[31m=[32m"px-3 sm:px-4 py-2 text-xs sm:text-sm font-medium rounded-xl transition-all duration-200 flex-1 sm:flex-none cursor-pointer text-slate-600 hover:text-slate-800 hover:bg-slate-100"[31m
            [33mstyle[31m=[32m"font-family: \"Manrope\", sans-serif;"[31m
          [36m>[31m
            [0mYear[0m
          [36m</button>[31m
        [36m</div>[31m
      [36m</div>[31m
      [36m<div[31m
        [33maria-label[31m=[32m"Lead source distribution pie chart showing lead source percentages"[31m
        [33mclass[31m=[32m"h-48 relative text-slate-600"[31m
        [33mrole[31m=[32m"img"[31m
      [36m>[31m
        [36m<div[31m
          [33mdata-testid[31m=[32m"responsive-container"[31m
          [33mstyle[31m=[32m"width: 500px; height: 300px;"[31m
        [36m>[31m
          [36m<div[31m
            [33mdata-testid[31m=[32m"pie-chart"[31m
            [33mmargin[31m=[32m"[object Object]"[31m
          [36m>[31m
            [36m<div[31m
              [33mdata-datakey[31m=[32m"value"[31m
              [33mdata-namekey[31m=[32m"name"[31m
              [33mdata-testid[31m=[32m"pie"[31m
            [36m>[31m
              [36m<div[31m
                [33mdata-fill[31m=[32m"#2563eb"[31m
                [33mdata-testid[31m=[32m"cell"[31m
              [36m/>[31m
              [36m<div[31m
                [33mdata-fill[31m=[32m"#059669"[31m
                [33mdata-testid[31m=[32m"cell"[31m
              [36m/>[31m
              [36m<div[31m
                [33mdata-fill[31m=[32m"#d97706"[31m
                [33mdata-testid[31m=[32m"cell"[31m
              [36m/>[31m
              [36m<div[31m
                [33mdata-fill[31m=[32m"#dc2626"[31m
                [33mdata-testid[31m=[32m"cell"[31m
              [36m/>[31m
              [36m<div[31m
                [33mdata-testid[31m=[32m"pie-segment-0"[31m
                [33mdata-value[31m=[32m"35"[31m
              [36m>[31m
                [0mWebsite[0m
              [36m</div>[31m
              [36m<div[31m
                [33mdata-testid[31m=[32m"pie-segment-1"[31m
                [33mdata-value[31m=[32m"25"[31m
              [36m>[31m
                [0mReferral[0m
              [36m</div>[31m
              [36m<div[31m
                [33mdata-testid[31m=[32m"pie-segment-2"[31m
                [33mdata-value[31m=[32m"20"[31m
              [36m>[31m
                [0mSocial Media[0m
              [36m</div>[31m
              [36m<div[31m
                [33mdata-testid[31m=[32m"pie-segment-3"[31m
                [33mdata-value[31m=[32m"20"[31m
              [36m>[31m
                [0mCold Call[0m
              [36m</div>[31m
            [36m</div>[31m
            [36m<div[31m
              [33mdata-testid[31m=[32m"tooltip"[31m
            [36m/>[31m
          [36m</div>[31m
        [36m</div>[31m
      [36m</div>[31m
      [36m<div[31m
        [33maria-label[31m=[32m"Lead source distribution legend"[31m
        [33mclass[31m=[32m"mt-4 grid grid-cols-2 gap-x-4 gap-y-2"[31m
        [33mrole[31m=[32m"list"[31m
      [36m>[31m
        [36m<div[31m
          [33mclass[31m=[32m"flex items-center gap-2 min-w-0"[31m
          [33mrole[31m=[32m"listitem"[31m
        [36m>[31m
          [36m<span[31m
            [33maria-hidden[31m=[32m"true"[31m
            [33mclass[31m=[32m"w-3 h-3 rounded-full shrink-0"[31m
            [33mstyle[31m=[32m"background-color: rgb(37, 99, 235);"[31m
          [36m/>[31m
          [36m<span[31m
            [33mclass[31m=[32m"text-xs flex-1 text-slate-600"[31m
            [33mstyle[31m=[32m"font-family: \"Manrope\", sans-serif;"[31m
          [36m>[31m
            [0mWebsite[0m
          [36m</span>[31m
          [36m<span[31m
            [33mclass[31m=[32m"text-xs font-semibold shrink-0 text-slate-700"[31m
            [33mstyle[31m=[32m"font-family: \"Manrope\", sans-serif;"[31m
          [36m>[31m
            [0m35[0m
            [0m%[0m
          [36m</span>[31m
        [36m</div>[31m
        [36m<div[31m
          [33mclass[31m=[32m"flex items-center gap-2 min-w-0"[31m
          [33mrole[31m=[32m"listitem"[31m
        [36m>[31m
          [36m<span[31m
            [33maria-hidden[31m=[32m"true"[31m
            [33mclass[31m=[32m"w-3 h-3 rounded-full shrink-0"[31m
            [33mstyle[31m=[32m"background-color: rgb(5, 150, 105);"[31m
          [36m/>[31m
          [36m<span[31m
            [33mclass[31m=[32m"text-xs flex-1 text-slate-600"[31m
            [33mstyle[31m=[32m"font-family: \"Manrope\", sans-serif;"[31m
          [36m>[31m
            [0mReferral[0m
          [36m</span>[31m
          [36m<span[31m
            [33mclass[31m=[32m"text-xs font-semibold shrink-0 text-slate-700"[31m
            [33mstyle[31m=[32m"font-family: \"Manrope\", sans-serif;"[31m
          [36m>[31m
            [0m25[0m
            [0m%[0m
          [36m</span>[31m
        [36m</div>[31m
        [36m<div[31m
          [33mclass[31m=[32m"flex items-center gap-2 min-w-0"[31m
          [33mrole[31m=[32m"listitem"[31m
        [36m>[31m
          [36m<span[31m
            [33maria-hidden[31m=[32m"true"[31m
            [33mclass[31m=[32m"w-3 h-3 rounded-full shrink-0"[31m
            [33mstyle[31m=[32m"background-color: rgb(217, 119, 6);"[31m
          [36m/>[31m
          [36m<span[31m
            [33mclass[31m=[32m"text-xs flex-1 text-slate-600"[31m
            [33mstyle[31m=[32m"font-family: \"Manrope\", sans-serif;"[31m
          [36m>[31m
            [0mSocial Media[0m
          [36m</span>[31m
          [36m<span[31m
            [33mclass[31m=[32m"text-xs font-semibold shrink-0 text-slate-700"[31m
            [33mstyle[31m=[32m"font-family: \"Manrope\", sans-serif;"[31m
          [36m>[31m
            [0m20[0m
            [0m%[0m
          [36m</span>[31m
        [36m</div>[31m
        [36m<div[31m
          [33mclass[31m=[32m"flex items-center gap-2 min-w-0"[31m
          [33mrole[31m=[32m"listitem"[31m
        [36m>[31m
          [36m<span[31m
            [33maria-hidden[31m=[32m"true"[31m
            [33mclass[31m=[32m"w-3 h-3 rounded-full shrink-0"[31m
            [33mstyle[31m=[32m"background-color: rgb(220, 38, 38);"[31m
          [36m/>[31m
          [36m<span[31m
            [33mclass[31m=[32m"text-xs flex-1 text-slate-600"[31m
            [33mstyle[31m=[32m"font-family: \"Manrope\", sans-serif;"[31m
          [36m>[31m
            [0mCold Call[0m
          [36m</span>[31m
          [36m<span[31m
            [33mclass[31m=[32m"text-xs font-semibold shrink-0 text-slate-700"[31m
            [33mstyle[31m=[32m"font-family: \"Manrope\", sans-serif;"[31m
          [36m>[31m
            [0m20[0m
            [0m%[0m
          [36m</span>[31m
        [36m</div>[31m
      [36m</div>[31m
    [36m</div>[31m
  [36m</div>[31m
[36m</body>[31m[39m
[31m   → Found multiple elements with the text: Website

Here are the matching elements:

Ignored nodes: comments, script, style
[36m<div[31m
  [33mdata-testid[31m=[32m"pie-segment-0"[31m
  [33mdata-value[31m=[32m"35"[31m
[36m>[31m
  [0mWebsite[0m
[36m</div>[31m

Ignored nodes: comments, script, style
[36m<span[31m
  [33mclass[31m=[32m"text-xs flex-1 text-slate-600"[31m
  [33mstyle[31m=[32m"font-family: \"Manrope\", sans-serif;"[31m
[36m>[31m
  [0mWebsite[0m
[36m</span>[31m

(If this is intentional, then use the `*AllBy*` variant of the query (like `queryAllByText`, `getAllByText`, or `findAllByText`)).

Ignored nodes: comments, script, style
[36m<body>[31m
  [36m<div>[31m
    [36m<div[31m
      [33mclass[31m=[32m"bg-white/90 border-slate-200/60 shadow-xl shadow-slate-900/10 backdrop-blur-lg rounded-2xl p-4 sm:p-6 border transition-all duration-300 hover:shadow-2xl overflow-hidden"[31m
    [36m>[31m
      [36m<div[31m
        [33mclass[31m=[32m"flex flex-col items-center mb-3"[31m
      [36m>[31m
        [36m<h3[31m
          [33mclass[31m=[32m"text-lg sm:text-xl font-bold text-slate-700 mb-2"[31m
          [33mstyle[31m=[32m"font-family: \"Manrope\", sans-serif;"[31m
        [36m>[31m
          [0mLead Source Distribution[0m
        [36m</h3>[31m
        [36m<div[31m
          [33maria-label[31m=[32m"Select time period"[31m
          [33mclass[31m=[32m"flex space-x-2 w-full sm:w-auto"[31m
          [33mrole[31m=[32m"group"[31m
        [36m>[31m
          [36m<button[31m
            [33maria-label[31m=[32m"Show week data"[31m
            [33maria-pressed[31m=[32m"true"[31m
            [33mclass[31m=[32m"px-3 sm:px-4 py-2 text-xs sm:text-sm font-medium rounded-xl transition-all duration-200 flex-1 sm:flex-none cursor-pointer bg-blue-600 text-white shadow-lg"[31m
            [33mstyle[31m=[32m"font-family: \"Manrope\", sans-serif;"[31m
          [36m>[31m
            [0mWeek[0m
          [36m</button>[31m
          [36m<button[31m
            [33maria-label[31m=[32m"Show month data"[31m
            [33maria-pressed[31m=[32m"false"[31m
            [33mclass[31m=[32m"px-3 sm:px-4 py-2 text-xs sm:text-sm font-medium rounded-xl transition-all duration-200 flex-1 sm:flex-none cursor-pointer text-slate-600 hover:text-slate-800 hover:bg-slate-100"[31m
            [33mstyle[31m=[32m"font-family: \"Manrope\", sans-serif;"[31m
          [36m>[31m
            [0mMonth[0m
          [36m</button>[31m
          [36m<button[31m
            [33maria-label[31m=[32m"Show year data"[31m
            [33maria-pressed[31m=[32m"false"[31m
            [33mclass[31m=[32m"px-3 sm:px-4 py-2 text-xs sm:text-sm font-medium rounded-xl transition-all duration-200 flex-1 sm:flex-none cursor-pointer text-slate-600 hover:text-slate-800 hover:bg-slate-100"[31m
            [33mstyle[31m=[32m"font-family: \"Manrope\", sans-serif;"[31m
          [36m>[31m
            [0mYear[0m
          [36m</button>[31m
        [36m</div>[31m
      [36m</div>[31m
      [36m<div[31m
        [33maria-label[31m=[32m"Lead source distribution pie chart showing lead source percentages"[31m
        [33mclass[31m=[32m"h-48 relative text-slate-600"[31m
        [33mrole[31m=[32m"img"[31m
      [36m>[31m
        [36m<div[31m
          [33mdata-testid[31m=[32m"responsive-container"[31m
          [33mstyle[31m=[32m"width: 500px; height: 300px;"[31m
        [36m>[31m
          [36m<div[31m
            [33mdata-testid[31m=[32m"pie-chart"[31m
            [33mmargin[31m=[32m"[object Object]"[31m
          [36m>[31m
            [36m<div[31m
              [33mdata-datakey[31m=[32m"value"[31m
              [33mdata-namekey[31m=[32m"name"[31m
              [33mdata-testid[31m=[32m"pie"[31m
            [36m>[31m
              [36m<div[31m
                [33mdata-fill[31m=[32m"#2563eb"[31m
                [33mdata-testid[31m=[32m"cell"[31m
              [36m/>[31m
              [36m<div[31m
                [33mdata-fill[31m=[32m"#059669"[31m
                [33mdata-testid[31m=[32m"cell"[31m
              [36m/>[31m
              [36m<div[31m
                [33mdata-fill[31m=[32m"#d97706"[31m
                [33mdata-testid[31m=[32m"cell"[31m
              [36m/>[31m
              [36m<div[31m
                [33mdata-fill[31m=[32m"#dc2626"[31m
                [33mdata-testid[31m=[32m"cell"[31m
              [36m/>[31m
              [36m<div[31m
                [33mdata-testid[31m=[32m"pie-segment-0"[31m
                [33mdata-value[31m=[32m"35"[31m
              [36m>[31m
                [0mWebsite[0m
              [36m</div>[31m
              [36m<div[31m
                [33mdata-testid[31m=[32m"pie-segment-1"[31m
                [33mdata-value[31m=[32m"25"[31m
              [36m>[31m
                [0mReferral[0m
              [36m</div>[31m
              [36m<div[31m
                [33mdata-testid[31m=[32m"pie-segment-2"[31m
                [33mdata-value[31m=[32m"20"[31m
              [36m>[31m
                [0mSocial Media[0m
              [36m</div>[31m
              [36m<div[31m
                [33mdata-testid[31m=[32m"pie-segment-3"[31m
                [33mdata-value[31m=[32m"20"[31m
              [36m>[31m
                [0mCold Call[0m
              [36m</div>[31m
            [36m</div>[31m
            [36m<div[31m
              [33mdata-testid[31m=[32m"tooltip"[31m
            [36m/>[31m
          [36m</div>[31m
        [36m</div>[31m
      [36m</div>[31m
      [36m<div[31m
        [33maria-label[31m=[32m"Lead source distribution legend"[31m
        [33mclass[31m=[32m"mt-4 grid grid-cols-2 gap-x-4 gap-y-2"[31m
        [33mrole[31m=[32m"list"[31m
      [36m>[31m
        [36m<div[31m
          [33mclass[31m=[32m"flex items-center gap-2 min-w-0"[31m
          [33mrole[31m=[32m"listitem"[31m
        [36m>[31m
          [36m<span[31m
            [33maria-hidden[31m=[32m"true"[31m
            [33mclass[31m=[32m"w-3 h-3 rounded-full shrink-0"[31m
            [33mstyle[31m=[32m"background-color: rgb(37, 99, 235);"[31m
          [36m/>[31m
          [36m<span[31m
            [33mclass[31m=[32m"text-xs flex-1 text-slate-600"[31m
            [33mstyle[31m=[32m"font-family: \"Manrope\", sans-serif;"[31m
          [36m>[31m
            [0mWebsite[0m
          [36m</span>[31m
          [36m<span[31m
            [33mclass[31m=[32m"text-xs font-semibold shrink-0 text-slate-700"[31m
            [33mstyle[31m=[32m"font-family: \"Manrope\", sans-serif;"[31m
          [36m>[31m
            [0m35[0m
            [0m%[0m
          [36m</span>[31m
        [36m</div>[31m
        [36m<div[31m
          [33mclass[31m=[32m"flex items-center gap-2 min-w-0"[31m
          [33mrole[31m=[32m"listitem"[31m
        [36m>[31m
          [36m<span[31m
            [33maria-hidden[31m=[32m"true"[31m
            [33mclass[31m=[32m"w-3 h-3 rounded-full shrink-0"[31m
            [33mstyle[31m=[32m"background-color: rgb(5, 150, 105);"[31m
          [36m/>[31m
          [36m<span[31m
            [33mclass[31m=[32m"text-xs flex-1 text-slate-600"[31m
            [33mstyle[31m=[32m"font-family: \"Manrope\", sans-serif;"[31m
          [36m>[31m
            [0mReferral[0m
          [36m</span>[31m
          [36m<span[31m
            [33mclass[31m=[32m"text-xs font-semibold shrink-0 text-slate-700"[31m
            [33mstyle[31m=[32m"font-family: \"Manrope\", sans-serif;"[31m
          [36m>[31m
            [0m25[0m
            [0m%[0m
          [36m</span>[31m
        [36m</div>[31m
        [36m<div[31m
          [33mclass[31m=[32m"flex items-center gap-2 min-w-0"[31m
          [33mrole[31m=[32m"listitem"[31m
        [36m>[31m
          [36m<span[31m
            [33maria-hidden[31m=[32m"true"[31m
            [33mclass[31m=[32m"w-3 h-3 rounded-full shrink-0"[31m
            [33mstyle[31m=[32m"background-color: rgb(217, 119, 6);"[31m
          [36m/>[31m
          [36m<span[31m
            [33mclass[31m=[32m"text-xs flex-1 text-slate-600"[31m
            [33mstyle[31m=[32m"font-family: \"Manrope\", sans-serif;"[31m
          [36m>[31m
            [0mSocial Media[0m
          [36m</span>[31m
          [36m<span[31m
            [33mclass[31m=[32m"text-xs font-semibold shrink-0 text-slate-700"[31m
            [33mstyle[31m=[32m"font-family: \"Manrope\", sans-serif;"[31m
          [36m>[31m
            [0m20[0m
            [0m%[0m
          [36m</span>[31m
        [36m</div>[31m
        [36m<div[31m
          [33mclass[31m=[32m"flex items-center gap-2 min-w-0"[31m
          [33mrole[31m=[32m"listitem"[31m
        [36m>[31m
          [36m<span[31m
            [33maria-hidden[31m=[32m"true"[31m
            [33mclass[31m=[32m"w-3 h-3 rounded-full shrink-0"[31m
            [33mstyle[31m=[32m"background-color: rgb(220, 38, 38);"[31m
          [36m/>[31m
          [36m<span[31m
            [33mclass[31m=[32m"text-xs flex-1 text-slate-600"[31m
            [33mstyle[31m=[32m"font-family: \"Manrope\", sans-serif;"[31m
          [36m>[31m
            [0mCold Call[0m
          [36m</span>[31m
          [36m<span[31m
            [33mclass[31m=[32m"text-xs font-semibold shrink-0 text-slate-700"[31m
            [33mstyle[31m=[32m"font-family: \"Manrope\", sans-serif;"[31m
          [36m>[31m
            [0m20[0m
            [0m%[0m
          [36m</span>[31m
        [36m</div>[31m
      [36m</div>[31m
    [36m</div>[31m
  [36m</div>[31m
[36m</body>[31m[39m
 [32m✓[39m src/components/meeting/CustomDropdown.test.jsx[2m > [22mCustomDropdown[2m > [22moption selection[2m > [22mshould call onChange for each option[33m 523[2mms[22m[39m
 [32m✓[39m src/components/meeting/CustomDropdown.test.jsx[2m > [22mCustomDropdown[2m > [22micon support[2m > [22mshould render button icon when provided[32m 11[2mms[22m[39m
 [32m✓[39m src/components/meeting/CustomDropdown.test.jsx[2m > [22mCustomDropdown[2m > [22micon support[2m > [22mshould render option icons when options have icons[32m 78[2mms[22m[39m
 [32m✓[39m src/components/AlertsModal.test.jsx[2m > [22mAlertsModal[2m > [22madd alert functionality[2m > [22mshould not call onAddAlert when input has only whitespace[32m 285[2mms[22m[39m
 [31m×[39m src/components/LeadSourceChart.test.jsx[2m > [22mLeadSourceChart[2m > [22mintegration tests[2m > [22mshould work correctly with theme toggle simulation[32m 60[2mms[22m[39m[33m (retry x1)[39m
[31m   → [2mexpect([22m[31melement[31m[2m).toHaveClass([22m[32m[32m"text-slate-800"[32m[31m[2m)[22m

Expected the element to have class:
[32m  text-slate-800[31m
Received:
[31m  text-lg sm:text-xl font-bold text-slate-700 mb-2[31m[39m
[31m   → [2mexpect([22m[31melement[31m[2m).toHaveClass([22m[32m[32m"text-slate-800"[32m[31m[2m)[22m

Expected the element to have class:
[32m  text-slate-800[31m
Received:
[31m  text-lg sm:text-xl font-bold text-slate-700 mb-2[31m[39m
 [32m✓[39m src/components/meeting/CustomDropdown.test.jsx[2m > [22mCustomDropdown[2m > [22micon support[2m > [22mshould display selected option with icon in button[32m 13[2mms[22m[39m
 [32m✓[39m src/components/meeting/CustomDropdown.test.jsx[2m > [22mCustomDropdown[2m > [22mdark mode styling[2m > [22mshould apply dark background in dark mode[32m 36[2mms[22m[39m
 [32m✓[39m src/components/meeting/CustomDropdown.test.jsx[2m > [22mCustomDropdown[2m > [22mdark mode styling[2m > [22mshould apply light background in light mode[32m 30[2mms[22m[39m
 [32m✓[39m src/components/meeting/CustomDropdown.test.jsx[2m > [22mCustomDropdown[2m > [22mdark mode styling[2m > [22mshould apply dark text color in dark mode[32m 30[2mms[22m[39m
 [32m✓[39m src/components/meeting/CustomClientDropdown.test.jsx[2m > [22mCustomClientDropdown[2m > [22mdark mode styling[2m > [22mshould apply dark theme dropdown styling when open[32m 90[2mms[22m[39m
 [32m✓[39m src/components/meeting/CustomTimePicker.test.jsx[2m > [22mCustomTimePicker[2m > [22mvalue parsing[2m > [22mshould default to 12:00 AM when value is empty[32m 262[2mms[22m[39m
 [32m✓[39m src/components/meeting/CustomDropdown.test.jsx[2m > [22mCustomDropdown[2m > [22mdark mode styling[2m > [22mshould apply light text color in light mode[32m 18[2mms[22m[39m
 [32m✓[39m src/components/meeting/CustomDropdown.test.jsx[2m > [22mCustomDropdown[2m > [22mdark mode styling[2m > [22mshould apply dark dropdown styling in dark mode[32m 73[2mms[22m[39m
 [32m✓[39m src/components/meeting/CustomClientDropdown.test.jsx[2m > [22mCustomClientDropdown[2m > [22mdark mode styling[2m > [22mshould apply light theme dropdown styling when open[32m 113[2mms[22m[39m
 [32m✓[39m src/components/meeting/CustomClientDropdown.test.jsx[2m > [22mCustomClientDropdown[2m > [22mfocus styling[2m > [22mshould apply ring styling when dropdown is open[32m 77[2mms[22m[39m
 [32m✓[39m src/components/LeadSourceChart.test.jsx[2m > [22mLeadSourceChart[2m > [22mintegration tests[2m > [22mshould handle time period changes correctly[32m 176[2mms[22m[39m
 [32m✓[39m src/components/LeadSourceChart.test.jsx[2m > [22mLeadSourceChart[2m > [22mbackward compatibility (outside ThemeProvider)[2m > [22mshould render without ThemeProvider using darkMode prop[32m 41[2mms[22m[39m
 [31m×[39m src/components/LeadSourceChart.test.jsx[2m > [22mLeadSourceChart[2m > [22mbackward compatibility (outside ThemeProvider)[2m > [22mshould default to light mode when outside ThemeProvider without darkMode prop[32m 43[2mms[22m[39m[33m (retry x1)[39m
[31m   → [2mexpect([22m[31melement[31m[2m).toHaveClass([22m[32m[32m"bg-white/80"[32m[31m[2m)[22m

Expected the element to have class:
[32m  bg-white/80[31m
Received:
[31m  bg-white/90 border-slate-200/60 shadow-xl shadow-slate-900/10 backdrop-blur-lg rounded-2xl p-4 sm:p-6 border transition-all duration-300 hover:shadow-2xl overflow-hidden[31m[39m
[31m   → [2mexpect([22m[31melement[31m[2m).toHaveClass([22m[32m[32m"bg-white/80"[32m[31m[2m)[22m

Expected the element to have class:
[32m  bg-white/80[31m
Received:
[31m  bg-white/90 border-slate-200/60 shadow-xl shadow-slate-900/10 backdrop-blur-lg rounded-2xl p-4 sm:p-6 border transition-all duration-300 hover:shadow-2xl overflow-hidden[31m[39m
 [32m✓[39m src/components/NotesModal.test.jsx[2m > [22mNotesModal[2m > [22madd note functionality[2m > [22mshould switch to view mode after saving a note[33m 659[2mms[22m[39m
 [32m✓[39m src/components/meeting/CustomTimePicker.test.jsx[2m > [22mCustomTimePicker[2m > [22mvalue parsing[2m > [22mshould default to 12:00 AM when value is undefined[32m 190[2mms[22m[39m
 [32m✓[39m src/components/CreateMeetingModal.test.jsx[2m > [22mCreateMeetingModal[2m > [22mform inputs[2m > [22mshould update reason/notes when typed[33m 1101[2mms[22m[39m
 [32m✓[39m src/components/meeting/CustomClientDropdown.test.jsx[2m > [22mCustomClientDropdown[2m > [22mfocus styling[2m > [22mshould rotate chevron when dropdown is open[32m 103[2mms[22m[39m
 [32m✓[39m src/components/meeting/CustomDropdown.test.jsx[2m > [22mCustomDropdown[2m > [22mdark mode styling[2m > [22mshould apply light dropdown styling in light mode[32m 90[2mms[22m[39m
 [32m✓[39m src/components/meeting/CustomClientDropdown.test.jsx[2m > [22mCustomClientDropdown[2m > [22mselected client highlight[2m > [22mshould highlight matching client in dropdown[32m 112[2mms[22m[39m
 [32m✓[39m src/components/AlertsModal.test.jsx[2m > [22mAlertsModal[2m > [22madd alert functionality[2m > [22mshould call onAddAlert when Enter is pressed with valid input[33m 471[2mms[22m[39m
 [32m✓[39m src/components/AlertsModal.test.jsx[2m > [22mAlertsModal[2m > [22madd alert functionality[2m > [22mshould disable Add button when input is empty[32m 44[2mms[22m[39m
 [32m✓[39m src/components/meeting/CustomDropdown.test.jsx[2m > [22mCustomDropdown[2m > [22mdark mode styling[2m > [22mshould apply dark hover styling on options in dark mode[32m 170[2mms[22m[39m
 [32m✓[39m src/components/AlertsModal.test.jsx[2m > [22mAlertsModal[2m > [22madd alert functionality[2m > [22mshould enable Add button when input has text[32m 196[2mms[22m[39m
 [32m✓[39m src/components/meeting/CustomClientDropdown.test.jsx[2m > [22mCustomClientDropdown[2m > [22mselected client highlight[2m > [22mshould highlight matching client in dark mode[32m 106[2mms[22m[39m
 [32m✓[39m src/components/meeting/CustomDropdown.test.jsx[2m > [22mCustomDropdown[2m > [22mdark mode styling[2m > [22mshould apply light hover styling on options in light mode[32m 136[2mms[22m[39m
 [32m✓[39m src/components/meeting/CustomDropdown.test.jsx[2m > [22mCustomDropdown[2m > [22maccessibility[2m > [22mshould render button with button role[32m 29[2mms[22m[39m
 [32m✓[39m src/components/meeting/CustomDropdown.test.jsx[2m > [22mCustomDropdown[2m > [22maccessibility[2m > [22mshould have cursor-pointer on button[32m 31[2mms[22m[39m
 [32m✓[39m src/components/meeting/CustomTimePicker.test.jsx[2m > [22mCustomTimePicker[2m > [22mhour selection[2m > [22mshould call onChange with correct time when hour is selected[33m 344[2mms[22m[39m
 [32m✓[39m src/components/AlertsModal.test.jsx[2m > [22mAlertsModal[2m > [22mclear alerts functionality[2m > [22mshould show Clear All button when alerts exist[32m 42[2mms[22m[39m
 [32m✓[39m src/components/meeting/CustomClientDropdown.test.jsx[2m > [22mCustomClientDropdown[2m > [22mnew client hint[2m > [22mshould show hint for adding new client when typing non-existing name with matches[32m 151[2mms[22m[39m
 [32m✓[39m src/components/meeting/CustomDropdown.test.jsx[2m > [22mCustomDropdown[2m > [22maccessibility[2m > [22mshould have cursor-pointer on options[32m 106[2mms[22m[39m
 [32m✓[39m src/components/AlertsModal.test.jsx[2m > [22mAlertsModal[2m > [22mclear alerts functionality[2m > [22mshould call onClearAlerts when Clear All is clicked[32m 101[2mms[22m[39m
 [32m✓[39m src/components/meeting/CustomClientDropdown.test.jsx[2m > [22mCustomClientDropdown[2m > [22mempty states[2m > [22mshould handle empty clients array[32m 91[2mms[22m[39m
 [32m✓[39m src/components/meeting/CustomTimePicker.test.jsx[2m > [22mCustomTimePicker[2m > [22mhour selection[2m > [22mshould handle 12-hour selection in AM[32m 214[2mms[22m[39m
 [31m×[39m src/components/AlertsModal.test.jsx[2m > [22mAlertsModal[2m > [22mdark mode styling[2m > [22mshould apply dark theme modal classes in dark mode[32m 142[2mms[22m[39m[33m (retry x1)[39m
[31m   → [2mexpect([22m[31melement[31m[2m).toHaveClass([22m[32m[32m"bg-slate-800/95"[32m[31m[2m)[22m

Expected the element to have class:
[32m  bg-slate-800/95[31m
Received:
[31m  bg-zinc-900/95 border-zinc-700 backdrop-blur-md rounded-2xl border shadow-2xl w-full max-w-lg max-h-[95vh] sm:max-h-[85vh] overflow-hidden flex flex-col my-2 sm:my-0[31m[39m
[31m   → [2mexpect([22m[31melement[31m[2m).toHaveClass([22m[32m[32m"bg-slate-800/95"[32m[31m[2m)[22m

Expected the element to have class:
[32m  bg-slate-800/95[31m
Received:
[31m  bg-zinc-900/95 border-zinc-700 backdrop-blur-md rounded-2xl border shadow-2xl w-full max-w-lg max-h-[95vh] sm:max-h-[85vh] overflow-hidden flex flex-col my-2 sm:my-0[31m[39m
 [32m✓[39m src/components/meeting/CustomDropdown.test.jsx[2m > [22mCustomDropdown[2m > [22maccessibility[2m > [22mshould be keyboard navigable[32m 95[2mms[22m[39m
 [32m✓[39m src/components/meeting/CustomClientDropdown.test.jsx[2m > [22mCustomClientDropdown[2m > [22mempty states[2m > [22mshould handle undefined clients prop[32m 100[2mms[22m[39m
 [32m✓[39m src/components/meeting/CustomClientDropdown.test.jsx[2m > [22mCustomClientDropdown[2m > [22maccessibility[2m > [22mshould have accessible input[32m 9[2mms[22m[39m
 [32m✓[39m src/components/meeting/CustomDropdown.test.jsx[2m > [22mCustomDropdown[2m > [22maccessibility[2m > [22mshould render options as buttons with type button[32m 139[2mms[22m[39m
 [32m✓[39m src/components/meeting/CustomDropdown.test.jsx[2m > [22mCustomDropdown[2m > [22mstyling[2m > [22mshould have rounded corners on button[32m 27[2mms[22m[39m
 [32m✓[39m src/components/meeting/CustomDropdown.test.jsx[2m > [22mCustomDropdown[2m > [22mstyling[2m > [22mshould have transition classes for animations[32m 38[2mms[22m[39m
 [32m✓[39m src/components/AlertsModal.test.jsx[2m > [22mAlertsModal[2m > [22mdark mode styling[2m > [22mshould apply light theme modal classes in light mode[32m 54[2mms[22m[39m
 [31m×[39m src/components/AlertsModal.test.jsx[2m > [22mAlertsModal[2m > [22mdark mode styling[2m > [22mshould apply dark theme title color in dark mode[32m 90[2mms[22m[39m[33m (retry x1)[39m
[31m   → [2mexpect([22m[31melement[31m[2m).toHaveClass([22m[32m[32m"text-slate-200"[32m[31m[2m)[22m

Expected the element to have class:
[32m  text-slate-200[31m
Received:
[31m  text-xl font-bold text-zinc-200[31m[39m
[31m   → [2mexpect([22m[31melement[31m[2m).toHaveClass([22m[32m[32m"text-slate-200"[32m[31m[2m)[22m

Expected the element to have class:
[32m  text-slate-200[31m
Received:
[31m  text-xl font-bold text-zinc-200[31m[39m
 [32m✓[39m src/components/CreateMeetingModal.test.jsx[2m > [22mCreateMeetingModal[2m > [22mform inputs[2m > [22mshould clear title input properly[33m 726[2mms[22m[39m
 [32m✓[39m src/components/CreateMeetingModal.test.jsx[2m > [22mCreateMeetingModal[2m > [22mform validation[2m > [22mshould disable Create Meeting button when form is incomplete[32m 71[2mms[22m[39m
 [32m✓[39m src/components/NotesModal.test.jsx[2m > [22mNotesModal[2m > [22madd note functionality[2m > [22mshould clear textarea after saving[33m 767[2mms[22m[39m
 [32m✓[39m src/components/meeting/CustomTimePicker.test.jsx[2m > [22mCustomTimePicker[2m > [22mhour selection[2m > [22mshould handle 12-hour selection in PM[32m 221[2mms[22m[39m
 [32m✓[39m src/components/meeting/CustomClientDropdown.test.jsx[2m > [22mCustomClientDropdown[2m > [22maccessibility[2m > [22mshould have clickable client buttons[32m 210[2mms[22m[39m
 [32m✓[39m src/components/meeting/CustomDropdown.test.jsx[2m > [22mCustomDropdown[2m > [22mstyling[2m > [22mshould have proper padding on button[32m 38[2mms[22m[39m
 [32m✓[39m src/components/meeting/CustomDropdown.test.jsx[2m > [22mCustomDropdown[2m > [22mstyling[2m > [22mshould have full width[32m 30[2mms[22m[39m
 [32m✓[39m src/components/AlertsModal.test.jsx[2m > [22mAlertsModal[2m > [22mdark mode styling[2m > [22mshould apply light theme title color in light mode[32m 46[2mms[22m[39m
 [31m×[39m src/components/AlertsModal.test.jsx[2m > [22mAlertsModal[2m > [22mdark mode styling[2m > [22mshould apply dark theme input styling in dark mode[32m 74[2mms[22m[39m[33m (retry x1)[39m
[31m   → [2mexpect([22m[31melement[31m[2m).toHaveClass([22m[32m[32m"bg-slate-700"[32m[31m[2m)[22m

Expected the element to have class:
[32m  bg-slate-700[31m
Received:
[31m  flex-1 min-w-0 px-3 py-2.5 text-sm rounded-lg border transition-all duration-200 bg-zinc-800 border-zinc-700 text-zinc-200 placeholder-zinc-500 focus:border-blue-500 focus:outline-none focus:ring-2 focus:ring-blue-500/20[31m[39m
[31m   → [2mexpect([22m[31melement[31m[2m).toHaveClass([22m[32m[32m"bg-slate-700"[32m[31m[2m)[22m

Expected the element to have class:
[32m  bg-slate-700[31m
Received:
[31m  flex-1 min-w-0 px-3 py-2.5 text-sm rounded-lg border transition-all duration-200 bg-zinc-800 border-zinc-700 text-zinc-200 placeholder-zinc-500 focus:border-blue-500 focus:outline-none focus:ring-2 focus:ring-blue-500/20[31m[39m
 [32m✓[39m src/components/CreateMeetingModal.test.jsx[2m > [22mCreateMeetingModal[2m > [22mform validation[2m > [22mshould require meeting title[32m 77[2mms[22m[39m
 [32m✓[39m src/components/NotesModal.test.jsx[2m > [22mNotesModal[2m > [22madd note functionality[2m > [22mshould not save empty note[32m 132[2mms[22m[39m
 [32m✓[39m src/components/meeting/CustomClientDropdown.test.jsx[2m > [22mCustomClientDropdown[2m > [22maccessibility[2m > [22mshould have cursor-pointer on client options[32m 119[2mms[22m[39m
 [32m✓[39m src/components/meeting/CustomDropdown.test.jsx[2m > [22mCustomDropdown[2m > [22mstyling[2m > [22mshould have shadow on dropdown[32m 80[2mms[22m[39m
 [32m✓[39m src/components/meeting/CustomDropdown.test.jsx[2m > [22mCustomDropdown[2m > [22mstyling[2m > [22mshould have z-index on dropdown[32m 82[2mms[22m[39m
 [32m✓[39m src/components/AlertsModal.test.jsx[2m > [22mAlertsModal[2m > [22mdark mode styling[2m > [22mshould apply light theme input styling in light mode[32m 52[2mms[22m[39m
 [31m×[39m src/components/AlertsModal.test.jsx[2m > [22mAlertsModal[2m > [22mdark mode styling[2m > [22mshould apply amber badge styling when alerts exist in dark mode[32m 78[2mms[22m[39m[33m (retry x1)[39m
[31m   → [2mexpect([22m[31melement[31m[2m).toHaveClass([22m[32m[32m"bg-amber-900/40"[32m[31m[2m)[22m

Expected the element to have class:
[32m  bg-amber-900/40[31m
Received:
[31m  px-2.5 py-1 rounded-full text-xs font-bold bg-amber-950/60 text-amber-300[31m[39m
[31m   → [2mexpect([22m[31melement[31m[2m).toHaveClass([22m[32m[32m"bg-amber-900/40"[32m[31m[2m)[22m

Expected the element to have class:
[32m  bg-amber-900/40[31m
Received:
[31m  px-2.5 py-1 rounded-full text-xs font-bold bg-amber-950/60 text-amber-300[31m[39m
 [31m×[39m src/components/CreateMeetingModal.test.jsx[2m > [22mCreateMeetingModal[2m > [22mform validation[2m > [22mshould enable Create Meeting button when all required fields are filled[32m 173[2mms[22m[39m[33m (retry x1)[39m
[31m   → Unable to find an element with the placeholder text of: Enter meeting title

Ignored nodes: comments, script, style
[36m<body[31m
  [33mstyle[31m=[32m"position: fixed; top: 0px; width: 100%; overflow: hidden;"[31m
[36m>[31m
  [36m<div>[31m
    [36m<div[31m
      [33manimate[31m=[32m"[object Object]"[31m
      [33mclass[31m=[32m"fixed inset-0 bg-black/60 backdrop-blur-sm z-50 flex items-start sm:items-center justify-center p-2 sm:p-4 overflow-y-auto"[31m
      [33mexit[31m=[32m"[object Object]"[31m
      [33minitial[31m=[32m"[object Object]"[31m
      [33mrole[31m=[32m"presentation"[31m
    [36m>[31m
      [36m<div[31m
        [33manimate[31m=[32m"visible"[31m
        [33maria-labelledby[31m=[32m"create-meeting-title"[31m
        [33maria-modal[31m=[32m"true"[31m
        [33mclass[31m=[32m"w-full max-w-md rounded-3xl border shadow-2xl flex flex-col max-h-[95vh] sm:max-h-[85vh] my-2 sm:my-0 bg-white border-slate-200"[31m
        [33mexit[31m=[32m"exit"[31m
        [33minitial[31m=[32m"hidden"[31m
        [33mrole[31m=[32m"dialog"[31m
        [33mvariants[31m=[32m"[object Object]"[31m
      [36m>[31m
        [36m<div[31m
          [33mclass[31m=[32m"px-5 py-3.5 border-b flex items-center justify-between shrink-0 rounded-t-3xl border-slate-100 bg-slate-50/80"[31m
        [36m>[31m
          [36m<div[31m
            [33mclass[31m=[32m"flex items-center gap-3"[31m
          [36m>[31m
            [36m<div[31m
              [33mclass[31m=[32m"p-2 rounded-xl bg-linear-to-br from-blue-500 to-indigo-500"[31m
            [36m>[31m
              [36m<svg[31m
                [33maria-hidden[31m=[32m"true"[31m
                [33mclass[31m=[32m"lucide lucide-calendar-plus w-4 h-4 text-white"[31m
                [33mfill[31m=[32m"none"[31m
                [33mheight[31m=[32m"24"[31m
                [33mstroke[31m=[32m"currentColor"[31m
                [33mstroke-linecap[31m=[32m"round"[31m
                [33mstroke-linejoin[31m=[32m"round"[31m
                [33mstroke-width[31m=[32m"2"[31m
                [33mviewBox[31m=[32m"0 0 24 24"[31m
                [33mwidth[31m=[32m"24"[31m
                [33mxmlns[31m=[32m"http://www.w3.org/2000/svg"[31m
              [36m>[31m
                [36m<path[31m
                  [33md[31m=[32m"M16 19h6"[31m
                [36m/>[31m
                [36m<path[31m
                  [33md[31m=[32m"M16 2v4"[31m
                [36m/>[31m
                [36m<path[31m
                  [33md[31m=[32m"M19 16v6"[31m
                [36m/>[31m
                [36m<path[31m
                  [33md[31m=[32m"M21 12.598V6a2 2 0 0 0-2-2H5a2 2 0 0 0-2 2v14a2 2 0 0 0 2 2h8.5"[31m
                [36m/>[31m
                [36m<path[31m
                  [33md[31m=[32m"M3 10h18"[31m
                [36m/>[31m
                [36m<path[31m
                  [33md[31m=[32m"M8 2v4"[31m
                [36m/>[31m
              [36m</svg>[31m
            [36m</div>[31m
            [36m<h2[31m
              [33mclass[31m=[32m"text-lg font-bold text-slate-800"[31m
              [33mid[31m=[32m"create-meeting-title"[31m
              [33mstyle[31m=[32m"font-family: \"Manrope\", sans-serif;"[31m
            [36m>[31m
              [0mNew Meeting[0m
            [36m</h2>[31m
          [36m</div>[31m
          [36m<button[31m
            [33mclass[31m=[32m"p-1.5 rounded-lg transition-colors cursor-pointer hover:bg-slate-100 text-slate-500"[31m
            [33mwhilehover[31m=[32m"[object Object]"[31m
            [33mwhiletap[31m=[32m"[object Object]"[31m
          [36m>[31m
            [36m<svg[31m
              [33maria-hidden[31m=[32m"true"[31m
              [33mclass[31m=[32m"lucide lucide-x"[31m
              [33mfill[31m=[32m"none"[31m
              [33mheight[31m=[32m"18"[31m
              [33mstroke[31m=[32m"currentColor"[31m
              [33mstroke-linecap[31m=[32m"round"[31m
              [33mstroke-linejoin[31m=[32m"round"[31m
              [33mstroke-width[31m=[32m"2"[31m
              [33mviewBox[31m=[32m"0 0 24 24"[31m
              [33mwidth[31m=[32m"18"[31m
              [33mxmlns[31m=[32m"http://www.w3.org/2000/svg"[31m
            [36m>[31m
              [36m<path[31m
                [33md[31m=[32m"M18 6 6 18"[31m
              [36m/>[31m
              [36m<path[31m
                [33md[31m=[32m"m6 6 12 12"[31m
              [36m/>[31m
            [36m</svg>[31m
          [36m</button>[31m
        [36m</div>[31m
        [36m<form[31m
          [33mclass[31m=[32m"flex-1 overflow-y-auto p-5 space-y-4 scrollbar-none [&::-webkit-scrollbar]:hidden [-ms-overflow-style:none] [scrollbar-width:none]"[31m
        [36m>[31m
          [36m<div>[31m
            [36m<label[31m
              [33mclass[31m=[32m"text-xs font-semibold mb-2 block text-slate-500"[31m
            [36m>[31m
              [0mMeeting Title [0m
              [36m<span[31m
                [33mclass[31m=[32m"text-red-400"[31m
              [36m>[31m
                [0m*[0m
              [36m</span>[31m
            [36m</label>[31m
            [36m<input[31m
              [33mclass[31m=[32m"w-full p-2.5 rounded-lg border text-sm transition-all bg-slate-50 border-slate-200 text-slate-700 placeholder-slate-400 focus:border-blue-500 focus:outline-none focus:ring-2 focus:ring-blue-500/20"[31m
              [33mname[31m=[32m"title"[31m
              [33mplaceholder[31m=[32m"e.g., Product Demo, Sales Discussion"[31m
              [33mstyle[31m=[32m"font-family: \"Manrope\", sans-serif;"[31m
              [33mtype[31m=[32m"text"[31m
              [33mvalue[31m=[32m""[31m
            [36m/>[31m
          [36m</div>[31m
          [36m<div>[31m
            [36m<label[31m
              [33mclass[31m=[32m"text-xs font-semibold mb-2 flex items-center gap-1.5 text-slate-500"[31m
            [36m>[31m
              [36m<svg[31m
                [33maria-hidden[31m=[32m"true"[31m
                [33mclass[31m=[32m"lucide lucide-user"[31m
                [33mfill[31m=[32m"none"[31m
                [33mheight[31m=[32m"11"[31m
                [33mstroke[31m=[32m"currentColor"[31m
                [33mstroke-linecap[31m=[32m"round"[31m
                [33mstroke-linejoin[31m=[32m"round"[31m
                [33mstroke-width[31m=[32m"2"[31m
                [33mviewBox[31m=[32m"0 0 24 24"[31m
                [33mwidth[31m=[32m"11"[31m
                [33mxmlns[31m=[32m"http://www.w3.org/2000/svg"[31m
              [36m>[31m
                [36m<path[31m
                  [33md[31m=[32m"M19 21v-2a4 4 0 0 0-4-4H9a4 4 0 0 0-4 4v2"[31m
                [36m/>[31m
                [36m<circle[31m
                  [33mcx[31m=[32m"12"[31m
                  [33mcy[31m=[32m"7"[31m
                  [33mr[...[39m
[31m   → Unable to find an element with the placeholder text of: Enter meeting title

Ignored nodes: comments, script, style
[36m<body[31m
  [33mstyle[31m=[32m"position: fixed; top: 0px; width: 100%; overflow: hidden;"[31m
[36m>[31m
  [36m<div>[31m
    [36m<div[31m
      [33manimate[31m=[32m"[object Object]"[31m
      [33mclass[31m=[32m"fixed inset-0 bg-black/60 backdrop-blur-sm z-50 flex items-start sm:items-center justify-center p-2 sm:p-4 overflow-y-auto"[31m
      [33mexit[31m=[32m"[object Object]"[31m
      [33minitial[31m=[32m"[object Object]"[31m
      [33mrole[31m=[32m"presentation"[31m
    [36m>[31m
      [36m<div[31m
        [33manimate[31m=[32m"visible"[31m
        [33maria-labelledby[31m=[32m"create-meeting-title"[31m
        [33maria-modal[31m=[32m"true"[31m
        [33mclass[31m=[32m"w-full max-w-md rounded-3xl border shadow-2xl flex flex-col max-h-[95vh] sm:max-h-[85vh] my-2 sm:my-0 bg-white border-slate-200"[31m
        [33mexit[31m=[32m"exit"[31m
        [33minitial[31m=[32m"hidden"[31m
        [33mrole[31m=[32m"dialog"[31m
        [33mvariants[31m=[32m"[object Object]"[31m
      [36m>[31m
        [36m<div[31m
          [33mclass[31m=[32m"px-5 py-3.5 border-b flex items-center justify-between shrink-0 rounded-t-3xl border-slate-100 bg-slate-50/80"[31m
        [36m>[31m
          [36m<div[31m
            [33mclass[31m=[32m"flex items-center gap-3"[31m
          [36m>[31m
            [36m<div[31m
              [33mclass[31m=[32m"p-2 rounded-xl bg-linear-to-br from-blue-500 to-indigo-500"[31m
            [36m>[31m
              [36m<svg[31m
                [33maria-hidden[31m=[32m"true"[31m
                [33mclass[31m=[32m"lucide lucide-calendar-plus w-4 h-4 text-white"[31m
                [33mfill[31m=[32m"none"[31m
                [33mheight[31m=[32m"24"[31m
                [33mstroke[31m=[32m"currentColor"[31m
                [33mstroke-linecap[31m=[32m"round"[31m
                [33mstroke-linejoin[31m=[32m"round"[31m
                [33mstroke-width[31m=[32m"2"[31m
                [33mviewBox[31m=[32m"0 0 24 24"[31m
                [33mwidth[31m=[32m"24"[31m
                [33mxmlns[31m=[32m"http://www.w3.org/2000/svg"[31m
              [36m>[31m
                [36m<path[31m
                  [33md[31m=[32m"M16 19h6"[31m
                [36m/>[31m
                [36m<path[31m
                  [33md[31m=[32m"M16 2v4"[31m
                [36m/>[31m
                [36m<path[31m
                  [33md[31m=[32m"M19 16v6"[31m
                [36m/>[31m
                [36m<path[31m
                  [33md[31m=[32m"M21 12.598V6a2 2 0 0 0-2-2H5a2 2 0 0 0-2 2v14a2 2 0 0 0 2 2h8.5"[31m
                [36m/>[31m
                [36m<path[31m
                  [33md[31m=[32m"M3 10h18"[31m
                [36m/>[31m
                [36m<path[31m
                  [33md[31m=[32m"M8 2v4"[31m
                [36m/>[31m
              [36m</svg>[31m
            [36m</div>[31m
            [36m<h2[31m
              [33mclass[31m=[32m"text-lg font-bold text-slate-800"[31m
              [33mid[31m=[32m"create-meeting-title"[31m
              [33mstyle[31m=[32m"font-family: \"Manrope\", sans-serif;"[31m
            [36m>[31m
              [0mNew Meeting[0m
            [36m</h2>[31m
          [36m</div>[31m
          [36m<button[31m
            [33mclass[31m=[32m"p-1.5 rounded-lg transition-colors cursor-pointer hover:bg-slate-100 text-slate-500"[31m
            [33mwhilehover[31m=[32m"[object Object]"[31m
            [33mwhiletap[31m=[32m"[object Object]"[31m
          [36m>[31m
            [36m<svg[31m
              [33maria-hidden[31m=[32m"true"[31m
              [33mclass[31m=[32m"lucide lucide-x"[31m
              [33mfill[31m=[32m"none"[31m
              [33mheight[31m=[32m"18"[31m
              [33mstroke[31m=[32m"currentColor"[31m
              [33mstroke-linecap[31m=[32m"round"[31m
              [33mstroke-linejoin[31m=[32m"round"[31m
              [33mstroke-width[31m=[32m"2"[31m
              [33mviewBox[31m=[32m"0 0 24 24"[31m
              [33mwidth[31m=[32m"18"[31m
              [33mxmlns[31m=[32m"http://www.w3.org/2000/svg"[31m
            [36m>[31m
              [36m<path[31m
                [33md[31m=[32m"M18 6 6 18"[31m
              [36m/>[31m
              [36m<path[31m
                [33md[31m=[32m"m6 6 12 12"[31m
              [36m/>[31m
            [36m</svg>[31m
          [36m</button>[31m
        [36m</div>[31m
        [36m<form[31m
          [33mclass[31m=[32m"flex-1 overflow-y-auto p-5 space-y-4 scrollbar-none [&::-webkit-scrollbar]:hidden [-ms-overflow-style:none] [scrollbar-width:none]"[31m
        [36m>[31m
          [36m<div>[31m
            [36m<label[31m
              [33mclass[31m=[32m"text-xs font-semibold mb-2 block text-slate-500"[31m
            [36m>[31m
              [0mMeeting Title [0m
              [36m<span[31m
                [33mclass[31m=[32m"text-red-400"[31m
              [36m>[31m
                [0m*[0m
              [36m</span>[31m
            [36m</label>[31m
            [36m<input[31m
              [33mclass[31m=[32m"w-full p-2.5 rounded-lg border text-sm transition-all bg-slate-50 border-slate-200 text-slate-700 placeholder-slate-400 focus:border-blue-500 focus:outline-none focus:ring-2 focus:ring-blue-500/20"[31m
              [33mname[31m=[32m"title"[31m
              [33mplaceholder[31m=[32m"e.g., Product Demo, Sales Discussion"[31m
              [33mstyle[31m=[32m"font-family: \"Manrope\", sans-serif;"[31m
              [33mtype[31m=[32m"text"[31m
              [33mvalue[31m=[32m""[31m
            [36m/>[31m
          [36m</div>[31m
          [36m<div>[31m
            [36m<label[31m
              [33mclass[31m=[32m"text-xs font-semibold mb-2 flex items-center gap-1.5 text-slate-500"[31m
            [36m>[31m
              [36m<svg[31m
                [33maria-hidden[31m=[32m"true"[31m
                [33mclass[31m=[32m"lucide lucide-user"[31m
                [33mfill[31m=[32m"none"[31m
                [33mheight[31m=[32m"11"[31m
                [33mstroke[31m=[32m"currentColor"[31m
                [33mstroke-linecap[31m=[32m"round"[31m
                [33mstroke-linejoin[31m=[32m"round"[31m
                [33mstroke-width[31m=[32m"2"[31m
                [33mviewBox[31m=[32m"0 0 24 24"[31m
                [33mwidth[31m=[32m"11"[31m
                [33mxmlns[31m=[32m"http://www.w3.org/2000/svg"[31m
              [36m>[31m
                [36m<path[31m
                  [33md[31m=[32m"M19 21v-2a4 4 0 0 0-4-4H9a4 4 0 0 0-4 4v2"[31m
                [36m/>[31m
                [36m<circle[31m
                  [33mcx[31m=[32m"12"[31m
                  [33mcy[31m=[32m"7"[31m
                  [33mr[...[39m
 [32m✓[39m src/components/meeting/CustomClientDropdown.test.jsx[2m > [22mCustomClientDropdown[2m > [22medge cases[2m > [22mshould handle special characters in search[32m 132[2mms[22m[39m
 [32m✓[39m src/components/AlertsModal.test.jsx[2m > [22mAlertsModal[2m > [22mdark mode styling[2m > [22mshould apply amber badge styling when alerts exist in light mode[32m 38[2mms[22m[39m
 [31m×[39m src/components/AlertsModal.test.jsx[2m > [22mAlertsModal[2m > [22mdarkMode override prop[2m > [22mshould use darkMode override when provided (true)[32m 86[2mms[22m[39m[33m (retry x1)[39m
[31m   → [2mexpect([22m[31melement[31m[2m).toHaveClass([22m[32m[32m"text-slate-200"[32m[31m[2m)[22m

Expected the element to have class:
[32m  text-slate-200[31m
Received:
[31m  text-xl font-bold text-zinc-200[31m[39m
[31m   → [2mexpect([22m[31melement[31m[2m).toHaveClass([22m[32m[32m"text-slate-200"[32m[31m[2m)[22m

Expected the element to have class:
[32m  text-slate-200[31m
Received:
[31m  text-xl font-bold text-zinc-200[31m[39m
 [32m✓[39m src/components/meeting/CustomDropdown.test.jsx[2m > [22mCustomDropdown[2m > [22mstyling[2m > [22mshould have max-height on dropdown for scrolling[32m 90[2mms[22m[39m
 [32m✓[39m src/components/CreateMeetingModal.test.jsx[2m > [22mCreateMeetingModal[2m > [22mform validation[2m > [22mshould not call onCreateMeeting with invalid form[32m 76[2mms[22m[39m
 [32m✓[39m src/components/CreateMeetingModal.test.jsx[2m > [22mCreateMeetingModal[2m > [22mform submission[2m > [22mshould call onCreateMeeting with form data when submitted[32m 54[2mms[22m[39m
 [32m✓[39m src/components/meeting/CustomClientDropdown.test.jsx[2m > [22mCustomClientDropdown[2m > [22medge cases[2m > [22mshould handle very long client names[32m 83[2mms[22m[39m
 [32m✓[39m src/components/meeting/CustomDropdown.test.jsx[2m > [22mCustomDropdown[2m > [22mstyling[2m > [22mshould have overflow-y-auto for scrollable content[32m 100[2mms[22m[39m
 [32m✓[39m src/components/meeting/CustomDropdown.test.jsx[2m > [22mCustomDropdown[2m > [22mstyling[2m > [22mshould truncate long text in button[32m 29[2mms[22m[39m
 [32m✓[39m src/components/meeting/CustomDropdown.test.jsx[2m > [22mCustomDropdown[2m > [22medge cases[2m > [22mshould handle empty options array[32m 33[2mms[22m[39m
 [32m✓[39m src/components/NotesModal.test.jsx[2m > [22mNotesModal[2m > [22madd note functionality[2m > [22mshould not save whitespace-only note[32m 269[2mms[22m[39m
 [32m✓[39m src/components/NotesModal.test.jsx[2m > [22mNotesModal[2m > [22madd note functionality[2m > [22mshould have maxLength attribute on textarea[32m 31[2mms[22m[39m
 [32m✓[39m src/components/NotesModal.test.jsx[2m > [22mNotesModal[2m > [22madd note functionality[2m > [22mshould display current date/time[32m 39[2mms[22m[39m
 [31m×[39m src/components/meeting/CustomTimePicker.test.jsx[2m > [22mCustomTimePicker[2m > [22mhour selection[2m > [22mshould update selected hour styling after selection[33m 445[2mms[22m[39m[33m (retry x1)[39m
[31m   → Found multiple elements with the role "button" and name "05"

Here are the matching elements:

Ignored nodes: comments, script, style
[36m<button[31m
  [33mclass[31m=[32m"w-9 py-1 text-[11px] rounded-md transition-all font-medium cursor-pointer block mb-0.5 text-slate-700 hover:bg-slate-200"[31m
  [33mstyle[31m=[32m"font-family: \"Manrope\", sans-serif;"[31m
  [33mtype[31m=[32m"button"[31m
[36m>[31m
  [0m05[0m
[36m</button>[31m

Ignored nodes: comments, script, style
[36m<button[31m
  [33mclass[31m=[32m"w-9 py-1 text-[11px] rounded-md transition-all font-medium cursor-pointer block mb-0.5 text-slate-700 hover:bg-slate-200"[31m
  [33mstyle[31m=[32m"font-family: \"Manrope\", sans-serif;"[31m
  [33mtype[31m=[32m"button"[31m
[36m>[31m
  [0m05[0m
[36m</button>[31m

(If this is intentional, then use the `*AllBy*` variant of the query (like `queryAllByText`, `getAllByText`, or `findAllByText`)).

Ignored nodes: comments, script, style
[36m<body>[31m
  [36m<div>[31m
    [36m<div[31m
      [33manimate[31m=[32m"[object Object]"[31m
      [33mclass[31m=[32m"absolute top-full left-0 mt-1.5 p-2 rounded-xl border shadow-xl z-50 bg-white border-slate-200"[31m
      [33mexit[31m=[32m"[object Object]"[31m
      [33minitial[31m=[32m"[object Object]"[31m
      [33mtransition[31m=[32m"[object Object]"[31m
    [36m>[31m
      [36m<div[31m
        [33mclass[31m=[32m"flex gap-1"[31m
      [36m>[31m
        [36m<div[31m
          [33mclass[31m=[32m"flex flex-col"[31m
        [36m>[31m
          [36m<label[31m
            [33mclass[31m=[32m"text-[9px] font-semibold mb-1 text-center text-slate-500"[31m
            [33mstyle[31m=[32m"font-family: \"Manrope\", sans-serif;"[31m
          [36m>[31m
            [0mHr[0m
          [36m</label>[31m
          [36m<div[31m
            [33mclass[31m=[32m"h-24 overflow-y-auto rounded-lg p-0.5 scrollbar-none [&::-webkit-scrollbar]:hidden [-ms-overflow-style:none] [scrollbar-width:none] bg-slate-50"[31m
          [36m>[31m
            [36m<button[31m
              [33mclass[31m=[32m"w-9 py-1 text-[11px] rounded-md transition-all font-medium cursor-pointer block mb-0.5 text-slate-700 hover:bg-slate-200"[31m
              [33mstyle[31m=[32m"font-family: \"Manrope\", sans-serif;"[31m
              [33mtype[31m=[32m"button"[31m
            [36m>[31m
              [0m12[0m
            [36m</button>[31m
            [36m<button[31m
              [33mclass[31m=[32m"w-9 py-1 text-[11px] rounded-md transition-all font-medium cursor-pointer block mb-0.5 text-slate-700 hover:bg-slate-200"[31m
              [33mstyle[31m=[32m"font-family: \"Manrope\", sans-serif;"[31m
              [33mtype[31m=[32m"button"[31m
            [36m>[31m
              [0m01[0m
            [36m</button>[31m
            [36m<button[31m
              [33mclass[31m=[32m"w-9 py-1 text-[11px] rounded-md transition-all font-medium cursor-pointer block mb-0.5 text-slate-700 hover:bg-slate-200"[31m
              [33mstyle[31m=[32m"font-family: \"Manrope\", sans-serif;"[31m
              [33mtype[31m=[32m"button"[31m
            [36m>[31m
              [0m02[0m
            [36m</button>[31m
            [36m<button[31m
              [33mclass[31m=[32m"w-9 py-1 text-[11px] rounded-md transition-all font-medium cursor-pointer block mb-0.5 text-slate-700 hover:bg-slate-200"[31m
              [33mstyle[31m=[32m"font-family: \"Manrope\", sans-serif;"[31m
              [33mtype[31m=[32m"button"[31m
            [36m>[31m
              [0m03[0m
            [36m</button>[31m
            [36m<button[31m
              [33mclass[31m=[32m"w-9 py-1 text-[11px] rounded-md transition-all font-medium cursor-pointer block mb-0.5 text-slate-700 hover:bg-slate-200"[31m
              [33mstyle[31m=[32m"font-family: \"Manrope\", sans-serif;"[31m
              [33mtype[31m=[32m"button"[31m
            [36m>[31m
              [0m04[0m
            [36m</button>[31m
            [36m<button[31m
              [33mclass[31m=[32m"w-9 py-1 text-[11px] rounded-md transition-all font-medium cursor-pointer block mb-0.5 text-slate-700 hover:bg-slate-200"[31m
              [33mstyle[31m=[32m"font-family: \"Manrope\", sans-serif;"[31m
              [33mtype[31m=[32m"button"[31m
            [36m>[31m
              [0m05[0m
            [36m</button>[31m
            [36m<button[31m
              [33mclass[31m=[32m"w-9 py-1 text-[11px] rounded-md transition-all font-medium cursor-pointer block mb-0.5 text-slate-700 hover:bg-slate-200"[31m
              [33mstyle[31m=[32m"font-family: \"Manrope\", sans-serif;"[31m
              [33mtype[31m=[32m"button"[31m
            [36m>[31m
              [0m06[0m
            [36m</button>[31m
            [36m<button[31m
              [33mclass[31m=[32m"w-9 py-1 text-[11px] rounded-md transition-all font-medium cursor-pointer block mb-0.5 text-slate-700 hover:bg-slate-200"[31m
              [33mstyle[31m=[32m"font-family: \"Manrope\", sans-serif;"[31m
              [33mtype[31m=[32m"button"[31m
            [36m>[31m
              [0m07[0m
            [36m</button>[31m
            [36m<button[31m
              [33mclass[31m=[32m"w-9 py-1 text-[11px] rounded-md transition-all font-medium cursor-pointer block mb-0.5 text-slate-700 hover:bg-slate-200"[31m
              [33mstyle[31m=[32m"font-family: \"Manrope\", sans-serif;"[31m
              [33mtype[31m=[32m"button"[31m
            [36m>[31m
              [0m08[0m
            [36m</button>[31m
            [36m<button[31m
              [33mclass[31m=[32m"w-9 py-1 text-[11px] rounded-md transition-all font-medium cursor-pointer block mb-0.5 bg-blue-500 text-white shadow-sm"[31m
              [33mstyle[31m=[32m"font-family: \"Manrope\", sans-serif;"[31m
              [33mtype[31m=[32m"button"[31m
            [36m>[31m
              [0m09[0m
            [36m</button>[31m
            [36m<button[31m
              [33mclass[31m=[32m"w-9 py-1 text-[11px] rounded-md transition-all font-medium cursor-pointer block mb-0.5 text-slate-700 hover:bg-slate-200"[31m
              [33mstyle[31m=[32m"font-family: \"Manrope\", sans-serif;"[31m
              [33mtype[31m=[32m"button"[31m
            [36m>[31m
              [0m10[0m
            [36m</button>[31m
            [36m<button[31m
              [33mclass[31m=[32m"w-9 py-1 text-[11px] rounded-md transition-all font-medium cursor-pointer block mb-0.5 text-slate-700 hover:bg-slate-200"[31m
              [33mstyle[31m=[32m"font-family: \"Manrope\", sans-serif;"[31m
              [33mtype[31m=[32m"button"[31m
            [36m>[31m
              [0m11[0m
            [36m</button>[31m
          [36m</div>[31m
        [36m</div>[31m
        [36m<div[31m
          [33mclass[31m=[32m"flex flex-col"[31m
        [36m>[31m
          [36m<label[31m
            [33mclass[31m=[32m"text-[9px] font-semibold mb-1 text-center text-slate-500"[31m
            [33mstyle[31m=[32m"font-family: \"Manrope\", sans-serif;"[31m
          [36m>[31m
            [0mMin[0m
          [36m</label>[31m
          [36m<div[31m
            [33mclass[31m=[32m"h-24 overflow-y-auto rounded-lg p-0.5 scrollbar-none [&::-webkit-scrollbar]:hidden [-ms-overflow-style:none] [scrollbar-width:none] bg-slate-50"[31m
          [36m>[31m
            [36m<button[31m
              [33mclass[31m=[32m"w-9 py-1 text-[11px] rounded-md transition-all font-medium cursor-pointer block mb-0.5 text-slate-700 hover:bg-slate-200"[31m
              [33mstyle[31m=[32m"font-family: \"Manrope\", sans-serif;"[31m
              [33mtype[31m=[32m"button"[31m
            [36m>[31m
              [0m00[0m
            [36m</button>[31m
            [36m<button...[39m
[31m   → Found multiple elements with the role "button" and name "05"

Here are the matching elements:

Ignored nodes: comments, script, style
[36m<button[31m
  [33mclass[31m=[32m"w-9 py-1 text-[11px] rounded-md transition-all font-medium cursor-pointer block mb-0.5 text-slate-700 hover:bg-slate-200"[31m
  [33mstyle[31m=[32m"font-family: \"Manrope\", sans-serif;"[31m
  [33mtype[31m=[32m"button"[31m
[36m>[31m
  [0m05[0m
[36m</button>[31m

Ignored nodes: comments, script, style
[36m<button[31m
  [33mclass[31m=[32m"w-9 py-1 text-[11px] rounded-md transition-all font-medium cursor-pointer block mb-0.5 text-slate-700 hover:bg-slate-200"[31m
  [33mstyle[31m=[32m"font-family: \"Manrope\", sans-serif;"[31m
  [33mtype[31m=[32m"button"[31m
[36m>[31m
  [0m05[0m
[36m</button>[31m

(If this is intentional, then use the `*AllBy*` variant of the query (like `queryAllByText`, `getAllByText`, or `findAllByText`)).

Ignored nodes: comments, script, style
[36m<body>[31m
  [36m<div>[31m
    [36m<div[31m
      [33manimate[31m=[32m"[object Object]"[31m
      [33mclass[31m=[32m"absolute top-full left-0 mt-1.5 p-2 rounded-xl border shadow-xl z-50 bg-white border-slate-200"[31m
      [33mexit[31m=[32m"[object Object]"[31m
      [33minitial[31m=[32m"[object Object]"[31m
      [33mtransition[31m=[32m"[object Object]"[31m
    [36m>[31m
      [36m<div[31m
        [33mclass[31m=[32m"flex gap-1"[31m
      [36m>[31m
        [36m<div[31m
          [33mclass[31m=[32m"flex flex-col"[31m
        [36m>[31m
          [36m<label[31m
            [33mclass[31m=[32m"text-[9px] font-semibold mb-1 text-center text-slate-500"[31m
            [33mstyle[31m=[32m"font-family: \"Manrope\", sans-serif;"[31m
          [36m>[31m
            [0mHr[0m
          [36m</label>[31m
          [36m<div[31m
            [33mclass[31m=[32m"h-24 overflow-y-auto rounded-lg p-0.5 scrollbar-none [&::-webkit-scrollbar]:hidden [-ms-overflow-style:none] [scrollbar-width:none] bg-slate-50"[31m
          [36m>[31m
            [36m<button[31m
              [33mclass[31m=[32m"w-9 py-1 text-[11px] rounded-md transition-all font-medium cursor-pointer block mb-0.5 text-slate-700 hover:bg-slate-200"[31m
              [33mstyle[31m=[32m"font-family: \"Manrope\", sans-serif;"[31m
              [33mtype[31m=[32m"button"[31m
            [36m>[31m
              [0m12[0m
            [36m</button>[31m
            [36m<button[31m
              [33mclass[31m=[32m"w-9 py-1 text-[11px] rounded-md transition-all font-medium cursor-pointer block mb-0.5 text-slate-700 hover:bg-slate-200"[31m
              [33mstyle[31m=[32m"font-family: \"Manrope\", sans-serif;"[31m
              [33mtype[31m=[32m"button"[31m
            [36m>[31m
              [0m01[0m
            [36m</button>[31m
            [36m<button[31m
              [33mclass[31m=[32m"w-9 py-1 text-[11px] rounded-md transition-all font-medium cursor-pointer block mb-0.5 text-slate-700 hover:bg-slate-200"[31m
              [33mstyle[31m=[32m"font-family: \"Manrope\", sans-serif;"[31m
              [33mtype[31m=[32m"button"[31m
            [36m>[31m
              [0m02[0m
            [36m</button>[31m
            [36m<button[31m
              [33mclass[31m=[32m"w-9 py-1 text-[11px] rounded-md transition-all font-medium cursor-pointer block mb-0.5 text-slate-700 hover:bg-slate-200"[31m
              [33mstyle[31m=[32m"font-family: \"Manrope\", sans-serif;"[31m
              [33mtype[31m=[32m"button"[31m
            [36m>[31m
              [0m03[0m
            [36m</button>[31m
            [36m<button[31m
              [33mclass[31m=[32m"w-9 py-1 text-[11px] rounded-md transition-all font-medium cursor-pointer block mb-0.5 text-slate-700 hover:bg-slate-200"[31m
              [33mstyle[31m=[32m"font-family: \"Manrope\", sans-serif;"[31m
              [33mtype[31m=[32m"button"[31m
            [36m>[31m
              [0m04[0m
            [36m</button>[31m
            [36m<button[31m
              [33mclass[31m=[32m"w-9 py-1 text-[11px] rounded-md transition-all font-medium cursor-pointer block mb-0.5 text-slate-700 hover:bg-slate-200"[31m
              [33mstyle[31m=[32m"font-family: \"Manrope\", sans-serif;"[31m
              [33mtype[31m=[32m"button"[31m
            [36m>[31m
              [0m05[0m
            [36m</button>[31m
            [36m<button[31m
              [33mclass[31m=[32m"w-9 py-1 text-[11px] rounded-md transition-all font-medium cursor-pointer block mb-0.5 text-slate-700 hover:bg-slate-200"[31m
              [33mstyle[31m=[32m"font-family: \"Manrope\", sans-serif;"[31m
              [33mtype[31m=[32m"button"[31m
            [36m>[31m
              [0m06[0m
            [36m</button>[31m
            [36m<button[31m
              [33mclass[31m=[32m"w-9 py-1 text-[11px] rounded-md transition-all font-medium cursor-pointer block mb-0.5 text-slate-700 hover:bg-slate-200"[31m
              [33mstyle[31m=[32m"font-family: \"Manrope\", sans-serif;"[31m
              [33mtype[31m=[32m"button"[31m
            [36m>[31m
              [0m07[0m
            [36m</button>[31m
            [36m<button[31m
              [33mclass[31m=[32m"w-9 py-1 text-[11px] rounded-md transition-all font-medium cursor-pointer block mb-0.5 text-slate-700 hover:bg-slate-200"[31m
              [33mstyle[31m=[32m"font-family: \"Manrope\", sans-serif;"[31m
              [33mtype[31m=[32m"button"[31m
            [36m>[31m
              [0m08[0m
            [36m</button>[31m
            [36m<button[31m
              [33mclass[31m=[32m"w-9 py-1 text-[11px] rounded-md transition-all font-medium cursor-pointer block mb-0.5 bg-blue-500 text-white shadow-sm"[31m
              [33mstyle[31m=[32m"font-family: \"Manrope\", sans-serif;"[31m
              [33mtype[31m=[32m"button"[31m
            [36m>[31m
              [0m09[0m
            [36m</button>[31m
            [36m<button[31m
              [33mclass[31m=[32m"w-9 py-1 text-[11px] rounded-md transition-all font-medium cursor-pointer block mb-0.5 text-slate-700 hover:bg-slate-200"[31m
              [33mstyle[31m=[32m"font-family: \"Manrope\", sans-serif;"[31m
              [33mtype[31m=[32m"button"[31m
            [36m>[31m
              [0m10[0m
            [36m</button>[31m
            [36m<button[31m
              [33mclass[31m=[32m"w-9 py-1 text-[11px] rounded-md transition-all font-medium cursor-pointer block mb-0.5 text-slate-700 hover:bg-slate-200"[31m
              [33mstyle[31m=[32m"font-family: \"Manrope\", sans-serif;"[31m
              [33mtype[31m=[32m"button"[31m
            [36m>[31m
              [0m11[0m
            [36m</button>[31m
          [36m</div>[31m
        [36m</div>[31m
        [36m<div[31m
          [33mclass[31m=[32m"flex flex-col"[31m
        [36m>[31m
          [36m<label[31m
            [33mclass[31m=[32m"text-[9px] font-semibold mb-1 text-center text-slate-500"[31m
            [33mstyle[31m=[32m"font-family: \"Manrope\", sans-serif;"[31m
          [36m>[31m
            [0mMin[0m
          [36m</label>[31m
          [36m<div[31m
            [33mclass[31m=[32m"h-24 overflow-y-auto rounded-lg p-0.5 scrollbar-none [&::-webkit-scrollbar]:hidden [-ms-overflow-style:none] [scrollbar-width:none] bg-slate-50"[31m
          [36m>[31m
            [36m<button[31m
              [33mclass[31m=[32m"w-9 py-1 text-[11px] rounded-md transition-all font-medium cursor-pointer block mb-0.5 text-slate-700 hover:bg-slate-200"[31m
              [33mstyle[31m=[32m"font-family: \"Manrope\", sans-serif;"[31m
              [33mtype[31m=[32m"button"[31m
            [36m>[31m
              [0m00[0m
            [36m</button>[31m
            [36m<button...[39m
 [32m✓[39m src/components/AlertsModal.test.jsx[2m > [22mAlertsModal[2m > [22mdarkMode override prop[2m > [22mshould use darkMode override when provided (false)[32m 36[2mms[22m[39m
 [32m✓[39m src/components/AlertsModal.test.jsx[2m > [22mAlertsModal[2m > [22maccessibility[2m > [22mshould have role dialog[32m 57[2mms[22m[39m
 [32m✓[39m src/components/CreateMeetingModal.test.jsx[2m > [22mCreateMeetingModal[2m > [22mform submission[2m > [22mshould close modal after successful submission[32m 60[2mms[22m[39m
 [32m✓[39m src/components/CreateMeetingModal.test.jsx[2m > [22mCreateMeetingModal[2m > [22mform submission[2m > [22mshould prevent default form submission behavior[32m 56[2mms[22m[39m
 [32m✓[39m src/components/meeting/CustomDropdown.test.jsx[2m > [22mCustomDropdown[2m > [22medge cases[2m > [22mshould handle single option[32m 69[2mms[22m[39m
 [32m✓[39m src/components/meeting/CustomDropdown.test.jsx[2m > [22mCustomDropdown[2m > [22medge cases[2m > [22mshould handle value not in options[32m 11[2mms[22m[39m
 [32m✓[39m src/components/meeting/CustomDropdown.test.jsx[2m > [22mCustomDropdown[2m > [22medge cases[2m > [22mshould handle undefined placeholder[32m 25[2mms[22m[39m
 [32m✓[39m src/components/AlertsModal.test.jsx[2m > [22mAlertsModal[2m > [22maccessibility[2m > [22mshould have aria-modal attribute[32m 100[2mms[22m[39m
 [32m✓[39m src/components/AlertsModal.test.jsx[2m > [22mAlertsModal[2m > [22maccessibility[2m > [22mshould have aria-labelledby pointing to title[32m 62[2mms[22m[39m
 [32m✓[39m src/components/NotesModal.test.jsx[2m > [22mNotesModal[2m > [22mview notes functionality[2m > [22mshould display all notes in view mode[32m 140[2mms[22m[39m
 [32m✓[39m src/components/CreateMeetingModal.test.jsx[2m > [22mCreateMeetingModal[2m > [22mdark mode styling[2m > [22mshould apply dark theme modal styling[32m 65[2mms[22m[39m
 [32m✓[39m src/components/CreateMeetingModal.test.jsx[2m > [22mCreateMeetingModal[2m > [22mdark mode styling[2m > [22mshould apply light theme modal styling[32m 62[2mms[22m[39m
 [32m✓[39m src/components/meeting/CustomDropdown.test.jsx[2m > [22mCustomDropdown[2m > [22medge cases[2m > [22mshould handle very long option labels[32m 67[2mms[22m[39m
 [32m✓[39m src/components/NotesModal.test.jsx[2m > [22mNotesModal[2m > [22mview notes functionality[2m > [22mshould display note timestamps[32m 110[2mms[22m[39m
 [32m✓[39m src/components/AlertsModal.test.jsx[2m > [22mAlertsModal[2m > [22maccessibility[2m > [22mshould have screen reader description[32m 42[2mms[22m[39m
 [32m✓[39m src/components/AlertsModal.test.jsx[2m > [22mAlertsModal[2m > [22maccessibility[2m > [22mshould have accessible name for close button[32m 34[2mms[22m[39m
 [32m✓[39m src/components/AlertsModal.test.jsx[2m > [22mAlertsModal[2m > [22maccessibility[2m > [22mshould have accessible name for clear button[32m 33[2mms[22m[39m
 [32m✓[39m src/components/AlertsModal.test.jsx[2m > [22mAlertsModal[2m > [22maccessibility[2m > [22mshould have label for input field[32m 26[2mms[22m[39m
 [32m✓[39m src/components/meeting/CustomTimePicker.test.jsx[2m > [22mCustomTimePicker[2m > [22mminute selection[2m > [22mshould call onChange with correct time when minute is selected[32m 280[2mms[22m[39m
 [32m✓[39m src/components/CreateMeetingModal.test.jsx[2m > [22mCreateMeetingModal[2m > [22mdark mode styling[2m > [22mshould apply dark border in dark mode[32m 68[2mms[22m[39m
 [32m✓[39m src/components/CreateMeetingModal.test.jsx[2m > [22mCreateMeetingModal[2m > [22mdark mode styling[2m > [22mshould apply light border in light mode[32m 55[2mms[22m[39m
 [32m✓[39m src/components/meeting/CustomClientDropdown.test.jsx[2m > [22mCustomClientDropdown[2m > [22medge cases[2m > [22mshould handle rapid typing[33m 440[2mms[22m[39m
 [32m✓[39m src/components/meeting/CustomClientDropdown.test.jsx[2m > [22mCustomClientDropdown[2m > [22medge cases[2m > [22mshould update searchTerm when value prop changes[32m 27[2mms[22m[39m
 [32m✓[39m src/components/meeting/CustomClientDropdown.test.jsx[2m > [22mCustomClientDropdown[2m > [22mstyling classes[2m > [22mshould have rounded corners on input[32m 17[2mms[22m[39m
 [32m✓[39m src/components/meeting/CustomClientDropdown.test.jsx[2m > [22mCustomClientDropdown[2m > [22mstyling classes[2m > [22mshould have transition classes on input[32m 8[2mms[22m[39m
 [32m✓[39m src/components/meeting/CustomClientDropdown.test.jsx[2m > [22mCustomClientDropdown[2m > [22mstyling classes[2m > [22mshould have proper text size on input[32m 11[2mms[22m[39m
 [32m✓[39m src/components/meeting/CustomClientDropdown.test.jsx[2m > [22mCustomClientDropdown[2m > [22mstyling classes[2m > [22mshould have proper padding on input[32m 12[2mms[22m[39m
 [32m✓[39m src/components/NotesModal.test.jsx[2m > [22mNotesModal[2m > [22mview notes functionality[2m > [22mshould show empty state when no notes[32m 104[2mms[22m[39m
 [32m✓[39m src/components/AlertsModal.test.jsx[2m > [22mAlertsModal[2m > [22maccessibility[2m > [22mshould render alerts list with log role[32m 73[2mms[22m[39m
 [32m✓[39m src/components/AlertsModal.test.jsx[2m > [22mAlertsModal[2m > [22maccessibility[2m > [22mshould have aria-live on alerts list[32m 52[2mms[22m[39m
 [32m✓[39m src/components/AlertsModal.test.jsx[2m > [22mAlertsModal[2m > [22mstyling classes[2m > [22mshould have backdrop-blur-md class on modal[32m 64[2mms[22m[39m
 [32m✓[39m src/components/AlertsModal.test.jsx[2m > [22mAlertsModal[2m > [22mstyling classes[2m > [22mshould have rounded corners[32m 59[2mms[22m[39m
 [32m✓[39m src/components/meeting/CustomTimePicker.test.jsx[2m > [22mCustomTimePicker[2m > [22mminute selection[2m > [22mshould handle selecting 00 minutes[32m 269[2mms[22m[39m
 [31m×[39m src/components/CreateMeetingModal.test.jsx[2m > [22mCreateMeetingModal[2m > [22maccessibility[2m > [22mshould have accessible form labels[32m 212[2mms[22m[39m[33m (retry x1)[39m
[31m   → Found multiple elements with the text: /client/i

Here are the matching elements:

Ignored nodes: comments, script, style
[36m<label[31m
  [33mclass[31m=[32m"text-xs font-semibold mb-2 flex items-center gap-1.5 text-slate-500"[31m
[36m>[31m
  [36m<svg[31m
    [33maria-hidden[31m=[32m"true"[31m
    [33mclass[31m=[32m"lucide lucide-user"[31m
    [33mfill[31m=[32m"none"[31m
    [33mheight[31m=[32m"11"[31m
    [33mstroke[31m=[32m"currentColor"[31m
    [33mstroke-linecap[31m=[32m"round"[31m
    [33mstroke-linejoin[31m=[32m"round"[31m
    [33mstroke-width[31m=[32m"2"[31m
    [33mviewBox[31m=[32m"0 0 24 24"[31m
    [33mwidth[31m=[32m"11"[31m
    [33mxmlns[31m=[32m"http://www.w3.org/2000/svg"[31m
  [36m>[31m
    [36m<path[31m
      [33md[31m=[32m"M19 21v-2a4 4 0 0 0-4-4H9a4 4 0 0 0-4 4v2"[31m
    [36m/>[31m
    [36m<circle[31m
      [33mcx[31m=[32m"12"[31m
      [33mcy[31m=[32m"7"[31m
      [33mr[31m=[32m"4"[31m
    [36m/>[31m
  [36m</svg>[31m
  [0m Client Name [0m
  [36m<span[31m
    [33mclass[31m=[32m"text-red-400"[31m
  [36m>[31m
    [0m*[0m
  [36m</span>[31m
[36m</label>[31m

Ignored nodes: comments, script, style
[36m<label[31m
  [33mclass[31m=[32m"text-xs font-semibold mb-2 flex items-center gap-1.5 text-slate-500"[31m
[36m>[31m
  [36m<svg[31m
    [33maria-hidden[31m=[32m"true"[31m
    [33mclass[31m=[32m"lucide lucide-mail"[31m
    [33mfill[31m=[32m"none"[31m
    [33mheight[31m=[32m"11"[31m
    [33mstroke[31m=[32m"currentColor"[31m
    [33mstroke-linecap[31m=[32m"round"[31m
    [33mstroke-linejoin[31m=[32m"round"[31m
    [33mstroke-width[31m=[32m"2"[31m
    [33mviewBox[31m=[32m"0 0 24 24"[31m
    [33mwidth[31m=[32m"11"[31m
    [33mxmlns[31m=[32m"http://www.w3.org/2000/svg"[31m
  [36m>[31m
    [36m<path[31m
      [33md[31m=[32m"m22 7-8.991 5.727a2 2 0 0 1-2.009 0L2 7"[31m
    [36m/>[31m
    [36m<rect[31m
      [33mheight[31m=[32m"16"[31m
      [33mrx[31m=[32m"2"[31m
      [33mwidth[31m=[32m"20"[31m
      [33mx[31m=[32m"2"[31m
      [33my[31m=[32m"4"[31m
    [36m/>[31m
  [36m</svg>[31m
  [0m Client Email[0m
[36m</label>[31m

(If this is intentional, then use the `*AllBy*` variant of the query (like `queryAllByText`, `getAllByText`, or `findAllByText`)).

Ignored nodes: comments, script, style
[36m<body[31m
  [33mstyle[31m=[32m"position: fixed; top: 0px; width: 100%; overflow: hidden;"[31m
[36m>[31m
  [36m<div>[31m
    [36m<div[31m
      [33manimate[31m=[32m"[object Object]"[31m
      [33mclass[31m=[32m"fixed inset-0 bg-black/60 backdrop-blur-sm z-50 flex items-start sm:items-center justify-center p-2 sm:p-4 overflow-y-auto"[31m
      [33mexit[31m=[32m"[object Object]"[31m
      [33minitial[31m=[32m"[object Object]"[31m
      [33mrole[31m=[32m"presentation"[31m
    [36m>[31m
      [36m<div[31m
        [33manimate[31m=[32m"visible"[31m
        [33maria-labelledby[31m=[32m"create-meeting-title"[31m
        [33maria-modal[31m=[32m"true"[31m
        [33mclass[31m=[32m"w-full max-w-md rounded-3xl border shadow-2xl flex flex-col max-h-[95vh] sm:max-h-[85vh] my-2 sm:my-0 bg-white border-slate-200"[31m
        [33mexit[31m=[32m"exit"[31m
        [33minitial[31m=[32m"hidden"[31m
        [33mrole[31m=[32m"dialog"[31m
        [33mvariants[31m=[32m"[object Object]"[31m
      [36m>[31m
        [36m<div[31m
          [33mclass[31m=[32m"px-5 py-3.5 border-b flex items-center justify-between shrink-0 rounded-t-3xl border-slate-100 bg-slate-50/80"[31m
        [36m>[31m
          [36m<div[31m
            [33mclass[31m=[32m"flex items-center gap-3"[31m
          [36m>[31m
            [36m<div[31m
              [33mclass[31m=[32m"p-2 rounded-xl bg-linear-to-br from-blue-500 to-indigo-500"[31m
            [36m>[31m
              [36m<svg[31m
                [33maria-hidden[31m=[32m"true"[31m
                [33mclass[31m=[32m"lucide lucide-calendar-plus w-4 h-4 text-white"[31m
                [33mfill[31m=[32m"none"[31m
                [33mheight[31m=[32m"24"[31m
                [33mstroke[31m=[32m"currentColor"[31m
                [33mstroke-linecap[31m=[32m"round"[31m
                [33mstroke-linejoin[31m=[32m"round"[31m
                [33mstroke-width[31m=[32m"2"[31m
                [33mviewBox[31m=[32m"0 0 24 24"[31m
                [33mwidth[31m=[32m"24"[31m
                [33mxmlns[31m=[32m"http://www.w3.org/2000/svg"[31m
              [36m>[31m
                [36m<path[31m
                  [33md[31m=[32m"M16 19h6"[31m
                [36m/>[31m
                [36m<path[31m
                  [33md[31m=[32m"M16 2v4"[31m
                [36m/>[31m
                [36m<path[31m
                  [33md[31m=[32m"M19 16v6"[31m
                [36m/>[31m
                [36m<path[31m
                  [33md[31m=[32m"M21 12.598V6a2 2 0 0 0-2-2H5a2 2 0 0 0-2 2v14a2 2 0 0 0 2 2h8.5"[31m
                [36m/>[31m
                [36m<path[31m
                  [33md[31m=[32m"M3 10h18"[31m
                [36m/>[31m
                [36m<path[31m
                  [33md[31m=[32m"M8 2v4"[31m
                [36m/>[31m
              [36m</svg>[31m
            [36m</div>[31m
            [36m<h2[31m
              [33mclass[31m=[32m"text-lg font-bold text-slate-800"[31m
              [33mid[31m=[32m"create-meeting-title"[31m
              [33mstyle[31m=[32m"font-family: \"Manrope\", sans-serif;"[31m
            [36m>[31m
              [0mNew Meeting[0m
            [36m</h2>[31m
          [36m</div>[31m
          [36m<button[31m
            [33mclass[31m=[32m"p-1.5 rounded-lg transition-colors cursor-pointer hover:bg-slate-100 text-slate-500"[31m
            [33mwhilehover[31m=[32m"[object Object]"[31m
            [33mwhiletap[31m=[32m"[object Object]"[31m
          [36m>[31m
            [36m<svg[31m
              [33maria-hidden[31m=[32m"true"[31m
              [33mclass[31m=[32m"lucide lucide-x"[31m
              [33mfill[31m=[32m"none"[31m
              [33mheight[31m=[32m"18"[31m
              [33mstroke[31m=[32m"currentColor"[31m
              [33mstroke-linecap[31m=[32m"round"[31m
              [33mstroke-linejoin[31m=[32m"round"[31m
              [33mstroke-width[31m=[32m"2"[31m
              [33mviewBox[31m=[32m"0 0 24 24"[31m
              [33mwidth[31m=[32m"18"[31m
              [33mxmlns[31m=[32m"http://www.w3.org/2000/svg"[31m
            [36m>[31m
              [36m<path[31m
                [33md[31m=[32m"M18 6 6 18"[31m
              [36m/>[31m
              [36m<path[31m
                [33md[31m=[32m"m6 6 12 12"[31m
              [36m/>[31m
            [36m</svg>[31m
          [36m</button>[31m
        [36m</div>[31m
        [36m<form[31m
          [33mclass[31m=[32m"flex-1 overflow-y-auto p-5 space-y-4 scrollbar-none [&::-webkit-scrollbar]:hidden [-ms-overflow-style:none] [scrollbar-width:none]"[31m
        [36m>[31m
          [36m<div>[31m
            [36m<label[31m
              [33mclass[31m=[32m"text-xs font-semibold mb-2 block text-slate-500"[31m
            [36m>[31m
              [0mMeeting Title [0m
              [36m<span[31m
                [33mclass[31m=[32m"text-red-400"[31m
              [36m>[31m
                [0m*[0m
              [36m</span>[31m
            [36m</label>[31m
            [36m<input[31m
              [33mclass[31m=[32m"w-full p-2.5 rounded-lg border text-sm transition-all bg-slate-50 border-slate-200 text-slate-700 placeholder-slate-400 focus:border-blue-500 focus:outline-none focus:ring-2 focus:ring-blue-500/20"[31m
              [33mname[31m=[32m"title"[31m
              [33mplaceholder[31m=[32m"e.g., Product Demo, Sales Discussion"[31m
              [33mstyle[31m=[32m"font-family: \"Manrope\", sans-serif;"[31m
              [33mtype[31m=[32m"text"[31m
              [33mvalue[31m=[32m""[31m
            [36m/>[31m
          [36m</div>[31m
          [36m<div>[31m
            [36m<label[31m
              [33mclass[31m=[32m"text-xs font-semibold mb-2 flex items-center gap-1.5 text-slate-500"[31m
            [36m>[31m
              [36m<svg[31m
                [33maria-hidden[31m=[32m"true"[31m
                [33mclass[31m=[32m"lucide lucide-user"[31m
                [33mfill[31m=[32m"none"[31m
                [33mheight[31m=[32m"11"[31m
                [33mstroke[31m=[32m"currentColor"[31m
                [33mstroke-linecap[31m=[32m"round"[31m
                [33mstroke-linejoin[31m=[32m"round"[31m
                [33mstroke-width[31m=[32m"2"[31m
                [33mviewBox[31m=[32m"0 0 24 24"[31m
                [33mwidth[31m=[32m"11"[31m
                [33mxmlns[31m=[32m"http://www.w3.org/2000/svg"[31m
              [36m>[31m
                [36m<path[31m
                  [33md[31m=[32m"M19 21v-2a4 4 0 0 0-4-4H9a4 4 0 0 0-4 4v2"[31m
                [36m/>[31m
                [36m<circle[31m
                  [33mcx[31m=[32m"12"[31m
                  [33mcy[31m=[32m"7"[31m
                  [33mr[...[39m
[31m   → Found multiple elements with the text: /client/i

Here are the matching elements:

Ignored nodes: comments, script, style
[36m<label[31m
  [33mclass[31m=[32m"text-xs font-semibold mb-2 flex items-center gap-1.5 text-slate-500"[31m
[36m>[31m
  [36m<svg[31m
    [33maria-hidden[31m=[32m"true"[31m
    [33mclass[31m=[32m"lucide lucide-user"[31m
    [33mfill[31m=[32m"none"[31m
    [33mheight[31m=[32m"11"[31m
    [33mstroke[31m=[32m"currentColor"[31m
    [33mstroke-linecap[31m=[32m"round"[31m
    [33mstroke-linejoin[31m=[32m"round"[31m
    [33mstroke-width[31m=[32m"2"[31m
    [33mviewBox[31m=[32m"0 0 24 24"[31m
    [33mwidth[31m=[32m"11"[31m
    [33mxmlns[31m=[32m"http://www.w3.org/2000/svg"[31m
  [36m>[31m
    [36m<path[31m
      [33md[31m=[32m"M19 21v-2a4 4 0 0 0-4-4H9a4 4 0 0 0-4 4v2"[31m
    [36m/>[31m
    [36m<circle[31m
      [33mcx[31m=[32m"12"[31m
      [33mcy[31m=[32m"7"[31m
      [33mr[31m=[32m"4"[31m
    [36m/>[31m
  [36m</svg>[31m
  [0m Client Name [0m
  [36m<span[31m
    [33mclass[31m=[32m"text-red-400"[31m
  [36m>[31m
    [0m*[0m
  [36m</span>[31m
[36m</label>[31m

Ignored nodes: comments, script, style
[36m<label[31m
  [33mclass[31m=[32m"text-xs font-semibold mb-2 flex items-center gap-1.5 text-slate-500"[31m
[36m>[31m
  [36m<svg[31m
    [33maria-hidden[31m=[32m"true"[31m
    [33mclass[31m=[32m"lucide lucide-mail"[31m
    [33mfill[31m=[32m"none"[31m
    [33mheight[31m=[32m"11"[31m
    [33mstroke[31m=[32m"currentColor"[31m
    [33mstroke-linecap[31m=[32m"round"[31m
    [33mstroke-linejoin[31m=[32m"round"[31m
    [33mstroke-width[31m=[32m"2"[31m
    [33mviewBox[31m=[32m"0 0 24 24"[31m
    [33mwidth[31m=[32m"11"[31m
    [33mxmlns[31m=[32m"http://www.w3.org/2000/svg"[31m
  [36m>[31m
    [36m<path[31m
      [33md[31m=[32m"m22 7-8.991 5.727a2 2 0 0 1-2.009 0L2 7"[31m
    [36m/>[31m
    [36m<rect[31m
      [33mheight[31m=[32m"16"[31m
      [33mrx[31m=[32m"2"[31m
      [33mwidth[31m=[32m"20"[31m
      [33mx[31m=[32m"2"[31m
      [33my[31m=[32m"4"[31m
    [36m/>[31m
  [36m</svg>[31m
  [0m Client Email[0m
[36m</label>[31m

(If this is intentional, then use the `*AllBy*` variant of the query (like `queryAllByText`, `getAllByText`, or `findAllByText`)).

Ignored nodes: comments, script, style
[36m<body[31m
  [33mstyle[31m=[32m"position: fixed; top: 0px; width: 100%; overflow: hidden;"[31m
[36m>[31m
  [36m<div>[31m
    [36m<div[31m
      [33manimate[31m=[32m"[object Object]"[31m
      [33mclass[31m=[32m"fixed inset-0 bg-black/60 backdrop-blur-sm z-50 flex items-start sm:items-center justify-center p-2 sm:p-4 overflow-y-auto"[31m
      [33mexit[31m=[32m"[object Object]"[31m
      [33minitial[31m=[32m"[object Object]"[31m
      [33mrole[31m=[32m"presentation"[31m
    [36m>[31m
      [36m<div[31m
        [33manimate[31m=[32m"visible"[31m
        [33maria-labelledby[31m=[32m"create-meeting-title"[31m
        [33maria-modal[31m=[32m"true"[31m
        [33mclass[31m=[32m"w-full max-w-md rounded-3xl border shadow-2xl flex flex-col max-h-[95vh] sm:max-h-[85vh] my-2 sm:my-0 bg-white border-slate-200"[31m
        [33mexit[31m=[32m"exit"[31m
        [33minitial[31m=[32m"hidden"[31m
        [33mrole[31m=[32m"dialog"[31m
        [33mvariants[31m=[32m"[object Object]"[31m
      [36m>[31m
        [36m<div[31m
          [33mclass[31m=[32m"px-5 py-3.5 border-b flex items-center justify-between shrink-0 rounded-t-3xl border-slate-100 bg-slate-50/80"[31m
        [36m>[31m
          [36m<div[31m
            [33mclass[31m=[32m"flex items-center gap-3"[31m
          [36m>[31m
            [36m<div[31m
              [33mclass[31m=[32m"p-2 rounded-xl bg-linear-to-br from-blue-500 to-indigo-500"[31m
            [36m>[31m
              [36m<svg[31m
                [33maria-hidden[31m=[32m"true"[31m
                [33mclass[31m=[32m"lucide lucide-calendar-plus w-4 h-4 text-white"[31m
                [33mfill[31m=[32m"none"[31m
                [33mheight[31m=[32m"24"[31m
                [33mstroke[31m=[32m"currentColor"[31m
                [33mstroke-linecap[31m=[32m"round"[31m
                [33mstroke-linejoin[31m=[32m"round"[31m
                [33mstroke-width[31m=[32m"2"[31m
                [33mviewBox[31m=[32m"0 0 24 24"[31m
                [33mwidth[31m=[32m"24"[31m
                [33mxmlns[31m=[32m"http://www.w3.org/2000/svg"[31m
              [36m>[31m
                [36m<path[31m
                  [33md[31m=[32m"M16 19h6"[31m
                [36m/>[31m
                [36m<path[31m
                  [33md[31m=[32m"M16 2v4"[31m
                [36m/>[31m
                [36m<path[31m
                  [33md[31m=[32m"M19 16v6"[31m
                [36m/>[31m
                [36m<path[31m
                  [33md[31m=[32m"M21 12.598V6a2 2 0 0 0-2-2H5a2 2 0 0 0-2 2v14a2 2 0 0 0 2 2h8.5"[31m
                [36m/>[31m
                [36m<path[31m
                  [33md[31m=[32m"M3 10h18"[31m
                [36m/>[31m
                [36m<path[31m
                  [33md[31m=[32m"M8 2v4"[31m
                [36m/>[31m
              [36m</svg>[31m
            [36m</div>[31m
            [36m<h2[31m
              [33mclass[31m=[32m"text-lg font-bold text-slate-800"[31m
              [33mid[31m=[32m"create-meeting-title"[31m
              [33mstyle[31m=[32m"font-family: \"Manrope\", sans-serif;"[31m
            [36m>[31m
              [0mNew Meeting[0m
            [36m</h2>[31m
          [36m</div>[31m
          [36m<button[31m
            [33mclass[31m=[32m"p-1.5 rounded-lg transition-colors cursor-pointer hover:bg-slate-100 text-slate-500"[31m
            [33mwhilehover[31m=[32m"[object Object]"[31m
            [33mwhiletap[31m=[32m"[object Object]"[31m
          [36m>[31m
            [36m<svg[31m
              [33maria-hidden[31m=[32m"true"[31m
              [33mclass[31m=[32m"lucide lucide-x"[31m
              [33mfill[31m=[32m"none"[31m
              [33mheight[31m=[32m"18"[31m
              [33mstroke[31m=[32m"currentColor"[31m
              [33mstroke-linecap[31m=[32m"round"[31m
              [33mstroke-linejoin[31m=[32m"round"[31m
              [33mstroke-width[31m=[32m"2"[31m
              [33mviewBox[31m=[32m"0 0 24 24"[31m
              [33mwidth[31m=[32m"18"[31m
              [33mxmlns[31m=[32m"http://www.w3.org/2000/svg"[31m
            [36m>[31m
              [36m<path[31m
                [33md[31m=[32m"M18 6 6 18"[31m
              [36m/>[31m
              [36m<path[31m
                [33md[31m=[32m"m6 6 12 12"[31m
              [36m/>[31m
            [36m</svg>[31m
          [36m</button>[31m
        [36m</div>[31m
        [36m<form[31m
          [33mclass[31m=[32m"flex-1 overflow-y-auto p-5 space-y-4 scrollbar-none [&::-webkit-scrollbar]:hidden [-ms-overflow-style:none] [scrollbar-width:none]"[31m
        [36m>[31m
          [36m<div>[31m
            [36m<label[31m
              [33mclass[31m=[32m"text-xs font-semibold mb-2 block text-slate-500"[31m
            [36m>[31m
              [0mMeeting Title [0m
              [36m<span[31m
                [33mclass[31m=[32m"text-red-400"[31m
              [36m>[31m
                [0m*[0m
              [36m</span>[31m
            [36m</label>[31m
            [36m<input[31m
              [33mclass[31m=[32m"w-full p-2.5 rounded-lg border text-sm transition-all bg-slate-50 border-slate-200 text-slate-700 placeholder-slate-400 focus:border-blue-500 focus:outline-none focus:ring-2 focus:ring-blue-500/20"[31m
              [33mname[31m=[32m"title"[31m
              [33mplaceholder[31m=[32m"e.g., Product Demo, Sales Discussion"[31m
              [33mstyle[31m=[32m"font-family: \"Manrope\", sans-serif;"[31m
              [33mtype[31m=[32m"text"[31m
              [33mvalue[31m=[32m""[31m
            [36m/>[31m
          [36m</div>[31m
          [36m<div>[31m
            [36m<label[31m
              [33mclass[31m=[32m"text-xs font-semibold mb-2 flex items-center gap-1.5 text-slate-500"[31m
            [36m>[31m
              [36m<svg[31m
                [33maria-hidden[31m=[32m"true"[31m
                [33mclass[31m=[32m"lucide lucide-user"[31m
                [33mfill[31m=[32m"none"[31m
                [33mheight[31m=[32m"11"[31m
                [33mstroke[31m=[32m"currentColor"[31m
                [33mstroke-linecap[31m=[32m"round"[31m
                [33mstroke-linejoin[31m=[32m"round"[31m
                [33mstroke-width[31m=[32m"2"[31m
                [33mviewBox[31m=[32m"0 0 24 24"[31m
                [33mwidth[31m=[32m"11"[31m
                [33mxmlns[31m=[32m"http://www.w3.org/2000/svg"[31m
              [36m>[31m
                [36m<path[31m
                  [33md[31m=[32m"M19 21v-2a4 4 0 0 0-4-4H9a4 4 0 0 0-4 4v2"[31m
                [36m/>[31m
                [36m<circle[31m
                  [33mcx[31m=[32m"12"[31m
                  [33mcy[31m=[32m"7"[31m
                  [33mr[...[39m
 [32m✓[39m src/components/AlertsModal.test.jsx[2m > [22mAlertsModal[2m > [22mstyling classes[2m > [22mshould have shadow styling[32m 50[2mms[22m[39m
 [32m✓[39m src/components/AlertsModal.test.jsx[2m > [22mAlertsModal[2m > [22mstyling classes[2m > [22mshould have max-width constraint[32m 47[2mms[22m[39m
 [31m×[39m src/components/CreateMeetingModal.test.jsx[2m > [22mCreateMeetingModal[2m > [22maccessibility[2m > [22mshould have focusable form elements[32m 162[2mms[22m[39m[33m (retry x1)[39m
[31m   → Unable to find an element with the placeholder text of: Enter meeting title

Ignored nodes: comments, script, style
[36m<body[31m
  [33mstyle[31m=[32m"position: fixed; top: 0px; width: 100%; overflow: hidden;"[31m
[36m>[31m
  [36m<div>[31m
    [36m<div[31m
      [33manimate[31m=[32m"[object Object]"[31m
      [33mclass[31m=[32m"fixed inset-0 bg-black/60 backdrop-blur-sm z-50 flex items-start sm:items-center justify-center p-2 sm:p-4 overflow-y-auto"[31m
      [33mexit[31m=[32m"[object Object]"[31m
      [33minitial[31m=[32m"[object Object]"[31m
      [33mrole[31m=[32m"presentation"[31m
    [36m>[31m
      [36m<div[31m
        [33manimate[31m=[32m"visible"[31m
        [33maria-labelledby[31m=[32m"create-meeting-title"[31m
        [33maria-modal[31m=[32m"true"[31m
        [33mclass[31m=[32m"w-full max-w-md rounded-3xl border shadow-2xl flex flex-col max-h-[95vh] sm:max-h-[85vh] my-2 sm:my-0 bg-white border-slate-200"[31m
        [33mexit[31m=[32m"exit"[31m
        [33minitial[31m=[32m"hidden"[31m
        [33mrole[31m=[32m"dialog"[31m
        [33mvariants[31m=[32m"[object Object]"[31m
      [36m>[31m
        [36m<div[31m
          [33mclass[31m=[32m"px-5 py-3.5 border-b flex items-center justify-between shrink-0 rounded-t-3xl border-slate-100 bg-slate-50/80"[31m
        [36m>[31m
          [36m<div[31m
            [33mclass[31m=[32m"flex items-center gap-3"[31m
          [36m>[31m
            [36m<div[31m
              [33mclass[31m=[32m"p-2 rounded-xl bg-linear-to-br from-blue-500 to-indigo-500"[31m
            [36m>[31m
              [36m<svg[31m
                [33maria-hidden[31m=[32m"true"[31m
                [33mclass[31m=[32m"lucide lucide-calendar-plus w-4 h-4 text-white"[31m
                [33mfill[31m=[32m"none"[31m
                [33mheight[31m=[32m"24"[31m
                [33mstroke[31m=[32m"currentColor"[31m
                [33mstroke-linecap[31m=[32m"round"[31m
                [33mstroke-linejoin[31m=[32m"round"[31m
                [33mstroke-width[31m=[32m"2"[31m
                [33mviewBox[31m=[32m"0 0 24 24"[31m
                [33mwidth[31m=[32m"24"[31m
                [33mxmlns[31m=[32m"http://www.w3.org/2000/svg"[31m
              [36m>[31m
                [36m<path[31m
                  [33md[31m=[32m"M16 19h6"[31m
                [36m/>[31m
                [36m<path[31m
                  [33md[31m=[32m"M16 2v4"[31m
                [36m/>[31m
                [36m<path[31m
                  [33md[31m=[32m"M19 16v6"[31m
                [36m/>[31m
                [36m<path[31m
                  [33md[31m=[32m"M21 12.598V6a2 2 0 0 0-2-2H5a2 2 0 0 0-2 2v14a2 2 0 0 0 2 2h8.5"[31m
                [36m/>[31m
                [36m<path[31m
                  [33md[31m=[32m"M3 10h18"[31m
                [36m/>[31m
                [36m<path[31m
                  [33md[31m=[32m"M8 2v4"[31m
                [36m/>[31m
              [36m</svg>[31m
            [36m</div>[31m
            [36m<h2[31m
              [33mclass[31m=[32m"text-lg font-bold text-slate-800"[31m
              [33mid[31m=[32m"create-meeting-title"[31m
              [33mstyle[31m=[32m"font-family: \"Manrope\", sans-serif;"[31m
            [36m>[31m
              [0mNew Meeting[0m
            [36m</h2>[31m
          [36m</div>[31m
          [36m<button[31m
            [33mclass[31m=[32m"p-1.5 rounded-lg transition-colors cursor-pointer hover:bg-slate-100 text-slate-500"[31m
            [33mwhilehover[31m=[32m"[object Object]"[31m
            [33mwhiletap[31m=[32m"[object Object]"[31m
          [36m>[31m
            [36m<svg[31m
              [33maria-hidden[31m=[32m"true"[31m
              [33mclass[31m=[32m"lucide lucide-x"[31m
              [33mfill[31m=[32m"none"[31m
              [33mheight[31m=[32m"18"[31m
              [33mstroke[31m=[32m"currentColor"[31m
              [33mstroke-linecap[31m=[32m"round"[31m
              [33mstroke-linejoin[31m=[32m"round"[31m
              [33mstroke-width[31m=[32m"2"[31m
              [33mviewBox[31m=[32m"0 0 24 24"[31m
              [33mwidth[31m=[32m"18"[31m
              [33mxmlns[31m=[32m"http://www.w3.org/2000/svg"[31m
            [36m>[31m
              [36m<path[31m
                [33md[31m=[32m"M18 6 6 18"[31m
              [36m/>[31m
              [36m<path[31m
                [33md[31m=[32m"m6 6 12 12"[31m
              [36m/>[31m
            [36m</svg>[31m
          [36m</button>[31m
        [36m</div>[31m
        [36m<form[31m
          [33mclass[31m=[32m"flex-1 overflow-y-auto p-5 space-y-4 scrollbar-none [&::-webkit-scrollbar]:hidden [-ms-overflow-style:none] [scrollbar-width:none]"[31m
        [36m>[31m
          [36m<div>[31m
            [36m<label[31m
              [33mclass[31m=[32m"text-xs font-semibold mb-2 block text-slate-500"[31m
            [36m>[31m
              [0mMeeting Title [0m
              [36m<span[31m
                [33mclass[31m=[32m"text-red-400"[31m
              [36m>[31m
                [0m*[0m
              [36m</span>[31m
            [36m</label>[31m
            [36m<input[31m
              [33mclass[31m=[32m"w-full p-2.5 rounded-lg border text-sm transition-all bg-slate-50 border-slate-200 text-slate-700 placeholder-slate-400 focus:border-blue-500 focus:outline-none focus:ring-2 focus:ring-blue-500/20"[31m
              [33mname[31m=[32m"title"[31m
              [33mplaceholder[31m=[32m"e.g., Product Demo, Sales Discussion"[31m
              [33mstyle[31m=[32m"font-family: \"Manrope\", sans-serif;"[31m
              [33mtype[31m=[32m"text"[31m
              [33mvalue[31m=[32m""[31m
            [36m/>[31m
          [36m</div>[31m
          [36m<div>[31m
            [36m<label[31m
              [33mclass[31m=[32m"text-xs font-semibold mb-2 flex items-center gap-1.5 text-slate-500"[31m
            [36m>[31m
              [36m<svg[31m
                [33maria-hidden[31m=[32m"true"[31m
                [33mclass[31m=[32m"lucide lucide-user"[31m
                [33mfill[31m=[32m"none"[31m
                [33mheight[31m=[32m"11"[31m
                [33mstroke[31m=[32m"currentColor"[31m
                [33mstroke-linecap[31m=[32m"round"[31m
                [33mstroke-linejoin[31m=[32m"round"[31m
                [33mstroke-width[31m=[32m"2"[31m
                [33mviewBox[31m=[32m"0 0 24 24"[31m
                [33mwidth[31m=[32m"11"[31m
                [33mxmlns[31m=[32m"http://www.w3.org/2000/svg"[31m
              [36m>[31m
                [36m<path[31m
                  [33md[31m=[32m"M19 21v-2a4 4 0 0 0-4-4H9a4 4 0 0 0-4 4v2"[31m
                [36m/>[31m
                [36m<circle[31m
                  [33mcx[31m=[32m"12"[31m
                  [33mcy[31m=[32m"7"[31m
                  [33mr[...[39m
[31m   → Unable to find an element with the placeholder text of: Enter meeting title

Ignored nodes: comments, script, style
[36m<body[31m
  [33mstyle[31m=[32m"position: fixed; top: 0px; width: 100%; overflow: hidden;"[31m
[36m>[31m
  [36m<div>[31m
    [36m<div[31m
      [33manimate[31m=[32m"[object Object]"[31m
      [33mclass[31m=[32m"fixed inset-0 bg-black/60 backdrop-blur-sm z-50 flex items-start sm:items-center justify-center p-2 sm:p-4 overflow-y-auto"[31m
      [33mexit[31m=[32m"[object Object]"[31m
      [33minitial[31m=[32m"[object Object]"[31m
      [33mrole[31m=[32m"presentation"[31m
    [36m>[31m
      [36m<div[31m
        [33manimate[31m=[32m"visible"[31m
        [33maria-labelledby[31m=[32m"create-meeting-title"[31m
        [33maria-modal[31m=[32m"true"[31m
        [33mclass[31m=[32m"w-full max-w-md rounded-3xl border shadow-2xl flex flex-col max-h-[95vh] sm:max-h-[85vh] my-2 sm:my-0 bg-white border-slate-200"[31m
        [33mexit[31m=[32m"exit"[31m
        [33minitial[31m=[32m"hidden"[31m
        [33mrole[31m=[32m"dialog"[31m
        [33mvariants[31m=[32m"[object Object]"[31m
      [36m>[31m
        [36m<div[31m
          [33mclass[31m=[32m"px-5 py-3.5 border-b flex items-center justify-between shrink-0 rounded-t-3xl border-slate-100 bg-slate-50/80"[31m
        [36m>[31m
          [36m<div[31m
            [33mclass[31m=[32m"flex items-center gap-3"[31m
          [36m>[31m
            [36m<div[31m
              [33mclass[31m=[32m"p-2 rounded-xl bg-linear-to-br from-blue-500 to-indigo-500"[31m
            [36m>[31m
              [36m<svg[31m
                [33maria-hidden[31m=[32m"true"[31m
                [33mclass[31m=[32m"lucide lucide-calendar-plus w-4 h-4 text-white"[31m
                [33mfill[31m=[32m"none"[31m
                [33mheight[31m=[32m"24"[31m
                [33mstroke[31m=[32m"currentColor"[31m
                [33mstroke-linecap[31m=[32m"round"[31m
                [33mstroke-linejoin[31m=[32m"round"[31m
                [33mstroke-width[31m=[32m"2"[31m
                [33mviewBox[31m=[32m"0 0 24 24"[31m
                [33mwidth[31m=[32m"24"[31m
                [33mxmlns[31m=[32m"http://www.w3.org/2000/svg"[31m
              [36m>[31m
                [36m<path[31m
                  [33md[31m=[32m"M16 19h6"[31m
                [36m/>[31m
                [36m<path[31m
                  [33md[31m=[32m"M16 2v4"[31m
                [36m/>[31m
                [36m<path[31m
                  [33md[31m=[32m"M19 16v6"[31m
                [36m/>[31m
                [36m<path[31m
                  [33md[31m=[32m"M21 12.598V6a2 2 0 0 0-2-2H5a2 2 0 0 0-2 2v14a2 2 0 0 0 2 2h8.5"[31m
                [36m/>[31m
                [36m<path[31m
                  [33md[31m=[32m"M3 10h18"[31m
                [36m/>[31m
                [36m<path[31m
                  [33md[31m=[32m"M8 2v4"[31m
                [36m/>[31m
              [36m</svg>[31m
            [36m</div>[31m
            [36m<h2[31m
              [33mclass[31m=[32m"text-lg font-bold text-slate-800"[31m
              [33mid[31m=[32m"create-meeting-title"[31m
              [33mstyle[31m=[32m"font-family: \"Manrope\", sans-serif;"[31m
            [36m>[31m
              [0mNew Meeting[0m
            [36m</h2>[31m
          [36m</div>[31m
          [36m<button[31m
            [33mclass[31m=[32m"p-1.5 rounded-lg transition-colors cursor-pointer hover:bg-slate-100 text-slate-500"[31m
            [33mwhilehover[31m=[32m"[object Object]"[31m
            [33mwhiletap[31m=[32m"[object Object]"[31m
          [36m>[31m
            [36m<svg[31m
              [33maria-hidden[31m=[32m"true"[31m
              [33mclass[31m=[32m"lucide lucide-x"[31m
              [33mfill[31m=[32m"none"[31m
              [33mheight[31m=[32m"18"[31m
              [33mstroke[31m=[32m"currentColor"[31m
              [33mstroke-linecap[31m=[32m"round"[31m
              [33mstroke-linejoin[31m=[32m"round"[31m
              [33mstroke-width[31m=[32m"2"[31m
              [33mviewBox[31m=[32m"0 0 24 24"[31m
              [33mwidth[31m=[32m"18"[31m
              [33mxmlns[31m=[32m"http://www.w3.org/2000/svg"[31m
            [36m>[31m
              [36m<path[31m
                [33md[31m=[32m"M18 6 6 18"[31m
              [36m/>[31m
              [36m<path[31m
                [33md[31m=[32m"m6 6 12 12"[31m
              [36m/>[31m
            [36m</svg>[31m
          [36m</button>[31m
        [36m</div>[31m
        [36m<form[31m
          [33mclass[31m=[32m"flex-1 overflow-y-auto p-5 space-y-4 scrollbar-none [&::-webkit-scrollbar]:hidden [-ms-overflow-style:none] [scrollbar-width:none]"[31m
        [36m>[31m
          [36m<div>[31m
            [36m<label[31m
              [33mclass[31m=[32m"text-xs font-semibold mb-2 block text-slate-500"[31m
            [36m>[31m
              [0mMeeting Title [0m
              [36m<span[31m
                [33mclass[31m=[32m"text-red-400"[31m
              [36m>[31m
                [0m*[0m
              [36m</span>[31m
            [36m</label>[31m
            [36m<input[31m
              [33mclass[31m=[32m"w-full p-2.5 rounded-lg border text-sm transition-all bg-slate-50 border-slate-200 text-slate-700 placeholder-slate-400 focus:border-blue-500 focus:outline-none focus:ring-2 focus:ring-blue-500/20"[31m
              [33mname[31m=[32m"title"[31m
              [33mplaceholder[31m=[32m"e.g., Product Demo, Sales Discussion"[31m
              [33mstyle[31m=[32m"font-family: \"Manrope\", sans-serif;"[31m
              [33mtype[31m=[32m"text"[31m
              [33mvalue[31m=[32m""[31m
            [36m/>[31m
          [36m</div>[31m
          [36m<div>[31m
            [36m<label[31m
              [33mclass[31m=[32m"text-xs font-semibold mb-2 flex items-center gap-1.5 text-slate-500"[31m
            [36m>[31m
              [36m<svg[31m
                [33maria-hidden[31m=[32m"true"[31m
                [33mclass[31m=[32m"lucide lucide-user"[31m
                [33mfill[31m=[32m"none"[31m
                [33mheight[31m=[32m"11"[31m
                [33mstroke[31m=[32m"currentColor"[31m
                [33mstroke-linecap[31m=[32m"round"[31m
                [33mstroke-linejoin[31m=[32m"round"[31m
                [33mstroke-width[31m=[32m"2"[31m
                [33mviewBox[31m=[32m"0 0 24 24"[31m
                [33mwidth[31m=[32m"11"[31m
                [33mxmlns[31m=[32m"http://www.w3.org/2000/svg"[31m
              [36m>[31m
                [36m<path[31m
                  [33md[31m=[32m"M19 21v-2a4 4 0 0 0-4-4H9a4 4 0 0 0-4 4v2"[31m
                [36m/>[31m
                [36m<circle[31m
                  [33mcx[31m=[32m"12"[31m
                  [33mcy[31m=[32m"7"[31m
                  [33mr[...[39m
 [32m✓[39m src/components/CreateMeetingModal.test.jsx[2m > [22mCreateMeetingModal[2m > [22maccessibility[2m > [22mshould have cancel button accessible[32m 62[2mms[22m[39m
 [32m✓[39m src/components/NotesModal.test.jsx[2m > [22mNotesModal[2m > [22mview notes functionality[2m > [22mshould call onDeleteNote when delete button is clicked[33m 357[2mms[22m[39m
 [32m✓[39m src/components/NotesModal.test.jsx[2m > [22mNotesModal[2m > [22mview notes functionality[2m > [22mshould update notes count in View Notes button[32m 44[2mms[22m[39m
 [32m✓[39m src/components/meeting/CustomTimePicker.test.jsx[2m > [22mCustomTimePicker[2m > [22mminute selection[2m > [22mshould handle selecting 55 minutes[32m 234[2mms[22m[39m
 [32m✓[39m src/components/CreateMeetingModal.test.jsx[2m > [22mCreateMeetingModal[2m > [22maccessibility[2m > [22mshould have create button with proper disabled state[32m 70[2mms[22m[39m
 [31m×[39m src/components/meeting/CustomDropdown.test.jsx[2m > [22mCustomDropdown[2m > [22medge cases[2m > [22mshould handle rapid clicks[33m 688[2mms[22m[39m[33m (retry x1)[39m
[31m   → Found multiple elements with the role "button"

Here are the matching elements:

Ignored nodes: comments, script, style
[36m<button[31m
  [33mclass[31m=[32m"w-full p-2.5 rounded-lg border transition-all duration-150 flex items-center justify-between gap-1.5 text-left cursor-pointer bg-slate-50 border-slate-200 text-slate-700 hover:border-slate-300 ring-2 ring-blue-500/30 border-blue-500"[31m
  [33mtype[31m=[32m"button"[31m
[36m>[31m
  [36m<div[31m
    [33mclass[31m=[32m"flex items-center gap-1.5 min-w-0"[31m
  [36m>[31m
    [36m<span[31m
      [33mclass[31m=[32m"text-sm truncate"[31m
      [33mstyle[31m=[32m"font-family: \"Manrope\", sans-serif;"[31m
    [36m>[31m
      [0mSelect duration[0m
    [36m</span>[31m
  [36m</div>[31m
  [36m<svg[31m
    [33maria-hidden[31m=[32m"true"[31m
    [33mclass[31m=[32m"lucide lucide-chevron-down transition-transform duration-150 shrink-0 rotate-180 text-slate-500"[31m
    [33mfill[31m=[32m"none"[31m
    [33mheight[31m=[32m"12"[31m
    [33mstroke[31m=[32m"currentColor"[31m
    [33mstroke-linecap[31m=[32m"round"[31m
    [33mstroke-linejoin[31m=[32m"round"[31m
    [33mstroke-width[31m=[32m"2"[31m
    [33mviewBox[31m=[32m"0 0 24 24"[31m
    [33mwidth[31m=[32m"12"[31m
    [33mxmlns[31m=[32m"http://www.w3.org/2000/svg"[31m
  [36m>[31m
    [36m<path[31m
      [33md[31m=[32m"m6 9 6 6 6-6"[31m
    [36m/>[31m
  [36m</svg>[31m
[36m</button>[31m

Ignored nodes: comments, script, style
[36m<button[31m
  [33mclass[31m=[32m"w-full px-2.5 py-2 text-left text-sm flex items-center gap-1.5 transition-colors cursor-pointer text-slate-700 hover:bg-slate-50"[31m
  [33mstyle[31m=[32m"font-family: \"Manrope\", sans-serif;"[31m
  [33mtype[31m=[32m"button"[31m
[36m>[31m
  [0m15 minutes[0m
[36m</button>[31m

Ignored nodes: comments, script, style
[36m<button[31m
  [33mclass[31m=[32m"w-full px-2.5 py-2 text-left text-sm flex items-center gap-1.5 transition-colors cursor-pointer text-slate-700 hover:bg-slate-50"[31m
  [33mstyle[31m=[32m"font-family: \"Manrope\", sans-serif;"[31m
  [33mtype[31m=[32m"button"[31m
[36m>[31m
  [0m30 minutes[0m
[36m</button>[31m

Ignored nodes: comments, script, style
[36m<button[31m
  [33mclass[31m=[32m"w-full px-2.5 py-2 text-left text-sm flex items-center gap-1.5 transition-colors cursor-pointer text-slate-700 hover:bg-slate-50"[31m
  [33mstyle[31m=[32m"font-family: \"Manrope\", sans-serif;"[31m
  [33mtype[31m=[32m"button"[31m
[36m>[31m
  [0m1 hour[0m
[36m</button>[31m

(If this is intentional, then use the `*AllBy*` variant of the query (like `queryAllByText`, `getAllByText`, or `findAllByText`)).

Ignored nodes: comments, script, style
[36m<body>[31m
  [36m<div>[31m
    [36m<div[31m
      [33mclass[31m=[32m"relative"[31m
    [36m>[31m
      [36m<button[31m
        [33mclass[31m=[32m"w-full p-2.5 rounded-lg border transition-all duration-150 flex items-center justify-between gap-1.5 text-left cursor-pointer bg-slate-50 border-slate-200 text-slate-700 hover:border-slate-300 ring-2 ring-blue-500/30 border-blue-500"[31m
        [33mtype[31m=[32m"button"[31m
      [36m>[31m
        [36m<div[31m
          [33mclass[31m=[32m"flex items-center gap-1.5 min-w-0"[31m
        [36m>[31m
          [36m<span[31m
            [33mclass[31m=[32m"text-sm truncate"[31m
            [33mstyle[31m=[32m"font-family: \"Manrope\", sans-serif;"[31m
          [36m>[31m
            [0mSelect duration[0m
          [36m</span>[31m
        [36m</div>[31m
        [36m<svg[31m
          [33maria-hidden[31m=[32m"true"[31m
          [33mclass[31m=[32m"lucide lucide-chevron-down transition-transform duration-150 shrink-0 rotate-180 text-slate-500"[31m
          [33mfill[31m=[32m"none"[31m
          [33mheight[31m=[32m"12"[31m
          [33mstroke[31m=[32m"currentColor"[31m
          [33mstroke-linecap[31m=[32m"round"[31m
          [33mstroke-linejoin[31m=[32m"round"[31m
          [33mstroke-width[31m=[32m"2"[31m
          [33mviewBox[31m=[32m"0 0 24 24"[31m
          [33mwidth[31m=[32m"12"[31m
          [33mxmlns[31m=[32m"http://www.w3.org/2000/svg"[31m
        [36m>[31m
          [36m<path[31m
            [33md[31m=[32m"m6 9 6 6 6-6"[31m
          [36m/>[31m
        [36m</svg>[31m
      [36m</button>[31m
      [36m<div[31m
        [33manimate[31m=[32m"[object Object]"[31m
        [33mclass[31m=[32m"absolute top-full left-0 right-0 mt-1 py-0.5 rounded-lg border shadow-lg z-50 max-h-40 overflow-y-auto scrollbar-none [&::-webkit-scrollbar]:hidden [-ms-overflow-style:none] [scrollbar-width:none] bg-white border-slate-200"[31m
        [33mexit[31m=[32m"[object Object]"[31m
        [33minitial[31m=[32m"[object Object]"[31m
        [33mtransition[31m=[32m"[object Object]"[31m
      [36m>[31m
        [36m<button[31m
          [33mclass[31m=[32m"w-full px-2.5 py-2 text-left text-sm flex items-center gap-1.5 transition-colors cursor-pointer text-slate-700 hover:bg-slate-50"[31m
          [33mstyle[31m=[32m"font-family: \"Manrope\", sans-serif;"[31m
          [33mtype[31m=[32m"button"[31m
        [36m>[31m
          [0m15 minutes[0m
        [36m</button>[31m
        [36m<button[31m
          [33mclass[31m=[32m"w-full px-2.5 py-2 text-left text-sm flex items-center gap-1.5 transition-colors cursor-pointer text-slate-700 hover:bg-slate-50"[31m
          [33mstyle[31m=[32m"font-family: \"Manrope\", sans-serif;"[31m
          [33mtype[31m=[32m"button"[31m
        [36m>[31m
          [0m30 minutes[0m
        [36m</button>[31m
        [36m<button[31m
          [33mclass[31m=[32m"w-full px-2.5 py-2 text-left text-sm flex items-center gap-1.5 transition-colors cursor-pointer text-slate-700 hover:bg-slate-50"[31m
          [33mstyle[31m=[32m"font-family: \"Manrope\", sans-serif;"[31m
          [33mtype[31m=[32m"button"[31m
        [36m>[31m
          [0m1 hour[0m
        [36m</button>[31m
      [36m</div>[31m
    [36m</div>[31m
  [36m</div>[31m
[36m</body>[31m[39m
[31m   → Found multiple elements with the role "button"

Here are the matching elements:

Ignored nodes: comments, script, style
[36m<button[31m
  [33mclass[31m=[32m"w-full p-2.5 rounded-lg border transition-all duration-150 flex items-center justify-between gap-1.5 text-left cursor-pointer bg-slate-50 border-slate-200 text-slate-700 hover:border-slate-300 ring-2 ring-blue-500/30 border-blue-500"[31m
  [33mtype[31m=[32m"button"[31m
[36m>[31m
  [36m<div[31m
    [33mclass[31m=[32m"flex items-center gap-1.5 min-w-0"[31m
  [36m>[31m
    [36m<span[31m
      [33mclass[31m=[32m"text-sm truncate"[31m
      [33mstyle[31m=[32m"font-family: \"Manrope\", sans-serif;"[31m
    [36m>[31m
      [0mSelect duration[0m
    [36m</span>[31m
  [36m</div>[31m
  [36m<svg[31m
    [33maria-hidden[31m=[32m"true"[31m
    [33mclass[31m=[32m"lucide lucide-chevron-down transition-transform duration-150 shrink-0 rotate-180 text-slate-500"[31m
    [33mfill[31m=[32m"none"[31m
    [33mheight[31m=[32m"12"[31m
    [33mstroke[31m=[32m"currentColor"[31m
    [33mstroke-linecap[31m=[32m"round"[31m
    [33mstroke-linejoin[31m=[32m"round"[31m
    [33mstroke-width[31m=[32m"2"[31m
    [33mviewBox[31m=[32m"0 0 24 24"[31m
    [33mwidth[31m=[32m"12"[31m
    [33mxmlns[31m=[32m"http://www.w3.org/2000/svg"[31m
  [36m>[31m
    [36m<path[31m
      [33md[31m=[32m"m6 9 6 6 6-6"[31m
    [36m/>[31m
  [36m</svg>[31m
[36m</button>[31m

Ignored nodes: comments, script, style
[36m<button[31m
  [33mclass[31m=[32m"w-full px-2.5 py-2 text-left text-sm flex items-center gap-1.5 transition-colors cursor-pointer text-slate-700 hover:bg-slate-50"[31m
  [33mstyle[31m=[32m"font-family: \"Manrope\", sans-serif;"[31m
  [33mtype[31m=[32m"button"[31m
[36m>[31m
  [0m15 minutes[0m
[36m</button>[31m

Ignored nodes: comments, script, style
[36m<button[31m
  [33mclass[31m=[32m"w-full px-2.5 py-2 text-left text-sm flex items-center gap-1.5 transition-colors cursor-pointer text-slate-700 hover:bg-slate-50"[31m
  [33mstyle[31m=[32m"font-family: \"Manrope\", sans-serif;"[31m
  [33mtype[31m=[32m"button"[31m
[36m>[31m
  [0m30 minutes[0m
[36m</button>[31m

Ignored nodes: comments, script, style
[36m<button[31m
  [33mclass[31m=[32m"w-full px-2.5 py-2 text-left text-sm flex items-center gap-1.5 transition-colors cursor-pointer text-slate-700 hover:bg-slate-50"[31m
  [33mstyle[31m=[32m"font-family: \"Manrope\", sans-serif;"[31m
  [33mtype[31m=[32m"button"[31m
[36m>[31m
  [0m1 hour[0m
[36m</button>[31m

(If this is intentional, then use the `*AllBy*` variant of the query (like `queryAllByText`, `getAllByText`, or `findAllByText`)).

Ignored nodes: comments, script, style
[36m<body>[31m
  [36m<div>[31m
    [36m<div[31m
      [33mclass[31m=[32m"relative"[31m
    [36m>[31m
      [36m<button[31m
        [33mclass[31m=[32m"w-full p-2.5 rounded-lg border transition-all duration-150 flex items-center justify-between gap-1.5 text-left cursor-pointer bg-slate-50 border-slate-200 text-slate-700 hover:border-slate-300 ring-2 ring-blue-500/30 border-blue-500"[31m
        [33mtype[31m=[32m"button"[31m
      [36m>[31m
        [36m<div[31m
          [33mclass[31m=[32m"flex items-center gap-1.5 min-w-0"[31m
        [36m>[31m
          [36m<span[31m
            [33mclass[31m=[32m"text-sm truncate"[31m
            [33mstyle[31m=[32m"font-family: \"Manrope\", sans-serif;"[31m
          [36m>[31m
            [0mSelect duration[0m
          [36m</span>[31m
        [36m</div>[31m
        [36m<svg[31m
          [33maria-hidden[31m=[32m"true"[31m
          [33mclass[31m=[32m"lucide lucide-chevron-down transition-transform duration-150 shrink-0 rotate-180 text-slate-500"[31m
          [33mfill[31m=[32m"none"[31m
          [33mheight[31m=[32m"12"[31m
          [33mstroke[31m=[32m"currentColor"[31m
          [33mstroke-linecap[31m=[32m"round"[31m
          [33mstroke-linejoin[31m=[32m"round"[31m
          [33mstroke-width[31m=[32m"2"[31m
          [33mviewBox[31m=[32m"0 0 24 24"[31m
          [33mwidth[31m=[32m"12"[31m
          [33mxmlns[31m=[32m"http://www.w3.org/2000/svg"[31m
        [36m>[31m
          [36m<path[31m
            [33md[31m=[32m"m6 9 6 6 6-6"[31m
          [36m/>[31m
        [36m</svg>[31m
      [36m</button>[31m
      [36m<div[31m
        [33manimate[31m=[32m"[object Object]"[31m
        [33mclass[31m=[32m"absolute top-full left-0 right-0 mt-1 py-0.5 rounded-lg border shadow-lg z-50 max-h-40 overflow-y-auto scrollbar-none [&::-webkit-scrollbar]:hidden [-ms-overflow-style:none] [scrollbar-width:none] bg-white border-slate-200"[31m
        [33mexit[31m=[32m"[object Object]"[31m
        [33minitial[31m=[32m"[object Object]"[31m
        [33mtransition[31m=[32m"[object Object]"[31m
      [36m>[31m
        [36m<button[31m
          [33mclass[31m=[32m"w-full px-2.5 py-2 text-left text-sm flex items-center gap-1.5 transition-colors cursor-pointer text-slate-700 hover:bg-slate-50"[31m
          [33mstyle[31m=[32m"font-family: \"Manrope\", sans-serif;"[31m
          [33mtype[31m=[32m"button"[31m
        [36m>[31m
          [0m15 minutes[0m
        [36m</button>[31m
        [36m<button[31m
          [33mclass[31m=[32m"w-full px-2.5 py-2 text-left text-sm flex items-center gap-1.5 transition-colors cursor-pointer text-slate-700 hover:bg-slate-50"[31m
          [33mstyle[31m=[32m"font-family: \"Manrope\", sans-serif;"[31m
          [33mtype[31m=[32m"button"[31m
        [36m>[31m
          [0m30 minutes[0m
        [36m</button>[31m
        [36m<button[31m
          [33mclass[31m=[32m"w-full px-2.5 py-2 text-left text-sm flex items-center gap-1.5 transition-colors cursor-pointer text-slate-700 hover:bg-slate-50"[31m
          [33mstyle[31m=[32m"font-family: \"Manrope\", sans-serif;"[31m
          [33mtype[31m=[32m"button"[31m
        [36m>[31m
          [0m1 hour[0m
        [36m</button>[31m
      [36m</div>[31m
    [36m</div>[31m
  [36m</div>[31m
[36m</body>[31m[39m
 [32m✓[39m src/components/NotesModal.test.jsx[2m > [22mNotesModal[2m > [22mclose functionality[2m > [22mshould call onClose when close button is clicked[32m 150[2mms[22m[39m
 [32m✓[39m src/components/AlertsModal.test.jsx[2m > [22mAlertsModal[2m > [22mstyling classes[2m > [22mshould have max-height constraint[32m 53[2mms[22m[39m
 [32m✓[39m src/components/AlertsModal.test.jsx[2m > [22mAlertsModal[2m > [22mstyling classes[2m > [22mshould have backdrop blur on overlay[32m 52[2mms[22m[39m
 [31m×[39m src/components/CreateMeetingModal.test.jsx[2m > [22mCreateMeetingModal[2m > [22maccessibility[2m > [22mshould trap focus within modal[32m 192[2mms[22m[39m[33m (retry x1)[39m
[31m   → Unable to find an element with the placeholder text of: Enter meeting title

Ignored nodes: comments, script, style
[36m<body[31m
  [33mstyle[31m=[32m"position: fixed; top: 0px; width: 100%; overflow: hidden;"[31m
[36m>[31m
  [36m<div>[31m
    [36m<div[31m
      [33manimate[31m=[32m"[object Object]"[31m
      [33mclass[31m=[32m"fixed inset-0 bg-black/60 backdrop-blur-sm z-50 flex items-start sm:items-center justify-center p-2 sm:p-4 overflow-y-auto"[31m
      [33mexit[31m=[32m"[object Object]"[31m
      [33minitial[31m=[32m"[object Object]"[31m
      [33mrole[31m=[32m"presentation"[31m
    [36m>[31m
      [36m<div[31m
        [33manimate[31m=[32m"visible"[31m
        [33maria-labelledby[31m=[32m"create-meeting-title"[31m
        [33maria-modal[31m=[32m"true"[31m
        [33mclass[31m=[32m"w-full max-w-md rounded-3xl border shadow-2xl flex flex-col max-h-[95vh] sm:max-h-[85vh] my-2 sm:my-0 bg-white border-slate-200"[31m
        [33mexit[31m=[32m"exit"[31m
        [33minitial[31m=[32m"hidden"[31m
        [33mrole[31m=[32m"dialog"[31m
        [33mvariants[31m=[32m"[object Object]"[31m
      [36m>[31m
        [36m<div[31m
          [33mclass[31m=[32m"px-5 py-3.5 border-b flex items-center justify-between shrink-0 rounded-t-3xl border-slate-100 bg-slate-50/80"[31m
        [36m>[31m
          [36m<div[31m
            [33mclass[31m=[32m"flex items-center gap-3"[31m
          [36m>[31m
            [36m<div[31m
              [33mclass[31m=[32m"p-2 rounded-xl bg-linear-to-br from-blue-500 to-indigo-500"[31m
            [36m>[31m
              [36m<svg[31m
                [33maria-hidden[31m=[32m"true"[31m
                [33mclass[31m=[32m"lucide lucide-calendar-plus w-4 h-4 text-white"[31m
                [33mfill[31m=[32m"none"[31m
                [33mheight[31m=[32m"24"[31m
                [33mstroke[31m=[32m"currentColor"[31m
                [33mstroke-linecap[31m=[32m"round"[31m
                [33mstroke-linejoin[31m=[32m"round"[31m
                [33mstroke-width[31m=[32m"2"[31m
                [33mviewBox[31m=[32m"0 0 24 24"[31m
                [33mwidth[31m=[32m"24"[31m
                [33mxmlns[31m=[32m"http://www.w3.org/2000/svg"[31m
              [36m>[31m
                [36m<path[31m
                  [33md[31m=[32m"M16 19h6"[31m
                [36m/>[31m
                [36m<path[31m
                  [33md[31m=[32m"M16 2v4"[31m
                [36m/>[31m
                [36m<path[31m
                  [33md[31m=[32m"M19 16v6"[31m
                [36m/>[31m
                [36m<path[31m
                  [33md[31m=[32m"M21 12.598V6a2 2 0 0 0-2-2H5a2 2 0 0 0-2 2v14a2 2 0 0 0 2 2h8.5"[31m
                [36m/>[31m
                [36m<path[31m
                  [33md[31m=[32m"M3 10h18"[31m
                [36m/>[31m
                [36m<path[31m
                  [33md[31m=[32m"M8 2v4"[31m
                [36m/>[31m
              [36m</svg>[31m
            [36m</div>[31m
            [36m<h2[31m
              [33mclass[31m=[32m"text-lg font-bold text-slate-800"[31m
              [33mid[31m=[32m"create-meeting-title"[31m
              [33mstyle[31m=[32m"font-family: \"Manrope\", sans-serif;"[31m
            [36m>[31m
              [0mNew Meeting[0m
            [36m</h2>[31m
          [36m</div>[31m
          [36m<button[31m
            [33mclass[31m=[32m"p-1.5 rounded-lg transition-colors cursor-pointer hover:bg-slate-100 text-slate-500"[31m
            [33mwhilehover[31m=[32m"[object Object]"[31m
            [33mwhiletap[31m=[32m"[object Object]"[31m
          [36m>[31m
            [36m<svg[31m
              [33maria-hidden[31m=[32m"true"[31m
              [33mclass[31m=[32m"lucide lucide-x"[31m
              [33mfill[31m=[32m"none"[31m
              [33mheight[31m=[32m"18"[31m
              [33mstroke[31m=[32m"currentColor"[31m
              [33mstroke-linecap[31m=[32m"round"[31m
              [33mstroke-linejoin[31m=[32m"round"[31m
              [33mstroke-width[31m=[32m"2"[31m
              [33mviewBox[31m=[32m"0 0 24 24"[31m
              [33mwidth[31m=[32m"18"[31m
              [33mxmlns[31m=[32m"http://www.w3.org/2000/svg"[31m
            [36m>[31m
              [36m<path[31m
                [33md[31m=[32m"M18 6 6 18"[31m
              [36m/>[31m
              [36m<path[31m
                [33md[31m=[32m"m6 6 12 12"[31m
              [36m/>[31m
            [36m</svg>[31m
          [36m</button>[31m
        [36m</div>[31m
        [36m<form[31m
          [33mclass[31m=[32m"flex-1 overflow-y-auto p-5 space-y-4 scrollbar-none [&::-webkit-scrollbar]:hidden [-ms-overflow-style:none] [scrollbar-width:none]"[31m
        [36m>[31m
          [36m<div>[31m
            [36m<label[31m
              [33mclass[31m=[32m"text-xs font-semibold mb-2 block text-slate-500"[31m
            [36m>[31m
              [0mMeeting Title [0m
              [36m<span[31m
                [33mclass[31m=[32m"text-red-400"[31m
              [36m>[31m
                [0m*[0m
              [36m</span>[31m
            [36m</label>[31m
            [36m<input[31m
              [33mclass[31m=[32m"w-full p-2.5 rounded-lg border text-sm transition-all bg-slate-50 border-slate-200 text-slate-700 placeholder-slate-400 focus:border-blue-500 focus:outline-none focus:ring-2 focus:ring-blue-500/20"[31m
              [33mname[31m=[32m"title"[31m
              [33mplaceholder[31m=[32m"e.g., Product Demo, Sales Discussion"[31m
              [33mstyle[31m=[32m"font-family: \"Manrope\", sans-serif;"[31m
              [33mtype[31m=[32m"text"[31m
              [33mvalue[31m=[32m""[31m
            [36m/>[31m
          [36m</div>[31m
          [36m<div>[31m
            [36m<label[31m
              [33mclass[31m=[32m"text-xs font-semibold mb-2 flex items-center gap-1.5 text-slate-500"[31m
            [36m>[31m
              [36m<svg[31m
                [33maria-hidden[31m=[32m"true"[31m
                [33mclass[31m=[32m"lucide lucide-user"[31m
                [33mfill[31m=[32m"none"[31m
                [33mheight[31m=[32m"11"[31m
                [33mstroke[31m=[32m"currentColor"[31m
                [33mstroke-linecap[31m=[32m"round"[31m
                [33mstroke-linejoin[31m=[32m"round"[31m
                [33mstroke-width[31m=[32m"2"[31m
                [33mviewBox[31m=[32m"0 0 24 24"[31m
                [33mwidth[31m=[32m"11"[31m
                [33mxmlns[31m=[32m"http://www.w3.org/2000/svg"[31m
              [36m>[31m
                [36m<path[31m
                  [33md[31m=[32m"M19 21v-2a4 4 0 0 0-4-4H9a4 4 0 0 0-4 4v2"[31m
                [36m/>[31m
                [36m<circle[31m
                  [33mcx[31m=[32m"12"[31m
                  [33mcy[31m=[32m"7"[31m
                  [33mr[...[39m
[31m   → Unable to find an element with the placeholder text of: Enter meeting title

Ignored nodes: comments, script, style
[36m<body[31m
  [33mstyle[31m=[32m"position: fixed; top: 0px; width: 100%; overflow: hidden;"[31m
[36m>[31m
  [36m<div>[31m
    [36m<div[31m
      [33manimate[31m=[32m"[object Object]"[31m
      [33mclass[31m=[32m"fixed inset-0 bg-black/60 backdrop-blur-sm z-50 flex items-start sm:items-center justify-center p-2 sm:p-4 overflow-y-auto"[31m
      [33mexit[31m=[32m"[object Object]"[31m
      [33minitial[31m=[32m"[object Object]"[31m
      [33mrole[31m=[32m"presentation"[31m
    [36m>[31m
      [36m<div[31m
        [33manimate[31m=[32m"visible"[31m
        [33maria-labelledby[31m=[32m"create-meeting-title"[31m
        [33maria-modal[31m=[32m"true"[31m
        [33mclass[31m=[32m"w-full max-w-md rounded-3xl border shadow-2xl flex flex-col max-h-[95vh] sm:max-h-[85vh] my-2 sm:my-0 bg-white border-slate-200"[31m
        [33mexit[31m=[32m"exit"[31m
        [33minitial[31m=[32m"hidden"[31m
        [33mrole[31m=[32m"dialog"[31m
        [33mvariants[31m=[32m"[object Object]"[31m
      [36m>[31m
        [36m<div[31m
          [33mclass[31m=[32m"px-5 py-3.5 border-b flex items-center justify-between shrink-0 rounded-t-3xl border-slate-100 bg-slate-50/80"[31m
        [36m>[31m
          [36m<div[31m
            [33mclass[31m=[32m"flex items-center gap-3"[31m
          [36m>[31m
            [36m<div[31m
              [33mclass[31m=[32m"p-2 rounded-xl bg-linear-to-br from-blue-500 to-indigo-500"[31m
            [36m>[31m
              [36m<svg[31m
                [33maria-hidden[31m=[32m"true"[31m
                [33mclass[31m=[32m"lucide lucide-calendar-plus w-4 h-4 text-white"[31m
                [33mfill[31m=[32m"none"[31m
                [33mheight[31m=[32m"24"[31m
                [33mstroke[31m=[32m"currentColor"[31m
                [33mstroke-linecap[31m=[32m"round"[31m
                [33mstroke-linejoin[31m=[32m"round"[31m
                [33mstroke-width[31m=[32m"2"[31m
                [33mviewBox[31m=[32m"0 0 24 24"[31m
                [33mwidth[31m=[32m"24"[31m
                [33mxmlns[31m=[32m"http://www.w3.org/2000/svg"[31m
              [36m>[31m
                [36m<path[31m
                  [33md[31m=[32m"M16 19h6"[31m
                [36m/>[31m
                [36m<path[31m
                  [33md[31m=[32m"M16 2v4"[31m
                [36m/>[31m
                [36m<path[31m
                  [33md[31m=[32m"M19 16v6"[31m
                [36m/>[31m
                [36m<path[31m
                  [33md[31m=[32m"M21 12.598V6a2 2 0 0 0-2-2H5a2 2 0 0 0-2 2v14a2 2 0 0 0 2 2h8.5"[31m
                [36m/>[31m
                [36m<path[31m
                  [33md[31m=[32m"M3 10h18"[31m
                [36m/>[31m
                [36m<path[31m
                  [33md[31m=[32m"M8 2v4"[31m
                [36m/>[31m
              [36m</svg>[31m
            [36m</div>[31m
            [36m<h2[31m
              [33mclass[31m=[32m"text-lg font-bold text-slate-800"[31m
              [33mid[31m=[32m"create-meeting-title"[31m
              [33mstyle[31m=[32m"font-family: \"Manrope\", sans-serif;"[31m
            [36m>[31m
              [0mNew Meeting[0m
            [36m</h2>[31m
          [36m</div>[31m
          [36m<button[31m
            [33mclass[31m=[32m"p-1.5 rounded-lg transition-colors cursor-pointer hover:bg-slate-100 text-slate-500"[31m
            [33mwhilehover[31m=[32m"[object Object]"[31m
            [33mwhiletap[31m=[32m"[object Object]"[31m
          [36m>[31m
            [36m<svg[31m
              [33maria-hidden[31m=[32m"true"[31m
              [33mclass[31m=[32m"lucide lucide-x"[31m
              [33mfill[31m=[32m"none"[31m
              [33mheight[31m=[32m"18"[31m
              [33mstroke[31m=[32m"currentColor"[31m
              [33mstroke-linecap[31m=[32m"round"[31m
              [33mstroke-linejoin[31m=[32m"round"[31m
              [33mstroke-width[31m=[32m"2"[31m
              [33mviewBox[31m=[32m"0 0 24 24"[31m
              [33mwidth[31m=[32m"18"[31m
              [33mxmlns[31m=[32m"http://www.w3.org/2000/svg"[31m
            [36m>[31m
              [36m<path[31m
                [33md[31m=[32m"M18 6 6 18"[31m
              [36m/>[31m
              [36m<path[31m
                [33md[31m=[32m"m6 6 12 12"[31m
              [36m/>[31m
            [36m</svg>[31m
          [36m</button>[31m
        [36m</div>[31m
        [36m<form[31m
          [33mclass[31m=[32m"flex-1 overflow-y-auto p-5 space-y-4 scrollbar-none [&::-webkit-scrollbar]:hidden [-ms-overflow-style:none] [scrollbar-width:none]"[31m
        [36m>[31m
          [36m<div>[31m
            [36m<label[31m
              [33mclass[31m=[32m"text-xs font-semibold mb-2 block text-slate-500"[31m
            [36m>[31m
              [0mMeeting Title [0m
              [36m<span[31m
                [33mclass[31m=[32m"text-red-400"[31m
              [36m>[31m
                [0m*[0m
              [36m</span>[31m
            [36m</label>[31m
            [36m<input[31m
              [33mclass[31m=[32m"w-full p-2.5 rounded-lg border text-sm transition-all bg-slate-50 border-slate-200 text-slate-700 placeholder-slate-400 focus:border-blue-500 focus:outline-none focus:ring-2 focus:ring-blue-500/20"[31m
              [33mname[31m=[32m"title"[31m
              [33mplaceholder[31m=[32m"e.g., Product Demo, Sales Discussion"[31m
              [33mstyle[31m=[32m"font-family: \"Manrope\", sans-serif;"[31m
              [33mtype[31m=[32m"text"[31m
              [33mvalue[31m=[32m""[31m
            [36m/>[31m
          [36m</div>[31m
          [36m<div>[31m
            [36m<label[31m
              [33mclass[31m=[32m"text-xs font-semibold mb-2 flex items-center gap-1.5 text-slate-500"[31m
            [36m>[31m
              [36m<svg[31m
                [33maria-hidden[31m=[32m"true"[31m
                [33mclass[31m=[32m"lucide lucide-user"[31m
                [33mfill[31m=[32m"none"[31m
                [33mheight[31m=[32m"11"[31m
                [33mstroke[31m=[32m"currentColor"[31m
                [33mstroke-linecap[31m=[32m"round"[31m
                [33mstroke-linejoin[31m=[32m"round"[31m
                [33mstroke-width[31m=[32m"2"[31m
                [33mviewBox[31m=[32m"0 0 24 24"[31m
                [33mwidth[31m=[32m"11"[31m
                [33mxmlns[31m=[32m"http://www.w3.org/2000/svg"[31m
              [36m>[31m
                [36m<path[31m
                  [33md[31m=[32m"M19 21v-2a4 4 0 0 0-4-4H9a4 4 0 0 0-4 4v2"[31m
                [36m/>[31m
                [36m<circle[31m
                  [33mcx[31m=[32m"12"[31m
                  [33mcy[31m=[32m"7"[31m
                  [33mr[...[39m
 [32m✓[39m src/components/meeting/CustomDropdown.test.jsx[2m > [22mCustomDropdown[2m > [22medge cases[2m > [22mshould handle many options[32m 115[2mms[22m[39m
 [32m✓[39m src/components/meeting/CustomTimePicker.test.jsx[2m > [22mCustomTimePicker[2m > [22mminute selection[2m > [22mshould update selected minute styling after selection[32m 252[2mms[22m[39m
 [32m✓[39m src/components/NotesModal.test.jsx[2m > [22mNotesModal[2m > [22mclose functionality[2m > [22mshould call onClose when backdrop is clicked[32m 184[2mms[22m[39m
 [32m✓[39m src/components/CreateMeetingModal.test.jsx[2m > [22mCreateMeetingModal[2m > [22mscroll lock behavior[2m > [22mshould prevent background scrolling when open[32m 64[2mms[22m[39m
 [32m✓[39m src/components/CreateMeetingModal.test.jsx[2m > [22mCreateMeetingModal[2m > [22mscroll lock behavior[2m > [22mshould restore scrolling when closed[32m 57[2mms[22m[39m
 [32m✓[39m src/components/AlertsModal.test.jsx[2m > [22mAlertsModal[2m > [22medge cases[2m > [22mshould handle large number of alerts[33m 312[2mms[22m[39m
 [32m✓[39m src/components/AlertsModal.test.jsx[2m > [22mAlertsModal[2m > [22medge cases[2m > [22mshould handle alerts with very long messages[32m 25[2mms[22m[39m
 [32m✓[39m src/components/AlertsModal.test.jsx[2m > [22mAlertsModal[2m > [22medge cases[2m > [22mshould handle alerts with special characters[32m 25[2mms[22m[39m
 [32m✓[39m src/components/meeting/CustomDropdown.test.jsx[2m > [22mCustomDropdown[2m > [22medge cases[2m > [22mshould handle special characters in option labels[32m 122[2mms[22m[39m
 [32m✓[39m src/components/CreateMeetingModal.test.jsx[2m > [22mCreateMeetingModal[2m > [22mstyling[2m > [22mshould have rounded corners on modal[32m 53[2mms[22m[39m
 [32m✓[39m src/components/CreateMeetingModal.test.jsx[2m > [22mCreateMeetingModal[2m > [22mstyling[2m > [22mshould have shadow on modal[32m 54[2mms[22m[39m
 [32m✓[39m src/components/NotesModal.test.jsx[2m > [22mNotesModal[2m > [22mclose functionality[2m > [22mshould not call onClose when modal content is clicked[32m 111[2mms[22m[39m
 [31m×[39m src/components/NotesModal.test.jsx[2m > [22mNotesModal[2m > [22mdark mode styling[2m > [22mshould apply dark theme modal background in dark mode[32m 81[2mms[22m[39m[33m (retry x1)[39m
[31m   → [2mexpect([22m[31mreceived[31m[2m).toBeInTheDocument()[22m

[31mreceived[31m value must be an HTMLElement or an SVGElement.
Received has type:  Null
Received has value: [31mnull[31m[39m
[31m   → [2mexpect([22m[31mreceived[31m[2m).toBeInTheDocument()[22m

[31mreceived[31m value must be an HTMLElement or an SVGElement.
Received has type:  Null
Received has value: [31mnull[31m[39m
 [32m✓[39m src/components/meeting/CustomTimePicker.test.jsx[2m > [22mCustomTimePicker[2m > [22mAM/PM selection[2m > [22mshould call onChange with PM time when switching from AM to PM[32m 266[2mms[22m[39m
 [32m✓[39m src/components/meeting/CustomDropdown.test.jsx[2m > [22mCustomDropdown[2m > [22mintegration tests[2m > [22mshould work correctly with full selection flow[32m 160[2mms[22m[39m
 [32m✓[39m src/components/meeting/CustomDropdown.test.jsx[2m > [22mCustomDropdown[2m > [22mintegration tests[2m > [22mshould handle theme toggle[32m 56[2mms[22m[39m
 [32m✓[39m src/components/NotesModal.test.jsx[2m > [22mNotesModal[2m > [22mdark mode styling[2m > [22mshould apply light theme modal background in light mode[32m 29[2mms[22m[39m
 [31m×[39m src/components/NotesModal.test.jsx[2m > [22mNotesModal[2m > [22mdark mode styling[2m > [22mshould apply dark theme title color in dark mode[32m 85[2mms[22m[39m[33m (retry x1)[39m
[31m   → [2mexpect([22m[31melement[31m[2m).toHaveClass([22m[32m[32m"text-slate-200"[32m[31m[2m)[22m

Expected the element to have class:
[32m  text-slate-200[31m
Received:
[31m  text-xl font-bold text-neutral-100[31m[39m
[31m   → [2mexpect([22m[31melement[31m[2m).toHaveClass([22m[32m[32m"text-slate-200"[32m[31m[2m)[22m

Expected the element to have class:
[32m  text-slate-200[31m
Received:
[31m  text-xl font-bold text-neutral-100[31m[39m
 [32m✓[39m src/components/CreateMeetingModal.test.jsx[2m > [22mCreateMeetingModal[2m > [22mstyling[2m > [22mshould have backdrop blur on overlay[32m 57[2mms[22m[39m
 [32m✓[39m src/components/CreateMeetingModal.test.jsx[2m > [22mCreateMeetingModal[2m > [22mstyling[2m > [22mshould have proper z-index for stacking[32m 74[2mms[22m[39m
 [32m✓[39m src/components/meeting/CustomDropdown.test.jsx[2m > [22mCustomDropdown[2m > [22mintegration tests[2m > [22mshould work with form submission prevention[32m 110[2mms[22m[39m
 [32m✓[39m src/components/NotesModal.test.jsx[2m > [22mNotesModal[2m > [22mdark mode styling[2m > [22mshould apply light theme title color in light mode[32m 34[2mms[22m[39m
 [31m×[39m src/components/NotesModal.test.jsx[2m > [22mNotesModal[2m > [22mdark mode styling[2m > [22mshould apply dark theme textarea styling in dark mode[32m 63[2mms[22m[39m[33m (retry x1)[39m
[31m   → [2mexpect([22m[31melement[31m[2m).toHaveClass([22m[32m[32m"bg-slate-700/50"[32m[31m[2m)[22m

Expected the element to have class:
[32m  bg-slate-700/50[31m
Received:
[31m  w-full p-4 rounded-xl border transition-all duration-200 resize-none bg-neutral-800/50 border-neutral-700 text-neutral-200 placeholder-neutral-500 focus:border-blue-500 focus:outline-none focus:ring-2 focus:ring-blue-500/20[31m[39m
[31m   → [2mexpect([22m[31melement[31m[2m).toHaveClass([22m[32m[32m"bg-slate-700/50"[32m[31m[2m)[22m

Expected the element to have class:
[32m  bg-slate-700/50[31m
Received:
[31m  w-full p-4 rounded-xl border transition-all duration-200 resize-none bg-neutral-800/50 border-neutral-700 text-neutral-200 placeholder-neutral-500 focus:border-blue-500 focus:outline-none focus:ring-2 focus:ring-blue-500/20[31m[39m
 [32m✓[39m src/components/CreateMeetingModal.test.jsx[2m > [22mCreateMeetingModal[2m > [22mstyling[2m > [22mshould center modal on screen[32m 59[2mms[22m[39m
 [32m✓[39m src/components/CreateMeetingModal.test.jsx[2m > [22mCreateMeetingModal[2m > [22medge cases[2m > [22mshould handle empty clients array[32m 71[2mms[22m[39m
 [32m✓[39m src/components/NotesModal.test.jsx[2m > [22mNotesModal[2m > [22mdark mode styling[2m > [22mshould apply light theme textarea styling in light mode[32m 38[2mms[22m[39m
 [32m✓[39m src/components/meeting/CustomTimePicker.test.jsx[2m > [22mCustomTimePicker[2m > [22mAM/PM selection[2m > [22mshould call onChange with AM time when switching from PM to AM[32m 254[2mms[22m[39m
 [32m✓[39m src/components/CreateMeetingModal.test.jsx[2m > [22mCreateMeetingModal[2m > [22medge cases[2m > [22mshould handle undefined clients prop[32m 70[2mms[22m[39m
 [31m×[39m src/components/NotesModal.test.jsx[2m > [22mNotesModal[2m > [22mdarkMode override prop[2m > [22mshould use darkMode override when provided (true)[32m 122[2mms[22m[39m[33m (retry x1)[39m
[31m   → [2mexpect([22m[31mreceived[31m[2m).toBeInTheDocument()[22m

[31mreceived[31m value must be an HTMLElement or an SVGElement.
Received has type:  Null
Received has value: [31mnull[31m[39m
[31m   → [2mexpect([22m[31mreceived[31m[2m).toBeInTheDocument()[22m

[31mreceived[31m value must be an HTMLElement or an SVGElement.
Received has type:  Null
Received has value: [31mnull[31m[39m
 [32m✓[39m src/components/NotesModal.test.jsx[2m > [22mNotesModal[2m > [22mdarkMode override prop[2m > [22mshould use darkMode override when provided (false)[32m 35[2mms[22m[39m
 [32m✓[39m src/components/CreateMeetingModal.test.jsx[2m > [22mCreateMeetingModal[2m > [22medge cases[2m > [22mshould handle rapid open/close[32m 122[2mms[22m[39m
 [31m×[39m src/components/NotesModal.test.jsx[2m > [22mNotesModal[2m > [22mdarkMode override prop[2m > [22mshould use context value when darkMode override is undefined[32m 77[2mms[22m[39m[33m (retry x1)[39m
[31m   → [2mexpect([22m[31mreceived[31m[2m).toBeInTheDocument()[22m

[31mreceived[31m value must be an HTMLElement or an SVGElement.
Received has type:  Null
Received has value: [31mnull[31m[39m
[31m   → [2mexpect([22m[31mreceived[31m[2m).toBeInTheDocument()[22m

[31mreceived[31m value must be an HTMLElement or an SVGElement.
Received has type:  Null
Received has value: [31mnull[31m[39m
 [32m✓[39m src/components/meeting/CustomTimePicker.test.jsx[2m > [22mCustomTimePicker[2m > [22mAM/PM selection[2m > [22mshould handle 12 AM correctly (midnight)[32m 281[2mms[22m[39m
 [32m✓[39m src/components/NotesModal.test.jsx[2m > [22mNotesModal[2m > [22maccessibility[2m > [22mshould have proper heading structure[32m 116[2mms[22m[39m
 [32m✓[39m src/components/NotesModal.test.jsx[2m > [22mNotesModal[2m > [22maccessibility[2m > [22mshould have label for textarea[32m 35[2mms[22m[39m
 [32m✓[39m src/components/NotesModal.test.jsx[2m > [22mNotesModal[2m > [22maccessibility[2m > [22mshould have rows attribute on textarea[32m 32[2mms[22m[39m
 [32m✓[39m src/components/NotesModal.test.jsx[2m > [22mNotesModal[2m > [22maccessibility[2m > [22mshould have scrollable content area[32m 31[2mms[22m[39m
 [32m✓[39m src/components/NotesModal.test.jsx[2m > [22mNotesModal[2m > [22mstyling classes[2m > [22mshould have backdrop-blur on modal[32m 28[2mms[22m[39m
 [32m✓[39m src/components/NotesModal.test.jsx[2m > [22mNotesModal[2m > [22mstyling classes[2m > [22mshould have rounded corners on modal[32m 25[2mms[22m[39m
 [32m✓[39m src/components/NotesModal.test.jsx[2m > [22mNotesModal[2m > [22mstyling classes[2m > [22mshould have shadow on modal[32m 31[2mms[22m[39m
 [32m✓[39m src/components/meeting/CustomTimePicker.test.jsx[2m > [22mCustomTimePicker[2m > [22mAM/PM selection[2m > [22mshould handle 12 PM correctly (noon)[32m 251[2mms[22m[39m
 [32m✓[39m src/components/NotesModal.test.jsx[2m > [22mNotesModal[2m > [22mstyling classes[2m > [22mshould have max-width on modal[32m 33[2mms[22m[39m
 [32m✓[39m src/components/NotesModal.test.jsx[2m > [22mNotesModal[2m > [22mmode button styling[2m > [22mshould have active styling on Add Note button when in add mode[32m 33[2mms[22m[39m
 [32m✓[39m src/components/NotesModal.test.jsx[2m > [22mNotesModal[2m > [22mmode button styling[2m > [22mshould have inactive styling on View Notes button when in add mode[32m 35[2mms[22m[39m
 [32m✓[39m src/components/NotesModal.test.jsx[2m > [22mNotesModal[2m > [22mmode button styling[2m > [22mshould have cursor-pointer on mode buttons[32m 31[2mms[22m[39m
 [32m✓[39m src/components/meeting/CustomTimePicker.test.jsx[2m > [22mCustomTimePicker[2m > [22mAM/PM selection[2m > [22mshould update AM/PM styling after selection[32m 223[2mms[22m[39m
 [32m✓[39m src/components/NotesModal.test.jsx[2m > [22mNotesModal[2m > [22msave button styling[2m > [22mshould have active styling when enabled[32m 234[2mms[22m[39m
 [32m✓[39m src/components/NotesModal.test.jsx[2m > [22mNotesModal[2m > [22msave button styling[2m > [22mshould have disabled styling when disabled[32m 37[2mms[22m[39m
 [32m✓[39m src/components/meeting/CustomTimePicker.test.jsx[2m > [22mCustomTimePicker[2m > [22mdone button[2m > [22mshould call onClose when Done button is clicked[32m 204[2mms[22m[39m
 [32m✓[39m src/components/NotesModal.test.jsx[2m > [22mNotesModal[2m > [22msave button styling[2m > [22mshould have cursor-pointer when enabled[32m 265[2mms[22m[39m
 [32m✓[39m src/components/NotesModal.test.jsx[2m > [22mNotesModal[2m > [22mbackward compatibility (outside ThemeProvider)[2m > [22mshould render without ThemeProvider using darkMode prop[32m 39[2mms[22m[39m
 [32m✓[39m src/components/NotesModal.test.jsx[2m > [22mNotesModal[2m > [22mbackward compatibility (outside ThemeProvider)[2m > [22mshould default to light mode when outside ThemeProvider without darkMode prop[32m 29[2mms[22m[39m
 [32m✓[39m src/components/meeting/CustomTimePicker.test.jsx[2m > [22mCustomTimePicker[2m > [22mdone button[2m > [22mshould have correct styling on Done button[32m 182[2mms[22m[39m
 [32m✓[39m src/components/meeting/CustomTimePicker.test.jsx[2m > [22mCustomTimePicker[2m > [22mdark mode styling[2m > [22mshould apply dark background in dark mode[32m 15[2mms[22m[39m
 [32m✓[39m src/components/meeting/CustomTimePicker.test.jsx[2m > [22mCustomTimePicker[2m > [22mdark mode styling[2m > [22mshould apply light background in light mode[32m 30[2mms[22m[39m
 [32m✓[39m src/components/meeting/CustomTimePicker.test.jsx[2m > [22mCustomTimePicker[2m > [22mdark mode styling[2m > [22mshould apply dark label text color in dark mode[32m 21[2mms[22m[39m
 [32m✓[39m src/components/meeting/CustomTimePicker.test.jsx[2m > [22mCustomTimePicker[2m > [22mdark mode styling[2m > [22mshould apply light label text color in light mode[32m 21[2mms[22m[39m
 [32m✓[39m src/components/NotesModal.test.jsx[2m > [22mNotesModal[2m > [22medge cases[2m > [22mshould handle notes with very long content[32m 93[2mms[22m[39m
 [32m✓[39m src/components/meeting/CustomTimePicker.test.jsx[2m > [22mCustomTimePicker[2m > [22mdark mode styling[2m > [22mshould apply dark unselected button styling in dark mode[32m 189[2mms[22m[39m
 [32m✓[39m src/components/NotesModal.test.jsx[2m > [22mNotesModal[2m > [22medge cases[2m > [22mshould handle notes with special characters[32m 115[2mms[22m[39m
 [32m✓[39m src/components/NotesModal.test.jsx[2m > [22mNotesModal[2m > [22medge cases[2m > [22mshould handle isOpen changing from true to false[32m 35[2mms[22m[39m
 [32m✓[39m src/components/meeting/CustomTimePicker.test.jsx[2m > [22mCustomTimePicker[2m > [22mdark mode styling[2m > [22mshould apply light unselected button styling in light mode[32m 193[2mms[22m[39m
 [32m✓[39m src/components/meeting/CustomTimePicker.test.jsx[2m > [22mCustomTimePicker[2m > [22mdark mode styling[2m > [22mshould maintain selected button styling regardless of theme[32m 199[2mms[22m[39m
 [32m✓[39m src/components/meeting/CustomTimePicker.test.jsx[2m > [22mCustomTimePicker[2m > [22mstyling[2m > [22mshould have rounded corners[32m 19[2mms[22m[39m
 [32m✓[39m src/components/meeting/CustomTimePicker.test.jsx[2m > [22mCustomTimePicker[2m > [22mstyling[2m > [22mshould have shadow[32m 17[2mms[22m[39m
 [32m✓[39m src/components/meeting/CustomTimePicker.test.jsx[2m > [22mCustomTimePicker[2m > [22mstyling[2m > [22mshould have border[32m 32[2mms[22m[39m
 [32m✓[39m src/components/NotesModal.test.jsx[2m > [22mNotesModal[2m > [22medge cases[2m > [22mshould handle large number of notes[33m 477[2mms[22m[39m
 [32m✓[39m src/components/NotesModal.test.jsx[2m > [22mNotesModal[2m > [22medge cases[2m > [22mshould reset mode state when modal reopens[32m 149[2mms[22m[39m
 [32m✓[39m src/components/meeting/CustomTimePicker.test.jsx[2m > [22mCustomTimePicker[2m > [22mstyling[2m > [22mshould have cursor-pointer on all selectable buttons[32m 264[2mms[22m[39m
 [32m✓[39m src/components/meeting/CustomTimePicker.test.jsx[2m > [22mCustomTimePicker[2m > [22mstyling[2m > [22mshould have transition classes on buttons[32m 171[2mms[22m[39m
 [32m✓[39m src/components/meeting/CustomTimePicker.test.jsx[2m > [22mCustomTimePicker[2m > [22maccessibility[2m > [22mshould render all time selection buttons with button role[32m 200[2mms[22m[39m
 [32m✓[39m src/components/meeting/CustomTimePicker.test.jsx[2m > [22mCustomTimePicker[2m > [22maccessibility[2m > [22mshould have labels for columns[32m 23[2mms[22m[39m
 [32m✓[39m src/components/meeting/CustomTimePicker.test.jsx[2m > [22mCustomTimePicker[2m > [22maccessibility[2m > [22mshould be keyboard accessible[32m 239[2mms[22m[39m
 [31m×[39m src/components/meeting/CustomTimePicker.test.jsx[2m > [22mCustomTimePicker[2m > [22medge cases[2m > [22mshould handle rapid time selection changes[33m 801[2mms[22m[39m[33m (retry x1)[39m
[31m   → Found multiple elements with the role "button" and name "05"

Here are the matching elements:

Ignored nodes: comments, script, style
[36m<button[31m
  [33mclass[31m=[32m"w-9 py-1 text-[11px] rounded-md transition-all font-medium cursor-pointer block mb-0.5 text-slate-700 hover:bg-slate-200"[31m
  [33mstyle[31m=[32m"font-family: \"Manrope\", sans-serif;"[31m
  [33mtype[31m=[32m"button"[31m
[36m>[31m
  [0m05[0m
[36m</button>[31m

Ignored nodes: comments, script, style
[36m<button[31m
  [33mclass[31m=[32m"w-9 py-1 text-[11px] rounded-md transition-all font-medium cursor-pointer block mb-0.5 text-slate-700 hover:bg-slate-200"[31m
  [33mstyle[31m=[32m"font-family: \"Manrope\", sans-serif;"[31m
  [33mtype[31m=[32m"button"[31m
[36m>[31m
  [0m05[0m
[36m</button>[31m

(If this is intentional, then use the `*AllBy*` variant of the query (like `queryAllByText`, `getAllByText`, or `findAllByText`)).

Ignored nodes: comments, script, style
[36m<body>[31m
  [36m<div>[31m
    [36m<div[31m
      [33manimate[31m=[32m"[object Object]"[31m
      [33mclass[31m=[32m"absolute top-full left-0 mt-1.5 p-2 rounded-xl border shadow-xl z-50 bg-white border-slate-200"[31m
      [33mexit[31m=[32m"[object Object]"[31m
      [33minitial[31m=[32m"[object Object]"[31m
      [33mtransition[31m=[32m"[object Object]"[31m
    [36m>[31m
      [36m<div[31m
        [33mclass[31m=[32m"flex gap-1"[31m
      [36m>[31m
        [36m<div[31m
          [33mclass[31m=[32m"flex flex-col"[31m
        [36m>[31m
          [36m<label[31m
            [33mclass[31m=[32m"text-[9px] font-semibold mb-1 text-center text-slate-500"[31m
            [33mstyle[31m=[32m"font-family: \"Manrope\", sans-serif;"[31m
          [36m>[31m
            [0mHr[0m
          [36m</label>[31m
          [36m<div[31m
            [33mclass[31m=[32m"h-24 overflow-y-auto rounded-lg p-0.5 scrollbar-none [&::-webkit-scrollbar]:hidden [-ms-overflow-style:none] [scrollbar-width:none] bg-slate-50"[31m
          [36m>[31m
            [36m<button[31m
              [33mclass[31m=[32m"w-9 py-1 text-[11px] rounded-md transition-all font-medium cursor-pointer block mb-0.5 text-slate-700 hover:bg-slate-200"[31m
              [33mstyle[31m=[32m"font-family: \"Manrope\", sans-serif;"[31m
              [33mtype[31m=[32m"button"[31m
            [36m>[31m
              [0m12[0m
            [36m</button>[31m
            [36m<button[31m
              [33mclass[31m=[32m"w-9 py-1 text-[11px] rounded-md transition-all font-medium cursor-pointer block mb-0.5 text-slate-700 hover:bg-slate-200"[31m
              [33mstyle[31m=[32m"font-family: \"Manrope\", sans-serif;"[31m
              [33mtype[31m=[32m"button"[31m
            [36m>[31m
              [0m01[0m
            [36m</button>[31m
            [36m<button[31m
              [33mclass[31m=[32m"w-9 py-1 text-[11px] rounded-md transition-all font-medium cursor-pointer block mb-0.5 text-slate-700 hover:bg-slate-200"[31m
              [33mstyle[31m=[32m"font-family: \"Manrope\", sans-serif;"[31m
              [33mtype[31m=[32m"button"[31m
            [36m>[31m
              [0m02[0m
            [36m</button>[31m
            [36m<button[31m
              [33mclass[31m=[32m"w-9 py-1 text-[11px] rounded-md transition-all font-medium cursor-pointer block mb-0.5 bg-blue-500 text-white shadow-sm"[31m
              [33mstyle[31m=[32m"font-family: \"Manrope\", sans-serif;"[31m
              [33mtype[31m=[32m"button"[31m
            [36m>[31m
              [0m03[0m
            [36m</button>[31m
            [36m<button[31m
              [33mclass[31m=[32m"w-9 py-1 text-[11px] rounded-md transition-all font-medium cursor-pointer block mb-0.5 text-slate-700 hover:bg-slate-200"[31m
              [33mstyle[31m=[32m"font-family: \"Manrope\", sans-serif;"[31m
              [33mtype[31m=[32m"button"[31m
            [36m>[31m
              [0m04[0m
            [36m</button>[31m
            [36m<button[31m
              [33mclass[31m=[32m"w-9 py-1 text-[11px] rounded-md transition-all font-medium cursor-pointer block mb-0.5 text-slate-700 hover:bg-slate-200"[31m
              [33mstyle[31m=[32m"font-family: \"Manrope\", sans-serif;"[31m
              [33mtype[31m=[32m"button"[31m
            [36m>[31m
              [0m05[0m
            [36m</button>[31m
            [36m<button[31m
              [33mclass[31m=[32m"w-9 py-1 text-[11px] rounded-md transition-all font-medium cursor-pointer block mb-0.5 text-slate-700 hover:bg-slate-200"[31m
              [33mstyle[31m=[32m"font-family: \"Manrope\", sans-serif;"[31m
              [33mtype[31m=[32m"button"[31m
            [36m>[31m
              [0m06[0m
            [36m</button>[31m
            [36m<button[31m
              [33mclass[31m=[32m"w-9 py-1 text-[11px] rounded-md transition-all font-medium cursor-pointer block mb-0.5 text-slate-700 hover:bg-slate-200"[31m
              [33mstyle[31m=[32m"font-family: \"Manrope\", sans-serif;"[31m
              [33mtype[31m=[32m"button"[31m
            [36m>[31m
              [0m07[0m
            [36m</button>[31m
            [36m<button[31m
              [33mclass[31m=[32m"w-9 py-1 text-[11px] rounded-md transition-all font-medium cursor-pointer block mb-0.5 text-slate-700 hover:bg-slate-200"[31m
              [33mstyle[31m=[32m"font-family: \"Manrope\", sans-serif;"[31m
              [33mtype[31m=[32m"button"[31m
            [36m>[31m
              [0m08[0m
            [36m</button>[31m
            [36m<button[31m
              [33mclass[31m=[32m"w-9 py-1 text-[11px] rounded-md transition-all font-medium cursor-pointer block mb-0.5 text-slate-700 hover:bg-slate-200"[31m
              [33mstyle[31m=[32m"font-family: \"Manrope\", sans-serif;"[31m
              [33mtype[31m=[32m"button"[31m
            [36m>[31m
              [0m09[0m
            [36m</button>[31m
            [36m<button[31m
              [33mclass[31m=[32m"w-9 py-1 text-[11px] rounded-md transition-all font-medium cursor-pointer block mb-0.5 text-slate-700 hover:bg-slate-200"[31m
              [33mstyle[31m=[32m"font-family: \"Manrope\", sans-serif;"[31m
              [33mtype[31m=[32m"button"[31m
            [36m>[31m
              [0m10[0m
            [36m</button>[31m
            [36m<button[31m
              [33mclass[31m=[32m"w-9 py-1 text-[11px] rounded-md transition-all font-medium cursor-pointer block mb-0.5 text-slate-700 hover:bg-slate-200"[31m
              [33mstyle[31m=[32m"font-family: \"Manrope\", sans-serif;"[31m
              [33mtype[31m=[32m"button"[31m
            [36m>[31m
              [0m11[0m
            [36m</button>[31m
          [36m</div>[31m
        [36m</div>[31m
        [36m<div[31m
          [33mclass[31m=[32m"flex flex-col"[31m
        [36m>[31m
          [36m<label[31m
            [33mclass[31m=[32m"text-[9px] font-semibold mb-1 text-center text-slate-500"[31m
            [33mstyle[31m=[32m"font-family: \"Manrope\", sans-serif;"[31m
          [36m>[31m
            [0mMin[0m
          [36m</label>[31m
          [36m<div[31m
            [33mclass[31m=[32m"h-24 overflow-y-auto rounded-lg p-0.5 scrollbar-none [&::-webkit-scrollbar]:hidden [-ms-overflow-style:none] [scrollbar-width:none] bg-slate-50"[31m
          [36m>[31m
            [36m<button[31m
              [33mclass[31m=[32m"w-9 py-1 text-[11px] rounded-md transition-all font-medium cursor-pointer block mb-0.5 text-slate-700 hover:bg-slate-200"[31m
              [33mstyle[31m=[32m"font-family: \"Manrope\", sans-serif;"[31m
              [33mtype[31m=[32m"button"[31m
            [36m>[31m
              [0m00[0m
            [36m</button>[31m
            [36m<button...[39m
[31m   → Found multiple elements with the role "button" and name "05"

Here are the matching elements:

Ignored nodes: comments, script, style
[36m<button[31m
  [33mclass[31m=[32m"w-9 py-1 text-[11px] rounded-md transition-all font-medium cursor-pointer block mb-0.5 text-slate-700 hover:bg-slate-200"[31m
  [33mstyle[31m=[32m"font-family: \"Manrope\", sans-serif;"[31m
  [33mtype[31m=[32m"button"[31m
[36m>[31m
  [0m05[0m
[36m</button>[31m

Ignored nodes: comments, script, style
[36m<button[31m
  [33mclass[31m=[32m"w-9 py-1 text-[11px] rounded-md transition-all font-medium cursor-pointer block mb-0.5 text-slate-700 hover:bg-slate-200"[31m
  [33mstyle[31m=[32m"font-family: \"Manrope\", sans-serif;"[31m
  [33mtype[31m=[32m"button"[31m
[36m>[31m
  [0m05[0m
[36m</button>[31m

(If this is intentional, then use the `*AllBy*` variant of the query (like `queryAllByText`, `getAllByText`, or `findAllByText`)).

Ignored nodes: comments, script, style
[36m<body>[31m
  [36m<div>[31m
    [36m<div[31m
      [33manimate[31m=[32m"[object Object]"[31m
      [33mclass[31m=[32m"absolute top-full left-0 mt-1.5 p-2 rounded-xl border shadow-xl z-50 bg-white border-slate-200"[31m
      [33mexit[31m=[32m"[object Object]"[31m
      [33minitial[31m=[32m"[object Object]"[31m
      [33mtransition[31m=[32m"[object Object]"[31m
    [36m>[31m
      [36m<div[31m
        [33mclass[31m=[32m"flex gap-1"[31m
      [36m>[31m
        [36m<div[31m
          [33mclass[31m=[32m"flex flex-col"[31m
        [36m>[31m
          [36m<label[31m
            [33mclass[31m=[32m"text-[9px] font-semibold mb-1 text-center text-slate-500"[31m
            [33mstyle[31m=[32m"font-family: \"Manrope\", sans-serif;"[31m
          [36m>[31m
            [0mHr[0m
          [36m</label>[31m
          [36m<div[31m
            [33mclass[31m=[32m"h-24 overflow-y-auto rounded-lg p-0.5 scrollbar-none [&::-webkit-scrollbar]:hidden [-ms-overflow-style:none] [scrollbar-width:none] bg-slate-50"[31m
          [36m>[31m
            [36m<button[31m
              [33mclass[31m=[32m"w-9 py-1 text-[11px] rounded-md transition-all font-medium cursor-pointer block mb-0.5 text-slate-700 hover:bg-slate-200"[31m
              [33mstyle[31m=[32m"font-family: \"Manrope\", sans-serif;"[31m
              [33mtype[31m=[32m"button"[31m
            [36m>[31m
              [0m12[0m
            [36m</button>[31m
            [36m<button[31m
              [33mclass[31m=[32m"w-9 py-1 text-[11px] rounded-md transition-all font-medium cursor-pointer block mb-0.5 text-slate-700 hover:bg-slate-200"[31m
              [33mstyle[31m=[32m"font-family: \"Manrope\", sans-serif;"[31m
              [33mtype[31m=[32m"button"[31m
            [36m>[31m
              [0m01[0m
            [36m</button>[31m
            [36m<button[31m
              [33mclass[31m=[32m"w-9 py-1 text-[11px] rounded-md transition-all font-medium cursor-pointer block mb-0.5 text-slate-700 hover:bg-slate-200"[31m
              [33mstyle[31m=[32m"font-family: \"Manrope\", sans-serif;"[31m
              [33mtype[31m=[32m"button"[31m
            [36m>[31m
              [0m02[0m
            [36m</button>[31m
            [36m<button[31m
              [33mclass[31m=[32m"w-9 py-1 text-[11px] rounded-md transition-all font-medium cursor-pointer block mb-0.5 bg-blue-500 text-white shadow-sm"[31m
              [33mstyle[31m=[32m"font-family: \"Manrope\", sans-serif;"[31m
              [33mtype[31m=[32m"button"[31m
            [36m>[31m
              [0m03[0m
            [36m</button>[31m
            [36m<button[31m
              [33mclass[31m=[32m"w-9 py-1 text-[11px] rounded-md transition-all font-medium cursor-pointer block mb-0.5 text-slate-700 hover:bg-slate-200"[31m
              [33mstyle[31m=[32m"font-family: \"Manrope\", sans-serif;"[31m
              [33mtype[31m=[32m"button"[31m
            [36m>[31m
              [0m04[0m
            [36m</button>[31m
            [36m<button[31m
              [33mclass[31m=[32m"w-9 py-1 text-[11px] rounded-md transition-all font-medium cursor-pointer block mb-0.5 text-slate-700 hover:bg-slate-200"[31m
              [33mstyle[31m=[32m"font-family: \"Manrope\", sans-serif;"[31m
              [33mtype[31m=[32m"button"[31m
            [36m>[31m
              [0m05[0m
            [36m</button>[31m
            [36m<button[31m
              [33mclass[31m=[32m"w-9 py-1 text-[11px] rounded-md transition-all font-medium cursor-pointer block mb-0.5 text-slate-700 hover:bg-slate-200"[31m
              [33mstyle[31m=[32m"font-family: \"Manrope\", sans-serif;"[31m
              [33mtype[31m=[32m"button"[31m
            [36m>[31m
              [0m06[0m
            [36m</button>[31m
            [36m<button[31m
              [33mclass[31m=[32m"w-9 py-1 text-[11px] rounded-md transition-all font-medium cursor-pointer block mb-0.5 text-slate-700 hover:bg-slate-200"[31m
              [33mstyle[31m=[32m"font-family: \"Manrope\", sans-serif;"[31m
              [33mtype[31m=[32m"button"[31m
            [36m>[31m
              [0m07[0m
            [36m</button>[31m
            [36m<button[31m
              [33mclass[31m=[32m"w-9 py-1 text-[11px] rounded-md transition-all font-medium cursor-pointer block mb-0.5 text-slate-700 hover:bg-slate-200"[31m
              [33mstyle[31m=[32m"font-family: \"Manrope\", sans-serif;"[31m
              [33mtype[31m=[32m"button"[31m
            [36m>[31m
              [0m08[0m
            [36m</button>[31m
            [36m<button[31m
              [33mclass[31m=[32m"w-9 py-1 text-[11px] rounded-md transition-all font-medium cursor-pointer block mb-0.5 text-slate-700 hover:bg-slate-200"[31m
              [33mstyle[31m=[32m"font-family: \"Manrope\", sans-serif;"[31m
              [33mtype[31m=[32m"button"[31m
            [36m>[31m
              [0m09[0m
            [36m</button>[31m
            [36m<button[31m
              [33mclass[31m=[32m"w-9 py-1 text-[11px] rounded-md transition-all font-medium cursor-pointer block mb-0.5 text-slate-700 hover:bg-slate-200"[31m
              [33mstyle[31m=[32m"font-family: \"Manrope\", sans-serif;"[31m
              [33mtype[31m=[32m"button"[31m
            [36m>[31m
              [0m10[0m
            [36m</button>[31m
            [36m<button[31m
              [33mclass[31m=[32m"w-9 py-1 text-[11px] rounded-md transition-all font-medium cursor-pointer block mb-0.5 text-slate-700 hover:bg-slate-200"[31m
              [33mstyle[31m=[32m"font-family: \"Manrope\", sans-serif;"[31m
              [33mtype[31m=[32m"button"[31m
            [36m>[31m
              [0m11[0m
            [36m</button>[31m
          [36m</div>[31m
        [36m</div>[31m
        [36m<div[31m
          [33mclass[31m=[32m"flex flex-col"[31m
        [36m>[31m
          [36m<label[31m
            [33mclass[31m=[32m"text-[9px] font-semibold mb-1 text-center text-slate-500"[31m
            [33mstyle[31m=[32m"font-family: \"Manrope\", sans-serif;"[31m
          [36m>[31m
            [0mMin[0m
          [36m</label>[31m
          [36m<div[31m
            [33mclass[31m=[32m"h-24 overflow-y-auto rounded-lg p-0.5 scrollbar-none [&::-webkit-scrollbar]:hidden [-ms-overflow-style:none] [scrollbar-width:none] bg-slate-50"[31m
          [36m>[31m
            [36m<button[31m
              [33mclass[31m=[32m"w-9 py-1 text-[11px] rounded-md transition-all font-medium cursor-pointer block mb-0.5 text-slate-700 hover:bg-slate-200"[31m
              [33mstyle[31m=[32m"font-family: \"Manrope\", sans-serif;"[31m
              [33mtype[31m=[32m"button"[31m
            [36m>[31m
              [0m00[0m
            [36m</button>[31m
            [36m<button...[39m
 [32m✓[39m src/components/meeting/CustomTimePicker.test.jsx[2m > [22mCustomTimePicker[2m > [22medge cases[2m > [22mshould handle clicking same hour multiple times[33m 483[2mms[22m[39m
 [32m✓[39m src/components/Footer.test.jsx[2m > [22mFooter[2m > [22mbasic rendering[2m > [22mshould render the LeadFlow logo text[32m 194[2mms[22m[39m
 [32m✓[39m src/components/Footer.test.jsx[2m > [22mFooter[2m > [22mbasic rendering[2m > [22mshould render the footer description[32m 37[2mms[22m[39m
 [32m✓[39m src/components/Footer.test.jsx[2m > [22mFooter[2m > [22mbasic rendering[2m > [22mshould render the copyright text[32m 46[2mms[22m[39m
 [32m✓[39m src/components/Footer.test.jsx[2m > [22mFooter[2m > [22mbasic rendering[2m > [22mshould render the Made with heart text[32m 45[2mms[22m[39m
 [32m✓[39m src/components/Footer.test.jsx[2m > [22mFooter[2m > [22mbasic rendering[2m > [22mshould render the Heart icon[32m 48[2mms[22m[39m
 [32m✓[39m src/components/Footer.test.jsx[2m > [22mFooter[2m > [22mbasic rendering[2m > [22mshould render the Zap icon[32m 32[2mms[22m[39m
 [32m✓[39m src/components/Footer.test.jsx[2m > [22mFooter[2m > [22mnavigation sections[2m > [22mshould render Product section heading[32m 38[2mms[22m[39m
 [32m✓[39m src/components/Footer.test.jsx[2m > [22mFooter[2m > [22mnavigation sections[2m > [22mshould render Resources section heading[32m 36[2mms[22m[39m
 [32m✓[39m src/components/Footer.test.jsx[2m > [22mFooter[2m > [22mnavigation sections[2m > [22mshould render Company section heading[32m 27[2mms[22m[39m
 [32m✓[39m src/components/meeting/CustomTimePicker.test.jsx[2m > [22mCustomTimePicker[2m > [22medge cases[2m > [22mshould handle clicking same minute multiple times[33m 469[2mms[22m[39m
 [32m✓[39m src/components/Footer.test.jsx[2m > [22mFooter[2m > [22mnavigation sections[2m > [22mshould render Product links[32m 42[2mms[22m[39m
 [32m✓[39m src/components/Footer.test.jsx[2m > [22mFooter[2m > [22mnavigation sections[2m > [22mshould render Resources links[32m 47[2mms[22m[39m
 [32m✓[39m src/components/Footer.test.jsx[2m > [22mFooter[2m > [22mnavigation sections[2m > [22mshould render Company links[32m 28[2mms[22m[39m
 [32m✓[39m src/components/Footer.test.jsx[2m > [22mFooter[2m > [22mlogo interactions[2m > [22mshould reload page when logo is clicked[32m 41[2mms[22m[39m
 [32m✓[39m src/components/Footer.test.jsx[2m > [22mFooter[2m > [22mlogo interactions[2m > [22mshould reload page when Enter is pressed on logo[32m 56[2mms[22m[39m
 [32m✓[39m src/components/Footer.test.jsx[2m > [22mFooter[2m > [22mlogo interactions[2m > [22mshould reload page when Space is pressed on logo[32m 19[2mms[22m[39m
 [32m✓[39m src/components/Footer.test.jsx[2m > [22mFooter[2m > [22mlogo interactions[2m > [22mshould not reload page for other keys[32m 19[2mms[22m[39m
 [32m✓[39m src/components/AlertsModal.test.jsx[2m > [22mAlertsModal[2m > [22medge cases[2m > [22mshould handle input with maximum length[33m 5366[2mms[22m[39m
 [32m✓[39m src/components/AlertsModal.test.jsx[2m > [22mAlertsModal[2m > [22mbackward compatibility (outside ThemeProvider)[2m > [22mshould render without ThemeProvider using darkMode prop[32m 41[2mms[22m[39m
 [32m✓[39m src/components/AlertsModal.test.jsx[2m > [22mAlertsModal[2m > [22mbackward compatibility (outside ThemeProvider)[2m > [22mshould default to light mode when outside ThemeProvider without darkMode prop[32m 29[2mms[22m[39m
 [32m✓[39m src/components/Footer.test.jsx[2m > [22mFooter[2m > [22mlogo interactions[2m > [22mshould have tabIndex 0 for keyboard accessibility[32m 30[2mms[22m[39m
 [32m✓[39m src/components/meeting/CustomTimePicker.test.jsx[2m > [22mCustomTimePicker[2m > [22medge cases[2m > [22mshould handle toggling AM/PM multiple times[33m 729[2mms[22m[39m
 [32m✓[39m src/components/Footer.test.jsx[2m > [22mFooter[2m > [22mnavigation link clicks[2m > [22mshould call onOpenProductModal when Features is clicked[33m 526[2mms[22m[39m
 [32m✓[39m src/components/StatCards.test.jsx[2m > [22mStatCards[2m > [22mbasic rendering[2m > [22mshould render the stat cards container[32m 242[2mms[22m[39m
 [32m✓[39m src/components/StatCards.test.jsx[2m > [22mStatCards[2m > [22mbasic rendering[2m > [22mshould render 4 stat cards[32m 93[2mms[22m[39m
 [32m✓[39m src/components/StatCards.test.jsx[2m > [22mStatCards[2m > [22mbasic rendering[2m > [22mshould render population value[32m 43[2mms[22m[39m
 [32m✓[39m src/components/StatCards.test.jsx[2m > [22mStatCards[2m > [22mbasic rendering[2m > [22mshould render calls made value[32m 47[2mms[22m[39m
 [32m✓[39m src/components/Footer.test.jsx[2m > [22mFooter[2m > [22mnavigation link clicks[2m > [22mshould call onOpenProductModal when Support is clicked[32m 200[2mms[22m[39m
 [32m✓[39m src/components/Footer.test.jsx[2m > [22mFooter[2m > [22mnavigation link clicks[2m > [22mshould call onOpenResourcesModal when Community is clicked[32m 134[2mms[22m[39m
 [32m✓[39m src/components/StatCards.test.jsx[2m > [22mStatCards[2m > [22mbasic rendering[2m > [22mshould render meetings value[32m 42[2mms[22m[39m
 [32m✓[39m src/components/StatCards.test.jsx[2m > [22mStatCards[2m > [22mbasic rendering[2m > [22mshould render calculated conversion rate[32m 41[2mms[22m[39m
 [32m✓[39m src/components/StatCards.test.jsx[2m > [22mStatCards[2m > [22msub values rendering[2m > [22mshould render new leads sub value[32m 40[2mms[22m[39m
 [32m✓[39m src/components/StatCards.test.jsx[2m > [22mStatCards[2m > [22msub values rendering[2m > [22mshould render calls made sub value[32m 85[2mms[22m[39m
 [32m✓[39m src/components/StatCards.test.jsx[2m > [22mStatCards[2m > [22msub values rendering[2m > [22mshould render meetings scheduled sub value[32m 50[2mms[22m[39m
 [32m✓[39m src/components/Footer.test.jsx[2m > [22mFooter[2m > [22mnavigation link clicks[2m > [22mshould call onOpenResourcesModal when Case Studies is clicked[32m 141[2mms[22m[39m
 [32m✓[39m src/components/StatCards.test.jsx[2m > [22mStatCards[2m > [22msub values rendering[2m > [22mshould render conversion rate sub value[32m 50[2mms[22m[39m
 [32m✓[39m src/components/StatCards.test.jsx[2m > [22mStatCards[2m > [22micons rendering[2m > [22mshould render icons in stat cards[32m 30[2mms[22m[39m
 [32m✓[39m src/components/StatCards.test.jsx[2m > [22mStatCards[2m > [22mgrid layout[2m > [22mshould have grid layout[32m 39[2mms[22m[39m
 [32m✓[39m src/components/Footer.test.jsx[2m > [22mFooter[2m > [22mnavigation link clicks[2m > [22mshould call onOpenCompanyModal when Privacy is clicked[32m 159[2mms[22m[39m
 [32m✓[39m src/components/meeting/CustomTimePicker.test.jsx[2m > [22mCustomTimePicker[2m > [22medge cases[2m > [22mshould maintain correct state after multiple selections[33m 717[2mms[22m[39m
 [32m✓[39m src/components/StatCards.test.jsx[2m > [22mStatCards[2m > [22mgrid layout[2m > [22mshould have 2 columns on small screens[32m 40[2mms[22m[39m
 [32m✓[39m src/components/StatCards.test.jsx[2m > [22mStatCards[2m > [22mgrid layout[2m > [22mshould have 4 columns on large screens[32m 43[2mms[22m[39m
 [32m✓[39m src/components/StatCards.test.jsx[2m > [22mStatCards[2m > [22mgrid layout[2m > [22mshould have gap between cards[32m 44[2mms[22m[39m
 [32m✓[39m src/components/Footer.test.jsx[2m > [22mFooter[2m > [22mnavigation link clicks[2m > [22mshould call onOpenCompanyModal when Terms is clicked[32m 113[2mms[22m[39m
 [31m×[39m src/components/Footer.test.jsx[2m > [22mFooter[2m > [22mdark mode styling[2m > [22mshould apply dark theme background in dark mode[32m 57[2mms[22m[39m[33m (retry x1)[39m
[31m   → [2mexpect([22m[31melement[31m[2m).toHaveClass([22m[32m[32m"bg-slate-900/50"[32m[31m[2m)[22m

Expected the element to have class:
[32m  bg-slate-900/50[31m
Received:
[31m  mt-8 sm:mt-12 md:mt-16 border-t transition-all duration-300 bg-neutral-950/90 border-neutral-800 backdrop-blur-lg[31m[39m
[31m   → [2mexpect([22m[31melement[31m[2m).toHaveClass([22m[32m[32m"bg-slate-900/50"[32m[31m[2m)[22m

Expected the element to have class:
[32m  bg-slate-900/50[31m
Received:
[31m  mt-8 sm:mt-12 md:mt-16 border-t transition-all duration-300 bg-neutral-950/90 border-neutral-800 backdrop-blur-lg[31m[39m
 [32m✓[39m src/components/Footer.test.jsx[2m > [22mFooter[2m > [22mdark mode styling[2m > [22mshould apply light theme background in light mode[32m 19[2mms[22m[39m
 [32m✓[39m src/components/StatCards.test.jsx[2m > [22mStatCards[2m > [22mgrid layout[2m > [22mshould have responsive gap[32m 71[2mms[22m[39m
 [32m✓[39m src/components/StatCards.test.jsx[2m > [22mStatCards[2m > [22mgrid layout[2m > [22mshould have margin bottom[32m 33[2mms[22m[39m
 [32m✓[39m src/components/StatCards.test.jsx[2m > [22mStatCards[2m > [22mgrid layout[2m > [22mshould have responsive margin bottom[32m 28[2mms[22m[39m
 [32m✓[39m src/components/meeting/CustomTimePicker.test.jsx[2m > [22mCustomTimePicker[2m > [22medge cases[2m > [22mshould handle edge time 11:59 PM[32m 279[2mms[22m[39m
 [32m✓[39m src/components/meeting/CustomTimePicker.test.jsx[2m > [22mCustomTimePicker[2m > [22medge cases[2m > [22mshould handle malformed time value gracefully[32m 17[2mms[22m[39m
 [31m×[39m src/components/Footer.test.jsx[2m > [22mFooter[2m > [22mdark mode styling[2m > [22mshould apply dark theme border in dark mode[32m 65[2mms[22m[39m[33m (retry x1)[39m
[31m   → [2mexpect([22m[31melement[31m[2m).toHaveClass([22m[32m[32m"border-slate-800"[32m[31m[2m)[22m

Expected the element to have class:
[32m  border-slate-800[31m
Received:
[31m  mt-8 sm:mt-12 md:mt-16 border-t transition-all duration-300 bg-neutral-950/90 border-neutral-800 backdrop-blur-lg[31m[39m
[31m   → [2mexpect([22m[31melement[31m[2m).toHaveClass([22m[32m[32m"border-slate-800"[32m[31m[2m)[22m

Expected the element to have class:
[32m  border-slate-800[31m
Received:
[31m  mt-8 sm:mt-12 md:mt-16 border-t transition-all duration-300 bg-neutral-950/90 border-neutral-800 backdrop-blur-lg[31m[39m
 [32m✓[39m src/components/Footer.test.jsx[2m > [22mFooter[2m > [22mdark mode styling[2m > [22mshould apply light theme border in light mode[32m 20[2mms[22m[39m
 [31m×[39m src/components/StatCards.test.jsx[2m > [22mStatCards[2m > [22mdark mode styling[2m > [22mshould apply dark theme accent colors in dark mode[32m 122[2mms[22m[39m[33m (retry x1)[39m
[31m   → [2mexpect([22m[31mreceived[31m[2m).toBeInTheDocument()[22m

[31mreceived[31m value must be an HTMLElement or an SVGElement.
Received has type:  Null
Received has value: [31mnull[31m[39m
[31m   → [2mexpect([22m[31mreceived[31m[2m).toBeInTheDocument()[22m

[31mreceived[31m value must be an HTMLElement or an SVGElement.
Received has type:  Null
Received has value: [31mnull[31m[39m
 [32m✓[39m src/components/StatCards.test.jsx[2m > [22mStatCards[2m > [22mdark mode styling[2m > [22mshould apply light theme accent colors in light mode[32m 32[2mms[22m[39m
 [31m×[39m src/components/Footer.test.jsx[2m > [22mFooter[2m > [22mdark mode styling[2m > [22mshould apply dark theme text color to headings in dark mode[32m 74[2mms[22m[39m[33m (retry x1)[39m
[31m   → [2mexpect([22m[31melement[31m[2m).toHaveClass([22m[32m[32m"text-slate-200"[32m[31m[2m)[22m

Expected the element to have class:
[32m  text-slate-200[31m
Received:
[31m  text-sm sm:text-base md:text-lg font-bold text-neutral-200[31m[39m
[31m   → [2mexpect([22m[31melement[31m[2m).toHaveClass([22m[32m[32m"text-slate-200"[32m[31m[2m)[22m

Expected the element to have class:
[32m  text-slate-200[31m
Received:
[31m  text-sm sm:text-base md:text-lg font-bold text-neutral-200[31m[39m
 [32m✓[39m src/components/Footer.test.jsx[2m > [22mFooter[2m > [22mdark mode styling[2m > [22mshould apply light theme text color to headings in light mode[32m 25[2mms[22m[39m
 [31m×[39m src/components/Footer.test.jsx[2m > [22mFooter[2m > [22mdark mode styling[2m > [22mshould apply dark theme icon background in dark mode[32m 54[2mms[22m[39m[33m (retry x1)[39m
[31m   → [2mexpect([22m[31mreceived[31m[2m).toBeInTheDocument()[22m

[31mreceived[31m value must be an HTMLElement or an SVGElement.
Received has type:  Null
Received has value: [31mnull[31m[39m
[31m   → [2mexpect([22m[31mreceived[31m[2m).toBeInTheDocument()[22m

[31mreceived[31m value must be an HTMLElement or an SVGElement.
Received has type:  Null
Received has value: [31mnull[31m[39m
 [32m✓[39m src/components/StatCards.test.jsx[2m > [22mStatCards[2m > [22mdark mode styling[2m > [22mshould apply dark theme text colors for icons in dark mode[32m 34[2mms[22m[39m
 [32m✓[39m src/components/StatCards.test.jsx[2m > [22mStatCards[2m > [22mdark mode styling[2m > [22mshould apply light theme text colors for icons in light mode[32m 33[2mms[22m[39m
 [31m×[39m src/components/StatCards.test.jsx[2m > [22mStatCards[2m > [22mdarkMode override prop[2m > [22mshould use darkMode override when provided (true)[32m 64[2mms[22m[39m[33m (retry x1)[39m
[31m   → [2mexpect([22m[31mreceived[31m[2m).toBeInTheDocument()[22m

[31mreceived[31m value must be an HTMLElement or an SVGElement.
Received has type:  Null
Received has value: [31mnull[31m[39m
[31m   → [2mexpect([22m[31mreceived[31m[2m).toBeInTheDocument()[22m

[31mreceived[31m value must be an HTMLElement or an SVGElement.
Received has type:  Null
Received has value: [31mnull[31m[39m
 [32m✓[39m src/components/Footer.test.jsx[2m > [22mFooter[2m > [22mdark mode styling[2m > [22mshould apply light theme icon background in light mode[32m 30[2mms[22m[39m
 [31m×[39m src/components/Footer.test.jsx[2m > [22mFooter[2m > [22mdark mode styling[2m > [22mshould apply dark theme logo text color in dark mode[32m 56[2mms[22m[39m[33m (retry x1)[39m
[31m   → [2mexpect([22m[31melement[31m[2m).toHaveClass([22m[32m[32m"text-slate-100"[32m[31m[2m)[22m

Expected the element to have class:
[32m  text-slate-100[31m
Received:
[31m  text-lg sm:text-xl md:text-2xl font-bold text-neutral-100[31m[39m
[31m   → [2mexpect([22m[31melement[31m[2m).toHaveClass([22m[32m[32m"text-slate-100"[32m[31m[2m)[22m

Expected the element to have class:
[32m  text-slate-100[31m
Received:
[31m  text-lg sm:text-xl md:text-2xl font-bold text-neutral-100[31m[39m
 [32m✓[39m src/components/Footer.test.jsx[2m > [22mFooter[2m > [22mdark mode styling[2m > [22mshould apply light theme logo text color in light mode[32m 28[2mms[22m[39m
 [32m✓[39m src/components/FooterModal.test.jsx[2m > [22mFooterModal[2m > [22mbasic rendering[2m > [22mshould render when isOpen is true[32m 181[2mms[22m[39m
 [32m✓[39m src/components/FooterModal.test.jsx[2m > [22mFooterModal[2m > [22mbasic rendering[2m > [22mshould not render when isOpen is false[32m 14[2mms[22m[39m
 [32m✓[39m src/components/FooterModal.test.jsx[2m > [22mFooterModal[2m > [22mbasic rendering[2m > [22mshould render the modal title[32m 26[2mms[22m[39m
 [32m✓[39m src/components/FooterModal.test.jsx[2m > [22mFooterModal[2m > [22mbasic rendering[2m > [22mshould render children content[32m 21[2mms[22m[39m
 [32m✓[39m src/components/StatCards.test.jsx[2m > [22mStatCards[2m > [22mdarkMode override prop[2m > [22mshould use darkMode override when provided (false)[32m 30[2mms[22m[39m
 [31m×[39m src/components/StatCards.test.jsx[2m > [22mStatCards[2m > [22mdarkMode override prop[2m > [22mshould use context value when darkMode override is undefined[32m 69[2mms[22m[39m[33m (retry x1)[39m
[31m   → [2mexpect([22m[31mreceived[31m[2m).toBeInTheDocument()[22m

[31mreceived[31m value must be an HTMLElement or an SVGElement.
Received has type:  Null
Received has value: [31mnull[31m[39m
[31m   → [2mexpect([22m[31mreceived[31m[2m).toBeInTheDocument()[22m

[31mreceived[31m value must be an HTMLElement or an SVGElement.
Received has type:  Null
Received has value: [31mnull[31m[39m
 [31m×[39m src/components/Footer.test.jsx[2m > [22mFooter[2m > [22mdarkMode override prop[2m > [22mshould use darkMode override when provided (true)[32m 58[2mms[22m[39m[33m (retry x1)[39m
[31m   → [2mexpect([22m[31melement[31m[2m).toHaveClass([22m[32m[32m"bg-slate-900/50"[32m[31m[2m)[22m

Expected the element to have class:
[32m  bg-slate-900/50[31m
Received:
[31m  mt-8 sm:mt-12 md:mt-16 border-t transition-all duration-300 bg-neutral-950/90 border-neutral-800 backdrop-blur-lg[31m[39m
[31m   → [2mexpect([22m[31melement[31m[2m).toHaveClass([22m[32m[32m"bg-slate-900/50"[32m[31m[2m)[22m

Expected the element to have class:
[32m  bg-slate-900/50[31m
Received:
[31m  mt-8 sm:mt-12 md:mt-16 border-t transition-all duration-300 bg-neutral-950/90 border-neutral-800 backdrop-blur-lg[31m[39m
 [32m✓[39m src/components/Footer.test.jsx[2m > [22mFooter[2m > [22mdarkMode override prop[2m > [22mshould use darkMode override when provided (false)[32m 24[2mms[22m[39m
 [32m✓[39m src/components/StatCards.test.jsx[2m > [22mStatCards[2m > [22mdata calculations[2m > [22mshould calculate total from activity data[32m 43[2mms[22m[39m
 [32m✓[39m src/components/StatCards.test.jsx[2m > [22mStatCards[2m > [22mdata calculations[2m > [22mshould handle empty activity data[32m 33[2mms[22m[39m
 [32m✓[39m src/components/StatCards.test.jsx[2m > [22mStatCards[2m > [22mdata calculations[2m > [22mshould handle single activity data point[32m 40[2mms[22m[39m
 [31m×[39m src/components/Footer.test.jsx[2m > [22mFooter[2m > [22mdarkMode override prop[2m > [22mshould use context value when darkMode override is undefined[32m 56[2mms[22m[39m[33m (retry x1)[39m
[31m   → [2mexpect([22m[31melement[31m[2m).toHaveClass([22m[32m[32m"bg-slate-900/50"[32m[31m[2m)[22m

Expected the element to have class:
[32m  bg-slate-900/50[31m
Received:
[31m  mt-8 sm:mt-12 md:mt-16 border-t transition-all duration-300 bg-neutral-950/90 border-neutral-800 backdrop-blur-lg[31m[39m
[31m   → [2mexpect([22m[31melement[31m[2m).toHaveClass([22m[32m[32m"bg-slate-900/50"[32m[31m[2m)[22m

Expected the element to have class:
[32m  bg-slate-900/50[31m
Received:
[31m  mt-8 sm:mt-12 md:mt-16 border-t transition-all duration-300 bg-neutral-950/90 border-neutral-800 backdrop-blur-lg[31m[39m
 [32m✓[39m src/components/Footer.test.jsx[2m > [22mFooter[2m > [22maccessibility[2m > [22mshould render navigation links as buttons[32m 29[2mms[22m[39m
 [32m✓[39m src/components/Footer.test.jsx[2m > [22mFooter[2m > [22maccessibility[2m > [22mshould have proper heading structure for section titles[32m 35[2mms[22m[39m
 [32m✓[39m src/components/Footer.test.jsx[2m > [22mFooter[2m > [22maccessibility[2m > [22mshould have semantic footer element[32m 24[2mms[22m[39m
 [32m✓[39m src/components/Footer.test.jsx[2m > [22mFooter[2m > [22maccessibility[2m > [22mshould have cursor-pointer on clickable links[32m 30[2mms[22m[39m
 [32m✓[39m src/components/Footer.test.jsx[2m > [22mFooter[2m > [22mresponsive classes[2m > [22mshould have responsive margin classes on footer[32m 19[2mms[22m[39m
 [32m✓[39m src/components/Footer.test.jsx[2m > [22mFooter[2m > [22mresponsive classes[2m > [22mshould have responsive padding classes[32m 23[2mms[22m[39m
 [32m✓[39m src/components/Footer.test.jsx[2m > [22mFooter[2m > [22mresponsive classes[2m > [22mshould have responsive grid layout[32m 32[2mms[22m[39m
 [32m✓[39m src/components/StatCards.test.jsx[2m > [22mStatCards[2m > [22mdata calculations[2m > [22mshould display correct total leads[32m 33[2mms[22m[39m
 [32m✓[39m src/components/StatCards.test.jsx[2m > [22mStatCards[2m > [22mdata calculations[2m > [22mshould display correct calls made[32m 33[2mms[22m[39m
 [32m✓[39m src/components/StatCards.test.jsx[2m > [22mStatCards[2m > [22mdata calculations[2m > [22mshould display correct meetings scheduled[32m 56[2mms[22m[39m
 [32m✓[39m src/components/Footer.test.jsx[2m > [22mFooter[2m > [22mresponsive classes[2m > [22mshould have responsive text sizes for headings[32m 40[2mms[22m[39m
 [32m✓[39m src/components/Footer.test.jsx[2m > [22mFooter[2m > [22mresponsive classes[2m > [22mshould have responsive text sizes for links[32m 39[2mms[22m[39m
 [32m✓[39m src/components/StatCards.test.jsx[2m > [22mStatCards[2m > [22msubValue variants[2m > [22mshould apply positive variant for + values[32m 44[2mms[22m[39m
 [32m✓[39m src/components/StatCards.test.jsx[2m > [22mStatCards[2m > [22msubValue variants[2m > [22mshould display all positive subValues[32m 74[2mms[22m[39m
 [32m✓[39m src/components/Footer.test.jsx[2m > [22mFooter[2m > [22mbackward compatibility (outside ThemeProvider)[2m > [22mshould render without ThemeProvider using darkMode prop[32m 65[2mms[22m[39m
 [32m✓[39m src/components/Footer.test.jsx[2m > [22mFooter[2m > [22mbackward compatibility (outside ThemeProvider)[2m > [22mshould default to light mode when outside ThemeProvider without darkMode prop[32m 21[2mms[22m[39m
 [32m✓[39m src/components/StatCards.test.jsx[2m > [22mStatCards[2m > [22maccent colors[2m > [22mshould have emerald accent for Total Leads card in light mode[32m 37[2mms[22m[39m
 [32m✓[39m src/components/StatCards.test.jsx[2m > [22mStatCards[2m > [22maccent colors[2m > [22mshould have amber accent for Calls Made card in light mode[32m 35[2mms[22m[39m
 [32m✓[39m src/components/StatCards.test.jsx[2m > [22mStatCards[2m > [22maccent colors[2m > [22mshould have cyan accent for Meetings card in light mode[32m 50[2mms[22m[39m
 [32m✓[39m src/components/FooterModal.test.jsx[2m > [22mFooterModal[2m > [22mbasic rendering[2m > [22mshould render the close button[32m 33[2mms[22m[39m
 [32m✓[39m src/components/FooterModal.test.jsx[2m > [22mFooterModal[2m > [22mbasic rendering[2m > [22mshould render the X icon in close button[32m 18[2mms[22m[39m
 [32m✓[39m src/components/StatCards.test.jsx[2m > [22mStatCards[2m > [22maccent colors[2m > [22mshould have blue accent for Conversion Rate card in light mode[32m 47[2mms[22m[39m
 [32m✓[39m src/components/StatCards.test.jsx[2m > [22mStatCards[2m > [22mbackward compatibility (outside ThemeProvider)[2m > [22mshould render without ThemeProvider using darkMode prop[32m 46[2mms[22m[39m
 [32m✓[39m src/components/StatCards.test.jsx[2m > [22mStatCards[2m > [22mbackward compatibility (outside ThemeProvider)[2m > [22mshould default to light mode when outside ThemeProvider without darkMode prop[32m 30[2mms[22m[39m
 [32m✓[39m src/components/FooterModal.test.jsx[2m > [22mFooterModal[2m > [22mclose functionality[2m > [22mshould call onClose when close button is clicked[33m 597[2mms[22m[39m
 [32m✓[39m src/components/StatCards.test.jsx[2m > [22mStatCards[2m > [22medge cases[2m > [22mshould handle zero total leads[32m 38[2mms[22m[39m
 [32m✓[39m src/components/StatCards.test.jsx[2m > [22mStatCards[2m > [22medge cases[2m > [22mshould handle zero calls made[32m 34[2mms[22m[39m
 [32m✓[39m src/components/StatCards.test.jsx[2m > [22mStatCards[2m > [22medge cases[2m > [22mshould handle zero meetings scheduled[32m 29[2mms[22m[39m
 [32m✓[39m src/components/StatCards.test.jsx[2m > [22mStatCards[2m > [22medge cases[2m > [22mshould handle high meetings count[32m 31[2mms[22m[39m
 [32m✓[39m src/components/Footer.test.jsx[2m > [22mFooter[2m > [22medge cases[2m > [22mshould handle multiple clicks on same link[32m 284[2mms[22m[39m
 [32m✓[39m src/components/FooterModal.test.jsx[2m > [22mFooterModal[2m > [22mclose functionality[2m > [22mshould call onClose when backdrop is clicked[32m 126[2mms[22m[39m
 [32m✓[39m src/components/FooterModal.test.jsx[2m > [22mFooterModal[2m > [22mclose functionality[2m > [22mshould not call onClose when modal content is clicked[32m 103[2mms[22m[39m
 [32m✓[39m src/components/FooterModal.test.jsx[2m > [22mFooterModal[2m > [22mclose functionality[2m > [22mshould not call onClose when modal container is clicked[32m 95[2mms[22m[39m
 [32m✓[39m src/components/Footer.test.jsx[2m > [22mFooter[2m > [22medge cases[2m > [22mshould handle clicks on different sections[32m 240[2mms[22m[39m
 [32m✓[39m src/components/Footer.test.jsx[2m > [22mFooter[2m > [22medge cases[2m > [22mshould render all elements without missing props[32m 44[2mms[22m[39m
 [32m✓[39m src/components/Footer.test.jsx[2m > [22mFooter[2m > [22mstyling classes[2m > [22mshould have backdrop blur class[32m 22[2mms[22m[39m
 [32m✓[39m src/components/FooterModal.test.jsx[2m > [22mFooterModal[2m > [22mtitle rendering[2m > [22mshould render different titles[32m 33[2mms[22m[39m
 [32m✓[39m src/components/FooterModal.test.jsx[2m > [22mFooterModal[2m > [22mtitle rendering[2m > [22mshould render title as h2 element[32m 14[2mms[22m[39m
 [32m✓[39m src/components/FooterModal.test.jsx[2m > [22mFooterModal[2m > [22mtitle rendering[2m > [22mshould apply font-bold to title[32m 16[2mms[22m[39m
 [32m✓[39m src/components/FooterModal.test.jsx[2m > [22mFooterModal[2m > [22mtitle rendering[2m > [22mshould handle long titles[32m 25[2mms[22m[39m
 [32m✓[39m src/components/FooterModal.test.jsx[2m > [22mFooterModal[2m > [22mtitle rendering[2m > [22mshould handle empty title[32m 26[2mms[22m[39m
 [32m✓[39m src/components/Footer.test.jsx[2m > [22mFooter[2m > [22mstyling classes[2m > [22mshould have transition classes[32m 33[2mms[22m[39m
 [32m✓[39m src/components/Footer.test.jsx[2m > [22mFooter[2m > [22mstyling classes[2m > [22mshould have border-t class for top border[32m 26[2mms[22m[39m
 [32m✓[39m src/components/Footer.test.jsx[2m > [22mFooter[2m > [22mstyling classes[2m > [22mshould have max-width constraint[32m 22[2mms[22m[39m
 [32m✓[39m src/components/FooterModal.test.jsx[2m > [22mFooterModal[2m > [22mchildren content[2m > [22mshould render text children[32m 26[2mms[22m[39m
 [32m✓[39m src/components/FooterModal.test.jsx[2m > [22mFooterModal[2m > [22mchildren content[2m > [22mshould render complex children[32m 17[2mms[22m[39m
 [32m✓[39m src/components/FooterModal.test.jsx[2m > [22mFooterModal[2m > [22mchildren content[2m > [22mshould render multiple children[32m 22[2mms[22m[39m
 [32m✓[39m src/components/FooterModal.test.jsx[2m > [22mFooterModal[2m > [22mchildren content[2m > [22mshould handle null children[32m 17[2mms[22m[39m
 [31m×[39m src/components/FooterModal.test.jsx[2m > [22mFooterModal[2m > [22mdark mode styling[2m > [22mshould apply dark theme background in dark mode[32m 51[2mms[22m[39m[33m (retry x1)[39m
[31m   → [2mexpect([22m[31mreceived[31m[2m).toBeInTheDocument()[22m

[31mreceived[31m value must be an HTMLElement or an SVGElement.
Received has type:  Null
Received has value: [31mnull[31m[39m
[31m   → [2mexpect([22m[31mreceived[31m[2m).toBeInTheDocument()[22m

[31mreceived[31m value must be an HTMLElement or an SVGElement.
Received has type:  Null
Received has value: [31mnull[31m[39m
 [32m✓[39m src/components/FooterModal.test.jsx[2m > [22mFooterModal[2m > [22mdark mode styling[2m > [22mshould apply light theme background in light mode[32m 12[2mms[22m[39m
 [31m×[39m src/components/FooterModal.test.jsx[2m > [22mFooterModal[2m > [22mdark mode styling[2m > [22mshould apply dark theme border in dark mode[32m 29[2mms[22m[39m[33m (retry x1)[39m
[31m   → [2mexpect([22m[31mreceived[31m[2m).toBeInTheDocument()[22m

[31mreceived[31m value must be an HTMLElement or an SVGElement.
Received has type:  Null
Received has value: [31mnull[31m[39m
[31m   → [2mexpect([22m[31mreceived[31m[2m).toBeInTheDocument()[22m

[31mreceived[31m value must be an HTMLElement or an SVGElement.
Received has type:  Null
Received has value: [31mnull[31m[39m
 [32m✓[39m src/components/FooterModal.test.jsx[2m > [22mFooterModal[2m > [22mdark mode styling[2m > [22mshould apply light theme border in light mode[32m 14[2mms[22m[39m
 [31m×[39m src/components/FooterModal.test.jsx[2m > [22mFooterModal[2m > [22mdark mode styling[2m > [22mshould apply dark theme title color in dark mode[32m 39[2mms[22m[39m[33m (retry x1)[39m
[31m   → [2mexpect([22m[31melement[31m[2m).toHaveClass([22m[32m[32m"text-slate-200"[32m[31m[2m)[22m

Expected the element to have class:
[32m  text-slate-200[31m
Received:
[31m  text-xl font-bold text-neutral-100[31m[39m
[31m   → [2mexpect([22m[31melement[31m[2m).toHaveClass([22m[32m[32m"text-slate-200"[32m[31m[2m)[22m

Expected the element to have class:
[32m  text-slate-200[31m
Received:
[31m  text-xl font-bold text-neutral-100[31m[39m
 [32m✓[39m src/components/FooterModal.test.jsx[2m > [22mFooterModal[2m > [22mdark mode styling[2m > [22mshould apply light theme title color in light mode[32m 21[2mms[22m[39m
 [31m×[39m src/components/FooterModal.test.jsx[2m > [22mFooterModal[2m > [22mdark mode styling[2m > [22mshould apply dark theme header border in dark mode[32m 38[2mms[22m[39m[33m (retry x1)[39m
[31m   → [2mexpect([22m[31mreceived[31m[2m).toBeInTheDocument()[22m

[31mreceived[31m value must be an HTMLElement or an SVGElement.
Received has type:  Null
Received has value: [31mnull[31m[39m
[31m   → [2mexpect([22m[31mreceived[31m[2m).toBeInTheDocument()[22m

[31mreceived[31m value must be an HTMLElement or an SVGElement.
Received has type:  Null
Received has value: [31mnull[31m[39m
 [32m✓[39m src/components/FooterModal.test.jsx[2m > [22mFooterModal[2m > [22mdark mode styling[2m > [22mshould apply light theme header border in light mode[32m 14[2mms[22m[39m
 [31m×[39m src/components/FooterModal.test.jsx[2m > [22mFooterModal[2m > [22mclose button styling[2m > [22mshould have dark theme close button styling in dark mode[32m 32[2mms[22m[39m[33m (retry x1)[39m
[31m   → [2mexpect([22m[31melement[31m[2m).toHaveClass([22m[32m[32m"text-slate-400"[32m[31m[2m)[22m

Expected the element to have class:
[32m  text-slate-400[31m
Received:
[31m  p-2 rounded-lg transition-colors cursor-pointer text-neutral-400 hover:text-neutral-200 hover:bg-neutral-700/50[31m[39m
[31m   → [2mexpect([22m[31melement[31m[2m).toHaveClass([22m[32m[32m"text-slate-400"[32m[31m[2m)[22m

Expected the element to have class:
[32m  text-slate-400[31m
Received:
[31m  p-2 rounded-lg transition-colors cursor-pointer text-neutral-400 hover:text-neutral-200 hover:bg-neutral-700/50[31m[39m
 [32m✓[39m src/components/FooterModal.test.jsx[2m > [22mFooterModal[2m > [22mclose button styling[2m > [22mshould have light theme close button styling in light mode[32m 16[2mms[22m[39m
 [32m✓[39m src/components/FooterModal.test.jsx[2m > [22mFooterModal[2m > [22mclose button styling[2m > [22mshould have rounded corners on close button[32m 49[2mms[22m[39m
 [32m✓[39m src/components/FooterModal.test.jsx[2m > [22mFooterModal[2m > [22mclose button styling[2m > [22mshould have transition classes on close button[32m 10[2mms[22m[39m
 [32m✓[39m src/components/FooterModal.test.jsx[2m > [22mFooterModal[2m > [22mclose button styling[2m > [22mshould have cursor-pointer on close button[32m 14[2mms[22m[39m
 [32m✓[39m src/components/FooterModal.test.jsx[2m > [22mFooterModal[2m > [22mclose button styling[2m > [22mshould have padding on close button[32m 13[2mms[22m[39m
 [32m✓[39m src/components/StatCards.test.jsx[2m > [22mStatCards[2m > [22medge cases[2m > [22mshould handle large total leads numbers[32m 41[2mms[22m[39m
 [32m✓[39m src/components/StatCards.test.jsx[2m > [22mStatCards[2m > [22medge cases[2m > [22mshould handle large calls made numbers[32m 34[2mms[22m[39m
 [32m✓[39m src/components/StatCards.test.jsx[2m > [22mStatCards[2m > [22manimation[2m > [22mshould have motion container with variants[32m 31[2mms[22m[39m
 [31m×[39m src/components/FooterModal.test.jsx[2m > [22mFooterModal[2m > [22mdarkMode override prop[2m > [22mshould use darkMode override when provided (true)[32m 62[2mms[22m[39m[33m (retry x1)[39m
[31m   → [2mexpect([22m[31mreceived[31m[2m).toBeInTheDocument()[22m

[31mreceived[31m value must be an HTMLElement or an SVGElement.
Received has type:  Null
Received has value: [31mnull[31m[39m
[31m   → [2mexpect([22m[31mreceived[31m[2m).toBeInTheDocument()[22m

[31mreceived[31m value must be an HTMLElement or an SVGElement.
Received has type:  Null
Received has value: [31mnull[31m[39m
 [32m✓[39m src/components/FooterModal.test.jsx[2m > [22mFooterModal[2m > [22mdarkMode override prop[2m > [22mshould use darkMode override when provided (false)[32m 13[2mms[22m[39m
 [31m×[39m src/components/FooterModal.test.jsx[2m > [22mFooterModal[2m > [22mdarkMode override prop[2m > [22mshould use context value when darkMode override is undefined[32m 58[2mms[22m[39m[33m (retry x1)[39m
[31m   → [2mexpect([22m[31mreceived[31m[2m).toBeInTheDocument()[22m

[31mreceived[31m value must be an HTMLElement or an SVGElement.
Received has type:  Null
Received has value: [31mnull[31m[39m
[31m   → [2mexpect([22m[31mreceived[31m[2m).toBeInTheDocument()[22m

[31mreceived[31m value must be an HTMLElement or an SVGElement.
Received has type:  Null
Received has value: [31mnull[31m[39m
 [32m✓[39m src/components/FooterModal.test.jsx[2m > [22mFooterModal[2m > [22maccessibility[2m > [22mshould have proper heading structure[32m 88[2mms[22m[39m
 [32m✓[39m src/components/StatCards.test.jsx[2m > [22mStatCards[2m > [22mstat card order[2m > [22mshould render cards in correct order[33m 725[2mms[22m[39m
 [32m✓[39m src/components/StatCards.test.jsx[2m > [22mStatCards[2m > [22mprops updates[2m > [22mshould update when leadData changes[32m 79[2mms[22m[39m
 [32m✓[39m src/components/StatCards.test.jsx[2m > [22mStatCards[2m > [22mprops updates[2m > [22mshould update when activityData changes[32m 71[2mms[22m[39m
 [32m✓[39m src/components/meeting/CustomTimePicker.test.jsx[2m > [22mCustomTimePicker[2m > [22mintegration tests[2m > [22mshould allow complete time selection workflow[33m 984[2mms[22m[39m
 [32m✓[39m src/components/meeting/CustomTimePicker.test.jsx[2m > [22mCustomTimePicker[2m > [22mintegration tests[2m > [22mshould work with ThemeProvider context[32m 33[2mms[22m[39m
 [32m✓[39m src/components/FooterModal.test.jsx[2m > [22mFooterModal[2m > [22maccessibility[2m > [22mshould have clickable close button[32m 12[2mms[22m[39m
 [32m✓[39m src/components/FooterModal.test.jsx[2m > [22mFooterModal[2m > [22maccessibility[2m > [22mshould have scrollable content area[32m 15[2mms[22m[39m
 [32m✓[39m src/components/FooterModal.test.jsx[2m > [22mFooterModal[2m > [22maccessibility[2m > [22mshould have max-height on modal for scroll[32m 23[2mms[22m[39m
 [32m✓[39m src/components/FooterModal.test.jsx[2m > [22mFooterModal[2m > [22mstyling classes[2m > [22mshould have backdrop-blur on modal container[32m 13[2mms[22m[39m
 [32m✓[39m src/components/FooterModal.test.jsx[2m > [22mFooterModal[2m > [22mstyling classes[2m > [22mshould have rounded corners on modal[32m 13[2mms[22m[39m
 [32m✓[39m src/components/FooterModal.test.jsx[2m > [22mFooterModal[2m > [22mstyling classes[2m > [22mshould have shadow on modal[32m 17[2mms[22m[39m
 [32m✓[39m src/components/FooterModal.test.jsx[2m > [22mFooterModal[2m > [22mstyling classes[2m > [22mshould have max-width on modal[32m 14[2mms[22m[39m
 [32m✓[39m src/components/meeting/CustomTimePicker.test.jsx[2m > [22mCustomTimePicker[2m > [22mintegration tests[2m > [22mshould display correctly with all time combinations[33m 1276[2mms[22m[39m
 [32m✓[39m src/components/FooterModal.test.jsx[2m > [22mFooterModal[2m > [22mstyling classes[2m > [22mshould have max-height on modal[32m 14[2mms[22m[39m
 [32m✓[39m src/components/FooterModal.test.jsx[2m > [22mFooterModal[2m > [22mstyling classes[2m > [22mshould have w-full on modal[32m 14[2mms[22m[39m
 [32m✓[39m src/components/FooterModal.test.jsx[2m > [22mFooterModal[2m > [22mstyling classes[2m > [22mshould have overflow-hidden on modal[32m 15[2mms[22m[39m
 [32m✓[39m src/components/FooterModal.test.jsx[2m > [22mFooterModal[2m > [22mbackdrop[2m > [22mshould have backdrop with fixed positioning[32m 18[2mms[22m[39m
 [32m✓[39m src/components/FooterModal.test.jsx[2m > [22mFooterModal[2m > [22mbackdrop[2m > [22mshould have backdrop with z-50[32m 17[2mms[22m[39m
 [32m✓[39m src/components/FooterModal.test.jsx[2m > [22mFooterModal[2m > [22mbackdrop[2m > [22mshould have backdrop with black/50 background[32m 14[2mms[22m[39m
 [32m✓[39m src/components/FooterModal.test.jsx[2m > [22mFooterModal[2m > [22mbackdrop[2m > [22mshould have backdrop with blur effect[32m 14[2mms[22m[39m
 [32m✓[39m src/components/FooterModal.test.jsx[2m > [22mFooterModal[2m > [22mbackdrop[2m > [22mshould have flex centering on backdrop[32m 18[2mms[22m[39m
 [32m✓[39m src/components/FooterModal.test.jsx[2m > [22mFooterModal[2m > [22mbackdrop[2m > [22mshould have padding on backdrop for mobile[32m 14[2mms[22m[39m
 [32m✓[39m src/components/FooterModal.test.jsx[2m > [22mFooterModal[2m > [22mheader section[2m > [22mshould have padding on header[32m 13[2mms[22m[39m
 [32m✓[39m src/components/FooterModal.test.jsx[2m > [22mFooterModal[2m > [22mheader section[2m > [22mshould have border-b on header[32m 17[2mms[22m[39m
 [32m✓[39m src/components/FooterModal.test.jsx[2m > [22mFooterModal[2m > [22mheader section[2m > [22mshould have flex layout for header content[32m 20[2mms[22m[39m
 [32m✓[39m src/components/FooterModal.test.jsx[2m > [22mFooterModal[2m > [22mcontent section[2m > [22mshould have padding on content[32m 13[2mms[22m[39m
 [32m✓[39m src/components/FooterModal.test.jsx[2m > [22mFooterModal[2m > [22mcontent section[2m > [22mshould have custom-scroll class for styled scrollbar[32m 24[2mms[22m[39m
 [32m✓[39m src/components/FooterModal.test.jsx[2m > [22mFooterModal[2m > [22mbackward compatibility (outside ThemeProvider)[2m > [22mshould render without ThemeProvider using darkMode prop[32m 19[2mms[22m[39m
 [32m✓[39m src/components/FooterModal.test.jsx[2m > [22mFooterModal[2m > [22mbackward compatibility (outside ThemeProvider)[2m > [22mshould default to light mode when outside ThemeProvider without darkMode prop[32m 11[2mms[22m[39m
 [32m✓[39m src/components/FooterModal.test.jsx[2m > [22mFooterModal[2m > [22medge cases[2m > [22mshould handle isOpen changing from true to false[32m 22[2mms[22m[39m
 [32m✓[39m src/components/FooterModal.test.jsx[2m > [22mFooterModal[2m > [22medge cases[2m > [22mshould handle isOpen changing from false to true[32m 21[2mms[22m[39m
 [32m✓[39m src/components/FooterModal.test.jsx[2m > [22mFooterModal[2m > [22medge cases[2m > [22mshould handle rapid open/close[32m 184[2mms[22m[39m
 [32m✓[39m src/components/FooterModal.test.jsx[2m > [22mFooterModal[2m > [22medge cases[2m > [22mshould handle title with special characters[32m 19[2mms[22m[39m
 [32m✓[39m src/components/LeadActivityChart.test.jsx[2m > [22mLeadActivityChart[2m > [22mbasic rendering[2m > [22mshould render the chart component[32m 189[2mms[22m[39m
 [32m✓[39m src/components/LeadActivityChart.test.jsx[2m > [22mLeadActivityChart[2m > [22mbasic rendering[2m > [22mshould render the chart title[32m 29[2mms[22m[39m
 [32m✓[39m src/components/LeadActivityChart.test.jsx[2m > [22mLeadActivityChart[2m > [22mbasic rendering[2m > [22mshould render TimePeriodButtons[32m 33[2mms[22m[39m
 [32m✓[39m src/components/LeadActivityChart.test.jsx[2m > [22mLeadActivityChart[2m > [22mbasic rendering[2m > [22mshould render chart container with ResponsiveContainer[32m 24[2mms[22m[39m
 [32m✓[39m src/components/FooterModal.test.jsx[2m > [22mFooterModal[2m > [22medge cases[2m > [22mshould handle children with interactive elements[32m 114[2mms[22m[39m
 [32m✓[39m src/components/FooterModal.test.jsx[2m > [22mFooterModal[2m > [22mevent propagation[2m > [22mshould stop propagation when clicking inside modal[32m 16[2mms[22m[39m
 [32m✓[39m src/components/FooterModal.test.jsx[2m > [22mFooterModal[2m > [22mevent propagation[2m > [22mshould stop propagation when clicking on modal title[32m 12[2mms[22m[39m
 [32m✓[39m src/components/LeadActivityChart.test.jsx[2m > [22mLeadActivityChart[2m > [22mbasic rendering[2m > [22mshould render ComposedChart with data[32m 29[2mms[22m[39m
 [32m✓[39m src/components/LeadActivityChart.test.jsx[2m > [22mLeadActivityChart[2m > [22mbasic rendering[2m > [22mshould render Area component for leads[32m 29[2mms[22m[39m
 [32m✓[39m src/components/LeadActivityChart.test.jsx[2m > [22mLeadActivityChart[2m > [22mbasic rendering[2m > [22mshould render Bar component for calls completed[32m 27[2mms[22m[39m
 [32m✓[39m src/components/LeadActivityChart.test.jsx[2m > [22mLeadActivityChart[2m > [22mbasic rendering[2m > [22mshould render XAxis with correct dataKey[32m 20[2mms[22m[39m
 [32m✓[39m src/components/LeadActivityChart.test.jsx[2m > [22mLeadActivityChart[2m > [22mbasic rendering[2m > [22mshould render YAxis[32m 25[2mms[22m[39m
 [32m✓[39m src/components/LeadActivityChart.test.jsx[2m > [22mLeadActivityChart[2m > [22mbasic rendering[2m > [22mshould render CartesianGrid[32m 19[2mms[22m[39m
 [32m✓[39m src/components/LeadActivityChart.test.jsx[2m > [22mLeadActivityChart[2m > [22mbasic rendering[2m > [22mshould render Tooltip[32m 16[2mms[22m[39m
 [32m✓[39m src/components/LeadActivityChart.test.jsx[2m > [22mLeadActivityChart[2m > [22mbasic rendering[2m > [22mshould render Legend[32m 25[2mms[22m[39m
 [32m✓[39m src/components/LeadActivityChart.test.jsx[2m > [22mLeadActivityChart[2m > [22mtime period selection[2m > [22mshould call setTimePeriod when Week is clicked[33m 539[2mms[22m[39m
 [32m✓[39m src/components/LeadActivityChart.test.jsx[2m > [22mLeadActivityChart[2m > [22mtime period selection[2m > [22mshould call setTimePeriod when Month is clicked[32m 90[2mms[22m[39m
 [32m✓[39m src/components/LeadActivityChart.test.jsx[2m > [22mLeadActivityChart[2m > [22mtime period selection[2m > [22mshould call setTimePeriod when Year is clicked[32m 79[2mms[22m[39m
 [31m×[39m src/components/LeadActivityChart.test.jsx[2m > [22mLeadActivityChart[2m > [22mtime period selection[2m > [22mshould show correct active period button[32m 66[2mms[22m[39m[33m (retry x1)[39m
[31m   → [2mexpect([22m[31melement[31m[2m).toHaveClass([22m[32m[32m"bg-blue-500"[32m[31m[2m)[22m

Expected the element to have class:
[32m  bg-blue-500[31m
Received:
[31m  px-3 sm:px-4 py-2 text-xs sm:text-sm font-medium rounded-xl transition-all duration-200 flex-1 sm:flex-none cursor-pointer bg-blue-600 text-white shadow-lg[31m[39m
[31m   → [2mexpect([22m[31melement[31m[2m).toHaveClass([22m[32m[32m"bg-blue-500"[32m[31m[2m)[22m

Expected the element to have class:
[32m  bg-blue-500[31m
Received:
[31m  px-3 sm:px-4 py-2 text-xs sm:text-sm font-medium rounded-xl transition-all duration-200 flex-1 sm:flex-none cursor-pointer bg-blue-600 text-white shadow-lg[31m[39m
 [31m×[39m src/components/LeadActivityChart.test.jsx[2m > [22mLeadActivityChart[2m > [22mdark mode styling[2m > [22mshould apply dark theme card styling in dark mode[32m 50[2mms[22m[39m[33m (retry x1)[39m
[31m   → [2mexpect([22m[31melement[31m[2m).toHaveClass([22m[32m[32m"bg-zinc-900/70"[32m[31m[2m)[22m

Expected the element to have class:
[32m  bg-zinc-900/70[31m
Received:
[31m  bg-neutral-900/90 border-neutral-700/50 shadow-2xl shadow-black/60 ring-1 ring-neutral-600/20 backdrop-blur-lg rounded-2xl p-3 sm:p-4 md:p-6 border transition-all duration-300 hover:shadow-2xl[31m[39m
[31m   → [2mexpect([22m[31melement[31m[2m).toHaveClass([22m[32m[32m"bg-zinc-900/70"[32m[31m[2m)[22m

Expected the element to have class:
[32m  bg-zinc-900/70[31m
Received:
[31m  bg-neutral-900/90 border-neutral-700/50 shadow-2xl shadow-black/60 ring-1 ring-neutral-600/20 backdrop-blur-lg rounded-2xl p-3 sm:p-4 md:p-6 border transition-all duration-300 hover:shadow-2xl[31m[39m
 [31m×[39m src/components/LeadActivityChart.test.jsx[2m > [22mLeadActivityChart[2m > [22mdark mode styling[2m > [22mshould apply light theme card styling in light mode[32m 47[2mms[22m[39m[33m (retry x1)[39m
[31m   → [2mexpect([22m[31melement[31m[2m).toHaveClass([22m[32m[32m"bg-white/80"[32m[31m[2m)[22m

Expected the element to have class:
[32m  bg-white/80[31m
Received:
[31m  bg-white/90 border-slate-200/60 shadow-xl shadow-slate-900/10 backdrop-blur-lg rounded-2xl p-3 sm:p-4 md:p-6 border transition-all duration-300 hover:shadow-2xl[31m[39m
[31m   → [2mexpect([22m[31melement[31m[2m).toHaveClass([22m[32m[32m"bg-white/80"[32m[31m[2m)[22m

Expected the element to have class:
[32m  bg-white/80[31m
Received:
[31m  bg-white/90 border-slate-200/60 shadow-xl shadow-slate-900/10 backdrop-blur-lg rounded-2xl p-3 sm:p-4 md:p-6 border transition-all duration-300 hover:shadow-2xl[31m[39m
 [31m×[39m src/components/LeadActivityChart.test.jsx[2m > [22mLeadActivityChart[2m > [22mdark mode styling[2m > [22mshould apply dark theme title styling in dark mode[32m 45[2mms[22m[39m[33m (retry x1)[39m
[31m   → [2mexpect([22m[31melement[31m[2m).toHaveClass([22m[32m[32m"text-zinc-100"[32m[31m[2m)[22m

Expected the element to have class:
[32m  text-zinc-100[31m
Received:
[31m  text-base sm:text-lg md:text-xl font-bold text-neutral-100[31m[39m
[31m   → [2mexpect([22m[31melement[31m[2m).toHaveClass([22m[32m[32m"text-zinc-100"[32m[31m[2m)[22m

Expected the element to have class:
[32m  text-zinc-100[31m
Received:
[31m  text-base sm:text-lg md:text-xl font-bold text-neutral-100[31m[39m
 [31m×[39m src/components/LeadActivityChart.test.jsx[2m > [22mLeadActivityChart[2m > [22mdark mode styling[2m > [22mshould apply light theme title styling in light mode[32m 42[2mms[22m[39m[33m (retry x1)[39m
[31m   → [2mexpect([22m[31melement[31m[2m).toHaveClass([22m[32m[32m"text-slate-800"[32m[31m[2m)[22m

Expected the element to have class:
[32m  text-slate-800[31m
Received:
[31m  text-base sm:text-lg md:text-xl font-bold text-slate-700[31m[39m
[31m   → [2mexpect([22m[31melement[31m[2m).toHaveClass([22m[32m[32m"text-slate-800"[32m[31m[2m)[22m

Expected the element to have class:
[32m  text-slate-800[31m
Received:
[31m  text-base sm:text-lg md:text-xl font-bold text-slate-700[31m[39m
 [31m×[39m src/components/LeadActivityChart.test.jsx[2m > [22mLeadActivityChart[2m > [22mdark mode styling[2m > [22mshould use context value when darkMode override is undefined[32m 40[2mms[22m[39m[33m (retry x1)[39m
[31m   → [2mexpect([22m[31melement[31m[2m).toHaveClass([22m[32m[32m"bg-zinc-900/70"[32m[31m[2m)[22m

Expected the element to have class:
[32m  bg-zinc-900/70[31m
Received:
[31m  bg-neutral-900/90 border-neutral-700/50 shadow-2xl shadow-black/60 ring-1 ring-neutral-600/20 backdrop-blur-lg rounded-2xl p-3 sm:p-4 md:p-6 border transition-all duration-300 hover:shadow-2xl[31m[39m
[31m   → [2mexpect([22m[31melement[31m[2m).toHaveClass([22m[32m[32m"bg-zinc-900/70"[32m[31m[2m)[22m

Expected the element to have class:
[32m  bg-zinc-900/70[31m
Received:
[31m  bg-neutral-900/90 border-neutral-700/50 shadow-2xl shadow-black/60 ring-1 ring-neutral-600/20 backdrop-blur-lg rounded-2xl p-3 sm:p-4 md:p-6 border transition-all duration-300 hover:shadow-2xl[31m[39m
 [32m✓[39m src/components/LeadActivityChart.test.jsx[2m > [22mLeadActivityChart[2m > [22mstyling[2m > [22mshould have rounded corners[32m 21[2mms[22m[39m
 [32m✓[39m src/components/LeadActivityChart.test.jsx[2m > [22mLeadActivityChart[2m > [22mstyling[2m > [22mshould have backdrop blur effect[32m 23[2mms[22m[39m
 [32m✓[39m src/components/LeadActivityChart.test.jsx[2m > [22mLeadActivityChart[2m > [22mstyling[2m > [22mshould have border[32m 16[2mms[22m[39m
 [32m✓[39m src/components/LeadActivityChart.test.jsx[2m > [22mLeadActivityChart[2m > [22mstyling[2m > [22mshould have transition classes[32m 14[2mms[22m[39m
 [32m✓[39m src/components/LeadActivityChart.test.jsx[2m > [22mLeadActivityChart[2m > [22mstyling[2m > [22mshould have hover shadow effect[32m 19[2mms[22m[39m
 [32m✓[39m src/components/LeadActivityChart.test.jsx[2m > [22mLeadActivityChart[2m > [22mstyling[2m > [22mshould have responsive padding[32m 22[2mms[22m[39m
 [32m✓[39m src/components/LeadActivityChart.test.jsx[2m > [22mLeadActivityChart[2m > [22mheader layout[2m > [22mshould have responsive flex layout in header[32m 25[2mms[22m[39m
 [32m✓[39m src/components/LeadActivityChart.test.jsx[2m > [22mLeadActivityChart[2m > [22mheader layout[2m > [22mshould have responsive spacing in header[32m 14[2mms[22m[39m
 [32m✓[39m src/components/LeadActivityChart.test.jsx[2m > [22mLeadActivityChart[2m > [22maccessibility[2m > [22mshould have accessible chart container with role img[32m 18[2mms[22m[39m
 [31m×[39m src/components/LeadActivityChart.test.jsx[2m > [22mLeadActivityChart[2m > [22maccessibility[2m > [22mshould have aria-label describing the chart[32m 39[2mms[22m[39m[33m (retry x1)[39m
[31m   → [2mexpect([22m[31melement[31m[2m).toHaveAttribute([22m[32m[32m"aria-label"[32m[31m[2m, [22m[32m[32m"Lead activity chart showing active leads and calls completed"[32m[31m[2m) // element.getAttribute("aria-label") === "Lead activity chart showing active leads and calls completed"[22m

Expected the element to have attribute:
[32m  aria-label="Lead activity chart showing active leads and calls completed"[31m
Received:
[31m  aria-label="Select time period"[31m[39m
[31m   → [2mexpect([22m[31melement[31m[2m).toHaveAttribute([22m[32m[32m"aria-label"[32m[31m[2m, [22m[32m[32m"Lead activity chart showing active leads and calls completed"[32m[31m[2m) // element.getAttribute("aria-label") === "Lead activity chart showing active leads and calls completed"[22m

Expected the element to have attribute:
[32m  aria-label="Lead activity chart showing active leads and calls completed"[31m
Received:
[31m  aria-label="Select time period"[31m[39m
 [32m✓[39m src/components/LeadActivityChart.test.jsx[2m > [22mLeadActivityChart[2m > [22maccessibility[2m > [22mshould render title with proper heading level[32m 94[2mms[22m[39m
 [32m✓[39m src/components/LeadActivityChart.test.jsx[2m > [22mLeadActivityChart[2m > [22mdata handling[2m > [22mshould handle empty data array[32m 17[2mms[22m[39m
 [32m✓[39m src/components/LeadActivityChart.test.jsx[2m > [22mLeadActivityChart[2m > [22mdata handling[2m > [22mshould handle single data point[32m 21[2mms[22m[39m
 [32m✓[39m src/components/LeadActivityChart.test.jsx[2m > [22mLeadActivityChart[2m > [22mdata handling[2m > [22mshould handle large data array[32m 21[2mms[22m[39m
 [32m✓[39m src/components/LeadActivityChart.test.jsx[2m > [22mLeadActivityChart[2m > [22mdata handling[2m > [22mshould handle data with zero values[32m 16[2mms[22m[39m
 [32m✓[39m src/components/LeadActivityChart.test.jsx[2m > [22mLeadActivityChart[2m > [22mdata handling[2m > [22mshould handle data with large numbers[32m 22[2mms[22m[39m
 [32m✓[39m src/components/LeadActivityChart.test.jsx[2m > [22mLeadActivityChart[2m > [22medge cases[2m > [22mshould render without crashing when data is undefined[32m 19[2mms[22m[39m
 [32m✓[39m src/components/LeadActivityChart.test.jsx[2m > [22mLeadActivityChart[2m > [22medge cases[2m > [22mshould handle rapid time period changes[32m 241[2mms[22m[39m
 [31m×[39m src/components/LeadActivityChart.test.jsx[2m > [22mLeadActivityChart[2m > [22medge cases[2m > [22mshould handle theme toggle correctly[32m 48[2mms[22m[39m[33m (retry x1)[39m
[31m   → [2mexpect([22m[31melement[31m[2m).toHaveClass([22m[32m[32m"bg-white/80"[32m[31m[2m)[22m

Expected the element to have class:
[32m  bg-white/80[31m
Received:
[31m  bg-white/90 border-slate-200/60 shadow-xl shadow-slate-900/10 backdrop-blur-lg rounded-2xl p-3 sm:p-4 md:p-6 border transition-all duration-300 hover:shadow-2xl[31m[39m
[31m   → [2mexpect([22m[31melement[31m[2m).toHaveClass([22m[32m[32m"bg-white/80"[32m[31m[2m)[22m

Expected the element to have class:
[32m  bg-white/80[31m
Received:
[31m  bg-white/90 border-slate-200/60 shadow-xl shadow-slate-900/10 backdrop-blur-lg rounded-2xl p-3 sm:p-4 md:p-6 border transition-all duration-300 hover:shadow-2xl[31m[39m
 [32m✓[39m src/components/LeadActivityChart.test.jsx[2m > [22mLeadActivityChart[2m > [22medge cases[2m > [22mshould maintain chart structure after data update[32m 46[2mms[22m[39m
 [32m✓[39m src/components/LeadActivityChart.test.jsx[2m > [22mLeadActivityChart[2m > [22mchart container[2m > [22mshould have responsive height classes[32m 25[2mms[22m[39m
 [32m✓[39m src/components/LeadActivityChart.test.jsx[2m > [22mLeadActivityChart[2m > [22mchart container[2m > [22mshould have full width[32m 18[2mms[22m[39m
 [32m✓[39m src/components/LeadActivityChart.test.jsx[2m > [22mLeadActivityChart[2m > [22mintegration tests[2m > [22mshould render complete chart with all subcomponents[32m 27[2mms[22m[39m
 [32m✓[39m src/components/LeadActivityChart.test.jsx[2m > [22mLeadActivityChart[2m > [22mintegration tests[2m > [22mshould work correctly with full user interaction flow[32m 224[2mms[22m[39m
 [32m✓[39m src/components/TimePeriodButtons.test.jsx[2m > [22mTimePeriodButtons[2m > [22mbasic rendering[2m > [22mshould render all default time period buttons[32m 146[2mms[22m[39m
 [32m✓[39m src/components/TimePeriodButtons.test.jsx[2m > [22mTimePeriodButtons[2m > [22mbasic rendering[2m > [22mshould render exactly 3 buttons by default[33m 469[2mms[22m[39m
 [32m✓[39m src/components/TimePeriodButtons.test.jsx[2m > [22mTimePeriodButtons[2m > [22mbasic rendering[2m > [22mshould capitalize first letter of period labels[32m 24[2mms[22m[39m
 [32m✓[39m src/components/TimePeriodButtons.test.jsx[2m > [22mTimePeriodButtons[2m > [22mperiod selection[2m > [22mshould call onPeriodChange with 'week' when Week button is clicked[32m 138[2mms[22m[39m
 [32m✓[39m src/components/TimePeriodButtons.test.jsx[2m > [22mTimePeriodButtons[2m > [22mperiod selection[2m > [22mshould call onPeriodChange with 'month' when Month button is clicked[32m 143[2mms[22m[39m
 [32m✓[39m src/components/TimePeriodButtons.test.jsx[2m > [22mTimePeriodButtons[2m > [22mperiod selection[2m > [22mshould call onPeriodChange with 'year' when Year button is clicked[32m 80[2mms[22m[39m
 [32m✓[39m src/components/TimePeriodButtons.test.jsx[2m > [22mTimePeriodButtons[2m > [22mperiod selection[2m > [22mshould call onPeriodChange even when clicking the already selected period[32m 91[2mms[22m[39m
 [32m✓[39m src/components/TimePeriodButtons.test.jsx[2m > [22mTimePeriodButtons[2m > [22mactive button styling[2m > [22mshould apply active styling to currently selected period[32m 27[2mms[22m[39m
 [32m✓[39m src/components/TimePeriodButtons.test.jsx[2m > [22mTimePeriodButtons[2m > [22mactive button styling[2m > [22mshould not apply active styling to non-selected periods[32m 12[2mms[22m[39m
 [32m✓[39m src/components/TimePeriodButtons.test.jsx[2m > [22mTimePeriodButtons[2m > [22mactive button styling[2m > [22mshould update active styling when currentPeriod changes[32m 27[2mms[22m[39m
 [32m✓[39m src/components/TimePeriodButtons.test.jsx[2m > [22mTimePeriodButtons[2m > [22mactive button styling[2m > [22mshould have shadow on active button[32m 11[2mms[22m[39m
 [32m✓[39m src/components/TimePeriodButtons.test.jsx[2m > [22mTimePeriodButtons[2m > [22mcustom periods[2m > [22mshould render custom periods when provided[32m 13[2mms[22m[39m
 [32m✓[39m src/components/TimePeriodButtons.test.jsx[2m > [22mTimePeriodButtons[2m > [22mcustom periods[2m > [22mshould render correct number of custom period buttons[32m 42[2mms[22m[39m
 [32m✓[39m src/components/TimePeriodButtons.test.jsx[2m > [22mTimePeriodButtons[2m > [22mcustom periods[2m > [22mshould call onPeriodChange with custom period value[32m 74[2mms[22m[39m
 [32m✓[39m src/components/TimePeriodButtons.test.jsx[2m > [22mTimePeriodButtons[2m > [22mcustom periods[2m > [22mshould handle single period[32m 34[2mms[22m[39m
 [31m×[39m src/components/TimePeriodButtons.test.jsx[2m > [22mTimePeriodButtons[2m > [22mdark mode styling[2m > [22mshould apply dark theme inactive button styling in dark mode[32m 39[2mms[22m[39m[33m (retry x1)[39m
[31m   → [2mexpect([22m[31melement[31m[2m).toHaveClass([22m[32m[32m"text-slate-400"[32m[31m[2m)[22m

Expected the element to have class:
[32m  text-slate-400[31m
Received:
[31m  px-3 sm:px-4 py-2 text-xs sm:text-sm font-medium rounded-xl transition-all duration-200 flex-1 sm:flex-none cursor-pointer text-neutral-400 hover:text-neutral-200 hover:bg-neutral-700/50[31m[39m
[31m   → [2mexpect([22m[31melement[31m[2m).toHaveClass([22m[32m[32m"text-slate-400"[32m[31m[2m)[22m

Expected the element to have class:
[32m  text-slate-400[31m
Received:
[31m  px-3 sm:px-4 py-2 text-xs sm:text-sm font-medium rounded-xl transition-all duration-200 flex-1 sm:flex-none cursor-pointer text-neutral-400 hover:text-neutral-200 hover:bg-neutral-700/50[31m[39m
 [32m✓[39m src/components/TimePeriodButtons.test.jsx[2m > [22mTimePeriodButtons[2m > [22mdark mode styling[2m > [22mshould apply light theme inactive button styling in light mode[32m 11[2mms[22m[39m
 [31m×[39m src/components/TimePeriodButtons.test.jsx[2m > [22mTimePeriodButtons[2m > [22mdark mode styling[2m > [22mshould apply dark theme hover styling in dark mode[32m 21[2mms[22m[39m[33m (retry x1)[39m
[31m   → [2mexpect([22m[31melement[31m[2m).toHaveClass([22m[32m[32m"hover:text-slate-200"[32m[31m[2m)[22m

Expected the element to have class:
[32m  hover:text-slate-200[31m
Received:
[31m  px-3 sm:px-4 py-2 text-xs sm:text-sm font-medium rounded-xl transition-all duration-200 flex-1 sm:flex-none cursor-pointer text-neutral-400 hover:text-neutral-200 hover:bg-neutral-700/50[31m[39m
[31m   → [2mexpect([22m[31melement[31m[2m).toHaveClass([22m[32m[32m"hover:text-slate-200"[32m[31m[2m)[22m

Expected the element to have class:
[32m  hover:text-slate-200[31m
Received:
[31m  px-3 sm:px-4 py-2 text-xs sm:text-sm font-medium rounded-xl transition-all duration-200 flex-1 sm:flex-none cursor-pointer text-neutral-400 hover:text-neutral-200 hover:bg-neutral-700/50[31m[39m
 [32m✓[39m src/components/TimePeriodButtons.test.jsx[2m > [22mTimePeriodButtons[2m > [22mdark mode styling[2m > [22mshould apply light theme hover styling in light mode[32m 7[2mms[22m[39m
 [32m✓[39m src/components/TimePeriodButtons.test.jsx[2m > [22mTimePeriodButtons[2m > [22mdark mode styling[2m > [22mshould maintain active button styling regardless of theme[32m 14[2mms[22m[39m
 [31m×[39m src/components/TimePeriodButtons.test.jsx[2m > [22mTimePeriodButtons[2m > [22mdarkMode override prop[2m > [22mshould use darkMode override when provided (true)[32m 28[2mms[22m[39m[33m (retry x1)[39m
[31m   → [2mexpect([22m[31melement[31m[2m).toHaveClass([22m[32m[32m"text-slate-400"[32m[31m[2m)[22m

Expected the element to have class:
[32m  text-slate-400[31m
Received:
[31m  px-3 sm:px-4 py-2 text-xs sm:text-sm font-medium rounded-xl transition-all duration-200 flex-1 sm:flex-none cursor-pointer text-neutral-400 hover:text-neutral-200 hover:bg-neutral-700/50[31m[39m
[31m   → [2mexpect([22m[31melement[31m[2m).toHaveClass([22m[32m[32m"text-slate-400"[32m[31m[2m)[22m

Expected the element to have class:
[32m  text-slate-400[31m
Received:
[31m  px-3 sm:px-4 py-2 text-xs sm:text-sm font-medium rounded-xl transition-all duration-200 flex-1 sm:flex-none cursor-pointer text-neutral-400 hover:text-neutral-200 hover:bg-neutral-700/50[31m[39m
 [32m✓[39m src/components/TimePeriodButtons.test.jsx[2m > [22mTimePeriodButtons[2m > [22mdarkMode override prop[2m > [22mshould use darkMode override when provided (false)[32m 10[2mms[22m[39m
 [31m×[39m src/components/TimePeriodButtons.test.jsx[2m > [22mTimePeriodButtons[2m > [22mdarkMode override prop[2m > [22mshould use context value when darkMode override is undefined[32m 24[2mms[22m[39m[33m (retry x1)[39m
[31m   → [2mexpect([22m[31melement[31m[2m).toHaveClass([22m[32m[32m"text-slate-400"[32m[31m[2m)[22m

Expected the element to have class:
[32m  text-slate-400[31m
Received:
[31m  px-3 sm:px-4 py-2 text-xs sm:text-sm font-medium rounded-xl transition-all duration-200 flex-1 sm:flex-none cursor-pointer text-neutral-400 hover:text-neutral-200 hover:bg-neutral-700/50[31m[39m
[31m   → [2mexpect([22m[31melement[31m[2m).toHaveClass([22m[32m[32m"text-slate-400"[32m[31m[2m)[22m

Expected the element to have class:
[32m  text-slate-400[31m
Received:
[31m  px-3 sm:px-4 py-2 text-xs sm:text-sm font-medium rounded-xl transition-all duration-200 flex-1 sm:flex-none cursor-pointer text-neutral-400 hover:text-neutral-200 hover:bg-neutral-700/50[31m[39m
 [32m✓[39m src/components/TimePeriodButtons.test.jsx[2m > [22mTimePeriodButtons[2m > [22maccessibility[2m > [22mshould render buttons with button role[32m 73[2mms[22m[39m
 [32m✓[39m src/components/TimePeriodButtons.test.jsx[2m > [22mTimePeriodButtons[2m > [22maccessibility[2m > [22mshould have cursor-pointer on all buttons[32m 15[2mms[22m[39m
 [32m✓[39m src/components/TimePeriodButtons.test.jsx[2m > [22mTimePeriodButtons[2m > [22maccessibility[2m > [22mshould be keyboard accessible[32m 90[2mms[22m[39m
 [32m✓[39m src/components/TimePeriodButtons.test.jsx[2m > [22mTimePeriodButtons[2m > [22mresponsive classes[2m > [22mshould have responsive padding classes[32m 11[2mms[22m[39m
 [32m✓[39m src/components/TimePeriodButtons.test.jsx[2m > [22mTimePeriodButtons[2m > [22mresponsive classes[2m > [22mshould have responsive text sizes[32m 10[2mms[22m[39m
 [32m✓[39m src/components/TimePeriodButtons.test.jsx[2m > [22mTimePeriodButtons[2m > [22mresponsive classes[2m > [22mshould have responsive flex behavior on container[32m 17[2mms[22m[39m
 [32m✓[39m src/components/TimePeriodButtons.test.jsx[2m > [22mTimePeriodButtons[2m > [22mresponsive classes[2m > [22mshould have flex-1 on buttons for small screens[32m 14[2mms[22m[39m
 [32m✓[39m src/components/TimePeriodButtons.test.jsx[2m > [22mTimePeriodButtons[2m > [22mstyling classes[2m > [22mshould have rounded corners on buttons[32m 7[2mms[22m[39m
 [32m✓[39m src/components/TimePeriodButtons.test.jsx[2m > [22mTimePeriodButtons[2m > [22mstyling classes[2m > [22mshould have transition classes for animations[32m 12[2mms[22m[39m
 [32m✓[39m src/components/TimePeriodButtons.test.jsx[2m > [22mTimePeriodButtons[2m > [22mstyling classes[2m > [22mshould have font-medium class[32m 13[2mms[22m[39m
 [32m✓[39m src/components/TimePeriodButtons.test.jsx[2m > [22mTimePeriodButtons[2m > [22mstyling classes[2m > [22mshould have space between buttons[32m 16[2mms[22m[39m
 [32m✓[39m src/components/TimePeriodButtons.test.jsx[2m > [22mTimePeriodButtons[2m > [22mbackward compatibility (outside ThemeProvider)[2m > [22mshould render without ThemeProvider using darkMode prop[32m 9[2mms[22m[39m
 [32m✓[39m src/components/TimePeriodButtons.test.jsx[2m > [22mTimePeriodButtons[2m > [22mbackward compatibility (outside ThemeProvider)[2m > [22mshould default to light mode when outside ThemeProvider without darkMode prop[32m 10[2mms[22m[39m
 [32m✓[39m src/components/TimePeriodButtons.test.jsx[2m > [22mTimePeriodButtons[2m > [22medge cases[2m > [22mshould handle empty periods array[32m 7[2mms[22m[39m
 [32m✓[39m src/components/TimePeriodButtons.test.jsx[2m > [22mTimePeriodButtons[2m > [22medge cases[2m > [22mshould handle unknown currentPeriod[32m 13[2mms[22m[39m
 [32m✓[39m src/components/TimePeriodButtons.test.jsx[2m > [22mTimePeriodButtons[2m > [22medge cases[2m > [22mshould handle rapid clicks on different buttons[32m 209[2mms[22m[39m
 [32m✓[39m src/components/TimePeriodButtons.test.jsx[2m > [22mTimePeriodButtons[2m > [22medge cases[2m > [22mshould handle periods with special formatting needs[32m 16[2mms[22m[39m
 [32m✓[39m src/components/TimePeriodButtons.test.jsx[2m > [22mTimePeriodButtons[2m > [22medge cases[2m > [22mshould handle very long period names[32m 11[2mms[22m[39m
 [32m✓[39m src/components/TimePeriodButtons.test.jsx[2m > [22mTimePeriodButtons[2m > [22medge cases[2m > [22mshould handle single character period names[32m 12[2mms[22m[39m
 [32m✓[39m src/components/TimePeriodButtons.test.jsx[2m > [22mTimePeriodButtons[2m > [22mmultiple interactions[2m > [22mshould handle double click on same button[32m 113[2mms[22m[39m
 [32m✓[39m src/components/TimePeriodButtons.test.jsx[2m > [22mTimePeriodButtons[2m > [22mmultiple interactions[2m > [22mshould handle alternating clicks between two periods[32m 253[2mms[22m[39m
 [32m✓[39m src/components/ConversionRateChart.test.jsx[2m > [22mConversionRateChart[2m > [22mbasic rendering[2m > [22mshould render the chart component[32m 165[2mms[22m[39m
 [32m✓[39m src/components/ConversionRateChart.test.jsx[2m > [22mConversionRateChart[2m > [22mbasic rendering[2m > [22mshould render the chart title[32m 33[2mms[22m[39m
 [32m✓[39m src/components/ConversionRateChart.test.jsx[2m > [22mConversionRateChart[2m > [22mbasic rendering[2m > [22mshould render time period buttons[32m 35[2mms[22m[39m
 [32m✓[39m src/components/ConversionRateChart.test.jsx[2m > [22mConversionRateChart[2m > [22mbasic rendering[2m > [22mshould render the chart container[32m 28[2mms[22m[39m
 [32m✓[39m src/components/ConversionRateChart.test.jsx[2m > [22mConversionRateChart[2m > [22mbasic rendering[2m > [22mshould render the line chart[32m 25[2mms[22m[39m
 [32m✓[39m src/components/ConversionRateChart.test.jsx[2m > [22mConversionRateChart[2m > [22mbasic rendering[2m > [22mshould render chart elements[32m 20[2mms[22m[39m
 [32m✓[39m src/components/ConversionRateChart.test.jsx[2m > [22mConversionRateChart[2m > [22mdata handling[2m > [22mshould pass data to chart[32m 23[2mms[22m[39m
 [32m✓[39m src/components/ConversionRateChart.test.jsx[2m > [22mConversionRateChart[2m > [22mdata handling[2m > [22mshould render line with efficiency dataKey[32m 21[2mms[22m[39m
 [32m✓[39m src/components/ProductModalContent.test.jsx[2m > [22mProductModalContent[2m > [22mbasic rendering[2m > [22mshould render Advanced Features section heading[32m 197[2mms[22m[39m
 [32m✓[39m src/components/ProductModalContent.test.jsx[2m > [22mProductModalContent[2m > [22mbasic rendering[2m > [22mshould render Support Services section heading[32m 42[2mms[22m[39m
 [32m✓[39m src/components/ProductModalContent.test.jsx[2m > [22mProductModalContent[2m > [22mbasic rendering[2m > [22mshould render Real-time Lead Tracking feature[32m 23[2mms[22m[39m
 [32m✓[39m src/components/CustomTooltip.test.jsx[2m > [22mCustomTooltip[2m > [22mbasic rendering[2m > [22mshould render when active with payload[32m 226[2mms[22m[39m
 [32m✓[39m src/components/CustomTooltip.test.jsx[2m > [22mCustomTooltip[2m > [22mbasic rendering[2m > [22mshould render payload values[32m 39[2mms[22m[39m
 [32m✓[39m src/components/CustomTooltip.test.jsx[2m > [22mCustomTooltip[2m > [22mbasic rendering[2m > [22mshould render payload names[32m 18[2mms[22m[39m
 [32m✓[39m src/components/CustomTooltip.test.jsx[2m > [22mCustomTooltip[2m > [22mbasic rendering[2m > [22mshould not render when not active[32m 8[2mms[22m[39m
 [32m✓[39m src/components/CustomTooltip.test.jsx[2m > [22mCustomTooltip[2m > [22mbasic rendering[2m > [22mshould not render when payload is empty[32m 11[2mms[22m[39m
 [32m✓[39m src/components/ConversionRateChart.test.jsx[2m > [22mConversionRateChart[2m > [22mdata handling[2m > [22mshould render line with correct name[32m 17[2mms[22m[39m
 [32m✓[39m src/components/ConversionRateChart.test.jsx[2m > [22mConversionRateChart[2m > [22mdata handling[2m > [22mshould configure XAxis with name dataKey[32m 18[2mms[22m[39m
 [32m✓[39m src/components/ConversionRateChart.test.jsx[2m > [22mConversionRateChart[2m > [22mdata handling[2m > [22mshould handle empty data array[32m 15[2mms[22m[39m
 [32m✓[39m src/components/ConversionRateChart.test.jsx[2m > [22mConversionRateChart[2m > [22mdata handling[2m > [22mshould handle single data point[32m 19[2mms[22m[39m
 [32m✓[39m src/components/ConversionRateChart.test.jsx[2m > [22mConversionRateChart[2m > [22mdata handling[2m > [22mshould handle large data sets[32m 18[2mms[22m[39m
 [32m✓[39m src/components/ConversionRateChart.test.jsx[2m > [22mConversionRateChart[2m > [22mtime period selection[2m > [22mshould display current time period as active[32m 20[2mms[22m[39m
 [32m✓[39m src/components/ProductModalContent.test.jsx[2m > [22mProductModalContent[2m > [22mbasic rendering[2m > [22mshould render Advanced Analytics Dashboard feature[32m 32[2mms[22m[39m
 [32m✓[39m src/components/ProductModalContent.test.jsx[2m > [22mProductModalContent[2m > [22mbasic rendering[2m > [22mshould render Smart Alert System feature[32m 25[2mms[22m[39m
 [32m✓[39m src/components/ProductModalContent.test.jsx[2m > [22mProductModalContent[2m > [22mbasic rendering[2m > [22mshould render 24/7 Technical Support service[32m 27[2mms[22m[39m
 [32m✓[39m src/components/ProductModalContent.test.jsx[2m > [22mProductModalContent[2m > [22mbasic rendering[2m > [22mshould render Sales Team Training service[32m 23[2mms[22m[39m
 [32m✓[39m src/components/CustomTooltip.test.jsx[2m > [22mCustomTooltip[2m > [22mbasic rendering[2m > [22mshould not render when payload is null[32m 10[2mms[22m[39m
 [32m✓[39m src/components/CustomTooltip.test.jsx[2m > [22mCustomTooltip[2m > [22mbasic rendering[2m > [22mshould not render when payload is undefined[32m 5[2mms[22m[39m
 [32m✓[39m src/components/CustomTooltip.test.jsx[2m > [22mCustomTooltip[2m > [22mlabel rendering[2m > [22mshould render label when provided[32m 16[2mms[22m[39m
 [32m✓[39m src/components/CustomTooltip.test.jsx[2m > [22mCustomTooltip[2m > [22mlabel rendering[2m > [22mshould not render label element when label is undefined[32m 16[2mms[22m[39m
 [32m✓[39m src/components/CustomTooltip.test.jsx[2m > [22mCustomTooltip[2m > [22mlabel rendering[2m > [22mshould render empty string label (but element exists)[32m 19[2mms[22m[39m
 [32m✓[39m src/components/CustomTooltip.test.jsx[2m > [22mCustomTooltip[2m > [22mlabel rendering[2m > [22mshould render numeric label[32m 11[2mms[22m[39m
 [32m✓[39m src/components/CustomTooltip.test.jsx[2m > [22mCustomTooltip[2m > [22mlabel rendering[2m > [22mshould have font-bold class on label[32m 14[2mms[22m[39m
 [32m✓[39m src/components/ProductModalContent.test.jsx[2m > [22mProductModalContent[2m > [22mcontent[2m > [22mshould display lead tracking description[32m 22[2mms[22m[39m
 [32m✓[39m src/components/ProductModalContent.test.jsx[2m > [22mProductModalContent[2m > [22mcontent[2m > [22mshould display analytics dashboard description[32m 36[2mms[22m[39m
 [32m✓[39m src/components/ProductModalContent.test.jsx[2m > [22mProductModalContent[2m > [22mcontent[2m > [22mshould display alert system description[32m 39[2mms[22m[39m
 [32m✓[39m src/components/ProductModalContent.test.jsx[2m > [22mProductModalContent[2m > [22mcontent[2m > [22mshould display technical support description[32m 18[2mms[22m[39m
 [32m✓[39m src/components/CustomTooltip.test.jsx[2m > [22mCustomTooltip[2m > [22mlabel rendering[2m > [22mshould have truncate class on label[32m 13[2mms[22m[39m
 [32m✓[39m src/components/CustomTooltip.test.jsx[2m > [22mCustomTooltip[2m > [22mmultiple payload items[2m > [22mshould render all payload items[32m 35[2mms[22m[39m
 [32m✓[39m src/components/CustomTooltip.test.jsx[2m > [22mCustomTooltip[2m > [22mmultiple payload items[2m > [22mshould render all values for multiple items[32m 13[2mms[22m[39m
 [32m✓[39m src/components/CustomTooltip.test.jsx[2m > [22mCustomTooltip[2m > [22mmultiple payload items[2m > [22mshould apply correct colors to each payload item[32m 26[2mms[22m[39m
 [32m✓[39m src/components/CustomTooltip.test.jsx[2m > [22mCustomTooltip[2m > [22mvalue formatting[2m > [22mshould format percentage values (dataKey === value)[32m 12[2mms[22m[39m
 [32m✓[39m src/components/CustomTooltip.test.jsx[2m > [22mCustomTooltip[2m > [22mvalue formatting[2m > [22mshould not add percentage for non-value dataKeys[32m 21[2mms[22m[39m
 [32m✓[39m src/components/CustomTooltip.test.jsx[2m > [22mCustomTooltip[2m > [22mvalue formatting[2m > [22mshould handle zero value[32m 11[2mms[22m[39m
 [32m✓[39m src/components/CustomTooltip.test.jsx[2m > [22mCustomTooltip[2m > [22mvalue formatting[2m > [22mshould handle decimal values[32m 10[2mms[22m[39m
 [32m✓[39m src/components/CustomTooltip.test.jsx[2m > [22mCustomTooltip[2m > [22mvalue formatting[2m > [22mshould handle large numbers[32m 10[2mms[22m[39m
 [32m✓[39m src/components/CustomTooltip.test.jsx[2m > [22mCustomTooltip[2m > [22mvalue formatting[2m > [22mshould handle negative values[32m 8[2mms[22m[39m
 [32m✓[39m src/components/CustomTooltip.test.jsx[2m > [22mCustomTooltip[2m > [22mvalue formatting[2m > [22mshould handle string values[32m 10[2mms[22m[39m
 [32m✓[39m src/components/ProductModalContent.test.jsx[2m > [22mProductModalContent[2m > [22mcontent[2m > [22mshould display training description[32m 23[2mms[22m[39m
 [31m×[39m src/components/ProductModalContent.test.jsx[2m > [22mProductModalContent[2m > [22mdark mode styling[2m > [22mshould apply dark mode heading classes[32m 57[2mms[22m[39m[33m (retry x1)[39m
[31m   → [2mexpect([22m[31melement[31m[2m).toHaveClass([22m[32m[32m"text-slate-200"[32m[31m[2m)[22m

Expected the element to have class:
[32m  text-slate-200[31m
Received:
[31m  text-lg font-bold text-neutral-200[31m[39m
[31m   → [2mexpect([22m[31melement[31m[2m).toHaveClass([22m[32m[32m"text-slate-200"[32m[31m[2m)[22m

Expected the element to have class:
[32m  text-slate-200[31m
Received:
[31m  text-lg font-bold text-neutral-200[31m[39m
 [32m✓[39m src/components/ProductModalContent.test.jsx[2m > [22mProductModalContent[2m > [22mdark mode styling[2m > [22mshould apply light mode heading classes[32m 22[2mms[22m[39m
 [31m×[39m src/components/ProductModalContent.test.jsx[2m > [22mProductModalContent[2m > [22mdark mode styling[2m > [22mshould apply dark mode text classes to descriptions[32m 54[2mms[22m[39m[33m (retry x1)[39m
[31m   → [2mexpect([22m[31melement[31m[2m).toHaveClass([22m[32m[32m"text-slate-400"[32m[31m[2m)[22m

Expected the element to have class:
[32m  text-slate-400[31m
Received:
[31m  text-sm mt-1 text-neutral-400[31m[39m
[31m   → [2mexpect([22m[31melement[31m[2m).toHaveClass([22m[32m[32m"text-slate-400"[32m[31m[2m)[22m

Expected the element to have class:
[32m  text-slate-400[31m
Received:
[31m  text-sm mt-1 text-neutral-400[31m[39m
 [32m✓[39m src/components/ProductModalContent.test.jsx[2m > [22mProductModalContent[2m > [22mdark mode styling[2m > [22mshould apply light mode text classes to descriptions[32m 25[2mms[22m[39m
 [31m×[39m src/components/CustomTooltip.test.jsx[2m > [22mCustomTooltip[2m > [22mdark mode styling[2m > [22mshould apply dark background in dark mode[32m 60[2mms[22m[39m[33m (retry x1)[39m
[31m   → [2mexpect([22m[31melement[31m[2m).toHaveClass([22m[32m[32m"bg-slate-800/95"[32m[31m[2m)[22m

Expected the element to have class:
[32m  bg-slate-800/95[31m
Received:
[31m  bg-neutral-900/95 border-neutral-700 backdrop-blur-md rounded-lg p-2 sm:p-4 border shadow-xl max-w-37.5 sm:max-w-50 wrap-break-word[31m[39m
[31m   → [2mexpect([22m[31melement[31m[2m).toHaveClass([22m[32m[32m"bg-slate-800/95"[32m[31m[2m)[22m

Expected the element to have class:
[32m  bg-slate-800/95[31m
Received:
[31m  bg-neutral-900/95 border-neutral-700 backdrop-blur-md rounded-lg p-2 sm:p-4 border shadow-xl max-w-37.5 sm:max-w-50 wrap-break-word[31m[39m
 [32m✓[39m src/components/CustomTooltip.test.jsx[2m > [22mCustomTooltip[2m > [22mdark mode styling[2m > [22mshould apply light background in light mode[32m 6[2mms[22m[39m
 [31m×[39m src/components/CustomTooltip.test.jsx[2m > [22mCustomTooltip[2m > [22mdark mode styling[2m > [22mshould apply dark border in dark mode[32m 22[2mms[22m[39m[33m (retry x1)[39m
[31m   → [2mexpect([22m[31melement[31m[2m).toHaveClass([22m[32m[32m"border-slate-700"[32m[31m[2m)[22m

Expected the element to have class:
[32m  border-slate-700[31m
Received:
[31m  bg-neutral-900/95 border-neutral-700 backdrop-blur-md rounded-lg p-2 sm:p-4 border shadow-xl max-w-37.5 sm:max-w-50 wrap-break-word[31m[39m
[31m   → [2mexpect([22m[31melement[31m[2m).toHaveClass([22m[32m[32m"border-slate-700"[32m[31m[2m)[22m

Expected the element to have class:
[32m  border-slate-700[31m
Received:
[31m  bg-neutral-900/95 border-neutral-700 backdrop-blur-md rounded-lg p-2 sm:p-4 border shadow-xl max-w-37.5 sm:max-w-50 wrap-break-word[31m[39m
 [32m✓[39m src/components/CustomTooltip.test.jsx[2m > [22mCustomTooltip[2m > [22mdark mode styling[2m > [22mshould apply light border in light mode[32m 11[2mms[22m[39m
 [31m×[39m src/components/CustomTooltip.test.jsx[2m > [22mCustomTooltip[2m > [22mdark mode styling[2m > [22mshould apply dark label text color in dark mode[32m 23[2mms[22m[39m[33m (retry x1)[39m
[31m   → [2mexpect([22m[31melement[31m[2m).toHaveClass([22m[32m[32m"text-slate-200"[32m[31m[2m)[22m

Expected the element to have class:
[32m  text-slate-200[31m
Received:
[31m  font-bold mb-1 sm:mb-2 text-xs sm:text-sm truncate text-neutral-100[31m[39m
[31m   → [2mexpect([22m[31melement[31m[2m).toHaveClass([22m[32m[32m"text-slate-200"[32m[31m[2m)[22m

Expected the element to have class:
[32m  text-slate-200[31m
Received:
[31m  font-bold mb-1 sm:mb-2 text-xs sm:text-sm truncate text-neutral-100[31m[39m
 [32m✓[39m src/components/CustomTooltip.test.jsx[2m > [22mCustomTooltip[2m > [22mdark mode styling[2m > [22mshould apply light label text color in light mode[32m 7[2mms[22m[39m
 [31m×[39m src/components/CustomTooltip.test.jsx[2m > [22mCustomTooltip[2m > [22mdarkMode override prop[2m > [22mshould use darkModeOverride when provided (true)[32m 25[2mms[22m[39m[33m (retry x1)[39m
[31m   → [2mexpect([22m[31melement[31m[2m).toHaveClass([22m[32m[32m"bg-slate-800/95"[32m[31m[2m)[22m

Expected the element to have class:
[32m  bg-slate-800/95[31m
Received:
[31m  bg-neutral-900/95 border-neutral-700 backdrop-blur-md rounded-lg p-2 sm:p-4 border shadow-xl max-w-37.5 sm:max-w-50 wrap-break-word[31m[39m
[31m   → [2mexpect([22m[31melement[31m[2m).toHaveClass([22m[32m[32m"bg-slate-800/95"[32m[31m[2m)[22m

Expected the element to have class:
[32m  bg-slate-800/95[31m
Received:
[31m  bg-neutral-900/95 border-neutral-700 backdrop-blur-md rounded-lg p-2 sm:p-4 border shadow-xl max-w-37.5 sm:max-w-50 wrap-break-word[31m[39m
 [32m✓[39m src/components/CustomTooltip.test.jsx[2m > [22mCustomTooltip[2m > [22mdarkMode override prop[2m > [22mshould use darkModeOverride when provided (false)[32m 10[2mms[22m[39m
 [31m×[39m src/components/CustomTooltip.test.jsx[2m > [22mCustomTooltip[2m > [22mdarkMode override prop[2m > [22mshould use context value when darkModeOverride is undefined[32m 31[2mms[22m[39m[33m (retry x1)[39m
[31m   → [2mexpect([22m[31melement[31m[2m).toHaveClass([22m[32m[32m"bg-slate-800/95"[32m[31m[2m)[22m

Expected the element to have class:
[32m  bg-slate-800/95[31m
Received:
[31m  bg-neutral-900/95 border-neutral-700 backdrop-blur-md rounded-lg p-2 sm:p-4 border shadow-xl max-w-37.5 sm:max-w-50 wrap-break-word[31m[39m
[31m   → [2mexpect([22m[31melement[31m[2m).toHaveClass([22m[32m[32m"bg-slate-800/95"[32m[31m[2m)[22m

Expected the element to have class:
[32m  bg-slate-800/95[31m
Received:
[31m  bg-neutral-900/95 border-neutral-700 backdrop-blur-md rounded-lg p-2 sm:p-4 border shadow-xl max-w-37.5 sm:max-w-50 wrap-break-word[31m[39m
 [32m✓[39m src/components/CustomTooltip.test.jsx[2m > [22mCustomTooltip[2m > [22mbackward compatibility (outside ThemeProvider)[2m > [22mshould render without ThemeProvider using darkMode prop[32m 10[2mms[22m[39m
 [32m✓[39m src/components/CustomTooltip.test.jsx[2m > [22mCustomTooltip[2m > [22mbackward compatibility (outside ThemeProvider)[2m > [22mshould default to light mode when outside ThemeProvider without darkMode prop[32m 13[2mms[22m[39m
 [32m✓[39m src/components/CustomTooltip.test.jsx[2m > [22mCustomTooltip[2m > [22mstyling[2m > [22mshould have backdrop blur effect[32m 14[2mms[22m[39m
 [32m✓[39m src/components/CustomTooltip.test.jsx[2m > [22mCustomTooltip[2m > [22mstyling[2m > [22mshould have rounded corners[32m 13[2mms[22m[39m
 [31m×[39m src/components/ProductModalContent.test.jsx[2m > [22mProductModalContent[2m > [22mdark mode styling[2m > [22mshould apply dark mode card background classes[32m 76[2mms[22m[39m[33m (retry x1)[39m
[31m   → expected 0 to be greater than 0[39m
[31m   → expected 0 to be greater than 0[39m
 [32m✓[39m src/components/ProductModalContent.test.jsx[2m > [22mProductModalContent[2m > [22mdark mode styling[2m > [22mshould apply light mode card background classes[32m 19[2mms[22m[39m
 [32m✓[39m src/components/ProductModalContent.test.jsx[2m > [22mProductModalContent[2m > [22msupport services section[2m > [22mshould apply dark mode styling to technical support card[32m 22[2mms[22m[39m
 [32m✓[39m src/components/ProductModalContent.test.jsx[2m > [22mProductModalContent[2m > [22msupport services section[2m > [22mshould apply light mode styling to technical support card[32m 24[2mms[22m[39m
 [32m✓[39m src/components/ProductModalContent.test.jsx[2m > [22mProductModalContent[2m > [22msupport services section[2m > [22mshould apply dark mode styling to training card[32m 17[2mms[22m[39m
 [32m✓[39m src/components/ProductModalContent.test.jsx[2m > [22mProductModalContent[2m > [22msupport services section[2m > [22mshould apply light mode styling to training card[32m 25[2mms[22m[39m
 [32m✓[39m src/components/ProductModalContent.test.jsx[2m > [22mProductModalContent[2m > [22msupport services section[2m > [22mshould apply dark mode text color to technical support heading[32m 56[2mms[22m[39m
 [32m✓[39m src/components/ProductModalContent.test.jsx[2m > [22mProductModalContent[2m > [22msupport services section[2m > [22mshould apply light mode text color to technical support heading[32m 10[2mms[22m[39m
 [32m✓[39m src/components/ProductModalContent.test.jsx[2m > [22mProductModalContent[2m > [22msupport services section[2m > [22mshould apply dark mode text color to training heading[32m 24[2mms[22m[39m
 [32m✓[39m src/components/ResourcesModalContent.test.jsx[2m > [22mResourcesModalContent[2m > [22mbasic rendering[2m > [22mshould render Community Hub section heading[32m 220[2mms[22m[39m
 [32m✓[39m src/components/ResourcesModalContent.test.jsx[2m > [22mResourcesModalContent[2m > [22mbasic rendering[2m > [22mshould render Case Studies section heading[32m 30[2mms[22m[39m
 [32m✓[39m src/components/ResourcesModalContent.test.jsx[2m > [22mResourcesModalContent[2m > [22mbasic rendering[2m > [22mshould render Global Sales Network subsection[32m 30[2mms[22m[39m
 [32m✓[39m src/components/ResourcesModalContent.test.jsx[2m > [22mResourcesModalContent[2m > [22mbasic rendering[2m > [22mshould render Discussion Forums subsection[32m 21[2mms[22m[39m
 [32m✓[39m src/components/ProductModalContent.test.jsx[2m > [22mProductModalContent[2m > [22msupport services section[2m > [22mshould apply light mode text color to training heading[32m 13[2mms[22m[39m
 [31m×[39m src/components/ProductModalContent.test.jsx[2m > [22mProductModalContent[2m > [22mdarkMode override prop[2m > [22mshould use darkMode override when provided (true)[32m 27[2mms[22m[39m[33m (retry x1)[39m
[31m   → [2mexpect([22m[31melement[31m[2m).toHaveClass([22m[32m[32m"text-slate-200"[32m[31m[2m)[22m

Expected the element to have class:
[32m  text-slate-200[31m
Received:
[31m  text-lg font-bold text-neutral-200[31m[39m
[31m   → [2mexpect([22m[31melement[31m[2m).toHaveClass([22m[32m[32m"text-slate-200"[32m[31m[2m)[22m

Expected the element to have class:
[32m  text-slate-200[31m
Received:
[31m  text-lg font-bold text-neutral-200[31m[39m
 [32m✓[39m src/components/ProductModalContent.test.jsx[2m > [22mProductModalContent[2m > [22mdarkMode override prop[2m > [22mshould use darkMode override when provided (false)[32m 16[2mms[22m[39m
 [31m×[39m src/components/ProductModalContent.test.jsx[2m > [22mProductModalContent[2m > [22mdarkMode override prop[2m > [22mshould use context value when darkMode override is undefined[32m 35[2mms[22m[39m[33m (retry x1)[39m
[31m   → [2mexpect([22m[31melement[31m[2m).toHaveClass([22m[32m[32m"text-slate-200"[32m[31m[2m)[22m

Expected the element to have class:
[32m  text-slate-200[31m
Received:
[31m  text-lg font-bold text-neutral-200[31m[39m
[31m   → [2mexpect([22m[31melement[31m[2m).toHaveClass([22m[32m[32m"text-slate-200"[32m[31m[2m)[22m

Expected the element to have class:
[32m  text-slate-200[31m
Received:
[31m  text-lg font-bold text-neutral-200[31m[39m
 [32m✓[39m src/components/ResourcesModalContent.test.jsx[2m > [22mResourcesModalContent[2m > [22mbasic rendering[2m > [22mshould render TechCorp Enterprise Solutions case study[32m 53[2mms[22m[39m
 [32m✓[39m src/components/ResourcesModalContent.test.jsx[2m > [22mResourcesModalContent[2m > [22mbasic rendering[2m > [22mshould render StartupX Growth Story case study[32m 28[2mms[22m[39m
 [32m✓[39m src/components/ResourcesModalContent.test.jsx[2m > [22mResourcesModalContent[2m > [22mcontent[2m > [22mshould display global sales network description[32m 32[2mms[22m[39m
 [32m✓[39m src/components/ProductModalContent.test.jsx[2m > [22mProductModalContent[2m > [22mbackward compatibility (outside ThemeProvider)[2m > [22mshould render without ThemeProvider using darkMode prop[32m 27[2mms[22m[39m
 [32m✓[39m src/components/ProductModalContent.test.jsx[2m > [22mProductModalContent[2m > [22mbackward compatibility (outside ThemeProvider)[2m > [22mshould default to light mode when outside ThemeProvider without darkMode prop[32m 16[2mms[22m[39m
 [32m✓[39m src/components/ProductModalContent.test.jsx[2m > [22mProductModalContent[2m > [22mstructure[2m > [22mshould have proper spacing classes on container[32m 10[2mms[22m[39m
 [32m✓[39m src/components/ProductModalContent.test.jsx[2m > [22mProductModalContent[2m > [22mstructure[2m > [22mshould render h4 elements for section headings[32m 13[2mms[22m[39m
 [32m✓[39m src/components/ProductModalContent.test.jsx[2m > [22mProductModalContent[2m > [22mstructure[2m > [22mshould render h5 elements for feature headings[32m 12[2mms[22m[39m
 [32m✓[39m src/components/ProductModalContent.test.jsx[2m > [22mProductModalContent[2m > [22mstructure[2m > [22mshould render h6 elements for support service headings[32m 14[2mms[22m[39m
 [32m✓[39m src/components/ProductModalContent.test.jsx[2m > [22mProductModalContent[2m > [22mstructure[2m > [22mshould render feature cards with rounded corners[32m 11[2mms[22m[39m
 [32m✓[39m src/components/ConversionRateChart.test.jsx[2m > [22mConversionRateChart[2m > [22mtime period selection[2m > [22mshould call setTimePeriod when Week is clicked[33m 737[2mms[22m[39m
 [32m✓[39m src/components/ResourcesModalContent.test.jsx[2m > [22mResourcesModalContent[2m > [22mcontent[2m > [22mshould display discussion forums description[32m 38[2mms[22m[39m
 [32m✓[39m src/components/ResourcesModalContent.test.jsx[2m > [22mResourcesModalContent[2m > [22mcontent[2m > [22mshould display TechCorp case study description[32m 22[2mms[22m[39m
 [32m✓[39m src/components/ResourcesModalContent.test.jsx[2m > [22mResourcesModalContent[2m > [22mcontent[2m > [22mshould display StartupX case study description[32m 25[2mms[22m[39m
 [32m✓[39m src/components/ResourcesModalContent.test.jsx[2m > [22mResourcesModalContent[2m > [22mcontent[2m > [22mshould mention 40% conversion rate increase in TechCorp case study[32m 24[2mms[22m[39m
 [32m✓[39m src/components/ProductModalContent.test.jsx[2m > [22mProductModalContent[2m > [22mstructure[2m > [22mshould render support services in grid layout[32m 32[2mms[22m[39m
 [32m✓[39m src/components/ProductModalContent.test.jsx[2m > [22mProductModalContent[2m > [22mstructure[2m > [22mshould have responsive grid columns for support services[32m 18[2mms[22m[39m
 [32m✓[39m src/components/ProductModalContent.test.jsx[2m > [22mProductModalContent[2m > [22mtypography[2m > [22mshould apply font-bold to section headings[32m 16[2mms[22m[39m
 [32m✓[39m src/components/ProductModalContent.test.jsx[2m > [22mProductModalContent[2m > [22mtypography[2m > [22mshould apply text-lg to section headings[32m 13[2mms[22m[39m
 [32m✓[39m src/components/ProductModalContent.test.jsx[2m > [22mProductModalContent[2m > [22mtypography[2m > [22mshould apply font-semibold to feature headings[32m 14[2mms[22m[39m
 [32m✓[39m src/components/ProductModalContent.test.jsx[2m > [22mProductModalContent[2m > [22mtypography[2m > [22mshould apply font-medium to support service headings[32m 18[2mms[22m[39m
 [32m✓[39m src/components/ProductModalContent.test.jsx[2m > [22mProductModalContent[2m > [22mtypography[2m > [22mshould apply text-sm to feature description paragraphs[32m 17[2mms[22m[39m
 [32m✓[39m src/components/ConversionRateChart.test.jsx[2m > [22mConversionRateChart[2m > [22mtime period selection[2m > [22mshould call setTimePeriod when Month is clicked[32m 115[2mms[22m[39m
 [32m✓[39m src/components/CustomTooltip.test.jsx[2m > [22mCustomTooltip[2m > [22mstyling[2m > [22mshould have shadow[32m 15[2mms[22m[39m
 [32m✓[39m src/components/CustomTooltip.test.jsx[2m > [22mCustomTooltip[2m > [22mstyling[2m > [22mshould have border[32m 6[2mms[22m[39m
 [32m✓[39m src/components/CustomTooltip.test.jsx[2m > [22mCustomTooltip[2m > [22mstyling[2m > [22mshould have responsive padding[32m 10[2mms[22m[39m
 [32m✓[39m src/components/CustomTooltip.test.jsx[2m > [22mCustomTooltip[2m > [22mstyling[2m > [22mshould have max-width constraints[32m 7[2mms[22m[39m
 [32m✓[39m src/components/ProductModalContent.test.jsx[2m > [22mProductModalContent[2m > [22mtypography[2m > [22mshould apply text-xs to support service descriptions[32m 18[2mms[22m[39m
 [32m✓[39m src/components/ProductModalContent.test.jsx[2m > [22mProductModalContent[2m > [22mcard styling[2m > [22mshould apply padding to feature cards[32m 17[2mms[22m[39m
 [32m✓[39m src/components/ProductModalContent.test.jsx[2m > [22mProductModalContent[2m > [22mcard styling[2m > [22mshould apply smaller padding to support service cards[32m 13[2mms[22m[39m
 [32m✓[39m src/components/ProductModalContent.test.jsx[2m > [22mProductModalContent[2m > [22mcard styling[2m > [22mshould apply rounded-lg to support service cards[32m 13[2mms[22m[39m
 [32m✓[39m src/components/ProductModalContent.test.jsx[2m > [22mProductModalContent[2m > [22medge cases[2m > [22mshould handle multiple renders without issues[32m 44[2mms[22m[39m
 [31m×[39m src/components/ResourcesModalContent.test.jsx[2m > [22mResourcesModalContent[2m > [22mdark mode styling[2m > [22mshould apply dark mode heading classes[32m 58[2mms[22m[39m[33m (retry x1)[39m
[31m   → [2mexpect([22m[31melement[31m[2m).toHaveClass([22m[32m[32m"text-slate-200"[32m[31m[2m)[22m

Expected the element to have class:
[32m  text-slate-200[31m
Received:
[31m  text-lg font-bold text-neutral-200[31m[39m
[31m   → [2mexpect([22m[31melement[31m[2m).toHaveClass([22m[32m[32m"text-slate-200"[32m[31m[2m)[22m

Expected the element to have class:
[32m  text-slate-200[31m
Received:
[31m  text-lg font-bold text-neutral-200[31m[39m
 [32m✓[39m src/components/ResourcesModalContent.test.jsx[2m > [22mResourcesModalContent[2m > [22mdark mode styling[2m > [22mshould apply light mode heading classes[32m 18[2mms[22m[39m
 [31m×[39m src/components/ResourcesModalContent.test.jsx[2m > [22mResourcesModalContent[2m > [22mdark mode styling[2m > [22mshould apply dark mode text classes to descriptions[32m 43[2mms[22m[39m[33m (retry x1)[39m
[31m   → [2mexpect([22m[31melement[31m[2m).toHaveClass([22m[32m[32m"text-slate-400"[32m[31m[2m)[22m

Expected the element to have class:
[32m  text-slate-400[31m
Received:
[31m  text-sm mt-1 text-neutral-400[31m[39m
[31m   → [2mexpect([22m[31melement[31m[2m).toHaveClass([22m[32m[32m"text-slate-400"[32m[31m[2m)[22m

Expected the element to have class:
[32m  text-slate-400[31m
Received:
[31m  text-sm mt-1 text-neutral-400[31m[39m
 [32m✓[39m src/components/ResourcesModalContent.test.jsx[2m > [22mResourcesModalContent[2m > [22mdark mode styling[2m > [22mshould apply light mode text classes to descriptions[32m 20[2mms[22m[39m
 [32m✓[39m src/components/ConversionRateChart.test.jsx[2m > [22mConversionRateChart[2m > [22mtime period selection[2m > [22mshould call setTimePeriod when Year is clicked[32m 114[2mms[22m[39m
 [32m✓[39m src/components/ConversionRateChart.test.jsx[2m > [22mConversionRateChart[2m > [22mtime period selection[2m > [22mshould support all time period values[32m 77[2mms[22m[39m
 [32m✓[39m src/components/ProductModalContent.test.jsx[2m > [22mProductModalContent[2m > [22medge cases[2m > [22mshould render consistently in light mode[32m 22[2mms[22m[39m
 [31m×[39m src/components/ProductModalContent.test.jsx[2m > [22mProductModalContent[2m > [22medge cases[2m > [22mshould render consistently in dark mode[32m 38[2mms[22m[39m[33m (retry x1)[39m
[31m   → [2mexpect([22m[31melement[31m[2m).toHaveClass([22m[32m[32m"text-slate-200"[32m[31m[2m)[22m

Expected the element to have class:
[32m  text-slate-200[31m
Received:
[31m  text-lg font-bold text-neutral-200[31m[39m
[31m   → [2mexpect([22m[31melement[31m[2m).toHaveClass([22m[32m[32m"text-slate-200"[32m[31m[2m)[22m

Expected the element to have class:
[32m  text-slate-200[31m
Received:
[31m  text-lg font-bold text-neutral-200[31m[39m
 [32m✓[39m src/components/ProductModalContent.test.jsx[2m > [22mProductModalContent[2m > [22medge cases[2m > [22mshould render all three feature cards[32m 19[2mms[22m[39m
 [32m✓[39m src/components/CustomTooltip.test.jsx[2m > [22mCustomTooltip[2m > [22mstyling[2m > [22mshould have pointer-events none to prevent interaction issues[33m 486[2mms[22m[39m
 [32m✓[39m src/components/CustomTooltip.test.jsx[2m > [22mCustomTooltip[2m > [22mstyling[2m > [22mshould have word-wrap class for long content[32m 12[2mms[22m[39m
 [32m✓[39m src/components/CustomTooltip.test.jsx[2m > [22mCustomTooltip[2m > [22mpayload item styling[2m > [22mshould have responsive text size for payload items[32m 12[2mms[22m[39m
 [32m✓[39m src/components/CustomTooltip.test.jsx[2m > [22mCustomTooltip[2m > [22mpayload item styling[2m > [22mshould have font-medium class on payload items[32m 10[2mms[22m[39m
 [32m✓[39m src/components/CustomTooltip.test.jsx[2m > [22mCustomTooltip[2m > [22mpayload item styling[2m > [22mshould have font-semibold on name part[32m 27[2mms[22m[39m
 [31m×[39m src/components/ResourcesModalContent.test.jsx[2m > [22mResourcesModalContent[2m > [22mdark mode styling[2m > [22mshould apply dark mode card background classes[32m 61[2mms[22m[39m[33m (retry x1)[39m
[31m   → expected 0 to be greater than 0[39m
[31m   → expected 0 to be greater than 0[39m
 [32m✓[39m src/components/ResourcesModalContent.test.jsx[2m > [22mResourcesModalContent[2m > [22mdark mode styling[2m > [22mshould apply light mode card background classes[32m 20[2mms[22m[39m
 [32m✓[39m src/components/ResourcesModalContent.test.jsx[2m > [22mResourcesModalContent[2m > [22mcase studies section[2m > [22mshould apply dark mode styling to TechCorp case study card[32m 15[2mms[22m[39m
 [32m✓[39m src/components/ResourcesModalContent.test.jsx[2m > [22mResourcesModalContent[2m > [22mcase studies section[2m > [22mshould apply light mode styling to TechCorp case study card[32m 35[2mms[22m[39m
 [31m×[39m src/components/ConversionRateChart.test.jsx[2m > [22mConversionRateChart[2m > [22mdark mode styling[2m > [22mshould apply dark theme card classes in dark mode[32m 51[2mms[22m[39m[33m (retry x1)[39m
[31m   → [2mexpect([22m[31melement[31m[2m).toHaveClass([22m[32m[32m"bg-zinc-900/80"[32m[31m[2m)[22m

Expected the element to have class:
[32m  bg-zinc-900/80[31m
Received:
[31m  bg-neutral-900/90 border-neutral-700/50 shadow-2xl shadow-black/60 ring-1 ring-neutral-600/20 backdrop-blur-lg rounded-2xl p-3 sm:p-4 md:p-6 border transition-all duration-300 hover:shadow-2xl[31m[39m
[31m   → [2mexpect([22m[31melement[31m[2m).toHaveClass([22m[32m[32m"bg-zinc-900/80"[32m[31m[2m)[22m

Expected the element to have class:
[32m  bg-zinc-900/80[31m
Received:
[31m  bg-neutral-900/90 border-neutral-700/50 shadow-2xl shadow-black/60 ring-1 ring-neutral-600/20 backdrop-blur-lg rounded-2xl p-3 sm:p-4 md:p-6 border transition-all duration-300 hover:shadow-2xl[31m[39m
 [31m×[39m src/components/ConversionRateChart.test.jsx[2m > [22mConversionRateChart[2m > [22mdark mode styling[2m > [22mshould apply light theme card classes in light mode[32m 57[2mms[22m[39m[33m (retry x1)[39m
[31m   → [2mexpect([22m[31melement[31m[2m).toHaveClass([22m[32m[32m"bg-white/80"[32m[31m[2m)[22m

Expected the element to have class:
[32m  bg-white/80[31m
Received:
[31m  bg-white/90 border-slate-200/60 shadow-xl shadow-slate-900/10 backdrop-blur-lg rounded-2xl p-3 sm:p-4 md:p-6 border transition-all duration-300 hover:shadow-2xl[31m[39m
[31m   → [2mexpect([22m[31melement[31m[2m).toHaveClass([22m[32m[32m"bg-white/80"[32m[31m[2m)[22m

Expected the element to have class:
[32m  bg-white/80[31m
Received:
[31m  bg-white/90 border-slate-200/60 shadow-xl shadow-slate-900/10 backdrop-blur-lg rounded-2xl p-3 sm:p-4 md:p-6 border transition-all duration-300 hover:shadow-2xl[31m[39m
 [32m✓[39m src/components/CustomTooltip.test.jsx[2m > [22mCustomTooltip[2m > [22mpayload item styling[2m > [22mshould apply inline color style from payload[32m 74[2mms[22m[39m
 [32m✓[39m src/components/CustomTooltip.test.jsx[2m > [22mCustomTooltip[2m > [22medge cases[2m > [22mshould handle payload with missing name[32m 8[2mms[22m[39m
 [32m✓[39m src/components/CustomTooltip.test.jsx[2m > [22mCustomTooltip[2m > [22medge cases[2m > [22mshould handle payload with missing color[32m 11[2mms[22m[39m
 [32m✓[39m src/components/CustomTooltip.test.jsx[2m > [22mCustomTooltip[2m > [22medge cases[2m > [22mshould handle very long label[32m 7[2mms[22m[39m
 [32m✓[39m src/components/CustomTooltip.test.jsx[2m > [22mCustomTooltip[2m > [22medge cases[2m > [22mshould handle special characters in label[32m 10[2mms[22m[39m
 [32m✓[39m src/components/CustomTooltip.test.jsx[2m > [22mCustomTooltip[2m > [22medge cases[2m > [22mshould handle special characters in payload name[32m 7[2mms[22m[39m
 [32m✓[39m src/components/CustomTooltip.test.jsx[2m > [22mCustomTooltip[2m > [22medge cases[2m > [22mshould handle boolean active prop[32m 10[2mms[22m[39m
 [32m✓[39m src/components/CustomTooltip.test.jsx[2m > [22mCustomTooltip[2m > [22medge cases[2m > [22mshould handle truthy/falsy active values[32m 19[2mms[22m[39m
 [32m✓[39m src/components/CustomTooltip.test.jsx[2m > [22mCustomTooltip[2m > [22mintegration tests[2m > [22mshould display complete tooltip with all elements[32m 15[2mms[22m[39m
 [32m✓[39m src/components/ResourcesModalContent.test.jsx[2m > [22mResourcesModalContent[2m > [22mcase studies section[2m > [22mshould apply dark mode styling to StartupX case study card[32m 18[2mms[22m[39m
 [32m✓[39m src/components/ResourcesModalContent.test.jsx[2m > [22mResourcesModalContent[2m > [22mcase studies section[2m > [22mshould apply light mode styling to StartupX case study card[32m 19[2mms[22m[39m
 [32m✓[39m src/components/ResourcesModalContent.test.jsx[2m > [22mResourcesModalContent[2m > [22mcase studies section[2m > [22mshould apply dark mode text color to TechCorp heading[32m 17[2mms[22m[39m
 [32m✓[39m src/components/ResourcesModalContent.test.jsx[2m > [22mResourcesModalContent[2m > [22mcase studies section[2m > [22mshould apply light mode text color to TechCorp heading[32m 23[2mms[22m[39m
 [31m×[39m src/components/CustomTooltip.test.jsx[2m > [22mCustomTooltip[2m > [22mintegration tests[2m > [22mshould work correctly with theme toggle simulation[32m 34[2mms[22m[39m[33m (retry x1)[39m
[31m   → [2mexpect([22m[31melement[31m[2m).toHaveClass([22m[32m[32m"bg-slate-800/95"[32m[31m[2m)[22m

Expected the element to have class:
[32m  bg-slate-800/95[31m
Received:
[31m  bg-neutral-900/95 border-neutral-700 backdrop-blur-md rounded-lg p-2 sm:p-4 border shadow-xl max-w-37.5 sm:max-w-50 wrap-break-word[31m[39m
[31m   → [2mexpect([22m[31melement[31m[2m).toHaveClass([22m[32m[32m"bg-slate-800/95"[32m[31m[2m)[22m

Expected the element to have class:
[32m  bg-slate-800/95[31m
Received:
[31m  bg-neutral-900/95 border-neutral-700 backdrop-blur-md rounded-lg p-2 sm:p-4 border shadow-xl max-w-37.5 sm:max-w-50 wrap-break-word[31m[39m
 [32m✓[39m src/components/CustomTooltip.test.jsx[2m > [22mCustomTooltip[2m > [22mintegration tests[2m > [22mshould handle rapid active state changes[32m 16[2mms[22m[39m
 [31m×[39m src/components/ConversionRateChart.test.jsx[2m > [22mConversionRateChart[2m > [22mdark mode styling[2m > [22mshould apply dark title color in dark mode[32m 36[2mms[22m[39m[33m (retry x1)[39m
[31m   → [2mexpect([22m[31melement[31m[2m).toHaveClass([22m[32m[32m"text-zinc-100"[32m[31m[2m)[22m

Expected the element to have class:
[32m  text-zinc-100[31m
Received:
[31m  text-base sm:text-lg md:text-xl font-bold text-neutral-100[31m[39m
[31m   → [2mexpect([22m[31melement[31m[2m).toHaveClass([22m[32m[32m"text-zinc-100"[32m[31m[2m)[22m

Expected the element to have class:
[32m  text-zinc-100[31m
Received:
[31m  text-base sm:text-lg md:text-xl font-bold text-neutral-100[31m[39m
 [31m×[39m src/components/ConversionRateChart.test.jsx[2m > [22mConversionRateChart[2m > [22mdark mode styling[2m > [22mshould apply light title color in light mode[32m 36[2mms[22m[39m[33m (retry x1)[39m
[31m   → [2mexpect([22m[31melement[31m[2m).toHaveClass([22m[32m[32m"text-slate-800"[32m[31m[2m)[22m

Expected the element to have class:
[32m  text-slate-800[31m
Received:
[31m  text-base sm:text-lg md:text-xl font-bold text-slate-700[31m[39m
[31m   → [2mexpect([22m[31melement[31m[2m).toHaveClass([22m[32m[32m"text-slate-800"[32m[31m[2m)[22m

Expected the element to have class:
[32m  text-slate-800[31m
Received:
[31m  text-base sm:text-lg md:text-xl font-bold text-slate-700[31m[39m
 [32m✓[39m src/components/ConversionRateChart.test.jsx[2m > [22mConversionRateChart[2m > [22mdark mode styling[2m > [22mshould use amber/yellow line color in dark mode[32m 29[2mms[22m[39m
 [32m✓[39m src/components/ConversionRateChart.test.jsx[2m > [22mConversionRateChart[2m > [22mdark mode styling[2m > [22mshould use amber/orange line color in light mode[32m 21[2mms[22m[39m
 [32m✓[39m src/components/ResourcesModalContent.test.jsx[2m > [22mResourcesModalContent[2m > [22mcase studies section[2m > [22mshould apply dark mode text color to StartupX heading[32m 57[2mms[22m[39m
 [32m✓[39m src/components/ResourcesModalContent.test.jsx[2m > [22mResourcesModalContent[2m > [22mcase studies section[2m > [22mshould apply light mode text color to StartupX heading[32m 46[2mms[22m[39m
 [32m✓[39m src/components/ResourcesModalContent.test.jsx[2m > [22mResourcesModalContent[2m > [22mcase studies section[2m > [22mshould have left border on case study cards[32m 13[2mms[22m[39m
 [32m✓[39m src/components/ResourcesModalContent.test.jsx[2m > [22mResourcesModalContent[2m > [22mcase studies section[2m > [22mshould apply amber border to TechCorp card in dark mode[32m 11[2mms[22m[39m
 [32m✓[39m src/components/ResourcesModalContent.test.jsx[2m > [22mResourcesModalContent[2m > [22mcase studies section[2m > [22mshould apply blue border to StartupX card in dark mode[32m 17[2mms[22m[39m
 [31m×[39m src/components/ConversionRateChart.test.jsx[2m > [22mConversionRateChart[2m > [22mdarkMode override prop[2m > [22mshould use darkMode override when provided (true)[32m 46[2mms[22m[39m[33m (retry x1)[39m
[31m   → [2mexpect([22m[31melement[31m[2m).toHaveClass([22m[32m[32m"bg-zinc-900/80"[32m[31m[2m)[22m

Expected the element to have class:
[32m  bg-zinc-900/80[31m
Received:
[31m  bg-neutral-900/90 border-neutral-700/50 shadow-2xl shadow-black/60 ring-1 ring-neutral-600/20 backdrop-blur-lg rounded-2xl p-3 sm:p-4 md:p-6 border transition-all duration-300 hover:shadow-2xl[31m[39m
[31m   → [2mexpect([22m[31melement[31m[2m).toHaveClass([22m[32m[32m"bg-zinc-900/80"[32m[31m[2m)[22m

Expected the element to have class:
[32m  bg-zinc-900/80[31m
Received:
[31m  bg-neutral-900/90 border-neutral-700/50 shadow-2xl shadow-black/60 ring-1 ring-neutral-600/20 backdrop-blur-lg rounded-2xl p-3 sm:p-4 md:p-6 border transition-all duration-300 hover:shadow-2xl[31m[39m
 [31m×[39m src/components/ConversionRateChart.test.jsx[2m > [22mConversionRateChart[2m > [22mdarkMode override prop[2m > [22mshould use darkMode override when provided (false)[32m 40[2mms[22m[39m[33m (retry x1)[39m
[31m   → [2mexpect([22m[31melement[31m[2m).toHaveClass([22m[32m[32m"bg-white/80"[32m[31m[2m)[22m

Expected the element to have class:
[32m  bg-white/80[31m
Received:
[31m  bg-white/90 border-slate-200/60 shadow-xl shadow-slate-900/10 backdrop-blur-lg rounded-2xl p-3 sm:p-4 md:p-6 border transition-all duration-300 hover:shadow-2xl[31m[39m
[31m   → [2mexpect([22m[31melement[31m[2m).toHaveClass([22m[32m[32m"bg-white/80"[32m[31m[2m)[22m

Expected the element to have class:
[32m  bg-white/80[31m
Received:
[31m  bg-white/90 border-slate-200/60 shadow-xl shadow-slate-900/10 backdrop-blur-lg rounded-2xl p-3 sm:p-4 md:p-6 border transition-all duration-300 hover:shadow-2xl[31m[39m
 [31m×[39m src/components/ConversionRateChart.test.jsx[2m > [22mConversionRateChart[2m > [22mdarkMode override prop[2m > [22mshould use context value when darkMode override is undefined[32m 32[2mms[22m[39m[33m (retry x1)[39m
[31m   → [2mexpect([22m[31melement[31m[2m).toHaveClass([22m[32m[32m"bg-zinc-900/80"[32m[31m[2m)[22m

Expected the element to have class:
[32m  bg-zinc-900/80[31m
Received:
[31m  bg-neutral-900/90 border-neutral-700/50 shadow-2xl shadow-black/60 ring-1 ring-neutral-600/20 backdrop-blur-lg rounded-2xl p-3 sm:p-4 md:p-6 border transition-all duration-300 hover:shadow-2xl[31m[39m
[31m   → [2mexpect([22m[31melement[31m[2m).toHaveClass([22m[32m[32m"bg-zinc-900/80"[32m[31m[2m)[22m

Expected the element to have class:
[32m  bg-zinc-900/80[31m
Received:
[31m  bg-neutral-900/90 border-neutral-700/50 shadow-2xl shadow-black/60 ring-1 ring-neutral-600/20 backdrop-blur-lg rounded-2xl p-3 sm:p-4 md:p-6 border transition-all duration-300 hover:shadow-2xl[31m[39m
 [31m×[39m src/components/ResourcesModalContent.test.jsx[2m > [22mResourcesModalContent[2m > [22mdarkMode override prop[2m > [22mshould use darkMode override when provided (true)[32m 39[2mms[22m[39m[33m (retry x1)[39m
[31m   → [2mexpect([22m[31melement[31m[2m).toHaveClass([22m[32m[32m"text-slate-200"[32m[31m[2m)[22m

Expected the element to have class:
[32m  text-slate-200[31m
Received:
[31m  text-lg font-bold text-neutral-200[31m[39m
[31m   → [2mexpect([22m[31melement[31m[2m).toHaveClass([22m[32m[32m"text-slate-200"[32m[31m[2m)[22m

Expected the element to have class:
[32m  text-slate-200[31m
Received:
[31m  text-lg font-bold text-neutral-200[31m[39m
 [32m✓[39m src/components/ResourcesModalContent.test.jsx[2m > [22mResourcesModalContent[2m > [22mdarkMode override prop[2m > [22mshould use darkMode override when provided (false)[32m 11[2mms[22m[39m
 [31m×[39m src/components/ResourcesModalContent.test.jsx[2m > [22mResourcesModalContent[2m > [22mdarkMode override prop[2m > [22mshould use context value when darkMode override is undefined[32m 30[2mms[22m[39m[33m (retry x1)[39m
[31m   → [2mexpect([22m[31melement[31m[2m).toHaveClass([22m[32m[32m"text-slate-200"[32m[31m[2m)[22m

Expected the element to have class:
[32m  text-slate-200[31m
Received:
[31m  text-lg font-bold text-neutral-200[31m[39m
[31m   → [2mexpect([22m[31melement[31m[2m).toHaveClass([22m[32m[32m"text-slate-200"[32m[31m[2m)[22m

Expected the element to have class:
[32m  text-slate-200[31m
Received:
[31m  text-lg font-bold text-neutral-200[31m[39m
 [32m✓[39m src/components/ResourcesModalContent.test.jsx[2m > [22mResourcesModalContent[2m > [22mbackward compatibility (outside ThemeProvider)[2m > [22mshould render without ThemeProvider using darkMode prop[32m 15[2mms[22m[39m
 [32m✓[39m src/components/ResourcesModalContent.test.jsx[2m > [22mResourcesModalContent[2m > [22mbackward compatibility (outside ThemeProvider)[2m > [22mshould default to light mode when outside ThemeProvider without darkMode prop[32m 12[2mms[22m[39m
 [32m✓[39m src/components/ConversionRateChart.test.jsx[2m > [22mConversionRateChart[2m > [22mstyling[2m > [22mshould have rounded corners[32m 14[2mms[22m[39m
 [32m✓[39m src/components/ConversionRateChart.test.jsx[2m > [22mConversionRateChart[2m > [22mstyling[2m > [22mshould have backdrop blur effect[32m 13[2mms[22m[39m
 [32m✓[39m src/components/ConversionRateChart.test.jsx[2m > [22mConversionRateChart[2m > [22mstyling[2m > [22mshould have border[32m 17[2mms[22m[39m
 [32m✓[39m src/components/ConversionRateChart.test.jsx[2m > [22mConversionRateChart[2m > [22mstyling[2m > [22mshould have transition classes[32m 19[2mms[22m[39m
 [32m✓[39m src/components/ConversionRateChart.test.jsx[2m > [22mConversionRateChart[2m > [22mstyling[2m > [22mshould have hover shadow class[32m 17[2mms[22m[39m
 [32m✓[39m src/components/ConversionRateChart.test.jsx[2m > [22mConversionRateChart[2m > [22mstyling[2m > [22mshould have responsive padding[32m 16[2mms[22m[39m
 [32m✓[39m src/components/ResourcesModalContent.test.jsx[2m > [22mResourcesModalContent[2m > [22mstructure[2m > [22mshould have proper spacing classes on container[32m 9[2mms[22m[39m
 [32m✓[39m src/components/ResourcesModalContent.test.jsx[2m > [22mResourcesModalContent[2m > [22mstructure[2m > [22mshould render h4 elements for section headings[32m 12[2mms[22m[39m
 [32m✓[39m src/components/ResourcesModalContent.test.jsx[2m > [22mResourcesModalContent[2m > [22mstructure[2m > [22mshould render h5 elements for community subsection headings[32m 12[2mms[22m[39m
 [32m✓[39m src/components/ResourcesModalContent.test.jsx[2m > [22mResourcesModalContent[2m > [22mstructure[2m > [22mshould render h6 elements for case study headings[32m 12[2mms[22m[39m
 [32m✓[39m src/components/ResourcesModalContent.test.jsx[2m > [22mResourcesModalContent[2m > [22mstructure[2m > [22mshould render community cards with rounded corners[32m 11[2mms[22m[39m
 [32m✓[39m src/components/ResourcesModalContent.test.jsx[2m > [22mResourcesModalContent[2m > [22mstructure[2m > [22mshould render cards with padding[32m 11[2mms[22m[39m
 [32m✓[39m src/components/ResourcesModalContent.test.jsx[2m > [22mResourcesModalContent[2m > [22mtypography[2m > [22mshould apply font-bold to section headings[32m 10[2mms[22m[39m
 [32m✓[39m src/components/ResourcesModalContent.test.jsx[2m > [22mResourcesModalContent[2m > [22mtypography[2m > [22mshould apply text-lg to section headings[32m 13[2mms[22m[39m
 [32m✓[39m src/components/ResourcesModalContent.test.jsx[2m > [22mResourcesModalContent[2m > [22mtypography[2m > [22mshould apply font-semibold to community subsection headings[32m 14[2mms[22m[39m
 [32m✓[39m src/components/ConversionRateChart.test.jsx[2m > [22mConversionRateChart[2m > [22mstyling[2m > [22mshould have responsive title sizing[32m 18[2mms[22m[39m
 [32m✓[39m src/components/ConversionRateChart.test.jsx[2m > [22mConversionRateChart[2m > [22mstyling[2m > [22mshould have font-bold on title[32m 21[2mms[22m[39m
 [32m✓[39m src/components/ConversionRateChart.test.jsx[2m > [22mConversionRateChart[2m > [22maccessibility[2m > [22mshould have accessible chart container with role img[32m 64[2mms[22m[39m
 [32m✓[39m src/components/ResourcesModalContent.test.jsx[2m > [22mResourcesModalContent[2m > [22mtypography[2m > [22mshould apply font-medium to case study headings[32m 13[2mms[22m[39m
 [32m✓[39m src/components/ResourcesModalContent.test.jsx[2m > [22mResourcesModalContent[2m > [22mtypography[2m > [22mshould apply text-sm to description paragraphs[32m 11[2mms[22m[39m
 [32m✓[39m src/components/ResourcesModalContent.test.jsx[2m > [22mResourcesModalContent[2m > [22mcommunity section[2m > [22mshould have spacing between community cards[32m 13[2mms[22m[39m
 [32m✓[39m src/components/ResourcesModalContent.test.jsx[2m > [22mResourcesModalContent[2m > [22mcommunity section[2m > [22mshould display networking-related content[32m 15[2mms[22m[39m
 [32m✓[39m src/components/ResourcesModalContent.test.jsx[2m > [22mResourcesModalContent[2m > [22mcommunity section[2m > [22mshould display forum-related content[32m 19[2mms[22m[39m
 [32m✓[39m src/components/ResourcesModalContent.test.jsx[2m > [22mResourcesModalContent[2m > [22medge cases[2m > [22mshould handle multiple renders without issues[32m 24[2mms[22m[39m
 [32m✓[39m src/components/ConversionRateChart.test.jsx[2m > [22mConversionRateChart[2m > [22maccessibility[2m > [22mshould have aria-label on chart container[32m 54[2mms[22m[39m
 [32m✓[39m src/components/ConversionRateChart.test.jsx[2m > [22mConversionRateChart[2m > [22maccessibility[2m > [22mshould have responsive height classes on chart container[32m 42[2mms[22m[39m
 [32m✓[39m src/components/ConversionRateChart.test.jsx[2m > [22mConversionRateChart[2m > [22mheader layout[2m > [22mshould render header with flex layout[32m 27[2mms[22m[39m
 [32m✓[39m src/components/ConversionRateChart.test.jsx[2m > [22mConversionRateChart[2m > [22mheader layout[2m > [22mshould have responsive header layout[32m 23[2mms[22m[39m
 [32m✓[39m src/components/ResourcesModalContent.test.jsx[2m > [22mResourcesModalContent[2m > [22medge cases[2m > [22mshould render consistently in light mode[32m 23[2mms[22m[39m
 [31m×[39m src/components/ResourcesModalContent.test.jsx[2m > [22mResourcesModalContent[2m > [22medge cases[2m > [22mshould render consistently in dark mode[32m 30[2mms[22m[39m[33m (retry x1)[39m
[31m   → [2mexpect([22m[31melement[31m[2m).toHaveClass([22m[32m[32m"text-slate-200"[32m[31m[2m)[22m

Expected the element to have class:
[32m  text-slate-200[31m
Received:
[31m  text-lg font-bold text-neutral-200[31m[39m
[31m   → [2mexpect([22m[31melement[31m[2m).toHaveClass([22m[32m[32m"text-slate-200"[32m[31m[2m)[22m

Expected the element to have class:
[32m  text-slate-200[31m
Received:
[31m  text-lg font-bold text-neutral-200[31m[39m
 [32m✓[39m src/components/ResourcesModalContent.test.jsx[2m > [22mResourcesModalContent[2m > [22medge cases[2m > [22mshould render both community cards[32m 17[2mms[22m[39m
 [32m✓[39m src/components/ResourcesModalContent.test.jsx[2m > [22mResourcesModalContent[2m > [22medge cases[2m > [22mshould render both case study cards[32m 15[2mms[22m[39m
 [32m✓[39m src/components/ConversionRateChart.test.jsx[2m > [22mConversionRateChart[2m > [22mheader layout[2m > [22mshould have margin bottom on header[32m 26[2mms[22m[39m
 [32m✓[39m src/components/ConversionRateChart.test.jsx[2m > [22mConversionRateChart[2m > [22medge cases[2m > [22mshould handle data with zero efficiency values[32m 39[2mms[22m[39m
 [32m✓[39m src/components/ConversionRateChart.test.jsx[2m > [22mConversionRateChart[2m > [22medge cases[2m > [22mshould handle data with 100% efficiency values[32m 18[2mms[22m[39m
 [32m✓[39m src/components/ConversionRateChart.test.jsx[2m > [22mConversionRateChart[2m > [22medge cases[2m > [22mshould handle data with decimal efficiency values[32m 18[2mms[22m[39m
 [32m✓[39m src/components/ConversionRateChart.test.jsx[2m > [22mConversionRateChart[2m > [22medge cases[2m > [22mshould handle special characters in data names[32m 28[2mms[22m[39m
 [32m✓[39m src/components/ConversionRateChart.test.jsx[2m > [22mConversionRateChart[2m > [22medge cases[2m > [22mshould handle unicode characters in data names[32m 17[2mms[22m[39m
 [32m✓[39m src/components/ConversionRateChart.test.jsx[2m > [22mConversionRateChart[2m > [22mbackward compatibility (outside ThemeProvider)[2m > [22mshould render without ThemeProvider using darkMode prop[32m 17[2mms[22m[39m
 [31m×[39m src/components/ConversionRateChart.test.jsx[2m > [22mConversionRateChart[2m > [22mbackward compatibility (outside ThemeProvider)[2m > [22mshould default to light mode when outside ThemeProvider without darkMode prop[32m 36[2mms[22m[39m[33m (retry x1)[39m
[31m   → [2mexpect([22m[31melement[31m[2m).toHaveClass([22m[32m[32m"bg-white/80"[32m[31m[2m)[22m

Expected the element to have class:
[32m  bg-white/80[31m
Received:
[31m  bg-white/90 border-slate-200/60 shadow-xl shadow-slate-900/10 backdrop-blur-lg rounded-2xl p-3 sm:p-4 md:p-6 border transition-all duration-300 hover:shadow-2xl[31m[39m
[31m   → [2mexpect([22m[31melement[31m[2m).toHaveClass([22m[32m[32m"bg-white/80"[32m[31m[2m)[22m

Expected the element to have class:
[32m  bg-white/80[31m
Received:
[31m  bg-white/90 border-slate-200/60 shadow-xl shadow-slate-900/10 backdrop-blur-lg rounded-2xl p-3 sm:p-4 md:p-6 border transition-all duration-300 hover:shadow-2xl[31m[39m
 [32m✓[39m src/components/ConversionRateChart.test.jsx[2m > [22mConversionRateChart[2m > [22mintegration tests[2m > [22mshould display complete chart with all elements[32m 29[2mms[22m[39m
 [31m×[39m src/components/ConversionRateChart.test.jsx[2m > [22mConversionRateChart[2m > [22mintegration tests[2m > [22mshould work correctly with theme toggle simulation[32m 45[2mms[22m[39m[33m (retry x1)[39m
[31m   → [2mexpect([22m[31melement[31m[2m).toHaveClass([22m[32m[32m"text-slate-800"[32m[31m[2m)[22m

Expected the element to have class:
[32m  text-slate-800[31m
Received:
[31m  text-base sm:text-lg md:text-xl font-bold text-slate-700[31m[39m
[31m   → [2mexpect([22m[31melement[31m[2m).toHaveClass([22m[32m[32m"text-slate-800"[32m[31m[2m)[22m

Expected the element to have class:
[32m  text-slate-800[31m
Received:
[31m  text-base sm:text-lg md:text-xl font-bold text-slate-700[31m[39m
 [32m✓[39m src/components/ConversionRateChart.test.jsx[2m > [22mConversionRateChart[2m > [22mintegration tests[2m > [22mshould handle time period changes correctly[32m 198[2mms[22m[39m
 [32m✓[39m src/components/AlertItem.test.jsx[2m > [22mAlertItem[2m > [22mbasic rendering[2m > [22mshould render the alert message[32m 178[2mms[22m[39m
 [32m✓[39m src/components/AlertItem.test.jsx[2m > [22mAlertItem[2m > [22mbasic rendering[2m > [22mshould render the alert time[32m 18[2mms[22m[39m
 [32m✓[39m src/components/AlertItem.test.jsx[2m > [22mAlertItem[2m > [22mbasic rendering[2m > [22mshould render without crashing with minimal alert data[32m 26[2mms[22m[39m
 [32m✓[39m src/components/AlertItem.test.jsx[2m > [22mAlertItem[2m > [22mbasic rendering[2m > [22mshould render the icon[32m 33[2mms[22m[39m
 [32m✓[39m src/components/AlertItem.test.jsx[2m > [22mAlertItem[2m > [22mwarning alert type[2m > [22mshould render ShieldAlert icon for warning type[32m 18[2mms[22m[39m
 [32m✓[39m src/components/AlertItem.test.jsx[2m > [22mAlertItem[2m > [22mwarning alert type[2m > [22mshould apply warning background classes in light mode[32m 15[2mms[22m[39m
 [32m✓[39m src/components/AlertItem.test.jsx[2m > [22mAlertItem[2m > [22mwarning alert type[2m > [22mshould apply warning background classes in dark mode[32m 14[2mms[22m[39m
 [32m✓[39m src/components/AlertItem.test.jsx[2m > [22mAlertItem[2m > [22mwarning alert type[2m > [22mshould apply warning icon color in light mode[32m 10[2mms[22m[39m
 [32m✓[39m src/components/AlertItem.test.jsx[2m > [22mAlertItem[2m > [22mwarning alert type[2m > [22mshould apply warning icon color in dark mode[32m 12[2mms[22m[39m
 [32m✓[39m src/components/AlertItem.test.jsx[2m > [22mAlertItem[2m > [22minfo alert type[2m > [22mshould render Info icon for info type[32m 17[2mms[22m[39m
 [32m✓[39m src/components/AlertItem.test.jsx[2m > [22mAlertItem[2m > [22minfo alert type[2m > [22mshould apply info background classes in light mode[32m 12[2mms[22m[39m
 [32m✓[39m src/components/AlertItem.test.jsx[2m > [22mAlertItem[2m > [22minfo alert type[2m > [22mshould apply info background classes in dark mode[32m 10[2mms[22m[39m
 [32m✓[39m src/components/AlertItem.test.jsx[2m > [22mAlertItem[2m > [22minfo alert type[2m > [22mshould apply info icon color in light mode[32m 20[2mms[22m[39m
 [32m✓[39m src/components/AlertItem.test.jsx[2m > [22mAlertItem[2m > [22minfo alert type[2m > [22mshould apply info icon color in dark mode[32m 8[2mms[22m[39m
 [32m✓[39m src/components/AlertItem.test.jsx[2m > [22mAlertItem[2m > [22munknown/default alert type[2m > [22mshould default to info styling for unknown type[32m 10[2mms[22m[39m
 [32m✓[39m src/components/AlertItem.test.jsx[2m > [22mAlertItem[2m > [22munknown/default alert type[2m > [22mshould default to info styling for undefined type[32m 16[2mms[22m[39m
 [32m✓[39m src/components/AlertItem.test.jsx[2m > [22mAlertItem[2m > [22munknown/default alert type[2m > [22mshould default to info styling for empty string type[32m 17[2mms[22m[39m
 [31m×[39m src/components/AlertItem.test.jsx[2m > [22mAlertItem[2m > [22mdark mode styling[2m > [22mshould apply dark text color for message in dark mode[32m 46[2mms[22m[39m[33m (retry x1)[39m
[31m   → [2mexpect([22m[31melement[31m[2m).toHaveClass([22m[32m[32m"text-slate-200"[32m[31m[2m)[22m

Expected the element to have class:
[32m  text-slate-200[31m
Received:
[31m  text-xs sm:text-sm font-medium leading-snug wrap-break-word text-neutral-200[31m[39m
[31m   → [2mexpect([22m[31melement[31m[2m).toHaveClass([22m[32m[32m"text-slate-200"[32m[31m[2m)[22m

Expected the element to have class:
[32m  text-slate-200[31m
Received:
[31m  text-xs sm:text-sm font-medium leading-snug wrap-break-word text-neutral-200[31m[39m
 [32m✓[39m src/components/AlertItem.test.jsx[2m > [22mAlertItem[2m > [22mdark mode styling[2m > [22mshould apply light text color for message in light mode[32m 12[2mms[22m[39m
 [31m×[39m src/components/AlertItem.test.jsx[2m > [22mAlertItem[2m > [22mdark mode styling[2m > [22mshould apply dark time color in dark mode[32m 23[2mms[22m[39m[33m (retry x1)[39m
[31m   → [2mexpect([22m[31melement[31m[2m).toHaveClass([22m[32m[32m"text-slate-400"[32m[31m[2m)[22m

Expected the element to have class:
[32m  text-slate-400[31m
Received:
[31m  text-[11px] sm:text-xs mt-1.5 sm:mt-2 block text-neutral-400[31m[39m
[31m   → [2mexpect([22m[31melement[31m[2m).toHaveClass([22m[32m[32m"text-slate-400"[32m[31m[2m)[22m

Expected the element to have class:
[32m  text-slate-400[31m
Received:
[31m  text-[11px] sm:text-xs mt-1.5 sm:mt-2 block text-neutral-400[31m[39m
 [32m✓[39m src/components/AlertItem.test.jsx[2m > [22mAlertItem[2m > [22mdark mode styling[2m > [22mshould apply light time color in light mode[32m 12[2mms[22m[39m
 [32m✓[39m src/components/AlertItem.test.jsx[2m > [22mAlertItem[2m > [22mdarkMode override prop[2m > [22mshould use darkModeOverride when provided (true)[32m 11[2mms[22m[39m
 [32m✓[39m src/components/AlertItem.test.jsx[2m > [22mAlertItem[2m > [22mdarkMode override prop[2m > [22mshould use darkModeOverride when provided (false)[32m 13[2mms[22m[39m
 [32m✓[39m src/components/AlertItem.test.jsx[2m > [22mAlertItem[2m > [22mdarkMode override prop[2m > [22mshould use context value when darkModeOverride is undefined[32m 8[2mms[22m[39m
 [32m✓[39m src/components/AlertItem.test.jsx[2m > [22mAlertItem[2m > [22mbackward compatibility (outside ThemeProvider)[2m > [22mshould render without ThemeProvider using darkMode prop[32m 37[2mms[22m[39m
 [32m✓[39m src/components/AlertItem.test.jsx[2m > [22mAlertItem[2m > [22mbackward compatibility (outside ThemeProvider)[2m > [22mshould default to light mode when outside ThemeProvider without darkMode prop[32m 9[2mms[22m[39m
 [32m✓[39m src/components/AlertItem.test.jsx[2m > [22mAlertItem[2m > [22mlayout and styling[2m > [22mshould have rounded corners[32m 20[2mms[22m[39m
 [32m✓[39m src/components/AlertItem.test.jsx[2m > [22mAlertItem[2m > [22mlayout and styling[2m > [22mshould have border styling[32m 9[2mms[22m[39m
 [32m✓[39m src/components/AlertItem.test.jsx[2m > [22mAlertItem[2m > [22mlayout and styling[2m > [22mshould have responsive padding classes[32m 9[2mms[22m[39m
 [32m✓[39m src/components/AlertItem.test.jsx[2m > [22mAlertItem[2m > [22mlayout and styling[2m > [22mshould have flex layout for icon and content[32m 13[2mms[22m[39m
 [32m✓[39m src/components/AlertItem.test.jsx[2m > [22mAlertItem[2m > [22mlayout and styling[2m > [22mshould have gap between icon and content[32m 30[2mms[22m[39m
 [32m✓[39m src/components/AlertItem.test.jsx[2m > [22mAlertItem[2m > [22mlayout and styling[2m > [22mshould have responsive icon sizes[32m 9[2mms[22m[39m
 [32m✓[39m src/components/AlertItem.test.jsx[2m > [22mAlertItem[2m > [22mlayout and styling[2m > [22mshould have shrink-0 on icon to prevent shrinking[32m 12[2mms[22m[39m
 [32m✓[39m src/components/AlertItem.test.jsx[2m > [22mAlertItem[2m > [22mtext styling[2m > [22mshould have font-medium class on message[32m 12[2mms[22m[39m
 [32m✓[39m src/components/AlertItem.test.jsx[2m > [22mAlertItem[2m > [22mtext styling[2m > [22mshould have responsive text size for message[32m 11[2mms[22m[39m
 [32m✓[39m src/components/AlertItem.test.jsx[2m > [22mAlertItem[2m > [22mtext styling[2m > [22mshould have smaller text size for time[32m 15[2mms[22m[39m
 [32m✓[39m src/components/AlertItem.test.jsx[2m > [22mAlertItem[2m > [22mtext styling[2m > [22mshould have word-break styling on message[32m 11[2mms[22m[39m
 [32m✓[39m src/components/AlertItem.test.jsx[2m > [22mAlertItem[2m > [22mdifferent message content[2m > [22mshould render short message[32m 12[2mms[22m[39m
 [32m✓[39m src/components/AlertItem.test.jsx[2m > [22mAlertItem[2m > [22mdifferent message content[2m > [22mshould render long message[32m 15[2mms[22m[39m
 [32m✓[39m src/components/AlertItem.test.jsx[2m > [22mAlertItem[2m > [22mdifferent message content[2m > [22mshould render message with special characters[32m 15[2mms[22m[39m
 [32m✓[39m src/components/AlertItem.test.jsx[2m > [22mAlertItem[2m > [22mdifferent message content[2m > [22mshould render message with numbers[32m 19[2mms[22m[39m
 [32m✓[39m src/components/AlertItem.test.jsx[2m > [22mAlertItem[2m > [22mdifferent time formats[2m > [22mshould render relative time[32m 9[2mms[22m[39m
 [32m✓[39m src/components/AlertItem.test.jsx[2m > [22mAlertItem[2m > [22mdifferent time formats[2m > [22mshould render absolute time[32m 15[2mms[22m[39m
 [32m✓[39m src/components/AlertItem.test.jsx[2m > [22mAlertItem[2m > [22mdifferent time formats[2m > [22mshould render simple time label[32m 13[2mms[22m[39m
 [32m✓[39m src/components/AlertItem.test.jsx[2m > [22mAlertItem[2m > [22mdifferent time formats[2m > [22mshould render formatted date time[32m 11[2mms[22m[39m
 [32m✓[39m src/components/AlertItem.test.jsx[2m > [22mAlertItem[2m > [22medge cases[2m > [22mshould handle empty message[32m 8[2mms[22m[39m
 [32m✓[39m src/components/AlertItem.test.jsx[2m > [22mAlertItem[2m > [22medge cases[2m > [22mshould handle empty time[32m 14[2mms[22m[39m
 [32m✓[39m src/components/AlertItem.test.jsx[2m > [22mAlertItem[2m > [22medge cases[2m > [22mshould handle alert with only required fields[32m 7[2mms[22m[39m
 [32m✓[39m src/components/AlertItem.test.jsx[2m > [22mAlertItem[2m > [22medge cases[2m > [22mshould handle alert with extra fields[32m 13[2mms[22m[39m
 [32m✓[39m src/components/AlertItem.test.jsx[2m > [22mAlertItem[2m > [22medge cases[2m > [22mshould handle numeric id[32m 12[2mms[22m[39m
 [32m✓[39m src/components/AlertItem.test.jsx[2m > [22mAlertItem[2m > [22medge cases[2m > [22mshould handle string id[32m 11[2mms[22m[39m
 [32m✓[39m src/components/AlertItem.test.jsx[2m > [22mAlertItem[2m > [22maccessibility[2m > [22mshould have semantic paragraph element for message[32m 8[2mms[22m[39m
 [32m✓[39m src/components/AlertItem.test.jsx[2m > [22mAlertItem[2m > [22maccessibility[2m > [22mshould have semantic time element for time[32m 10[2mms[22m[39m
 [32m✓[39m src/components/AlertItem.test.jsx[2m > [22mAlertItem[2m > [22maccessibility[2m > [22mshould have appropriate text contrast in light mode[32m 9[2mms[22m[39m
 [31m×[39m src/components/AlertItem.test.jsx[2m > [22mAlertItem[2m > [22maccessibility[2m > [22mshould have appropriate text contrast in dark mode[32m 29[2mms[22m[39m[33m (retry x1)[39m
[31m   → [2mexpect([22m[31melement[31m[2m).toHaveClass([22m[32m[32m"text-slate-200"[32m[31m[2m)[22m

Expected the element to have class:
[32m  text-slate-200[31m
Received:
[31m  text-xs sm:text-sm font-medium leading-snug wrap-break-word text-neutral-200[31m[39m
[31m   → [2mexpect([22m[31melement[31m[2m).toHaveClass([22m[32m[32m"text-slate-200"[32m[31m[2m)[22m

Expected the element to have class:
[32m  text-slate-200[31m
Received:
[31m  text-xs sm:text-sm font-medium leading-snug wrap-break-word text-neutral-200[31m[39m
 [32m✓[39m src/components/AlertItem.test.jsx[2m > [22mAlertItem[2m > [22mintegration tests[2m > [22mshould render multiple alerts with different types[32m 32[2mms[22m[39m
 [32m✓[39m src/components/AlertItem.test.jsx[2m > [22mAlertItem[2m > [22mintegration tests[2m > [22mshould maintain consistent styling across theme changes[32m 21[2mms[22m[39m
 [32m✓[39m src/components/CreateMeetingModal.test.jsx[2m > [22mCreateMeetingModal[2m > [22medge cases[2m > [22mshould handle very long meeting title[33m 19978[2mms[22m[39m[33m (retry x1)[39m
 [32m✓[39m src/components/ChartComponents.test.jsx[2m > [22mChartLegend[2m > [22mbasic rendering[2m > [22mshould render legend items when payload is provided[32m 212[2mms[22m[39m
 [32m✓[39m src/components/ChartComponents.test.jsx[2m > [22mChartLegend[2m > [22mbasic rendering[2m > [22mshould render correct number of legend items[33m 467[2mms[22m[39m
 [32m✓[39m src/components/ChartComponents.test.jsx[2m > [22mChartLegend[2m > [22mbasic rendering[2m > [22mshould render with role list for accessibility[32m 52[2mms[22m[39m
 [32m✓[39m src/components/ChartComponents.test.jsx[2m > [22mChartLegend[2m > [22mbasic rendering[2m > [22mshould return null when payload is empty[32m 5[2mms[22m[39m
 [32m✓[39m src/components/ChartComponents.test.jsx[2m > [22mChartLegend[2m > [22mbasic rendering[2m > [22mshould return null when payload is undefined[32m 11[2mms[22m[39m
 [32m✓[39m src/components/ChartComponents.test.jsx[2m > [22mChartLegend[2m > [22mbasic rendering[2m > [22mshould return null when payload is null[32m 7[2mms[22m[39m
 [32m✓[39m src/components/ChartComponents.test.jsx[2m > [22mChartLegend[2m > [22mcolor indicators[2m > [22mshould render color indicators with correct background color[32m 64[2mms[22m[39m
 [32m✓[39m src/components/ChartComponents.test.jsx[2m > [22mChartLegend[2m > [22mcolor indicators[2m > [22mshould have aria-hidden on color indicators[32m 21[2mms[22m[39m
 [31m×[39m src/components/ChartComponents.test.jsx[2m > [22mChartLegend[2m > [22mdark mode styling[2m > [22mshould apply dark text color in dark mode[32m 56[2mms[22m[39m[33m (retry x1)[39m
[31m   → [2mexpect([22m[31melement[31m[2m).toHaveClass([22m[32m[32m"text-slate-300"[32m[31m[2m)[22m

Expected the element to have class:
[32m  text-slate-300[31m
Received:
[31m  text-xs sm:text-sm font-medium text-neutral-300[31m[39m
[31m   → [2mexpect([22m[31melement[31m[2m).toHaveClass([22m[32m[32m"text-slate-300"[32m[31m[2m)[22m

Expected the element to have class:
[32m  text-slate-300[31m
Received:
[31m  text-xs sm:text-sm font-medium text-neutral-300[31m[39m
 [32m✓[39m src/components/ChartComponents.test.jsx[2m > [22mChartLegend[2m > [22mdark mode styling[2m > [22mshould apply light text color in light mode[32m 15[2mms[22m[39m
 [32m✓[39m src/components/ChartComponents.test.jsx[2m > [22mChartLegend[2m > [22mresponsive classes[2m > [22mshould have responsive gap classes[32m 15[2mms[22m[39m
 [32m✓[39m src/components/ChartComponents.test.jsx[2m > [22mChartLegend[2m > [22mresponsive classes[2m > [22mshould have responsive text size classes[32m 14[2mms[22m[39m
 [32m✓[39m src/components/ChartComponents.test.jsx[2m > [22mChartLegend[2m > [22medge cases[2m > [22mshould handle single item payload[32m 8[2mms[22m[39m
 [32m✓[39m src/components/ChartComponents.test.jsx[2m > [22mChartLegend[2m > [22medge cases[2m > [22mshould handle many items[32m 135[2mms[22m[39m
 [32m✓[39m src/components/ChartComponents.test.jsx[2m > [22mChartLegend[2m > [22mbackward compatibility (outside ThemeProvider)[2m > [22mshould render without ThemeProvider using default theme[32m 13[2mms[22m[39m
 [32m✓[39m src/components/ChartComponents.test.jsx[2m > [22mXAxisTick[2m > [22mbasic rendering[2m > [22mshould render the tick text[32m 12[2mms[22m[39m
 [32m✓[39m src/components/ChartComponents.test.jsx[2m > [22mXAxisTick[2m > [22mbasic rendering[2m > [22mshould render within a g element with correct transform[32m 6[2mms[22m[39m
 [32m✓[39m src/components/ChartComponents.test.jsx[2m > [22mXAxisTick[2m > [22mbasic rendering[2m > [22mshould render with correct text anchor[32m 8[2mms[22m[39m
 [32m✓[39m src/components/ChartComponents.test.jsx[2m > [22mXAxisTick[2m > [22mbasic rendering[2m > [22mshould have aria-label for accessibility[32m 7[2mms[22m[39m
 [32m✓[39m src/components/ChartComponents.test.jsx[2m > [22mXAxisTick[2m > [22mpositioning[2m > [22mshould set correct dy offset[32m 12[2mms[22m[39m
 [32m✓[39m src/components/ChartComponents.test.jsx[2m > [22mXAxisTick[2m > [22mpositioning[2m > [22mshould set x and y to 0 within the transformed group[32m 7[2mms[22m[39m
 [32m✓[39m src/components/ChartComponents.test.jsx[2m > [22mXAxisTick[2m > [22mpositioning[2m > [22mshould handle different x and y values[32m 9[2mms[22m[39m
 [31m×[39m src/components/ChartComponents.test.jsx[2m > [22mXAxisTick[2m > [22mdark mode styling[2m > [22mshould use dark mode fill color in dark mode[32m 18[2mms[22m[39m[33m (retry x1)[39m
[31m   → [2mexpect([22m[31melement[31m[2m).toHaveAttribute([22m[32m[32m"fill"[32m[31m[2m, [22m[32m[32m"#94a3b8"[32m[31m[2m) // element.getAttribute("fill") === "#94a3b8"[22m

Expected the element to have attribute:
[32m  fill="#94a3b8"[31m
Received:
[31m  fill="#a3a3a3"[31m[39m
[31m   → [2mexpect([22m[31melement[31m[2m).toHaveAttribute([22m[32m[32m"fill"[32m[31m[2m, [22m[32m[32m"#94a3b8"[32m[31m[2m) // element.getAttribute("fill") === "#94a3b8"[22m

Expected the element to have attribute:
[32m  fill="#94a3b8"[31m
Received:
[31m  fill="#a3a3a3"[31m[39m
 [32m✓[39m src/components/ChartComponents.test.jsx[2m > [22mXAxisTick[2m > [22mdark mode styling[2m > [22mshould use light mode fill color in light mode[32m 12[2mms[22m[39m
 [32m✓[39m src/components/ChartComponents.test.jsx[2m > [22mXAxisTick[2m > [22mtext styling[2m > [22mshould have correct font size[32m 7[2mms[22m[39m
 [32m✓[39m src/components/ChartComponents.test.jsx[2m > [22mXAxisTick[2m > [22mtext styling[2m > [22mshould have correct font weight[32m 9[2mms[22m[39m
 [32m✓[39m src/components/ChartComponents.test.jsx[2m > [22mXAxisTick[2m > [22mtext styling[2m > [22mshould have font family attribute[32m 5[2mms[22m[39m
 [32m✓[39m src/components/ChartComponents.test.jsx[2m > [22mXAxisTick[2m > [22mpayload variations[2m > [22mshould render numeric payload values[32m 12[2mms[22m[39m
 [32m✓[39m src/components/ChartComponents.test.jsx[2m > [22mXAxisTick[2m > [22mpayload variations[2m > [22mshould render string payload values[32m 6[2mms[22m[39m
 [32m✓[39m src/components/ChartComponents.test.jsx[2m > [22mXAxisTick[2m > [22mpayload variations[2m > [22mshould handle empty string payload[32m 5[2mms[22m[39m
 [32m✓[39m src/components/ChartComponents.test.jsx[2m > [22mXAxisTick[2m > [22mbackward compatibility (outside ThemeProvider)[2m > [22mshould render without ThemeProvider using default theme[32m 10[2mms[22m[39m
 [32m✓[39m src/components/ChartComponents.test.jsx[2m > [22mChartComponents default export[2m > [22mshould export both ChartLegend and XAxisTick[32m 2[2mms[22m[39m
 [32m✓[39m src/components/CreateMeetingModal.test.jsx[2m > [22mCreateMeetingModal[2m > [22medge cases[2m > [22mshould handle special characters in title[33m 2289[2mms[22m[39m
 [32m✓[39m src/components/CompanyModalContent.test.jsx[2m > [22mCompanyModalContent[2m > [22mbasic rendering[2m > [22mshould render Privacy Policy section heading[32m 181[2mms[22m[39m
 [32m✓[39m src/components/CompanyModalContent.test.jsx[2m > [22mCompanyModalContent[2m > [22mbasic rendering[2m > [22mshould render Terms of Service section heading[32m 34[2mms[22m[39m
 [32m✓[39m src/components/CompanyModalContent.test.jsx[2m > [22mCompanyModalContent[2m > [22mbasic rendering[2m > [22mshould render Data Protection subsection[32m 33[2mms[22m[39m
 [32m✓[39m src/components/StatCard.test.jsx[2m > [22mStatCard[2m > [22mbasic rendering[2m > [22mshould render the title[32m 162[2mms[22m[39m
 [32m✓[39m src/components/StatCard.test.jsx[2m > [22mStatCard[2m > [22mbasic rendering[2m > [22mshould render the value[32m 22[2mms[22m[39m
 [32m✓[39m src/components/StatCard.test.jsx[2m > [22mStatCard[2m > [22mbasic rendering[2m > [22mshould render the icon[32m 29[2mms[22m[39m
 [32m✓[39m src/components/StatCard.test.jsx[2m > [22mStatCard[2m > [22mbasic rendering[2m > [22mshould apply accent classes to icon container[32m 18[2mms[22m[39m
 [32m✓[39m src/components/StatCard.test.jsx[2m > [22mStatCard[2m > [22mbasic rendering[2m > [22mshould render without crashing with minimal props[32m 22[2mms[22m[39m
 [32m✓[39m src/components/CompanyModalContent.test.jsx[2m > [22mCompanyModalContent[2m > [22mbasic rendering[2m > [22mshould render Data Ownership subsection[32m 25[2mms[22m[39m
 [32m✓[39m src/components/CompanyModalContent.test.jsx[2m > [22mCompanyModalContent[2m > [22mbasic rendering[2m > [22mshould render Professional License subsection[32m 24[2mms[22m[39m
 [32m✓[39m src/components/CompanyModalContent.test.jsx[2m > [22mCompanyModalContent[2m > [22mbasic rendering[2m > [22mshould render Data Compliance Standards subsection[32m 25[2mms[22m[39m
 [32m✓[39m src/components/CompanyModalContent.test.jsx[2m > [22mCompanyModalContent[2m > [22mbasic rendering[2m > [22mshould render contact email information[32m 20[2mms[22m[39m
 [32m✓[39m src/components/CompanyModalContent.test.jsx[2m > [22mCompanyModalContent[2m > [22mcontent[2m > [22mshould display data protection description[32m 24[2mms[22m[39m
 [32m✓[39m src/components/StatCard.test.jsx[2m > [22mStatCard[2m > [22msubValue and subText rendering[2m > [22mshould render subValue when provided[32m 15[2mms[22m[39m
 [32m✓[39m src/components/StatCard.test.jsx[2m > [22mStatCard[2m > [22msubValue and subText rendering[2m > [22mshould render subText when provided[32m 15[2mms[22m[39m
 [32m✓[39m src/components/StatCard.test.jsx[2m > [22mStatCard[2m > [22msubValue and subText rendering[2m > [22mshould render both subValue and subText together[32m 15[2mms[22m[39m
 [32m✓[39m src/components/StatCard.test.jsx[2m > [22mStatCard[2m > [22msubValue and subText rendering[2m > [22mshould not render subValue element when not provided[32m 20[2mms[22m[39m
 [32m✓[39m src/components/StatCard.test.jsx[2m > [22mStatCard[2m > [22msubValueVariant styling[2m > [22mshould apply positive (emerald) color class[32m 27[2mms[22m[39m
 [32m✓[39m src/components/StatCard.test.jsx[2m > [22mStatCard[2m > [22msubValueVariant styling[2m > [22mshould apply negative (rose) color class[32m 10[2mms[22m[39m
 [32m✓[39m src/components/StatCard.test.jsx[2m > [22mStatCard[2m > [22msubValueVariant styling[2m > [22mshould apply warning (amber) color class[32m 32[2mms[22m[39m
 [32m✓[39m src/components/StatCard.test.jsx[2m > [22mStatCard[2m > [22msubValueVariant styling[2m > [22mshould apply neutral (slate) color class by default[32m 18[2mms[22m[39m
 [32m✓[39m src/components/StatCard.test.jsx[2m > [22mStatCard[2m > [22msubValueVariant styling[2m > [22mshould apply neutral color for unrecognized variant[32m 13[2mms[22m[39m
 [32m✓[39m src/components/CompanyModalContent.test.jsx[2m > [22mCompanyModalContent[2m > [22mcontent[2m > [22mshould display data ownership description[32m 28[2mms[22m[39m
 [32m✓[39m src/components/CompanyModalContent.test.jsx[2m > [22mCompanyModalContent[2m > [22mcontent[2m > [22mshould display professional license description[32m 27[2mms[22m[39m
 [32m✓[39m src/components/CompanyModalContent.test.jsx[2m > [22mCompanyModalContent[2m > [22mcontent[2m > [22mshould display compliance standards description[32m 22[2mms[22m[39m
 [32m✓[39m src/components/CompanyModalContent.test.jsx[2m > [22mCompanyModalContent[2m > [22mcontent[2m > [22mshould display contact information text[32m 25[2mms[22m[39m
 [31m×[39m src/components/StatCard.test.jsx[2m > [22mStatCard[2m > [22mdark mode styling[2m > [22mshould apply dark theme classes when in dark mode[32m 41[2mms[22m[39m[33m (retry x1)[39m
[31m   → [2mexpect([22m[31melement[31m[2m).toHaveClass([22m[32m[32m"bg-slate-800/80"[32m[31m[2m)[22m

Expected the element to have class:
[32m  bg-slate-800/80[31m
Received:
[31m  bg-zinc-900/90 border-zinc-700/50 shadow-2xl shadow-black/60 ring-1 ring-zinc-600/10 backdrop-blur-lg rounded-2xl p-5 sm:p-7 md:p-8 border transition-all duration-300 hover:shadow-2xl h-36 sm:h-40 md:h-44 flex flex-col justify-between[31m[39m
[31m   → [2mexpect([22m[31melement[31m[2m).toHaveClass([22m[32m[32m"bg-slate-800/80"[32m[31m[2m)[22m

Expected the element to have class:
[32m  bg-slate-800/80[31m
Received:
[31m  bg-zinc-900/90 border-zinc-700/50 shadow-2xl shadow-black/60 ring-1 ring-zinc-600/10 backdrop-blur-lg rounded-2xl p-5 sm:p-7 md:p-8 border transition-all duration-300 hover:shadow-2xl h-36 sm:h-40 md:h-44 flex flex-col justify-between[31m[39m
 [32m✓[39m src/components/StatCard.test.jsx[2m > [22mStatCard[2m > [22mdark mode styling[2m > [22mshould apply light theme classes when in light mode[32m 9[2mms[22m[39m
 [31m×[39m src/components/StatCard.test.jsx[2m > [22mStatCard[2m > [22mdark mode styling[2m > [22mshould apply dark text colors in dark mode[32m 21[2mms[22m[39m[33m (retry x1)[39m
[31m   → [2mexpect([22m[31melement[31m[2m).toHaveClass([22m[32m[32m"text-slate-200"[32m[31m[2m)[22m

Expected the element to have class:
[32m  text-slate-200[31m
Received:
[31m  text-xs sm:text-sm md:text-base font-bold text-zinc-200 leading-tight[31m[39m
[31m   → [2mexpect([22m[31melement[31m[2m).toHaveClass([22m[32m[32m"text-slate-200"[32m[31m[2m)[22m

Expected the element to have class:
[32m  text-slate-200[31m
Received:
[31m  text-xs sm:text-sm md:text-base font-bold text-zinc-200 leading-tight[31m[39m
 [32m✓[39m src/components/StatCard.test.jsx[2m > [22mStatCard[2m > [22mdark mode styling[2m > [22mshould apply light text colors in light mode[32m 12[2mms[22m[39m
 [31m×[39m src/components/StatCard.test.jsx[2m > [22mStatCard[2m > [22mdark mode styling[2m > [22mshould apply correct value text color in dark mode[32m 30[2mms[22m[39m[33m (retry x1)[39m
[31m   → [2mexpect([22m[31melement[31m[2m).toHaveClass([22m[32m[32m"text-slate-100"[32m[31m[2m)[22m

Expected the element to have class:
[32m  text-slate-100[31m
Received:
[31m  text-xl sm:text-4xl font-bold text-zinc-100 wrap-break-word[31m[39m
[31m   → [2mexpect([22m[31melement[31m[2m).toHaveClass([22m[32m[32m"text-slate-100"[32m[31m[2m)[22m

Expected the element to have class:
[32m  text-slate-100[31m
Received:
[31m  text-xl sm:text-4xl font-bold text-zinc-100 wrap-break-word[31m[39m
 [32m✓[39m src/components/StatCard.test.jsx[2m > [22mStatCard[2m > [22mdark mode styling[2m > [22mshould apply correct value text color in light mode[32m 13[2mms[22m[39m
 [31m×[39m src/components/CompanyModalContent.test.jsx[2m > [22mCompanyModalContent[2m > [22mdark mode styling[2m > [22mshould apply dark mode heading classes[32m 63[2mms[22m[39m[33m (retry x1)[39m
[31m   → [2mexpect([22m[31melement[31m[2m).toHaveClass([22m[32m[32m"text-slate-200"[32m[31m[2m)[22m

Expected the element to have class:
[32m  text-slate-200[31m
Received:
[31m  text-lg font-bold text-neutral-200[31m[39m
[31m   → [2mexpect([22m[31melement[31m[2m).toHaveClass([22m[32m[32m"text-slate-200"[32m[31m[2m)[22m

Expected the element to have class:
[32m  text-slate-200[31m
Received:
[31m  text-lg font-bold text-neutral-200[31m[39m
 [32m✓[39m src/components/CompanyModalContent.test.jsx[2m > [22mCompanyModalContent[2m > [22mdark mode styling[2m > [22mshould apply light mode heading classes[32m 25[2mms[22m[39m
 [31m×[39m src/components/CompanyModalContent.test.jsx[2m > [22mCompanyModalContent[2m > [22mdark mode styling[2m > [22mshould apply dark mode text classes to descriptions[32m 44[2mms[22m[39m[33m (retry x1)[39m
[31m   → [2mexpect([22m[31melement[31m[2m).toHaveClass([22m[32m[32m"text-slate-400"[32m[31m[2m)[22m

Expected the element to have class:
[32m  text-slate-400[31m
Received:
[31m  text-sm mt-1 text-neutral-400[31m[39m
[31m   → [2mexpect([22m[31melement[31m[2m).toHaveClass([22m[32m[32m"text-slate-400"[32m[31m[2m)[22m

Expected the element to have class:
[32m  text-slate-400[31m
Received:
[31m  text-sm mt-1 text-neutral-400[31m[39m
 [31m×[39m src/components/StatCard.test.jsx[2m > [22mStatCard[2m > [22mdarkMode override prop[2m > [22mshould use darkModeOverride when provided (true)[32m 22[2mms[22m[39m[33m (retry x1)[39m
[31m   → [2mexpect([22m[31melement[31m[2m).toHaveClass([22m[32m[32m"bg-slate-800/80"[32m[31m[2m)[22m

Expected the element to have class:
[32m  bg-slate-800/80[31m
Received:
[31m  bg-zinc-900/90 border-zinc-700/50 shadow-2xl shadow-black/60 ring-1 ring-zinc-600/10 backdrop-blur-lg rounded-2xl p-5 sm:p-7 md:p-8 border transition-all duration-300 hover:shadow-2xl h-36 sm:h-40 md:h-44 flex flex-col justify-between[31m[39m
[31m   → [2mexpect([22m[31melement[31m[2m).toHaveClass([22m[32m[32m"bg-slate-800/80"[32m[31m[2m)[22m

Expected the element to have class:
[32m  bg-slate-800/80[31m
Received:
[31m  bg-zinc-900/90 border-zinc-700/50 shadow-2xl shadow-black/60 ring-1 ring-zinc-600/10 backdrop-blur-lg rounded-2xl p-5 sm:p-7 md:p-8 border transition-all duration-300 hover:shadow-2xl h-36 sm:h-40 md:h-44 flex flex-col justify-between[31m[39m
 [32m✓[39m src/components/StatCard.test.jsx[2m > [22mStatCard[2m > [22mdarkMode override prop[2m > [22mshould use darkModeOverride when provided (false)[32m 8[2mms[22m[39m
 [31m×[39m src/components/StatCard.test.jsx[2m > [22mStatCard[2m > [22mdarkMode override prop[2m > [22mshould use context value when darkModeOverride is undefined[32m 22[2mms[22m[39m[33m (retry x1)[39m
[31m   → [2mexpect([22m[31melement[31m[2m).toHaveClass([22m[32m[32m"bg-slate-800/80"[32m[31m[2m)[22m

Expected the element to have class:
[32m  bg-slate-800/80[31m
Received:
[31m  bg-zinc-900/90 border-zinc-700/50 shadow-2xl shadow-black/60 ring-1 ring-zinc-600/10 backdrop-blur-lg rounded-2xl p-5 sm:p-7 md:p-8 border transition-all duration-300 hover:shadow-2xl h-36 sm:h-40 md:h-44 flex flex-col justify-between[31m[39m
[31m   → [2mexpect([22m[31melement[31m[2m).toHaveClass([22m[32m[32m"bg-slate-800/80"[32m[31m[2m)[22m

Expected the element to have class:
[32m  bg-slate-800/80[31m
Received:
[31m  bg-zinc-900/90 border-zinc-700/50 shadow-2xl shadow-black/60 ring-1 ring-zinc-600/10 backdrop-blur-lg rounded-2xl p-5 sm:p-7 md:p-8 border transition-all duration-300 hover:shadow-2xl h-36 sm:h-40 md:h-44 flex flex-col justify-between[31m[39m
 [32m✓[39m src/components/StatCard.test.jsx[2m > [22mStatCard[2m > [22mbackward compatibility (outside ThemeProvider)[2m > [22mshould render without ThemeProvider using darkMode prop[32m 13[2mms[22m[39m
 [32m✓[39m src/components/StatCard.test.jsx[2m > [22mStatCard[2m > [22mbackward compatibility (outside ThemeProvider)[2m > [22mshould default to light mode when outside ThemeProvider without darkMode prop[32m 7[2mms[22m[39m
 [32m✓[39m src/components/StatCard.test.jsx[2m > [22mStatCard[2m > [22mcustom variants prop[2m > [22mshould accept custom animation variants[32m 39[2mms[22m[39m
 [32m✓[39m src/components/StatCard.test.jsx[2m > [22mStatCard[2m > [22mresponsive classes[2m > [22mshould have responsive padding classes[32m 9[2mms[22m[39m
 [32m✓[39m src/components/CompanyModalContent.test.jsx[2m > [22mCompanyModalContent[2m > [22mdark mode styling[2m > [22mshould apply light mode text classes to descriptions[32m 22[2mms[22m[39m
 [31m×[39m src/components/CompanyModalContent.test.jsx[2m > [22mCompanyModalContent[2m > [22mdark mode styling[2m > [22mshould apply dark mode card background classes[32m 61[2mms[22m[39m[33m (retry x1)[39m
[31m   → expected 0 to be greater than 0[39m
[31m   → expected 0 to be greater than 0[39m
 [32m✓[39m src/components/CompanyModalContent.test.jsx[2m > [22mCompanyModalContent[2m > [22mdark mode styling[2m > [22mshould apply light mode card background classes[32m 30[2mms[22m[39m
 [32m✓[39m src/components/StatCard.test.jsx[2m > [22mStatCard[2m > [22mresponsive classes[2m > [22mshould have responsive text sizes for title[32m 10[2mms[22m[39m
 [32m✓[39m src/components/StatCard.test.jsx[2m > [22mStatCard[2m > [22mresponsive classes[2m > [22mshould have responsive text sizes for value[32m 11[2mms[22m[39m
 [32m✓[39m src/components/StatCard.test.jsx[2m > [22mStatCard[2m > [22mdifferent value types[2m > [22mshould render numeric value[32m 14[2mms[22m[39m
 [32m✓[39m src/components/StatCard.test.jsx[2m > [22mStatCard[2m > [22mdifferent value types[2m > [22mshould render string value with units[32m 9[2mms[22m[39m
 [32m✓[39m src/components/StatCard.test.jsx[2m > [22mStatCard[2m > [22mdifferent value types[2m > [22mshould render percentage value[32m 26[2mms[22m[39m
 [32m✓[39m src/components/StatCard.test.jsx[2m > [22mStatCard[2m > [22mdifferent value types[2m > [22mshould render complex formatted value[32m 13[2mms[22m[39m
 [32m✓[39m src/components/StatCard.test.jsx[2m > [22mStatCard[2m > [22micon variations[2m > [22mshould render React element icon[32m 12[2mms[22m[39m
 [32m✓[39m src/components/CompanyModalContent.test.jsx[2m > [22mCompanyModalContent[2m > [22mcontact info section[2m > [22mshould apply dark mode styling to contact section[32m 31[2mms[22m[39m
 [32m✓[39m src/components/CompanyModalContent.test.jsx[2m > [22mCompanyModalContent[2m > [22mcontact info section[2m > [22mshould apply light mode styling to contact section[32m 28[2mms[22m[39m
 [32m✓[39m src/components/CompanyModalContent.test.jsx[2m > [22mCompanyModalContent[2m > [22mcontact info section[2m > [22mshould apply dark mode text color to contact text[32m 16[2mms[22m[39m
 [32m✓[39m src/components/CompanyModalContent.test.jsx[2m > [22mCompanyModalContent[2m > [22mcontact info section[2m > [22mshould apply light mode text color to contact text[32m 17[2mms[22m[39m
 [32m✓[39m src/components/CompanyModalContent.test.jsx[2m > [22mCompanyModalContent[2m > [22mcontact info section[2m > [22mshould center contact text[32m 24[2mms[22m[39m
 [32m✓[39m src/components/StatCard.test.jsx[2m > [22mStatCard[2m > [22micon variations[2m > [22mshould render icon within styled container[32m 20[2mms[22m[39m
 [32m✓[39m src/components/StatCard.test.jsx[2m > [22mStatCard[2m > [22maccessibility[2m > [22mshould have proper heading structure for title[32m 18[2mms[22m[39m
 [32m✓[39m src/components/StatCard.test.jsx[2m > [22mStatCard[2m > [22maccessibility[2m > [22mshould have readable text contrast in light mode[32m 12[2mms[22m[39m
 [31m×[39m src/components/StatCard.test.jsx[2m > [22mStatCard[2m > [22maccessibility[2m > [22mshould have readable text contrast in dark mode[32m 22[2mms[22m[39m[33m (retry x1)[39m
[31m   → [2mexpect([22m[31melement[31m[2m).toHaveClass([22m[32m[32m"text-slate-200"[32m[31m[2m)[22m

Expected the element to have class:
[32m  text-slate-200[31m
Received:
[31m  text-xs sm:text-sm md:text-base font-bold text-zinc-200 leading-tight[31m[39m
[31m   → [2mexpect([22m[31melement[31m[2m).toHaveClass([22m[32m[32m"text-slate-200"[32m[31m[2m)[22m

Expected the element to have class:
[32m  text-slate-200[31m
Received:
[31m  text-xs sm:text-sm md:text-base font-bold text-zinc-200 leading-tight[31m[39m
 [32m✓[39m src/components/StatCard.test.jsx[2m > [22mStatCard[2m > [22mstyling classes[2m > [22mshould have backdrop blur class[32m 11[2mms[22m[39m
 [32m✓[39m src/components/StatCard.test.jsx[2m > [22mStatCard[2m > [22mstyling classes[2m > [22mshould have rounded corners[32m 8[2mms[22m[39m
 [32m✓[39m src/components/StatCard.test.jsx[2m > [22mStatCard[2m > [22mstyling classes[2m > [22mshould have transition classes for hover effects[32m 7[2mms[22m[39m
 [32m✓[39m src/components/StatCard.test.jsx[2m > [22mStatCard[2m > [22mstyling classes[2m > [22mshould have hover shadow class[32m 7[2mms[22m[39m
 [32m✓[39m src/components/StatCard.test.jsx[2m > [22mStatCard[2m > [22medge cases[2m > [22mshould handle empty string title[32m 11[2mms[22m[39m
 [32m✓[39m src/components/StatCard.test.jsx[2m > [22mStatCard[2m > [22medge cases[2m > [22mshould handle very long title[32m 9[2mms[22m[39m
 [32m✓[39m src/components/StatCard.test.jsx[2m > [22mStatCard[2m > [22medge cases[2m > [22mshould handle zero value[32m 11[2mms[22m[39m
 [32m✓[39m src/components/StatCard.test.jsx[2m > [22mStatCard[2m > [22medge cases[2m > [22mshould handle negative values in subValue[32m 8[2mms[22m[39m
 [31m×[39m src/components/CompanyModalContent.test.jsx[2m > [22mCompanyModalContent[2m > [22mdarkMode override prop[2m > [22mshould use darkMode override when provided (true)[32m 62[2mms[22m[39m[33m (retry x1)[39m
[31m   → [2mexpect([22m[31melement[31m[2m).toHaveClass([22m[32m[32m"text-slate-200"[32m[31m[2m)[22m

Expected the element to have class:
[32m  text-slate-200[31m
Received:
[31m  text-lg font-bold text-neutral-200[31m[39m
[31m   → [2mexpect([22m[31melement[31m[2m).toHaveClass([22m[32m[32m"text-slate-200"[32m[31m[2m)[22m

Expected the element to have class:
[32m  text-slate-200[31m
Received:
[31m  text-lg font-bold text-neutral-200[31m[39m
 [32m✓[39m src/components/CompanyModalContent.test.jsx[2m > [22mCompanyModalContent[2m > [22mdarkMode override prop[2m > [22mshould use darkMode override when provided (false)[32m 14[2mms[22m[39m
 [31m×[39m src/components/CompanyModalContent.test.jsx[2m > [22mCompanyModalContent[2m > [22mdarkMode override prop[2m > [22mshould use context value when darkMode override is undefined[32m 28[2mms[22m[39m[33m (retry x1)[39m
[31m   → [2mexpect([22m[31melement[31m[2m).toHaveClass([22m[32m[32m"text-slate-200"[32m[31m[2m)[22m

Expected the element to have class:
[32m  text-slate-200[31m
Received:
[31m  text-lg font-bold text-neutral-200[31m[39m
[31m   → [2mexpect([22m[31melement[31m[2m).toHaveClass([22m[32m[32m"text-slate-200"[32m[31m[2m)[22m

Expected the element to have class:
[32m  text-slate-200[31m
Received:
[31m  text-lg font-bold text-neutral-200[31m[39m
 [32m✓[39m src/components/CompanyModalContent.test.jsx[2m > [22mCompanyModalContent[2m > [22mbackward compatibility (outside ThemeProvider)[2m > [22mshould render without ThemeProvider using darkMode prop[32m 16[2mms[22m[39m
 [32m✓[39m src/components/CompanyModalContent.test.jsx[2m > [22mCompanyModalContent[2m > [22mbackward compatibility (outside ThemeProvider)[2m > [22mshould default to light mode when outside ThemeProvider without darkMode prop[32m 13[2mms[22m[39m
 [32m✓[39m src/components/CompanyModalContent.test.jsx[2m > [22mCompanyModalContent[2m > [22mstructure[2m > [22mshould have proper spacing classes on container[32m 14[2mms[22m[39m
 [32m✓[39m src/components/CompanyModalContent.test.jsx[2m > [22mCompanyModalContent[2m > [22mstructure[2m > [22mshould render h4 elements for section headings[32m 13[2mms[22m[39m
 [32m✓[39m src/components/CompanyModalContent.test.jsx[2m > [22mCompanyModalContent[2m > [22mstructure[2m > [22mshould render h6 elements for subsection headings[32m 10[2mms[22m[39m
 [32m✓[39m src/components/CompanyModalContent.test.jsx[2m > [22mCompanyModalContent[2m > [22mstructure[2m > [22mshould render cards with rounded corners[32m 10[2mms[22m[39m
 [32m✓[39m src/components/CompanyModalContent.test.jsx[2m > [22mCompanyModalContent[2m > [22mstructure[2m > [22mshould render cards with padding[32m 15[2mms[22m[39m
 [32m✓[39m src/components/CompanyModalContent.test.jsx[2m > [22mCompanyModalContent[2m > [22mtypography[2m > [22mshould apply font-bold to section headings[32m 15[2mms[22m[39m
 [32m✓[39m src/components/CompanyModalContent.test.jsx[2m > [22mCompanyModalContent[2m > [22mtypography[2m > [22mshould apply text-lg to section headings[32m 17[2mms[22m[39m
 [32m✓[39m src/components/CompanyModalContent.test.jsx[2m > [22mCompanyModalContent[2m > [22mtypography[2m > [22mshould apply font-medium to subsection headings[32m 16[2mms[22m[39m
 [32m✓[39m src/components/CompanyModalContent.test.jsx[2m > [22mCompanyModalContent[2m > [22mtypography[2m > [22mshould apply text-sm to description paragraphs[32m 17[2mms[22m[39m
 [32m✓[39m src/components/CompanyModalContent.test.jsx[2m > [22mCompanyModalContent[2m > [22medge cases[2m > [22mshould handle multiple renders without issues[32m 27[2mms[22m[39m
 [32m✓[39m src/components/CompanyModalContent.test.jsx[2m > [22mCompanyModalContent[2m > [22medge cases[2m > [22mshould render consistently in light mode[32m 15[2mms[22m[39m
 [31m×[39m src/components/CompanyModalContent.test.jsx[2m > [22mCompanyModalContent[2m > [22medge cases[2m > [22mshould render consistently in dark mode[32m 28[2mms[22m[39m[33m (retry x1)[39m
[31m   → [2mexpect([22m[31melement[31m[2m).toHaveClass([22m[32m[32m"text-slate-200"[32m[31m[2m)[22m

Expected the element to have class:
[32m  text-slate-200[31m
Received:
[31m  text-lg font-bold text-neutral-200[31m[39m
[31m   → [2mexpect([22m[31melement[31m[2m).toHaveClass([22m[32m[32m"text-slate-200"[32m[31m[2m)[22m

Expected the element to have class:
[32m  text-slate-200[31m
Received:
[31m  text-lg font-bold text-neutral-200[31m[39m
 [32m✓[39m src/components/CreateMeetingModal.test.jsx[2m > [22mCreateMeetingModal[2m > [22medge cases[2m > [22mshould handle unicode characters[33m 1226[2mms[22m[39m
 [31m×[39m src/components/CreateMeetingModal.test.jsx[2m > [22mCreateMeetingModal[2m > [22mbackward compatibility (outside ThemeProvider)[2m > [22mshould render without ThemeProvider using darkMode prop[32m 233[2mms[22m[39m[33m (retry x1)[39m
[31m   → Unable to find an element with the text: Schedule New Meeting. This could be because the text is broken up by multiple elements. In this case, you can provide a function for your text matcher to make your matcher more flexible.

Ignored nodes: comments, script, style
[36m<body[31m
  [33mstyle[31m=[32m"position: fixed; top: 0px; width: 100%; overflow: hidden;"[31m
[36m>[31m
  [36m<div>[31m
    [36m<div[31m
      [33manimate[31m=[32m"[object Object]"[31m
      [33mclass[31m=[32m"fixed inset-0 bg-black/60 backdrop-blur-sm z-50 flex items-start sm:items-center justify-center p-2 sm:p-4 overflow-y-auto"[31m
      [33mexit[31m=[32m"[object Object]"[31m
      [33minitial[31m=[32m"[object Object]"[31m
      [33mrole[31m=[32m"presentation"[31m
    [36m>[31m
      [36m<div[31m
        [33manimate[31m=[32m"visible"[31m
        [33maria-labelledby[31m=[32m"create-meeting-title"[31m
        [33maria-modal[31m=[32m"true"[31m
        [33mclass[31m=[32m"w-full max-w-md rounded-3xl border shadow-2xl flex flex-col max-h-[95vh] sm:max-h-[85vh] my-2 sm:my-0 bg-white border-slate-200"[31m
        [33mexit[31m=[32m"exit"[31m
        [33minitial[31m=[32m"hidden"[31m
        [33mrole[31m=[32m"dialog"[31m
        [33mvariants[31m=[32m"[object Object]"[31m
      [36m>[31m
        [36m<div[31m
          [33mclass[31m=[32m"px-5 py-3.5 border-b flex items-center justify-between shrink-0 rounded-t-3xl border-slate-100 bg-slate-50/80"[31m
        [36m>[31m
          [36m<div[31m
            [33mclass[31m=[32m"flex items-center gap-3"[31m
          [36m>[31m
            [36m<div[31m
              [33mclass[31m=[32m"p-2 rounded-xl bg-linear-to-br from-blue-500 to-indigo-500"[31m
            [36m>[31m
              [36m<svg[31m
                [33maria-hidden[31m=[32m"true"[31m
                [33mclass[31m=[32m"lucide lucide-calendar-plus w-4 h-4 text-white"[31m
                [33mfill[31m=[32m"none"[31m
                [33mheight[31m=[32m"24"[31m
                [33mstroke[31m=[32m"currentColor"[31m
                [33mstroke-linecap[31m=[32m"round"[31m
                [33mstroke-linejoin[31m=[32m"round"[31m
                [33mstroke-width[31m=[32m"2"[31m
                [33mviewBox[31m=[32m"0 0 24 24"[31m
                [33mwidth[31m=[32m"24"[31m
                [33mxmlns[31m=[32m"http://www.w3.org/2000/svg"[31m
              [36m>[31m
                [36m<path[31m
                  [33md[31m=[32m"M16 19h6"[31m
                [36m/>[31m
                [36m<path[31m
                  [33md[31m=[32m"M16 2v4"[31m
                [36m/>[31m
                [36m<path[31m
                  [33md[31m=[32m"M19 16v6"[31m
                [36m/>[31m
                [36m<path[31m
                  [33md[31m=[32m"M21 12.598V6a2 2 0 0 0-2-2H5a2 2 0 0 0-2 2v14a2 2 0 0 0 2 2h8.5"[31m
                [36m/>[31m
                [36m<path[31m
                  [33md[31m=[32m"M3 10h18"[31m
                [36m/>[31m
                [36m<path[31m
                  [33md[31m=[32m"M8 2v4"[31m
                [36m/>[31m
              [36m</svg>[31m
            [36m</div>[31m
            [36m<h2[31m
              [33mclass[31m=[32m"text-lg font-bold text-slate-800"[31m
              [33mid[31m=[32m"create-meeting-title"[31m
              [33mstyle[31m=[32m"font-family: \"Manrope\", sans-serif;"[31m
            [36m>[31m
              [0mNew Meeting[0m
            [36m</h2>[31m
          [36m</div>[31m
          [36m<button[31m
            [33mclass[31m=[32m"p-1.5 rounded-lg transition-colors cursor-pointer hover:bg-slate-100 text-slate-500"[31m
            [33mwhilehover[31m=[32m"[object Object]"[31m
            [33mwhiletap[31m=[32m"[object Object]"[31m
          [36m>[31m
            [36m<svg[31m
              [33maria-hidden[31m=[32m"true"[31m
              [33mclass[31m=[32m"lucide lucide-x"[31m
              [33mfill[31m=[32m"none"[31m
              [33mheight[31m=[32m"18"[31m
              [33mstroke[31m=[32m"currentColor"[31m
              [33mstroke-linecap[31m=[32m"round"[31m
              [33mstroke-linejoin[31m=[32m"round"[31m
              [33mstroke-width[31m=[32m"2"[31m
              [33mviewBox[31m=[32m"0 0 24 24"[31m
              [33mwidth[31m=[32m"18"[31m
              [33mxmlns[31m=[32m"http://www.w3.org/2000/svg"[31m
            [36m>[31m
              [36m<path[31m
                [33md[31m=[32m"M18 6 6 18"[31m
              [36m/>[31m
              [36m<path[31m
                [33md[31m=[32m"m6 6 12 12"[31m
              [36m/>[31m
            [36m</svg>[31m
          [36m</button>[31m
        [36m</div>[31m
        [36m<form[31m
          [33mclass[31m=[32m"flex-1 overflow-y-auto p-5 space-y-4 scrollbar-none [&::-webkit-scrollbar]:hidden [-ms-overflow-style:none] [scrollbar-width:none]"[31m
        [36m>[31m
          [36m<div>[31m
            [36m<label[31m
              [33mclass[31m=[32m"text-xs font-semibold mb-2 block text-slate-500"[31m
            [36m>[31m
              [0mMeeting Title [0m
              [36m<span[31m
                [33mclass[31m=[32m"text-red-400"[31m
              [36m>[31m
                [0m*[0m
              [36m</span>[31m
            [36m</label>[31m
            [36m<input[31m
              [33mclass[31m=[32m"w-full p-2.5 rounded-lg border text-sm transition-all bg-slate-50 border-slate-200 text-slate-700 placeholder-slate-400 focus:border-blue-500 focus:outline-none focus:ring-2 focus:ring-blue-500/20"[31m
              [33mname[31m=[32m"title"[31m
              [33mplaceholder[31m=[32m"e.g., Product Demo, Sales Discussion"[31m
              [33mstyle[31m=[32m"font-family: \"Manrope\", sans-serif;"[31m
              [33mtype[31m=[32m"text"[31m
              [33mvalue[31m=[32m""[31m
            [36m/>[31m
          [36m</div>[31m
          [36m<div>[31m
            [36m<label[31m
              [33mclass[31m=[32m"text-xs font-semibold mb-2 flex items-center gap-1.5 text-slate-500"[31m
            [36m>[31m
              [36m<svg[31m
                [33maria-hidden[31m=[32m"true"[31m
                [33mclass[31m=[32m"lucide lucide-user"[31m
                [33mfill[31m=[32m"none"[31m
                [33mheight[31m=[32m"11"[31m
                [33mstroke[31m=[32m"currentColor"[31m
                [33mstroke-linecap[31m=[32m"round"[31m
                [33mstroke-linejoin[31m=[32m"round"[31m
                [33mstroke-width[31m=[32m"2"[31m
                [33mviewBox[31m=[32m"0 0 24 24"[31m
                [33mwidth[31m=[32m"11"[31m
                [33mxmlns[31m=[32m"http://www.w3.org/2000/svg"[31m
              [36m>[31m
                [36m<path[31m
                  [33md[31m=[32m"M19 21v-2a4 4 0 0 0-4-4H9a4 4 0 0 0-4 4v2"[31m
                [36m/>[31m
                [36m<circle[31m
                  [33mcx[31m=[32m"12"[31m
                  [33mcy[31m=[32m"7"[31m
                  [33mr[...[39m
[31m   → Unable to find an element with the text: Schedule New Meeting. This could be because the text is broken up by multiple elements. In this case, you can provide a function for your text matcher to make your matcher more flexible.

Ignored nodes: comments, script, style
[36m<body[31m
  [33mstyle[31m=[32m"position: fixed; top: 0px; width: 100%; overflow: hidden;"[31m
[36m>[31m
  [36m<div>[31m
    [36m<div[31m
      [33manimate[31m=[32m"[object Object]"[31m
      [33mclass[31m=[32m"fixed inset-0 bg-black/60 backdrop-blur-sm z-50 flex items-start sm:items-center justify-center p-2 sm:p-4 overflow-y-auto"[31m
      [33mexit[31m=[32m"[object Object]"[31m
      [33minitial[31m=[32m"[object Object]"[31m
      [33mrole[31m=[32m"presentation"[31m
    [36m>[31m
      [36m<div[31m
        [33manimate[31m=[32m"visible"[31m
        [33maria-labelledby[31m=[32m"create-meeting-title"[31m
        [33maria-modal[31m=[32m"true"[31m
        [33mclass[31m=[32m"w-full max-w-md rounded-3xl border shadow-2xl flex flex-col max-h-[95vh] sm:max-h-[85vh] my-2 sm:my-0 bg-white border-slate-200"[31m
        [33mexit[31m=[32m"exit"[31m
        [33minitial[31m=[32m"hidden"[31m
        [33mrole[31m=[32m"dialog"[31m
        [33mvariants[31m=[32m"[object Object]"[31m
      [36m>[31m
        [36m<div[31m
          [33mclass[31m=[32m"px-5 py-3.5 border-b flex items-center justify-between shrink-0 rounded-t-3xl border-slate-100 bg-slate-50/80"[31m
        [36m>[31m
          [36m<div[31m
            [33mclass[31m=[32m"flex items-center gap-3"[31m
          [36m>[31m
            [36m<div[31m
              [33mclass[31m=[32m"p-2 rounded-xl bg-linear-to-br from-blue-500 to-indigo-500"[31m
            [36m>[31m
              [36m<svg[31m
                [33maria-hidden[31m=[32m"true"[31m
                [33mclass[31m=[32m"lucide lucide-calendar-plus w-4 h-4 text-white"[31m
                [33mfill[31m=[32m"none"[31m
                [33mheight[31m=[32m"24"[31m
                [33mstroke[31m=[32m"currentColor"[31m
                [33mstroke-linecap[31m=[32m"round"[31m
                [33mstroke-linejoin[31m=[32m"round"[31m
                [33mstroke-width[31m=[32m"2"[31m
                [33mviewBox[31m=[32m"0 0 24 24"[31m
                [33mwidth[31m=[32m"24"[31m
                [33mxmlns[31m=[32m"http://www.w3.org/2000/svg"[31m
              [36m>[31m
                [36m<path[31m
                  [33md[31m=[32m"M16 19h6"[31m
                [36m/>[31m
                [36m<path[31m
                  [33md[31m=[32m"M16 2v4"[31m
                [36m/>[31m
                [36m<path[31m
                  [33md[31m=[32m"M19 16v6"[31m
                [36m/>[31m
                [36m<path[31m
                  [33md[31m=[32m"M21 12.598V6a2 2 0 0 0-2-2H5a2 2 0 0 0-2 2v14a2 2 0 0 0 2 2h8.5"[31m
                [36m/>[31m
                [36m<path[31m
                  [33md[31m=[32m"M3 10h18"[31m
                [36m/>[31m
                [36m<path[31m
                  [33md[31m=[32m"M8 2v4"[31m
                [36m/>[31m
              [36m</svg>[31m
            [36m</div>[31m
            [36m<h2[31m
              [33mclass[31m=[32m"text-lg font-bold text-slate-800"[31m
              [33mid[31m=[32m"create-meeting-title"[31m
              [33mstyle[31m=[32m"font-family: \"Manrope\", sans-serif;"[31m
            [36m>[31m
              [0mNew Meeting[0m
            [36m</h2>[31m
          [36m</div>[31m
          [36m<button[31m
            [33mclass[31m=[32m"p-1.5 rounded-lg transition-colors cursor-pointer hover:bg-slate-100 text-slate-500"[31m
            [33mwhilehover[31m=[32m"[object Object]"[31m
            [33mwhiletap[31m=[32m"[object Object]"[31m
          [36m>[31m
            [36m<svg[31m
              [33maria-hidden[31m=[32m"true"[31m
              [33mclass[31m=[32m"lucide lucide-x"[31m
              [33mfill[31m=[32m"none"[31m
              [33mheight[31m=[32m"18"[31m
              [33mstroke[31m=[32m"currentColor"[31m
              [33mstroke-linecap[31m=[32m"round"[31m
              [33mstroke-linejoin[31m=[32m"round"[31m
              [33mstroke-width[31m=[32m"2"[31m
              [33mviewBox[31m=[32m"0 0 24 24"[31m
              [33mwidth[31m=[32m"18"[31m
              [33mxmlns[31m=[32m"http://www.w3.org/2000/svg"[31m
            [36m>[31m
              [36m<path[31m
                [33md[31m=[32m"M18 6 6 18"[31m
              [36m/>[31m
              [36m<path[31m
                [33md[31m=[32m"m6 6 12 12"[31m
              [36m/>[31m
            [36m</svg>[31m
          [36m</button>[31m
        [36m</div>[31m
        [36m<form[31m
          [33mclass[31m=[32m"flex-1 overflow-y-auto p-5 space-y-4 scrollbar-none [&::-webkit-scrollbar]:hidden [-ms-overflow-style:none] [scrollbar-width:none]"[31m
        [36m>[31m
          [36m<div>[31m
            [36m<label[31m
              [33mclass[31m=[32m"text-xs font-semibold mb-2 block text-slate-500"[31m
            [36m>[31m
              [0mMeeting Title [0m
              [36m<span[31m
                [33mclass[31m=[32m"text-red-400"[31m
              [36m>[31m
                [0m*[0m
              [36m</span>[31m
            [36m</label>[31m
            [36m<input[31m
              [33mclass[31m=[32m"w-full p-2.5 rounded-lg border text-sm transition-all bg-slate-50 border-slate-200 text-slate-700 placeholder-slate-400 focus:border-blue-500 focus:outline-none focus:ring-2 focus:ring-blue-500/20"[31m
              [33mname[31m=[32m"title"[31m
              [33mplaceholder[31m=[32m"e.g., Product Demo, Sales Discussion"[31m
              [33mstyle[31m=[32m"font-family: \"Manrope\", sans-serif;"[31m
              [33mtype[31m=[32m"text"[31m
              [33mvalue[31m=[32m""[31m
            [36m/>[31m
          [36m</div>[31m
          [36m<div>[31m
            [36m<label[31m
              [33mclass[31m=[32m"text-xs font-semibold mb-2 flex items-center gap-1.5 text-slate-500"[31m
            [36m>[31m
              [36m<svg[31m
                [33maria-hidden[31m=[32m"true"[31m
                [33mclass[31m=[32m"lucide lucide-user"[31m
                [33mfill[31m=[32m"none"[31m
                [33mheight[31m=[32m"11"[31m
                [33mstroke[31m=[32m"currentColor"[31m
                [33mstroke-linecap[31m=[32m"round"[31m
                [33mstroke-linejoin[31m=[32m"round"[31m
                [33mstroke-width[31m=[32m"2"[31m
                [33mviewBox[31m=[32m"0 0 24 24"[31m
                [33mwidth[31m=[32m"11"[31m
                [33mxmlns[31m=[32m"http://www.w3.org/2000/svg"[31m
              [36m>[31m
                [36m<path[31m
                  [33md[31m=[32m"M19 21v-2a4 4 0 0 0-4-4H9a4 4 0 0 0-4 4v2"[31m
                [36m/>[31m
                [36m<circle[31m
                  [33mcx[31m=[32m"12"[31m
                  [33mcy[31m=[32m"7"[31m
                  [33mr[...[39m
 [32m✓[39m src/components/CreateMeetingModal.test.jsx[2m > [22mCreateMeetingModal[2m > [22mbackward compatibility (outside ThemeProvider)[2m > [22mshould default to light mode when outside ThemeProvider without darkMode prop[32m 66[2mms[22m[39m
 [32m✓[39m src/components/CreateMeetingModal.test.jsx[2m > [22mCreateMeetingModal[2m > [22mintegration tests[2m > [22mshould render complete modal with all elements[32m 91[2mms[22m[39m
 [32m✓[39m src/components/CreateMeetingModal.test.jsx[2m > [22mCreateMeetingModal[2m > [22mintegration tests[2m > [22mshould work correctly with theme toggle simulation[32m 94[2mms[22m[39m
 [32m✓[39m src/components/meeting/CustomCalendar.test.jsx[2m > [22mCustomCalendar[2m > [22mbasic rendering[2m > [22mshould render the calendar component[32m 223[2mms[22m[39m
 [32m✓[39m src/components/meeting/CustomCalendar.test.jsx[2m > [22mCustomCalendar[2m > [22mbasic rendering[2m > [22mshould render day headers[32m 72[2mms[22m[39m
 [32m✓[39m src/components/Header.test.jsx[2m > [22mHeader[2m > [22mbasic rendering[2m > [22mshould render the LeadFlow title[32m 223[2mms[22m[39m
 [32m✓[39m src/components/Header.test.jsx[2m > [22mHeader[2m > [22mbasic rendering[2m > [22mshould render the tagline[32m 37[2mms[22m[39m
 [32m✓[39m src/components/Header.test.jsx[2m > [22mHeader[2m > [22mbasic rendering[2m > [22mshould render the Zap icon[32m 46[2mms[22m[39m
 [32m✓[39m src/components/Header.test.jsx[2m > [22mHeader[2m > [22mbasic rendering[2m > [22mshould render all action buttons[32m 52[2mms[22m[39m
 [32m✓[39m src/components/Header.test.jsx[2m > [22mHeader[2m > [22mlogo interactions[2m > [22mshould reload page when logo is clicked[32m 50[2mms[22m[39m
 [32m✓[39m src/components/Header.test.jsx[2m > [22mHeader[2m > [22mlogo interactions[2m > [22mshould reload page when Enter is pressed on logo[32m 41[2mms[22m[39m
 [32m✓[39m src/components/meeting/CustomCalendar.test.jsx[2m > [22mCustomCalendar[2m > [22mbasic rendering[2m > [22mshould render navigation buttons[33m 881[2mms[22m[39m
 [32m✓[39m src/components/meeting/CustomCalendar.test.jsx[2m > [22mCustomCalendar[2m > [22mbasic rendering[2m > [22mshould render days of the month[32m 50[2mms[22m[39m
 [32m✓[39m src/components/CreateMeetingModal.test.jsx[2m > [22mCreateMeetingModal[2m > [22mintegration tests[2m > [22mshould handle complete user flow[33m 883[2mms[22m[39m
 [32m✓[39m src/components/meeting/CustomCalendar.test.jsx[2m > [22mCustomCalendar[2m > [22mmonth navigation[2m > [22mshould navigate to previous month when clicking prev button[33m 436[2mms[22m[39m
 [32m✓[39m src/components/Header.test.jsx[2m > [22mHeader[2m > [22mlogo interactions[2m > [22mshould reload page when Space is pressed on logo[32m 38[2mms[22m[39m
 [32m✓[39m src/components/Header.test.jsx[2m > [22mHeader[2m > [22mlogo interactions[2m > [22mshould not reload page for other keys[32m 24[2mms[22m[39m
 [32m✓[39m src/components/Header.test.jsx[2m > [22mHeader[2m > [22mdark mode toggle[2m > [22mshould call onToggleDarkMode when dark mode button is clicked[33m 632[2mms[22m[39m
 [32m✓[39m src/components/Header.test.jsx[2m > [22mHeader[2m > [22mdark mode toggle[2m > [22mshould show Sun icon in dark mode[32m 79[2mms[22m[39m
 [32m✓[39m src/components/Header.test.jsx[2m > [22mHeader[2m > [22mdark mode toggle[2m > [22mshould show Moon icon in light mode[32m 28[2mms[22m[39m
 [32m✓[39m src/components/Header.test.jsx[2m > [22mHeader[2m > [22mrefresh button[2m > [22mshould call onRefresh when refresh button is clicked[32m 102[2mms[22m[39m
 [32m✓[39m src/components/Header.test.jsx[2m > [22mHeader[2m > [22mrefresh button[2m > [22mshould disable refresh button when isLoading is true[32m 46[2mms[22m[39m
 [32m✓[39m src/components/Header.test.jsx[2m > [22mHeader[2m > [22mrefresh button[2m > [22mshould enable refresh button when isLoading is false[32m 34[2mms[22m[39m
 [32m✓[39m src/components/meeting/CustomCalendar.test.jsx[2m > [22mCustomCalendar[2m > [22mmonth navigation[2m > [22mshould navigate to next month when clicking next button[33m 395[2mms[22m[39m
 [32m✓[39m src/components/Header.test.jsx[2m > [22mHeader[2m > [22mrefresh button[2m > [22mshould show spinning animation when loading[32m 33[2mms[22m[39m
 [32m✓[39m src/components/Header.test.jsx[2m > [22mHeader[2m > [22mnotes button[2m > [22mshould call onOpenNotes when notes button is clicked[32m 103[2mms[22m[39m
 [32m✓[39m src/components/meeting/CustomCalendar.test.jsx[2m > [22mCustomCalendar[2m > [22mmonth navigation[2m > [22mshould navigate multiple months forward[33m 425[2mms[22m[39m
 [32m✓[39m src/components/Header.test.jsx[2m > [22mHeader[2m > [22mmenu dropdown[2m > [22mshould open dropdown when menu button is clicked[32m 121[2mms[22m[39m
 [32m✓[39m src/components/meeting/CustomCalendar.test.jsx[2m > [22mCustomCalendar[2m > [22mmonth navigation[2m > [22mshould navigate multiple months backward[33m 325[2mms[22m[39m
 [32m✓[39m src/components/meeting/CustomCalendar.test.jsx[2m > [22mCustomCalendar[2m > [22mdate selection[2m > [22mshould call onChange with formatted date when a day is selected[32m 42[2mms[22m[39m
 [32m✓[39m src/components/meeting/CustomCalendar.test.jsx[2m > [22mCustomCalendar[2m > [22mdate selection[2m > [22mshould call onClose after selecting a date[32m 39[2mms[22m[39m
 [32m✓[39m src/components/meeting/CustomCalendar.test.jsx[2m > [22mCustomCalendar[2m > [22mdate selection[2m > [22mshould not call onChange when clicking on past dates[32m 35[2mms[22m[39m
 [32m✓[39m src/components/meeting/CustomCalendar.test.jsx[2m > [22mCustomCalendar[2m > [22mdate selection[2m > [22mshould allow selecting current day[32m 32[2mms[22m[39m
 [32m✓[39m src/components/meeting/CustomCalendar.test.jsx[2m > [22mCustomCalendar[2m > [22mselected date highlighting[2m > [22mshould highlight the selected date[32m 40[2mms[22m[39m
 [32m✓[39m src/components/Header.test.jsx[2m > [22mHeader[2m > [22mmenu dropdown[2m > [22mshould close dropdown when clicking outside[32m 227[2mms[22m[39m
 [32m✓[39m src/components/meeting/CustomCalendar.test.jsx[2m > [22mCustomCalendar[2m > [22mselected date highlighting[2m > [22mshould highlight today with different styling[32m 29[2mms[22m[39m
 [32m✓[39m src/components/meeting/CustomCalendar.test.jsx[2m > [22mCustomCalendar[2m > [22mselected date highlighting[2m > [22mshould not highlight non-selected, non-today dates[32m 29[2mms[22m[39m
 [32m✓[39m src/components/meeting/CustomCalendar.test.jsx[2m > [22mCustomCalendar[2m > [22mpast date handling[2m > [22mshould disable past dates[32m 31[2mms[22m[39m
 [32m✓[39m src/components/meeting/CustomCalendar.test.jsx[2m > [22mCustomCalendar[2m > [22mpast date handling[2m > [22mshould apply opacity styling to past dates[32m 28[2mms[22m[39m
 [32m✓[39m src/components/meeting/CustomCalendar.test.jsx[2m > [22mCustomCalendar[2m > [22mpast date handling[2m > [22mshould not disable current day[32m 37[2mms[22m[39m
 [32m✓[39m src/components/meeting/CustomCalendar.test.jsx[2m > [22mCustomCalendar[2m > [22mpast date handling[2m > [22mshould not disable future dates[32m 29[2mms[22m[39m
 [32m✓[39m src/components/meeting/CustomCalendar.test.jsx[2m > [22mCustomCalendar[2m > [22mdark mode styling[2m > [22mshould apply dark background in dark mode[32m 27[2mms[22m[39m
 [32m✓[39m src/components/meeting/CustomCalendar.test.jsx[2m > [22mCustomCalendar[2m > [22mdark mode styling[2m > [22mshould apply light background in light mode[32m 24[2mms[22m[39m
 [32m✓[39m src/components/Header.test.jsx[2m > [22mHeader[2m > [22mmenu dropdown[2m > [22mshould call onExportCSV and close dropdown when CSV option is clicked[32m 254[2mms[22m[39m
 [32m✓[39m src/components/AlertDropdown.test.jsx[2m > [22mAlertDropdown[2m > [22mbasic rendering[2m > [22mshould render when isOpen is true[32m 266[2mms[22m[39m
 [32m✓[39m src/components/AlertDropdown.test.jsx[2m > [22mAlertDropdown[2m > [22mbasic rendering[2m > [22mshould not render when isOpen is false[32m 7[2mms[22m[39m
 [32m✓[39m src/components/AlertDropdown.test.jsx[2m > [22mAlertDropdown[2m > [22mbasic rendering[2m > [22mshould render the Clear All button[32m 32[2mms[22m[39m
 [32m✓[39m src/components/meeting/CustomCalendar.test.jsx[2m > [22mCustomCalendar[2m > [22mdark mode styling[2m > [22mshould apply dark border in dark mode[32m 26[2mms[22m[39m
 [32m✓[39m src/components/meeting/CustomCalendar.test.jsx[2m > [22mCustomCalendar[2m > [22mdark mode styling[2m > [22mshould apply light border in light mode[32m 23[2mms[22m[39m
 [32m✓[39m src/components/meeting/CustomCalendar.test.jsx[2m > [22mCustomCalendar[2m > [22mdark mode styling[2m > [22mshould apply dark text styling for day headers in dark mode[32m 26[2mms[22m[39m
 [32m✓[39m src/components/meeting/CustomCalendar.test.jsx[2m > [22mCustomCalendar[2m > [22mdark mode styling[2m > [22mshould apply light text styling for day headers in light mode[32m 24[2mms[22m[39m
 [32m✓[39m src/components/AlertDropdown.test.jsx[2m > [22mAlertDropdown[2m > [22mbasic rendering[2m > [22mshould render the close button[32m 48[2mms[22m[39m
 [32m✓[39m src/components/AlertDropdown.test.jsx[2m > [22mAlertDropdown[2m > [22mbasic rendering[2m > [22mshould render the Add button[32m 35[2mms[22m[39m
 [32m✓[39m src/components/AlertDropdown.test.jsx[2m > [22mAlertDropdown[2m > [22mbasic rendering[2m > [22mshould render the input field[32m 28[2mms[22m[39m
 [32m✓[39m src/components/meeting/CustomCalendar.test.jsx[2m > [22mCustomCalendar[2m > [22minitial value handling[2m > [22mshould start on the month of the provided value[32m 32[2mms[22m[39m
 [32m✓[39m src/components/meeting/CustomCalendar.test.jsx[2m > [22mCustomCalendar[2m > [22minitial value handling[2m > [22mshould default to current month when no value provided[32m 29[2mms[22m[39m
 [32m✓[39m src/components/meeting/CustomCalendar.test.jsx[2m > [22mCustomCalendar[2m > [22minitial value handling[2m > [22mshould handle null value gracefully[32m 45[2mms[22m[39m
 [32m✓[39m src/components/meeting/CustomCalendar.test.jsx[2m > [22mCustomCalendar[2m > [22mstyling classes[2m > [22mshould have rounded corners[32m 40[2mms[22m[39m
 [32m✓[39m src/components/meeting/CustomCalendar.test.jsx[2m > [22mCustomCalendar[2m > [22mstyling classes[2m > [22mshould have shadow[32m 30[2mms[22m[39m
 [32m✓[39m src/components/meeting/CustomCalendar.test.jsx[2m > [22mCustomCalendar[2m > [22mstyling classes[2m > [22mshould have border[32m 26[2mms[22m[39m
 [32m✓[39m src/components/meeting/CustomCalendar.test.jsx[2m > [22mCustomCalendar[2m > [22mstyling classes[2m > [22mshould have z-index for proper layering[32m 36[2mms[22m[39m
 [32m✓[39m src/components/AlertDropdown.test.jsx[2m > [22mAlertDropdown[2m > [22malert display[2m > [22mshould render all alerts[32m 45[2mms[22m[39m
 [32m✓[39m src/components/AlertDropdown.test.jsx[2m > [22mAlertDropdown[2m > [22malert display[2m > [22mshould render alert times[32m 39[2mms[22m[39m
 [32m✓[39m src/components/AlertDropdown.test.jsx[2m > [22mAlertDropdown[2m > [22malert display[2m > [22mshould show 'No alerts' when alerts array is empty[32m 18[2mms[22m[39m
 [32m✓[39m src/components/AlertDropdown.test.jsx[2m > [22mAlertDropdown[2m > [22malert display[2m > [22mshould apply warning styling to warning alerts[32m 33[2mms[22m[39m
 [32m✓[39m src/components/Header.test.jsx[2m > [22mHeader[2m > [22mmenu dropdown[2m > [22mshould call onExportJSON and close dropdown when JSON option is clicked[33m 336[2mms[22m[39m
 [32m✓[39m src/components/Header.test.jsx[2m > [22mHeader[2m > [22mmenu dropdown[2m > [22mshould toggle dropdown open and closed[33m 326[2mms[22m[39m
 [32m✓[39m src/components/Header.test.jsx[2m > [22mHeader[2m > [22mdark mode styling[2m > [22mshould apply dark theme button classes in dark mode[32m 62[2mms[22m[39m
 [32m✓[39m src/components/meeting/CustomCalendar.test.jsx[2m > [22mCustomCalendar[2m > [22mstyling classes[2m > [22mshould position absolutely[32m 28[2mms[22m[39m
 [32m✓[39m src/components/meeting/CustomCalendar.test.jsx[2m > [22mCustomCalendar[2m > [22mcalendar grid[2m > [22mshould have 7 columns for days of week[32m 38[2mms[22m[39m
 [32m✓[39m src/components/meeting/CustomCalendar.test.jsx[2m > [22mCustomCalendar[2m > [22mcalendar grid[2m > [22mshould render correct number of day buttons for June 2024[32m 33[2mms[22m[39m
 [32m✓[39m src/components/Header.test.jsx[2m > [22mHeader[2m > [22mdark mode styling[2m > [22mshould apply light theme button classes in light mode[32m 40[2mms[22m[39m
 [32m✓[39m src/components/Header.test.jsx[2m > [22mHeader[2m > [22mdark mode styling[2m > [22mshould apply dark theme text color to title in dark mode[32m 51[2mms[22m[39m
 [32m✓[39m src/components/Header.test.jsx[2m > [22mHeader[2m > [22mdark mode styling[2m > [22mshould apply light theme text color to title in light mode[32m 31[2mms[22m[39m
 [32m✓[39m src/components/Header.test.jsx[2m > [22mHeader[2m > [22mdark mode styling[2m > [22mshould apply dark theme icon background in dark mode[32m 25[2mms[22m[39m
 [32m✓[39m src/components/Header.test.jsx[2m > [22mHeader[2m > [22mdark mode styling[2m > [22mshould apply light theme icon background in light mode[32m 23[2mms[22m[39m
 [32m✓[39m src/components/Header.test.jsx[2m > [22mHeader[2m > [22mdarkMode override prop[2m > [22mshould use darkMode override when provided (true)[32m 37[2mms[22m[39m
 [32m✓[39m src/components/Header.test.jsx[2m > [22mHeader[2m > [22mdarkMode override prop[2m > [22mshould use darkMode override when provided (false)[32m 30[2mms[22m[39m
 [32m✓[39m src/components/AlertDropdown.test.jsx[2m > [22mAlertDropdown[2m > [22malert display[2m > [22mshould apply info styling to info alerts[32m 28[2mms[22m[39m
 [32m✓[39m src/components/meeting/CustomCalendar.test.jsx[2m > [22mCustomCalendar[2m > [22medge cases[2m > [22mshould handle year transitions correctly (December to January)[32m 297[2mms[22m[39m
 [32m✓[39m src/components/Header.test.jsx[2m > [22mHeader[2m > [22maccessibility[2m > [22mshould have aria-label on all action buttons[32m 32[2mms[22m[39m
 [32m✓[39m src/components/Header.test.jsx[2m > [22mHeader[2m > [22maccessibility[2m > [22mshould have proper heading structure[32m 34[2mms[22m[39m
 [32m✓[39m src/components/Header.test.jsx[2m > [22mHeader[2m > [22maccessibility[2m > [22mshould have focusable logo with tabIndex[32m 28[2mms[22m[39m
 [32m✓[39m src/components/AlertDropdown.test.jsx[2m > [22mAlertDropdown[2m > [22mclose functionality[2m > [22mshould call onClose when close button is clicked[33m 660[2mms[22m[39m
 [32m✓[39m src/components/Header.test.jsx[2m > [22mHeader[2m > [22mresponsive classes[2m > [22mshould have responsive padding classes on buttons[32m 45[2mms[22m[39m
 [32m✓[39m src/components/Header.test.jsx[2m > [22mHeader[2m > [22mresponsive classes[2m > [22mshould have responsive text sizes for title[32m 30[2mms[22m[39m
 [32m✓[39m src/components/Header.test.jsx[2m > [22mHeader[2m > [22mbackward compatibility (outside ThemeProvider)[2m > [22mshould render without ThemeProvider using darkMode prop[32m 31[2mms[22m[39m
 [32m✓[39m src/components/Header.test.jsx[2m > [22mHeader[2m > [22mbackward compatibility (outside ThemeProvider)[2m > [22mshould default to light mode when outside ThemeProvider without darkMode prop[32m 33[2mms[22m[39m
 [32m✓[39m src/components/AlertDropdown.test.jsx[2m > [22mAlertDropdown[2m > [22mclose functionality[2m > [22mshould call onClose when backdrop is clicked[32m 110[2mms[22m[39m
 [32m✓[39m src/components/AlertDropdown.test.jsx[2m > [22mAlertDropdown[2m > [22mclear all functionality[2m > [22mshould call onClearAlerts when Clear All is clicked[32m 111[2mms[22m[39m
 [32m✓[39m src/components/meeting/CustomCalendar.test.jsx[2m > [22mCustomCalendar[2m > [22medge cases[2m > [22mshould handle year transitions correctly (January to December)[32m 275[2mms[22m[39m
 [32m✓[39m src/components/meeting/CustomCalendar.test.jsx[2m > [22mCustomCalendar[2m > [22medge cases[2m > [22mshould handle February in leap year[32m 27[2mms[22m[39m
 [32m✓[39m src/components/meeting/CustomCalendar.test.jsx[2m > [22mCustomCalendar[2m > [22medge cases[2m > [22mshould handle February in non-leap year[32m 28[2mms[22m[39m
 [32m✓[39m src/components/meeting/CustomCalendar.test.jsx[2m > [22mCustomCalendar[2m > [22maccessibility[2m > [22mshould have button role for navigation[32m 291[2mms[22m[39m
 [32m✓[39m src/components/Header.test.jsx[2m > [22mHeader[2m > [22medge cases[2m > [22mshould handle rapid clicks on menu button[33m 340[2mms[22m[39m
 [32m✓[39m src/components/AlertDropdown.test.jsx[2m > [22mAlertDropdown[2m > [22madd alert functionality[2m > [22mshould call onNewAlertChange when input value changes[32m 287[2mms[22m[39m
 [32m✓[39m src/components/meeting/CustomCalendar.test.jsx[2m > [22mCustomCalendar[2m > [22maccessibility[2m > [22mshould have type="button" on navigation buttons[32m 241[2mms[22m[39m
 [32m✓[39m src/components/meeting/CustomCalendar.test.jsx[2m > [22mCustomCalendar[2m > [22maccessibility[2m > [22mshould have cursor-pointer on clickable days[32m 23[2mms[22m[39m
 [32m✓[39m src/components/meeting/CustomCalendar.test.jsx[2m > [22mCustomCalendar[2m > [22maccessibility[2m > [22mshould have cursor-not-allowed on disabled days[32m 49[2mms[22m[39m
 [32m✓[39m src/components/AlertDropdown.test.jsx[2m > [22mAlertDropdown[2m > [22madd alert functionality[2m > [22mshould call onAddAlert when Add button is clicked with valid input[32m 103[2mms[22m[39m
 [32m✓[39m src/components/AlertDropdown.test.jsx[2m > [22mAlertDropdown[2m > [22madd alert functionality[2m > [22mshould not call onAddAlert when Add button is clicked with empty input[32m 115[2mms[22m[39m
 [32m✓[39m src/components/AlertDropdown.test.jsx[2m > [22mAlertDropdown[2m > [22madd alert functionality[2m > [22mshould not call onAddAlert when Add button is clicked with whitespace only[32m 95[2mms[22m[39m
 [32m✓[39m src/components/AlertDropdown.test.jsx[2m > [22mAlertDropdown[2m > [22madd alert functionality[2m > [22mshould call onAddAlert when Enter key is pressed with valid input[32m 23[2mms[22m[39m
 [32m✓[39m src/components/AlertDropdown.test.jsx[2m > [22mAlertDropdown[2m > [22madd alert functionality[2m > [22mshould not call onAddAlert when Enter key is pressed with empty input[32m 36[2mms[22m[39m
 [32m✓[39m src/components/AlertDropdown.test.jsx[2m > [22mAlertDropdown[2m > [22madd alert functionality[2m > [22mshould disable Add button when input is empty[32m 30[2mms[22m[39m
 [32m✓[39m src/components/AlertDropdown.test.jsx[2m > [22mAlertDropdown[2m > [22madd alert functionality[2m > [22mshould enable Add button when input has value[32m 45[2mms[22m[39m
 [32m✓[39m src/components/AlertDropdown.test.jsx[2m > [22mAlertDropdown[2m > [22madd alert functionality[2m > [22mshould have maxLength attribute on input[32m 29[2mms[22m[39m
 [32m✓[39m src/components/AlertDropdown.test.jsx[2m > [22mAlertDropdown[2m > [22mdark mode styling[2m > [22mshould apply dark theme container classes in dark mode[32m 56[2mms[22m[39m
 [32m✓[39m src/components/Header.test.jsx[2m > [22mHeader[2m > [22medge cases[2m > [22mshould handle multiple export clicks[33m 621[2mms[22m[39m
 [32m✓[39m src/components/AlertDropdown.test.jsx[2m > [22mAlertDropdown[2m > [22mdark mode styling[2m > [22mshould apply light theme container classes in light mode[32m 23[2mms[22m[39m
 [32m✓[39m src/components/AlertDropdown.test.jsx[2m > [22mAlertDropdown[2m > [22mdark mode styling[2m > [22mshould apply dark theme heading color in dark mode[32m 31[2mms[22m[39m
 [32m✓[39m src/components/AlertDropdown.test.jsx[2m > [22mAlertDropdown[2m > [22mdark mode styling[2m > [22mshould apply light theme heading color in light mode[32m 29[2mms[22m[39m
 [32m✓[39m src/components/AlertDropdown.test.jsx[2m > [22mAlertDropdown[2m > [22mdark mode styling[2m > [22mshould apply dark theme input classes in dark mode[32m 30[2mms[22m[39m
 [32m✓[39m src/components/AlertDropdown.test.jsx[2m > [22mAlertDropdown[2m > [22mdark mode styling[2m > [22mshould apply light theme input classes in light mode[32m 27[2mms[22m[39m
 [32m✓[39m src/components/AlertDropdown.test.jsx[2m > [22mAlertDropdown[2m > [22mdark mode styling[2m > [22mshould apply dark theme warning alert styling in dark mode[32m 27[2mms[22m[39m
 [32m✓[39m src/components/AlertDropdown.test.jsx[2m > [22mAlertDropdown[2m > [22mdark mode styling[2m > [22mshould apply dark theme info alert styling in dark mode[32m 32[2mms[22m[39m
 [32m✓[39m src/components/AlertDropdown.test.jsx[2m > [22mAlertDropdown[2m > [22mdarkMode override prop[2m > [22mshould use darkMode override when provided (true)[32m 32[2mms[22m[39m
 [32m✓[39m src/components/AlertDropdown.test.jsx[2m > [22mAlertDropdown[2m > [22mdarkMode override prop[2m > [22mshould use darkMode override when provided (false)[32m 23[2mms[22m[39m
 [32m✓[39m src/components/AlertDropdown.test.jsx[2m > [22mAlertDropdown[2m > [22mdarkMode override prop[2m > [22mshould use context value when darkMode override is undefined[32m 20[2mms[22m[39m
 [32m✓[39m src/components/AlertDropdown.test.jsx[2m > [22mAlertDropdown[2m > [22maccessibility[2m > [22mshould have proper heading for alerts section[32m 30[2mms[22m[39m
 [32m✓[39m src/components/AlertDropdown.test.jsx[2m > [22mAlertDropdown[2m > [22maccessibility[2m > [22mshould have input with type text[32m 21[2mms[22m[39m
 [32m✓[39m src/components/AlertDropdown.test.jsx[2m > [22mAlertDropdown[2m > [22maccessibility[2m > [22mshould have cursor-pointer on clickable buttons[32m 26[2mms[22m[39m
 [32m✓[39m src/components/AlertDropdown.test.jsx[2m > [22mAlertDropdown[2m > [22maccessibility[2m > [22mshould have cursor-not-allowed on disabled Add button[32m 22[2mms[22m[39m
 [32m✓[39m src/components/AlertDropdown.test.jsx[2m > [22mAlertDropdown[2m > [22maccessibility[2m > [22mshould have cursor-pointer on enabled Add button[32m 33[2mms[22m[39m
 [32m✓[39m src/components/AlertDropdown.test.jsx[2m > [22mAlertDropdown[2m > [22mstyling classes[2m > [22mshould have rounded-xl class on dropdown container[32m 40[2mms[22m[39m
 [32m✓[39m src/components/AlertDropdown.test.jsx[2m > [22mAlertDropdown[2m > [22mstyling classes[2m > [22mshould have shadow-2xl class on dropdown container[32m 34[2mms[22m[39m
 [32m✓[39m src/components/AlertDropdown.test.jsx[2m > [22mAlertDropdown[2m > [22mstyling classes[2m > [22mshould have z-50 class on dropdown for proper layering[32m 24[2mms[22m[39m
 [32m✓[39m src/components/AlertDropdown.test.jsx[2m > [22mAlertDropdown[2m > [22mstyling classes[2m > [22mshould have max-h-64 class on alerts list for scrolling[32m 20[2mms[22m[39m
 [32m✓[39m src/components/AlertDropdown.test.jsx[2m > [22mAlertDropdown[2m > [22mbackward compatibility (outside ThemeProvider)[2m > [22mshould render without ThemeProvider using darkMode prop[32m 26[2mms[22m[39m
 [32m✓[39m src/components/AlertDropdown.test.jsx[2m > [22mAlertDropdown[2m > [22mbackward compatibility (outside ThemeProvider)[2m > [22mshould default to light mode when outside ThemeProvider without darkMode prop[32m 20[2mms[22m[39m
 [32m✓[39m src/components/AlertDropdown.test.jsx[2m > [22mAlertDropdown[2m > [22medge cases[2m > [22mshould handle alerts with very long messages[32m 26[2mms[22m[39m
 [32m✓[39m src/components/AlertDropdown.test.jsx[2m > [22mAlertDropdown[2m > [22medge cases[2m > [22mshould handle alerts with special characters[32m 20[2mms[22m[39m
 [32m✓[39m src/components/AlertDropdown.test.jsx[2m > [22mAlertDropdown[2m > [22medge cases[2m > [22mshould handle large number of alerts[32m 224[2mms[22m[39m
 [32m✓[39m src/components/AlertDropdown.test.jsx[2m > [22mAlertDropdown[2m > [22medge cases[2m > [22mshould handle other keys without triggering submit[32m 25[2mms[22m[39m
 [32m✓[39m src/components/AlertDropdown.test.jsx[2m > [22mAlertDropdown[2m > [22medge cases[2m > [22mshould handle ref properly[32m 20[2mms[22m[39m
 [32m✓[39m src/components/AlertDropdown.test.jsx[2m > [22mAlertDropdown[2m > [22madd button styling[2m > [22mshould have active styling when input has value[32m 19[2mms[22m[39m
 [32m✓[39m src/components/AlertDropdown.test.jsx[2m > [22mAlertDropdown[2m > [22madd button styling[2m > [22mshould have disabled styling when input is empty[32m 28[2mms[22m[39m
 [32m✓[39m src/components/AlertDropdown.test.jsx[2m > [22mAlertDropdown[2m > [22madd button styling[2m > [22mshould have dark theme disabled styling when input is empty in dark mode[32m 22[2mms[22m[39m
 [32m✓[39m src/components/AlertsPanel.test.jsx[2m > [22mAlertsPanel[2m > [22mbasic rendering[2m > [22mshould render the Lead Alerts heading[32m 218[2mms[22m[39m
 [32m✓[39m src/components/AlertsPanel.test.jsx[2m > [22mAlertsPanel[2m > [22mbasic rendering[2m > [22mshould render the alert count badge[32m 39[2mms[22m[39m
 [32m✓[39m src/components/AlertsPanel.test.jsx[2m > [22mAlertsPanel[2m > [22mbasic rendering[2m > [22mshould render the add alert button[32m 40[2mms[22m[39m
 [32m✓[39m src/components/AlertsPanel.test.jsx[2m > [22mAlertsPanel[2m > [22mbasic rendering[2m > [22mshould render the Bell icon[32m 49[2mms[22m[39m
 [32m✓[39m src/components/AlertsPanel.test.jsx[2m > [22mAlertsPanel[2m > [22mbasic rendering[2m > [22mshould render all alerts in the list[32m 46[2mms[22m[39m
 [32m✓[39m src/components/AlertsPanel.test.jsx[2m > [22mAlertsPanel[2m > [22mempty state[2m > [22mshould show empty state when no alerts[32m 16[2mms[22m[39m
 [32m✓[39m src/components/AlertsPanel.test.jsx[2m > [22mAlertsPanel[2m > [22mempty state[2m > [22mshould show encouraging message when no alerts[32m 17[2mms[22m[39m
 [32m✓[39m src/components/AlertsPanel.test.jsx[2m > [22mAlertsPanel[2m > [22mempty state[2m > [22mshould show Bell icon in empty state[32m 15[2mms[22m[39m
 [32m✓[39m src/components/AlertsPanel.test.jsx[2m > [22mAlertsPanel[2m > [22mempty state[2m > [22mshould show 0 count when no alerts[32m 13[2mms[22m[39m
 [32m✓[39m src/components/AlertsPanel.test.jsx[2m > [22mAlertsPanel[2m > [22malert count button[2m > [22mshould display correct alert count[32m 28[2mms[22m[39m
 [32m✓[39m src/components/charts/ChartErrorBoundary.test.jsx[2m > [22mChartErrorBoundary[2m > [22mbasic rendering[2m > [22mshould render children when no error occurs[32m 149[2mms[22m[39m
 [32m✓[39m src/components/charts/ChartErrorBoundary.test.jsx[2m > [22mChartErrorBoundary[2m > [22mbasic rendering[2m > [22mshould render multiple children without error[32m 12[2mms[22m[39m
 [32m✓[39m src/components/charts/ChartErrorBoundary.test.jsx[2m > [22mChartErrorBoundary[2m > [22mbasic rendering[2m > [22mshould not render fallback UI when no error[32m 9[2mms[22m[39m
 [32m✓[39m src/components/LoadingScreen.test.jsx[2m > [22mLoadingScreen[2m > [22mbasic rendering[2m > [22mshould render the loading screen[32m 215[2mms[22m[39m
 [32m✓[39m src/components/LoadingScreen.test.jsx[2m > [22mLoadingScreen[2m > [22mbasic rendering[2m > [22mshould render the brand name[32m 32[2mms[22m[39m
 [32m✓[39m src/components/LoadingScreen.test.jsx[2m > [22mLoadingScreen[2m > [22mbasic rendering[2m > [22mshould render the loading text[32m 22[2mms[22m[39m
 [32m✓[39m src/components/charts/ChartErrorBoundary.test.jsx[2m > [22mChartErrorBoundary[2m > [22merror catching[2m > [22mshould catch errors and display default fallback UI[32m 122[2mms[22m[39m
 [32m✓[39m src/components/charts/ChartErrorBoundary.test.jsx[2m > [22mChartErrorBoundary[2m > [22merror catching[2m > [22mshould display chart name in error title[32m 42[2mms[22m[39m
 [32m✓[39m src/components/AlertsPanel.test.jsx[2m > [22mAlertsPanel[2m > [22malert count button[2m > [22mshould update count when alerts change[32m 85[2mms[22m[39m
 [32m✓[39m src/components/AlertsPanel.test.jsx[2m > [22mAlertsPanel[2m > [22malert count button[2m > [22mshould have amber text color when alerts exist[32m 41[2mms[22m[39m
 [32m✓[39m src/components/AlertsPanel.test.jsx[2m > [22mAlertsPanel[2m > [22malert count button[2m > [22mshould not have amber text color when no alerts[32m 17[2mms[22m[39m
 [32m✓[39m src/components/LoadingScreen.test.jsx[2m > [22mLoadingScreen[2m > [22mbasic rendering[2m > [22mshould render the logo icon container[32m 34[2mms[22m[39m
 [32m✓[39m src/components/LoadingScreen.test.jsx[2m > [22mLoadingScreen[2m > [22mbasic rendering[2m > [22mshould render the SVG logo icon[32m 30[2mms[22m[39m
 [32m✓[39m src/components/LoadingScreen.test.jsx[2m > [22mLoadingScreen[2m > [22mbasic rendering[2m > [22mshould render the loading spinner[32m 18[2mms[22m[39m
 [32m✓[39m src/components/LoadingScreen.test.jsx[2m > [22mLoadingScreen[2m > [22mbasic rendering[2m > [22mshould render the tagline[32m 18[2mms[22m[39m
 [32m✓[39m src/components/LoadingScreen.test.jsx[2m > [22mLoadingScreen[2m > [22mbasic rendering[2m > [22mshould render the footer text[32m 19[2mms[22m[39m
 [32m✓[39m src/components/AlertsPanel.test.jsx[2m > [22mAlertsPanel[2m > [22madd alert button[2m > [22mshould call onAddAlert when add button is clicked[33m 578[2mms[22m[39m
 [32m✓[39m src/components/LoadingScreen.test.jsx[2m > [22mLoadingScreen[2m > [22mbasic rendering[2m > [22mshould render progress dots[32m 52[2mms[22m[39m
 [32m✓[39m src/components/LoadingScreen.test.jsx[2m > [22mLoadingScreen[2m > [22mlogo rendering[2m > [22mshould render logo container with gradient background[32m 29[2mms[22m[39m
 [32m✓[39m src/components/LoadingScreen.test.jsx[2m > [22mLoadingScreen[2m > [22mlogo rendering[2m > [22mshould render logo with blue colors[32m 17[2mms[22m[39m
 [32m✓[39m src/components/LoadingScreen.test.jsx[2m > [22mLoadingScreen[2m > [22mlogo rendering[2m > [22mshould render logo with to-blue-600 gradient[32m 13[2mms[22m[39m
 [32m✓[39m src/components/LoadingScreen.test.jsx[2m > [22mLoadingScreen[2m > [22mlogo rendering[2m > [22mshould render logo with shadow[32m 18[2mms[22m[39m
 [32m✓[39m src/components/LoadingScreen.test.jsx[2m > [22mLoadingScreen[2m > [22mlogo rendering[2m > [22mshould render SVG icon with correct viewBox[32m 17[2mms[22m[39m
 [32m✓[39m src/components/AlertsPanel.test.jsx[2m > [22mAlertsPanel[2m > [22madd alert button[2m > [22mshould call onAddAlert on empty state add button click[32m 121[2mms[22m[39m
 [32m✓[39m src/components/AlertsPanel.test.jsx[2m > [22mAlertsPanel[2m > [22madd alert button[2m > [22mshould have correct aria-label on add button[32m 35[2mms[22m[39m
 [32m✓[39m src/components/LoadingScreen.test.jsx[2m > [22mLoadingScreen[2m > [22mlogo rendering[2m > [22mshould render SVG icon with white color[32m 17[2mms[22m[39m
 [32m✓[39m src/components/LoadingScreen.test.jsx[2m > [22mLoadingScreen[2m > [22mlogo rendering[2m > [22mshould render SVG with polygon element (lightning bolt)[32m 13[2mms[22m[39m
 [32m✓[39m src/components/LoadingScreen.test.jsx[2m > [22mLoadingScreen[2m > [22mbrand name rendering[2m > [22mshould render brand name as h1[32m 15[2mms[22m[39m
 [32m✓[39m src/components/LoadingScreen.test.jsx[2m > [22mLoadingScreen[2m > [22mbrand name rendering[2m > [22mshould render brand name with bold styling[32m 15[2mms[22m[39m
 [32m✓[39m src/components/LoadingScreen.test.jsx[2m > [22mLoadingScreen[2m > [22mbrand name rendering[2m > [22mshould render brand name with slate text color[32m 21[2mms[22m[39m
 [32m✓[39m src/components/LoadingScreen.test.jsx[2m > [22mLoadingScreen[2m > [22mbrand name rendering[2m > [22mshould render brand name with tracking-tight class[32m 14[2mms[22m[39m
 [32m✓[39m src/components/LoadingScreen.test.jsx[2m > [22mLoadingScreen[2m > [22mbrand name rendering[2m > [22mshould render brand name with responsive margin top[32m 16[2mms[22m[39m
 [32m✓[39m src/components/AlertsPanel.test.jsx[2m > [22mAlertsPanel[2m > [22madd alert button[2m > [22mshould have cursor-pointer class on add button[32m 55[2mms[22m[39m
 [32m✓[39m src/components/AlertsPanel.test.jsx[2m > [22mAlertsPanel[2m > [22mdark mode styling[2m > [22mshould apply dark theme card classes in dark mode[32m 54[2mms[22m[39m
 [32m✓[39m src/components/AlertsPanel.test.jsx[2m > [22mAlertsPanel[2m > [22mdark mode styling[2m > [22mshould apply light theme card classes in light mode[32m 24[2mms[22m[39m
 [32m✓[39m src/components/LoadingScreen.test.jsx[2m > [22mLoadingScreen[2m > [22mbrand name rendering[2m > [22mshould render brand name with all responsive margin top classes[32m 12[2mms[22m[39m
 [32m✓[39m src/components/LoadingScreen.test.jsx[2m > [22mLoadingScreen[2m > [22mbrand name rendering[2m > [22mshould have responsive text size classes[32m 28[2mms[22m[39m
 [32m✓[39m src/components/LoadingScreen.test.jsx[2m > [22mLoadingScreen[2m > [22mloading spinner[2m > [22mshould render spinner with animate-spin class[32m 15[2mms[22m[39m
 [32m✓[39m src/components/LoadingScreen.test.jsx[2m > [22mLoadingScreen[2m > [22mloading spinner[2m > [22mshould render spinner with rounded-full class[32m 15[2mms[22m[39m
 [32m✓[39m src/components/LoadingScreen.test.jsx[2m > [22mLoadingScreen[2m > [22mloading spinner[2m > [22mshould render spinner with responsive border styling[32m 16[2mms[22m[39m
 [32m✓[39m src/components/LoadingScreen.test.jsx[2m > [22mLoadingScreen[2m > [22mloading spinner[2m > [22mshould render spinner with blue accent color[32m 12[2mms[22m[39m
 [32m✓[39m src/components/LoadingScreen.test.jsx[2m > [22mLoadingScreen[2m > [22mloading spinner[2m > [22mshould render spinner with slate border color[32m 11[2mms[22m[39m
 [32m✓[39m src/components/AlertsPanel.test.jsx[2m > [22mAlertsPanel[2m > [22mdark mode styling[2m > [22mshould apply dark theme heading color in dark mode[32m 33[2mms[22m[39m
 [32m✓[39m src/components/AlertsPanel.test.jsx[2m > [22mAlertsPanel[2m > [22mdark mode styling[2m > [22mshould apply light theme heading color in light mode[32m 32[2mms[22m[39m
 [32m✓[39m src/components/AlertsPanel.test.jsx[2m > [22mAlertsPanel[2m > [22mdark mode styling[2m > [22mshould apply dark theme badge styling with alerts in dark mode[32m 33[2mms[22m[39m
 [32m✓[39m src/components/AlertsPanel.test.jsx[2m > [22mAlertsPanel[2m > [22mdark mode styling[2m > [22mshould apply dark theme empty state text in dark mode[32m 22[2mms[22m[39m
 [32m✓[39m src/components/LoadingScreen.test.jsx[2m > [22mLoadingScreen[2m > [22mloading spinner[2m > [22mshould render spinner with responsive size[32m 15[2mms[22m[39m
 [32m✓[39m src/components/LoadingScreen.test.jsx[2m > [22mLoadingScreen[2m > [22mloading spinner[2m > [22mshould have responsive margin top above spinner[32m 14[2mms[22m[39m
 [32m✓[39m src/components/LoadingScreen.test.jsx[2m > [22mLoadingScreen[2m > [22mloading text[2m > [22mshould render loading text[32m 12[2mms[22m[39m
 [32m✓[39m src/components/LoadingScreen.test.jsx[2m > [22mLoadingScreen[2m > [22mloading text[2m > [22mshould render loading text with responsive font size[32m 12[2mms[22m[39m
 [32m✓[39m src/components/LoadingScreen.test.jsx[2m > [22mLoadingScreen[2m > [22mloading text[2m > [22mshould render loading text with slate color[32m 35[2mms[22m[39m
 [32m✓[39m src/components/AlertsPanel.test.jsx[2m > [22mAlertsPanel[2m > [22mdark mode styling[2m > [22mshould apply light theme empty state text in light mode[32m 14[2mms[22m[39m
 [32m✓[39m src/components/AlertsPanel.test.jsx[2m > [22mAlertsPanel[2m > [22mdarkMode override prop[2m > [22mshould use darkMode override when provided (true)[32m 31[2mms[22m[39m
 [32m✓[39m src/components/AlertsPanel.test.jsx[2m > [22mAlertsPanel[2m > [22mdarkMode override prop[2m > [22mshould use darkMode override when provided (false)[32m 37[2mms[22m[39m
 [32m✓[39m src/components/charts/ChartErrorBoundary.test.jsx[2m > [22mChartErrorBoundary[2m > [22merror catching[2m > [22mshould display default error message[32m 61[2mms[22m[39m
 [32m✓[39m src/components/LoadingScreen.test.jsx[2m > [22mLoadingScreen[2m > [22mloading text[2m > [22mshould render loading text with medium font weight[32m 44[2mms[22m[39m
 [32m✓[39m src/components/LoadingScreen.test.jsx[2m > [22mLoadingScreen[2m > [22mloading text[2m > [22mshould render loading text with responsive margin top[32m 27[2mms[22m[39m
 [32m✓[39m src/components/LoadingScreen.test.jsx[2m > [22mLoadingScreen[2m > [22mcontainer styling[2m > [22mshould render with fixed positioning[32m 12[2mms[22m[39m
 [32m✓[39m src/components/LoadingScreen.test.jsx[2m > [22mLoadingScreen[2m > [22mcontainer styling[2m > [22mshould render with inset-0 for full coverage[32m 13[2mms[22m[39m
 [32m✓[39m src/components/LoadingScreen.test.jsx[2m > [22mLoadingScreen[2m > [22mcontainer styling[2m > [22mshould render with z-50 for proper layering[32m 12[2mms[22m[39m
 [32m✓[39m src/components/LoadingScreen.test.jsx[2m > [22mLoadingScreen[2m > [22mcontainer styling[2m > [22mshould render with flex layout for centering[32m 18[2mms[22m[39m
 [32m✓[39m src/components/LoadingScreen.test.jsx[2m > [22mLoadingScreen[2m > [22mcontainer styling[2m > [22mshould render with center alignment[32m 25[2mms[22m[39m
 [32m✓[39m src/components/LoadingScreen.test.jsx[2m > [22mLoadingScreen[2m > [22mcontainer styling[2m > [22mshould render with gradient background[32m 10[2mms[22m[39m
 [32m✓[39m src/components/LoadingScreen.test.jsx[2m > [22mLoadingScreen[2m > [22mcontainer styling[2m > [22mshould render with slate gradient colors[32m 26[2mms[22m[39m
 [32m✓[39m src/components/LoadingScreen.test.jsx[2m > [22mLoadingScreen[2m > [22mcontainer styling[2m > [22mshould have responsive padding on main container[32m 17[2mms[22m[39m
 [32m✓[39m src/components/LoadingScreen.test.jsx[2m > [22mLoadingScreen[2m > [22mcontent container[2m > [22mshould render content with flex-col layout[32m 10[2mms[22m[39m
 [32m✓[39m src/components/LoadingScreen.test.jsx[2m > [22mLoadingScreen[2m > [22mcontent container[2m > [22mshould center content horizontally[32m 11[2mms[22m[39m
 [32m✓[39m src/components/LoadingScreen.test.jsx[2m > [22mLoadingScreen[2m > [22mcontent container[2m > [22mshould have text-center class for centering content[32m 13[2mms[22m[39m
 [32m✓[39m src/components/charts/ChartErrorBoundary.test.jsx[2m > [22mChartErrorBoundary[2m > [22merror catching[2m > [22mshould have role alert for accessibility[33m 600[2mms[22m[39m
 [32m✓[39m src/components/charts/ChartErrorBoundary.test.jsx[2m > [22mChartErrorBoundary[2m > [22merror catching[2m > [22mshould have aria-live polite for screen readers[32m 80[2mms[22m[39m
 [32m✓[39m src/components/charts/ChartErrorBoundary.test.jsx[2m > [22mChartErrorBoundary[2m > [22mcustom fallback[2m > [22mshould render custom fallback element when provided[32m 7[2mms[22m[39m
 [32m✓[39m src/components/AlertsPanel.test.jsx[2m > [22mAlertsPanel[2m > [22mdarkMode override prop[2m > [22mshould use context value when darkMode override is undefined[32m 32[2mms[22m[39m
 [32m✓[39m src/components/AlertsPanel.test.jsx[2m > [22mAlertsPanel[2m > [22maccessibility[2m > [22mshould have proper heading for alerts section[32m 34[2mms[22m[39m
 [32m✓[39m src/components/AlertsPanel.test.jsx[2m > [22mAlertsPanel[2m > [22maccessibility[2m > [22mshould have clickable button for add alert[32m 28[2mms[22m[39m
 [32m✓[39m src/components/AlertsPanel.test.jsx[2m > [22mAlertsPanel[2m > [22maccessibility[2m > [22mshould have alert count badge as span (non-clickable)[32m 32[2mms[22m[39m
 [32m✓[39m src/components/charts/ChartErrorBoundary.test.jsx[2m > [22mChartErrorBoundary[2m > [22mcustom fallback[2m > [22mshould render custom fallback function when provided[32m 41[2mms[22m[39m
 [32m✓[39m src/components/charts/ChartErrorBoundary.test.jsx[2m > [22mChartErrorBoundary[2m > [22mcustom fallback[2m > [22mshould pass retry function to custom fallback[32m 9[2mms[22m[39m
 [32m✓[39m src/components/AlertsPanel.test.jsx[2m > [22mAlertsPanel[2m > [22maccessibility[2m > [22mshould render alerts as accessible content[32m 97[2mms[22m[39m
 [32m✓[39m src/components/AlertsPanel.test.jsx[2m > [22mAlertsPanel[2m > [22mstyling classes[2m > [22mshould have backdrop-blur-lg class[32m 23[2mms[22m[39m
 [32m✓[39m src/components/AlertsPanel.test.jsx[2m > [22mAlertsPanel[2m > [22mstyling classes[2m > [22mshould have rounded corners[32m 45[2mms[22m[39m
 [32m✓[39m src/components/AlertsPanel.test.jsx[2m > [22mAlertsPanel[2m > [22mstyling classes[2m > [22mshould have transition classes for hover effects[32m 30[2mms[22m[39m
 [32m✓[39m src/components/AlertsPanel.test.jsx[2m > [22mAlertsPanel[2m > [22mstyling classes[2m > [22mshould have hover shadow class[32m 31[2mms[22m[39m
 [32m✓[39m src/components/AlertsPanel.test.jsx[2m > [22mAlertsPanel[2m > [22mstyling classes[2m > [22mshould have max-height on alerts list for scrolling[32m 27[2mms[22m[39m
 [32m✓[39m src/components/AlertsPanel.test.jsx[2m > [22mAlertsPanel[2m > [22mresponsive classes[2m > [22mshould have responsive padding classes[32m 32[2mms[22m[39m
 [32m✓[39m src/components/charts/ChartErrorBoundary.test.jsx[2m > [22mChartErrorBoundary[2m > [22mretry functionality[2m > [22mshould render Try Again button by default[32m 124[2mms[22m[39m
 [32m✓[39m src/components/charts/ChartErrorBoundary.test.jsx[2m > [22mChartErrorBoundary[2m > [22mretry functionality[2m > [22mshould not render Try Again button when showRetry is false[32m 18[2mms[22m[39m
 [32m✓[39m src/components/AlertsPanel.test.jsx[2m > [22mAlertsPanel[2m > [22mresponsive classes[2m > [22mshould have responsive text sizes for heading[32m 51[2mms[22m[39m
 [32m✓[39m src/components/AlertsPanel.test.jsx[2m > [22mAlertsPanel[2m > [22mresponsive classes[2m > [22mshould have responsive button sizing[32m 44[2mms[22m[39m
 [32m✓[39m src/components/AlertsPanel.test.jsx[2m > [22mAlertsPanel[2m > [22mbackward compatibility (outside ThemeProvider)[2m > [22mshould render without ThemeProvider using darkMode prop[32m 38[2mms[22m[39m
 [32m✓[39m src/components/charts/ChartErrorBoundary.test.jsx[2m > [22mChartErrorBoundary[2m > [22mretry functionality[2m > [22mshould reset error state when Try Again is clicked[32m 138[2mms[22m[39m
 [32m✓[39m src/components/charts/ChartErrorBoundary.test.jsx[2m > [22mChartErrorBoundary[2m > [22mretry functionality[2m > [22mshould track error count on retries[32m 65[2mms[22m[39m
 [32m✓[39m src/components/LoadingScreen.test.jsx[2m > [22mLoadingScreen[2m > [22mcontent container[2m > [22mshould have justify-center for vertical centering[32m 15[2mms[22m[39m
 [32m✓[39m src/components/AlertsPanel.test.jsx[2m > [22mAlertsPanel[2m > [22mbackward compatibility (outside ThemeProvider)[2m > [22mshould default to light mode when outside ThemeProvider without darkMode prop[32m 54[2mms[22m[39m
 [32m✓[39m src/components/charts/ChartErrorBoundary.test.jsx[2m > [22mChartErrorBoundary[2m > [22mretry functionality[2m > [22mshould handle retry attempt when component keeps throwing[32m 132[2mms[22m[39m
 [32m✓[39m src/components/charts/ChartErrorBoundary.test.jsx[2m > [22mChartErrorBoundary[2m > [22mmax retries[2m > [22mshould have default max retries of 3[32m 73[2mms[22m[39m
 [32m✓[39m src/components/LoadingScreen.test.jsx[2m > [22mLoadingScreen[2m > [22maccessibility[2m > [22mshould have proper heading structure[33m 518[2mms[22m[39m
 [32m✓[39m src/components/LoadingScreen.test.jsx[2m > [22mLoadingScreen[2m > [22maccessibility[2m > [22mshould display loading status text[32m 30[2mms[22m[39m
 [32m✓[39m src/components/LoadingScreen.test.jsx[2m > [22mLoadingScreen[2m > [22maccessibility[2m > [22mshould have visible loading indicator[32m 17[2mms[22m[39m
 [32m✓[39m src/components/LoadingScreen.test.jsx[2m > [22mLoadingScreen[2m > [22mlogo container sizing[2m > [22mshould have responsive width classes[32m 12[2mms[22m[39m
 [32m✓[39m src/components/LoadingScreen.test.jsx[2m > [22mLoadingScreen[2m > [22mlogo container sizing[2m > [22mshould have responsive height classes[32m 12[2mms[22m[39m
 [32m✓[39m src/components/LoadingScreen.test.jsx[2m > [22mLoadingScreen[2m > [22mlogo container sizing[2m > [22mshould have flex centering for icon[32m 13[2mms[22m[39m
 [32m✓[39m src/components/LoadingScreen.test.jsx[2m > [22mLoadingScreen[2m > [22mlogo container sizing[2m > [22mshould have responsive border radius[32m 13[2mms[22m[39m
 [32m✓[39m src/components/charts/ChartErrorBoundary.test.jsx[2m > [22mChartErrorBoundary[2m > [22mmax retries[2m > [22mshould accept custom maxRetries prop[32m 59[2mms[22m[39m
 [32m✓[39m src/components/charts/ChartErrorBoundary.test.jsx[2m > [22mChartErrorBoundary[2m > [22mheight prop[2m > [22mshould use default height of 300px[32m 53[2mms[22m[39m
 [32m✓[39m src/components/charts/ChartErrorBoundary.test.jsx[2m > [22mChartErrorBoundary[2m > [22mheight prop[2m > [22mshould use custom height when provided[32m 43[2mms[22m[39m
 [32m✓[39m src/components/LoadingScreen.test.jsx[2m > [22mLoadingScreen[2m > [22mlogo container sizing[2m > [22mshould have responsive shadow classes[32m 17[2mms[22m[39m
 [32m✓[39m src/components/LoadingScreen.test.jsx[2m > [22mLoadingScreen[2m > [22mSVG icon sizing[2m > [22mshould have responsive width classes on SVG[32m 15[2mms[22m[39m
 [32m✓[39m src/components/LoadingScreen.test.jsx[2m > [22mLoadingScreen[2m > [22mSVG icon sizing[2m > [22mshould have responsive height classes on SVG[32m 20[2mms[22m[39m
 [32m✓[39m src/components/LoadingScreen.test.jsx[2m > [22mLoadingScreen[2m > [22mshadow styling[2m > [22mshould have shadow-lg class on logo container[32m 17[2mms[22m[39m
 [32m✓[39m src/components/charts/ChartErrorBoundary.test.jsx[2m > [22mChartErrorBoundary[2m > [22mdark mode styling[2m > [22mshould apply light mode classes by default[32m 42[2mms[22m[39m
 [32m✓[39m src/components/charts/ChartErrorBoundary.test.jsx[2m > [22mChartErrorBoundary[2m > [22mdark mode styling[2m > [22mshould apply dark mode classes when isDark is true[32m 24[2mms[22m[39m
 [32m✓[39m src/components/charts/ChartErrorBoundary.test.jsx[2m > [22mChartErrorBoundary[2m > [22mdark mode styling[2m > [22mshould apply dark mode icon styling when isDark is true[32m 30[2mms[22m[39m
 [32m✓[39m src/components/charts/ChartErrorBoundary.test.jsx[2m > [22mChartErrorBoundary[2m > [22mdark mode styling[2m > [22mshould apply light mode icon styling when isDark is false[32m 27[2mms[22m[39m
 [32m✓[39m src/components/LoadingScreen.test.jsx[2m > [22mLoadingScreen[2m > [22mshadow styling[2m > [22mshould have blue shadow color[32m 73[2mms[22m[39m
 [32m✓[39m src/components/LoadingScreen.test.jsx[2m > [22mLoadingScreen[2m > [22mtagline rendering[2m > [22mshould render tagline text[32m 13[2mms[22m[39m
 [32m✓[39m src/components/LoadingScreen.test.jsx[2m > [22mLoadingScreen[2m > [22mtagline rendering[2m > [22mshould have hidden class for mobile[32m 36[2mms[22m[39m
 [32m✓[39m src/components/LoadingScreen.test.jsx[2m > [22mLoadingScreen[2m > [22mtagline rendering[2m > [22mshould have responsive text size classes[32m 25[2mms[22m[39m
 [32m✓[39m src/components/LoadingScreen.test.jsx[2m > [22mLoadingScreen[2m > [22mtagline rendering[2m > [22mshould be centered via parent container[32m 22[2mms[22m[39m
 [32m✓[39m src/components/AlertsPanel.test.jsx[2m > [22mAlertsPanel[2m > [22medge cases[2m > [22mshould handle rapid button clicks[32m 243[2mms[22m[39m
 [32m✓[39m src/components/LoadingScreen.test.jsx[2m > [22mLoadingScreen[2m > [22mfooter text rendering[2m > [22mshould render footer text[32m 23[2mms[22m[39m
 [32m✓[39m src/components/LoadingScreen.test.jsx[2m > [22mLoadingScreen[2m > [22mfooter text rendering[2m > [22mshould have hidden class for smaller screens[32m 15[2mms[22m[39m
 [32m✓[39m src/components/LoadingScreen.test.jsx[2m > [22mLoadingScreen[2m > [22mfooter text rendering[2m > [22mshould have absolute positioning[32m 13[2mms[22m[39m
 [32m✓[39m src/components/LoadingScreen.test.jsx[2m > [22mLoadingScreen[2m > [22mfooter text rendering[2m > [22mshould be horizontally centered with left-0 right-0[32m 16[2mms[22m[39m
 [32m✓[39m src/components/LoadingScreen.test.jsx[2m > [22mLoadingScreen[2m > [22mfooter text rendering[2m > [22mshould have responsive bottom positioning[32m 18[2mms[22m[39m
 [32m✓[39m src/components/LoadingScreen.test.jsx[2m > [22mLoadingScreen[2m > [22mfooter text rendering[2m > [22mshould have responsive text size[32m 14[2mms[22m[39m
 [32m✓[39m src/components/LoadingScreen.test.jsx[2m > [22mLoadingScreen[2m > [22mprogress dots[2m > [22mshould render 3 progress dots[32m 11[2mms[22m[39m
 [32m✓[39m src/components/charts/ChartErrorBoundary.test.jsx[2m > [22mChartErrorBoundary[2m > [22mdark mode styling[2m > [22mshould apply dark mode text colors when isDark is true[32m 30[2mms[22m[39m
 [32m✓[39m src/components/charts/ChartErrorBoundary.test.jsx[2m > [22mChartErrorBoundary[2m > [22mdark mode styling[2m > [22mshould apply light mode text colors when isDark is false[32m 26[2mms[22m[39m
 [32m✓[39m src/components/charts/ChartErrorBoundary.test.jsx[2m > [22mChartErrorBoundary[2m > [22mdark mode styling[2m > [22mshould apply dark mode button styling when isDark is true[32m 61[2mms[22m[39m
 [32m✓[39m src/components/LoadingScreen.test.jsx[2m > [22mLoadingScreen[2m > [22mprogress dots[2m > [22mshould have hidden class for extra small screens[32m 11[2mms[22m[39m
 [32m✓[39m src/components/LoadingScreen.test.jsx[2m > [22mLoadingScreen[2m > [22mprogress dots[2m > [22mshould have responsive gap classes[32m 14[2mms[22m[39m
 [32m✓[39m src/components/LoadingScreen.test.jsx[2m > [22mLoadingScreen[2m > [22mprogress dots[2m > [22mshould have responsive dot sizes[32m 13[2mms[22m[39m
 [32m✓[39m src/components/LoadingScreen.test.jsx[2m > [22mLoadingScreen[2m > [22medge cases[2m > [22mshould render consistently on multiple renders[32m 27[2mms[22m[39m
 [32m✓[39m src/components/LoadingScreen.test.jsx[2m > [22mLoadingScreen[2m > [22medge cases[2m > [22mshould render without any props[32m 25[2mms[22m[39m
 [32m✓[39m src/components/LoadingScreen.test.jsx[2m > [22mLoadingScreen[2m > [22medge cases[2m > [22mshould not crash on unmount[32m 15[2mms[22m[39m
 [32m✓[39m src/components/AlertsPanel.test.jsx[2m > [22mAlertsPanel[2m > [22medge cases[2m > [22mshould handle large number of alerts[32m 295[2mms[22m[39m
 [32m✓[39m src/components/AlertsPanel.test.jsx[2m > [22mAlertsPanel[2m > [22medge cases[2m > [22mshould handle alerts with very long messages[32m 19[2mms[22m[39m
 [32m✓[39m src/components/AlertsPanel.test.jsx[2m > [22mAlertsPanel[2m > [22medge cases[2m > [22mshould handle alerts with special characters[32m 38[2mms[22m[39m
 [32m✓[39m src/components/AlertsPanel.test.jsx[2m > [22mAlertsPanel[2m > [22medge cases[2m > [22mshould handle undefined alerts gracefully[32m 30[2mms[22m[39m
 [32m✓[39m src/components/charts/ChartErrorBoundary.test.jsx[2m > [22mChartErrorBoundary[2m > [22mdark mode styling[2m > [22mshould apply light mode button styling when isDark is false[32m 67[2mms[22m[39m
 [32m✓[39m src/components/charts/ChartErrorBoundary.test.jsx[2m > [22mChartErrorBoundary[2m > [22monError callback[2m > [22mshould call onError callback when error is caught[32m 40[2mms[22m[39m
 [32m✓[39m src/components/charts/ChartErrorBoundary.test.jsx[2m > [22mChartErrorBoundary[2m > [22monError callback[2m > [22mshould pass chart name to onError callback[32m 31[2mms[22m[39m
 [32m✓[39m src/components/AlertsPanel.test.jsx[2m > [22mAlertsPanel[2m > [22manimation[2m > [22mshould have main container rendered[32m 49[2mms[22m[39m
 [32m✓[39m src/components/AlertsPanel.test.jsx[2m > [22mAlertsPanel[2m > [22manimation[2m > [22mshould animate empty state icon[32m 21[2mms[22m[39m
 [32m✓[39m src/components/LoadingScreen.test.jsx[2m > [22mLoadingScreen[2m > [22mcomponent structure[2m > [22mshould have a single root element[32m 28[2mms[22m[39m
 [32m✓[39m src/components/LoadingScreen.test.jsx[2m > [22mLoadingScreen[2m > [22mcomponent structure[2m > [22mshould render all main elements[32m 21[2mms[22m[39m
 [32m✓[39m src/components/LoadingScreen.test.jsx[2m > [22mLoadingScreen[2m > [22mcomponent structure[2m > [22mshould render elements in correct order (logo, title, tagline, spinner, text, dots)[32m 19[2mms[22m[39m
 [32m✓[39m src/components/charts/ChartErrorBoundary.test.jsx[2m > [22mChartErrorBoundary[2m > [22monError callback[2m > [22mshould not fail when onError is not provided[32m 33[2mms[22m[39m
 [32m✓[39m src/components/charts/ChartErrorBoundary.test.jsx[2m > [22mChartErrorBoundary[2m > [22mstyling[2m > [22mshould have rounded corners[32m 29[2mms[22m[39m
 [32m✓[39m src/components/charts/ChartErrorBoundary.test.jsx[2m > [22mChartErrorBoundary[2m > [22mstyling[2m > [22mshould have backdrop blur[32m 28[2mms[22m[39m
 [32m✓[39m src/components/charts/ChartErrorBoundary.test.jsx[2m > [22mChartErrorBoundary[2m > [22mstyling[2m > [22mshould have border[32m 22[2mms[22m[39m
 [32m✓[39m src/components/WelcomeMessage.test.jsx[2m > [22mWelcomeMessage[2m > [22mbasic rendering[2m > [22mshould render when show is true[32m 214[2mms[22m[39m
 [32m✓[39m src/components/WelcomeMessage.test.jsx[2m > [22mWelcomeMessage[2m > [22mbasic rendering[2m > [22mshould not render when show is false[32m 6[2mms[22m[39m
 [32m✓[39m src/components/WelcomeMessage.test.jsx[2m > [22mWelcomeMessage[2m > [22mbasic rendering[2m > [22mshould render the welcome title[32m 22[2mms[22m[39m
 [32m✓[39m src/components/WelcomeMessage.test.jsx[2m > [22mWelcomeMessage[2m > [22mbasic rendering[2m > [22mshould render the welcome description[32m 22[2mms[22m[39m
 [32m✓[39m src/components/WelcomeMessage.test.jsx[2m > [22mWelcomeMessage[2m > [22mbasic rendering[2m > [22mshould render the Info icon[32m 27[2mms[22m[39m
 [32m✓[39m src/components/charts/ChartErrorBoundary.test.jsx[2m > [22mChartErrorBoundary[2m > [22mstyling[2m > [22mshould center content with flexbox[32m 29[2mms[22m[39m
 [32m✓[39m src/components/charts/ChartErrorBoundary.test.jsx[2m > [22mChartErrorBoundary[2m > [22medge cases[2m > [22mshould handle errors without message[32m 22[2mms[22m[39m
 [32m✓[39m src/components/charts/ChartErrorBoundary.test.jsx[2m > [22mChartErrorBoundary[2m > [22medge cases[2m > [22mshould handle non-Error throws[32m 33[2mms[22m[39m
 [32m✓[39m src/components/charts/ChartErrorBoundary.test.jsx[2m > [22mChartErrorBoundary[2m > [22medge cases[2m > [22mshould handle empty chartName[32m 33[2mms[22m[39m
 [32m✓[39m src/components/charts/ChartErrorBoundary.test.jsx[2m > [22mChartErrorBoundary[2m > [22medge cases[2m > [22mshould handle deeply nested children that throw[32m 48[2mms[22m[39m
 [32m✓[39m src/components/charts/ChartErrorBoundary.test.jsx[2m > [22mChartErrorBoundary[2m > [22medge cases[2m > [22mshould display error state after error occurs[32m 27[2mms[22m[39m
 [32m✓[39m src/components/charts/ChartErrorBoundary.test.jsx[2m > [22mChartErrorBoundary[2m > [22mdefault props[2m > [22mshould use default chartName of Chart[32m 22[2mms[22m[39m
 [32m✓[39m src/components/charts/ChartErrorBoundary.test.jsx[2m > [22mChartErrorBoundary[2m > [22mdefault props[2m > [22mshould show retry by default[32m 55[2mms[22m[39m
 [32m✓[39m src/components/charts/ChartErrorBoundary.test.jsx[2m > [22mChartErrorBoundary[2m > [22mdefault props[2m > [22mshould use light mode by default[32m 39[2mms[22m[39m
 [32m✓[39m src/components/charts/ChartErrorBoundary.test.jsx[2m > [22mChartErrorBoundary[2m > [22micon[2m > [22mshould render AlertTriangle icon[32m 34[2mms[22m[39m
 [32m✓[39m src/components/charts/ChartErrorBoundary.test.jsx[2m > [22mChartErrorBoundary[2m > [22micon[2m > [22mshould render RefreshCcw icon in retry button[32m 59[2mms[22m[39m
 [32m✓[39m src/components/WelcomeMessage.test.jsx[2m > [22mWelcomeMessage[2m > [22mbasic rendering[2m > [22mshould render the close button[32m 23[2mms[22m[39m
 [32m✓[39m src/components/WelcomeMessage.test.jsx[2m > [22mWelcomeMessage[2m > [22mclose functionality[2m > [22mshould call onClose when close button is clicked[33m 589[2mms[22m[39m
 [32m✓[39m src/components/WelcomeMessage.test.jsx[2m > [22mWelcomeMessage[2m > [22mclose functionality[2m > [22mshould only call onClose once per click[32m 84[2mms[22m[39m
 [32m✓[39m src/components/WelcomeMessage.test.jsx[2m > [22mWelcomeMessage[2m > [22mclose functionality[2m > [22mshould handle multiple clicks on close button[32m 207[2mms[22m[39m
 [32m✓[39m src/components/WelcomeMessage.test.jsx[2m > [22mWelcomeMessage[2m > [22mdark mode styling[2m > [22mshould apply dark theme background in dark mode[32m 15[2mms[22m[39m
 [32m✓[39m src/components/WelcomeMessage.test.jsx[2m > [22mWelcomeMessage[2m > [22mdark mode styling[2m > [22mshould apply light theme background in light mode[32m 11[2mms[22m[39m
 [32m✓[39m src/components/WelcomeMessage.test.jsx[2m > [22mWelcomeMessage[2m > [22mdark mode styling[2m > [22mshould apply dark theme border in dark mode[32m 14[2mms[22m[39m
 [32m✓[39m src/components/WelcomeMessage.test.jsx[2m > [22mWelcomeMessage[2m > [22mdark mode styling[2m > [22mshould apply light theme border in light mode[32m 13[2mms[22m[39m
 [32m✓[39m src/components/WelcomeMessage.test.jsx[2m > [22mWelcomeMessage[2m > [22mdark mode styling[2m > [22mshould apply dark theme title color in dark mode[32m 14[2mms[22m[39m
 [32m✓[39m src/components/WelcomeMessage.test.jsx[2m > [22mWelcomeMessage[2m > [22mdark mode styling[2m > [22mshould apply light theme title color in light mode[32m 15[2mms[22m[39m
 [32m✓[39m src/components/WelcomeMessage.test.jsx[2m > [22mWelcomeMessage[2m > [22mdark mode styling[2m > [22mshould apply dark theme description color in dark mode[32m 17[2mms[22m[39m
 [32m✓[39m src/components/WelcomeMessage.test.jsx[2m > [22mWelcomeMessage[2m > [22mdark mode styling[2m > [22mshould apply light theme description color in light mode[32m 12[2mms[22m[39m
 [32m✓[39m src/components/WelcomeMessage.test.jsx[2m > [22mWelcomeMessage[2m > [22mdark mode styling[2m > [22mshould apply dark theme icon container background in dark mode[32m 17[2mms[22m[39m
 [32m✓[39m src/components/WelcomeMessage.test.jsx[2m > [22mWelcomeMessage[2m > [22mdark mode styling[2m > [22mshould apply light theme icon container background in light mode[32m 25[2mms[22m[39m
 [32m✓[39m src/components/WelcomeMessage.test.jsx[2m > [22mWelcomeMessage[2m > [22mdark mode styling[2m > [22mshould apply dark theme icon color in dark mode[32m 17[2mms[22m[39m
 [32m✓[39m src/components/WelcomeMessage.test.jsx[2m > [22mWelcomeMessage[2m > [22mdark mode styling[2m > [22mshould apply light theme icon color in light mode[32m 15[2mms[22m[39m
 [32m✓[39m src/components/WelcomeMessage.test.jsx[2m > [22mWelcomeMessage[2m > [22mdarkMode override prop[2m > [22mshould use darkMode override when provided (true)[32m 15[2mms[22m[39m
 [32m✓[39m src/components/WelcomeMessage.test.jsx[2m > [22mWelcomeMessage[2m > [22mdarkMode override prop[2m > [22mshould use darkMode override when provided (false)[32m 11[2mms[22m[39m
 [32m✓[39m src/components/WelcomeMessage.test.jsx[2m > [22mWelcomeMessage[2m > [22mdarkMode override prop[2m > [22mshould use context value when darkMode override is undefined[32m 11[2mms[22m[39m
 [32m✓[39m src/components/WelcomeMessage.test.jsx[2m > [22mWelcomeMessage[2m > [22maccessibility[2m > [22mshould have proper heading structure for title[32m 16[2mms[22m[39m
 [32m✓[39m src/components/WelcomeMessage.test.jsx[2m > [22mWelcomeMessage[2m > [22maccessibility[2m > [22mshould have proper paragraph element for description[32m 15[2mms[22m[39m
 [32m✓[39m src/components/WelcomeMessage.test.jsx[2m > [22mWelcomeMessage[2m > [22maccessibility[2m > [22mshould have clickable close button[32m 18[2mms[22m[39m
 [32m✓[39m src/components/WelcomeMessage.test.jsx[2m > [22mWelcomeMessage[2m > [22maccessibility[2m > [22mshould be keyboard accessible[32m 25[2mms[22m[39m
 [32m✓[39m src/components/WelcomeMessage.test.jsx[2m > [22mWelcomeMessage[2m > [22mresponsive classes[2m > [22mshould have responsive margin classes[32m 12[2mms[22m[39m
 [32m✓[39m src/components/WelcomeMessage.test.jsx[2m > [22mWelcomeMessage[2m > [22mresponsive classes[2m > [22mshould have responsive padding classes[32m 15[2mms[22m[39m
 [32m✓[39m src/components/WelcomeMessage.test.jsx[2m > [22mWelcomeMessage[2m > [22mresponsive classes[2m > [22mshould have responsive text sizes for title[32m 20[2mms[22m[39m
 [32m✓[39m src/components/WelcomeMessage.test.jsx[2m > [22mWelcomeMessage[2m > [22mresponsive classes[2m > [22mshould have responsive text sizes for description[32m 12[2mms[22m[39m
 [32m✓[39m src/components/WelcomeMessage.test.jsx[2m > [22mWelcomeMessage[2m > [22mresponsive classes[2m > [22mshould have responsive icon container padding[32m 17[2mms[22m[39m
 [32m✓[39m src/components/WelcomeMessage.test.jsx[2m > [22mWelcomeMessage[2m > [22mresponsive classes[2m > [22mshould have responsive rounded corners[32m 14[2mms[22m[39m
 [32m✓[39m src/components/WelcomeMessage.test.jsx[2m > [22mWelcomeMessage[2m > [22mstyling classes[2m > [22mshould have border class[32m 14[2mms[22m[39m
 [32m✓[39m src/components/WelcomeMessage.test.jsx[2m > [22mWelcomeMessage[2m > [22mstyling classes[2m > [22mshould have flex layout for content[32m 11[2mms[22m[39m
 [32m✓[39m src/components/WelcomeMessage.test.jsx[2m > [22mWelcomeMessage[2m > [22mstyling classes[2m > [22mshould have proper spacing between icon and text[32m 15[2mms[22m[39m
 [32m✓[39m src/components/WelcomeMessage.test.jsx[2m > [22mWelcomeMessage[2m > [22mstyling classes[2m > [22mshould have font-bold on title[32m 14[2mms[22m[39m
 [32m✓[39m src/components/WelcomeMessage.test.jsx[2m > [22mWelcomeMessage[2m > [22mclose button styling[2m > [22mshould have dark theme close button styling in dark mode[32m 11[2mms[22m[39m
 [32m✓[39m src/components/WelcomeMessage.test.jsx[2m > [22mWelcomeMessage[2m > [22mclose button styling[2m > [22mshould have light theme close button styling in light mode[32m 12[2mms[22m[39m
 [32m✓[39m src/components/WelcomeMessage.test.jsx[2m > [22mWelcomeMessage[2m > [22mclose button styling[2m > [22mshould have rounded corners on close button[32m 19[2mms[22m[39m
 [32m✓[39m src/components/WelcomeMessage.test.jsx[2m > [22mWelcomeMessage[2m > [22mclose button styling[2m > [22mshould have transition classes on close button[32m 12[2mms[22m[39m
 [32m✓[39m src/components/WelcomeMessage.test.jsx[2m > [22mWelcomeMessage[2m > [22mbackward compatibility (outside ThemeProvider)[2m > [22mshould render without ThemeProvider using darkMode prop[32m 21[2mms[22m[39m
 [32m✓[39m src/components/WelcomeMessage.test.jsx[2m > [22mWelcomeMessage[2m > [22mbackward compatibility (outside ThemeProvider)[2m > [22mshould default to light mode when outside ThemeProvider without darkMode prop[32m 31[2mms[22m[39m
 [32m✓[39m src/components/WelcomeMessage.test.jsx[2m > [22mWelcomeMessage[2m > [22medge cases[2m > [22mshould handle show prop changing from true to false[32m 26[2mms[22m[39m
 [32m✓[39m src/components/WelcomeMessage.test.jsx[2m > [22mWelcomeMessage[2m > [22medge cases[2m > [22mshould handle show prop changing from false to true[32m 16[2mms[22m[39m
 [32m✓[39m src/components/WelcomeMessage.test.jsx[2m > [22mWelcomeMessage[2m > [22medge cases[2m > [22mshould handle undefined show prop (falsy)[32m 6[2mms[22m[39m
 [32m✓[39m src/components/WelcomeMessage.test.jsx[2m > [22mWelcomeMessage[2m > [22medge cases[2m > [22mshould handle null show prop (falsy)[32m 5[2mms[22m[39m
 [32m✓[39m src/components/WelcomeMessage.test.jsx[2m > [22mWelcomeMessage[2m > [22medge cases[2m > [22mshould handle onClose being called rapidly[32m 249[2mms[22m[39m
 [32m✓[39m src/components/WelcomeMessage.test.jsx[2m > [22mWelcomeMessage[2m > [22mreturn value[2m > [22mshould return null when show is false[32m 5[2mms[22m[39m
 [32m✓[39m src/components/WelcomeMessage.test.jsx[2m > [22mWelcomeMessage[2m > [22mreturn value[2m > [22mshould return content when show is true[32m 12[2mms[22m[39m
 [32m✓[39m src/components/LoadingSkeleton.test.jsx[2m > [22mLoadingSkeleton[2m > [22mbasic rendering[2m > [22mshould render the loading skeleton[32m 138[2mms[22m[39m
 [32m✓[39m src/components/LoadingSkeleton.test.jsx[2m > [22mLoadingSkeleton[2m > [22mbasic rendering[2m > [22mshould render stat card skeletons[32m 65[2mms[22m[39m
 [32m✓[39m src/components/LoadingSkeleton.test.jsx[2m > [22mLoadingSkeleton[2m > [22mbasic rendering[2m > [22mshould render chart skeletons[32m 56[2mms[22m[39m
 [32m✓[39m src/components/LoadingSkeleton.test.jsx[2m > [22mLoadingSkeleton[2m > [22mbasic rendering[2m > [22mshould render 4 stat card skeletons[32m 43[2mms[22m[39m
 [32m✓[39m src/components/LoadingSkeleton.test.jsx[2m > [22mLoadingSkeleton[2m > [22mbasic rendering[2m > [22mshould render 4 chart skeletons[32m 36[2mms[22m[39m
 [32m✓[39m src/components/LoadingSkeleton.test.jsx[2m > [22mLoadingSkeleton[2m > [22manimation classes[2m > [22mshould have animate-pulse class on skeleton elements[32m 49[2mms[22m[39m
 [32m✓[39m src/components/LoadingSkeleton.test.jsx[2m > [22mLoadingSkeleton[2m > [22manimation classes[2m > [22mshould have animation on stat card skeleton lines[32m 58[2mms[22m[39m
 [32m✓[39m src/components/LoadingSkeleton.test.jsx[2m > [22mLoadingSkeleton[2m > [22manimation classes[2m > [22mshould have animation on chart skeleton lines[32m 29[2mms[22m[39m
 [32m✓[39m src/components/LoadingSkeleton.test.jsx[2m > [22mLoadingSkeleton[2m > [22mdark mode styling[2m > [22mshould apply dark theme card classes in dark mode[32m 28[2mms[22m[39m
 [32m✓[39m src/components/LoadingSkeleton.test.jsx[2m > [22mLoadingSkeleton[2m > [22mdark mode styling[2m > [22mshould apply light theme card classes in light mode[32m 36[2mms[22m[39m
 [32m✓[39m src/components/LoadingSkeleton.test.jsx[2m > [22mLoadingSkeleton[2m > [22mdark mode styling[2m > [22mshould apply dark theme skeleton element classes in dark mode[32m 39[2mms[22m[39m
 [32m✓[39m src/components/LoadingSkeleton.test.jsx[2m > [22mLoadingSkeleton[2m > [22mdark mode styling[2m > [22mshould apply light theme skeleton element classes in light mode[32m 26[2mms[22m[39m
 [32m✓[39m src/components/LoadingSkeleton.test.jsx[2m > [22mLoadingSkeleton[2m > [22mdark mode styling[2m > [22mshould apply dark theme border in dark mode[32m 20[2mms[22m[39m
 [32m✓[39m src/components/LoadingSkeleton.test.jsx[2m > [22mLoadingSkeleton[2m > [22mdark mode styling[2m > [22mshould apply light theme border in light mode[32m 23[2mms[22m[39m
 [32m✓[39m src/components/LoadingSkeleton.test.jsx[2m > [22mLoadingSkeleton[2m > [22mdarkMode override prop[2m > [22mshould use darkMode override when provided (true)[32m 24[2mms[22m[39m
 [32m✓[39m src/components/LoadingSkeleton.test.jsx[2m > [22mLoadingSkeleton[2m > [22mdarkMode override prop[2m > [22mshould use darkMode override when provided (false)[32m 22[2mms[22m[39m
 [32m✓[39m src/components/ErrorBoundary.test.jsx[2m > [22mErrorBoundary[2m > [22mbasic rendering[2m > [22mshould render children when no error occurs[32m 92[2mms[22m[39m
 [32m✓[39m src/components/LoadingSkeleton.test.jsx[2m > [22mLoadingSkeleton[2m > [22mdarkMode override prop[2m > [22mshould use context value when darkMode override is undefined[32m 24[2mms[22m[39m
 [32m✓[39m src/components/LoadingSkeleton.test.jsx[2m > [22mLoadingSkeleton[2m > [22mstat card skeletons[2m > [22mshould render skeleton header with title and icon placeholders[32m 26[2mms[22m[39m
 [32m✓[39m src/components/LoadingSkeleton.test.jsx[2m > [22mLoadingSkeleton[2m > [22mstat card skeletons[2m > [22mshould have proper height for stat cards[32m 23[2mms[22m[39m
 [32m✓[39m src/components/LoadingSkeleton.test.jsx[2m > [22mLoadingSkeleton[2m > [22mstat card skeletons[2m > [22mshould have responsive height for stat cards[32m 26[2mms[22m[39m
 [32m✓[39m src/components/LoadingSkeleton.test.jsx[2m > [22mLoadingSkeleton[2m > [22mstat card skeletons[2m > [22mshould have backdrop-blur on stat cards[32m 20[2mms[22m[39m
 [32m✓[39m src/components/ErrorBoundary.test.jsx[2m > [22mErrorBoundary[2m > [22mbasic rendering[2m > [22mshould render multiple children without error[32m 11[2mms[22m[39m
 [32m✓[39m src/components/ErrorBoundary.test.jsx[2m > [22mErrorBoundary[2m > [22mbasic rendering[2m > [22mshould not render fallback UI when no error[32m 7[2mms[22m[39m
 [32m✓[39m src/components/LoadingSkeleton.test.jsx[2m > [22mLoadingSkeleton[2m > [22mstat card skeletons[2m > [22mshould have rounded corners on stat cards[32m 37[2mms[22m[39m
 [32m✓[39m src/components/LoadingSkeleton.test.jsx[2m > [22mLoadingSkeleton[2m > [22mchart skeletons[2m > [22mshould render chart header with title placeholder[32m 28[2mms[22m[39m
 [32m✓[39m src/components/LoadingSkeleton.test.jsx[2m > [22mLoadingSkeleton[2m > [22mchart skeletons[2m > [22mshould render time period button placeholders[32m 32[2mms[22m[39m
 [32m✓[39m src/components/LoadingSkeleton.test.jsx[2m > [22mLoadingSkeleton[2m > [22mchart skeletons[2m > [22mshould have proper height for chart skeletons[32m 25[2mms[22m[39m
 [32m✓[39m src/components/LoadingSkeleton.test.jsx[2m > [22mLoadingSkeleton[2m > [22mchart skeletons[2m > [22mshould have responsive height for chart skeletons[32m 34[2mms[22m[39m
 [32m✓[39m src/components/LoadingSkeleton.test.jsx[2m > [22mLoadingSkeleton[2m > [22mchart skeletons[2m > [22mshould render skeleton content lines[32m 26[2mms[22m[39m
 [32m✓[39m src/components/LoadingSkeleton.test.jsx[2m > [22mLoadingSkeleton[2m > [22mskeleton line widths[2m > [22mshould have varied widths for visual interest[32m 38[2mms[22m[39m
 [32m✓[39m src/components/LoadingSkeleton.test.jsx[2m > [22mLoadingSkeleton[2m > [22mskeleton line widths[2m > [22mshould use pre-calculated widths for consistency[32m 52[2mms[22m[39m
 [32m✓[39m src/components/LoadingSkeleton.test.jsx[2m > [22mLoadingSkeleton[2m > [22mlayout structure[2m > [22mshould have space-y-8 on main container[32m 23[2mms[22m[39m
 [32m✓[39m src/components/LoadingSkeleton.test.jsx[2m > [22mLoadingSkeleton[2m > [22mlayout structure[2m > [22mshould have grid layout for stat cards[32m 25[2mms[22m[39m
 [32m✓[39m src/components/LoadingSkeleton.test.jsx[2m > [22mLoadingSkeleton[2m > [22mlayout structure[2m > [22mshould have gap between stat cards[32m 30[2mms[22m[39m
 [32m✓[39m src/components/LoadingSkeleton.test.jsx[2m > [22mLoadingSkeleton[2m > [22mlayout structure[2m > [22mshould have responsive gap between stat cards[32m 38[2mms[22m[39m
 [32m✓[39m src/components/LoadingSkeleton.test.jsx[2m > [22mLoadingSkeleton[2m > [22mlayout structure[2m > [22mshould have margin bottom on stat cards section[32m 22[2mms[22m[39m
 [32m✓[39m src/components/LoadingSkeleton.test.jsx[2m > [22mLoadingSkeleton[2m > [22mlayout structure[2m > [22mshould have gap between charts[32m 26[2mms[22m[39m
 [32m✓[39m src/components/LoadingSkeleton.test.jsx[2m > [22mLoadingSkeleton[2m > [22mresponsive classes[2m > [22mshould have responsive stat card grid columns[32m 26[2mms[22m[39m
 [32m✓[39m src/components/ErrorBoundary.test.jsx[2m > [22mErrorBoundary[2m > [22merror catching[2m > [22mshould catch errors and display default fallback UI[32m 97[2mms[22m[39m
 [32m✓[39m src/components/ErrorBoundary.test.jsx[2m > [22mErrorBoundary[2m > [22merror catching[2m > [22mshould display default fallback message[32m 34[2mms[22m[39m
 [32m✓[39m src/components/ErrorBoundary.test.jsx[2m > [22mErrorBoundary[2m > [22merror catching[2m > [22mshould render alert icon in fallback UI[32m 39[2mms[22m[39m
 [32m✓[39m src/components/LoadingSkeleton.test.jsx[2m > [22mLoadingSkeleton[2m > [22mresponsive classes[2m > [22mshould have responsive chart grid columns[32m 28[2mms[22m[39m
 [32m✓[39m src/components/LoadingSkeleton.test.jsx[2m > [22mLoadingSkeleton[2m > [22mresponsive classes[2m > [22mshould have responsive padding on cards[32m 23[2mms[22m[39m
 [32m✓[39m src/components/LoadingSkeleton.test.jsx[2m > [22mLoadingSkeleton[2m > [22mbackward compatibility (outside ThemeProvider)[2m > [22mshould render without ThemeProvider using darkMode prop[32m 42[2mms[22m[39m
 [32m✓[39m src/components/ErrorBoundary.test.jsx[2m > [22mErrorBoundary[2m > [22merror catching[2m > [22mshould have role alert for accessibility[33m 395[2mms[22m[39m
 [32m✓[39m src/components/ErrorBoundary.test.jsx[2m > [22mErrorBoundary[2m > [22merror catching[2m > [22mshould have aria-live assertive for screen readers[32m 65[2mms[22m[39m
 [32m✓[39m src/components/ErrorBoundary.test.jsx[2m > [22mErrorBoundary[2m > [22mcustom fallback[2m > [22mshould render custom fallback element when provided[32m 9[2mms[22m[39m
 [32m✓[39m src/components/ErrorBoundary.test.jsx[2m > [22mErrorBoundary[2m > [22mcustom fallback[2m > [22mshould render FallbackComponent when provided[32m 22[2mms[22m[39m
 [32m✓[39m src/components/LoadingSkeleton.test.jsx[2m > [22mLoadingSkeleton[2m > [22mbackward compatibility (outside ThemeProvider)[2m > [22mshould default to light mode when outside ThemeProvider without darkMode prop[32m 40[2mms[22m[39m
 [32m✓[39m src/components/LoadingSkeleton.test.jsx[2m > [22mLoadingSkeleton[2m > [22medge cases[2m > [22mshould render consistently on multiple renders[32m 35[2mms[22m[39m
 [32m✓[39m src/components/LoadingSkeleton.test.jsx[2m > [22mLoadingSkeleton[2m > [22medge cases[2m > [22mshould not crash on unmount[32m 30[2mms[22m[39m
 [32m✓[39m src/components/LoadingSkeleton.test.jsx[2m > [22mLoadingSkeleton[2m > [22medge cases[2m > [22mshould handle theme changes smoothly[32m 29[2mms[22m[39m
 [32m✓[39m src/components/ErrorBoundary.test.jsx[2m > [22mErrorBoundary[2m > [22mcustom fallback[2m > [22mshould prioritize FallbackComponent over fallback element[32m 12[2mms[22m[39m
 [32m✓[39m src/components/ErrorBoundary.test.jsx[2m > [22mErrorBoundary[2m > [22mcustom fallback[2m > [22mshould pass error to FallbackComponent[32m 9[2mms[22m[39m
 [32m✓[39m src/components/ErrorBoundary.test.jsx[2m > [22mErrorBoundary[2m > [22mshowDetails prop[2m > [22mshould not show error details by default[32m 27[2mms[22m[39m
 [32m✓[39m src/components/ErrorBoundary.test.jsx[2m > [22mErrorBoundary[2m > [22mshowDetails prop[2m > [22mshould show error details when showDetails is true[32m 35[2mms[22m[39m
 [32m✓[39m src/components/ErrorMessage.test.jsx[2m > [22mErrorMessage[2m > [22mbasic rendering[2m > [22mshould render when error is provided[32m 180[2mms[22m[39m
 [32m✓[39m src/components/ErrorMessage.test.jsx[2m > [22mErrorMessage[2m > [22mbasic rendering[2m > [22mshould not render when error is null[32m 6[2mms[22m[39m
 [32m✓[39m src/components/ErrorMessage.test.jsx[2m > [22mErrorMessage[2m > [22mbasic rendering[2m > [22mshould not render when error is undefined[32m 9[2mms[22m[39m
 [32m✓[39m src/components/ErrorMessage.test.jsx[2m > [22mErrorMessage[2m > [22mbasic rendering[2m > [22mshould not render when error is empty string[32m 4[2mms[22m[39m
 [32m✓[39m src/components/ErrorMessage.test.jsx[2m > [22mErrorMessage[2m > [22mbasic rendering[2m > [22mshould render the ShieldAlert icon[32m 30[2mms[22m[39m
 [32m✓[39m src/components/ErrorMessage.test.jsx[2m > [22mErrorMessage[2m > [22mbasic rendering[2m > [22mshould render error message text[32m 14[2mms[22m[39m
 [32m✓[39m src/components/ErrorMessage.test.jsx[2m > [22mErrorMessage[2m > [22merror message content[2m > [22mshould display the exact error message[32m 17[2mms[22m[39m
 [32m✓[39m src/components/LoadingSkeleton.test.jsx[2m > [22mLoadingSkeleton[2m > [22mstructure verification[2m > [22mshould have flex layout inside stat cards[32m 23[2mms[22m[39m
 [32m✓[39m src/components/LoadingSkeleton.test.jsx[2m > [22mLoadingSkeleton[2m > [22mstructure verification[2m > [22mshould have justify-between in stat card content[32m 28[2mms[22m[39m
 [32m✓[39m src/components/LoadingSkeleton.test.jsx[2m > [22mLoadingSkeleton[2m > [22mstructure verification[2m > [22mshould have header row with title and buttons in charts[32m 36[2mms[22m[39m
 [32m✓[39m src/components/LoadingSkeleton.test.jsx[2m > [22mLoadingSkeleton[2m > [22mstructure verification[2m > [22mshould have flex-1 for chart content area[32m 28[2mms[22m[39m
 [32m✓[39m src/components/ErrorMessage.test.jsx[2m > [22mErrorMessage[2m > [22merror message content[2m > [22mshould handle long error messages[32m 14[2mms[22m[39m
 [32m✓[39m src/components/ErrorMessage.test.jsx[2m > [22mErrorMessage[2m > [22merror message content[2m > [22mshould handle error messages with special characters[32m 10[2mms[22m[39m
 [32m✓[39m src/components/ErrorMessage.test.jsx[2m > [22mErrorMessage[2m > [22merror message content[2m > [22mshould handle error messages with numbers[32m 12[2mms[22m[39m
 [32m✓[39m src/components/ErrorMessage.test.jsx[2m > [22mErrorMessage[2m > [22merror message content[2m > [22mshould handle multiline error messages[32m 18[2mms[22m[39m
 [32m✓[39m src/components/ErrorMessage.test.jsx[2m > [22mErrorMessage[2m > [22mdark mode styling[2m > [22mshould apply dark theme background in dark mode[32m 11[2mms[22m[39m
 [32m✓[39m src/components/ErrorMessage.test.jsx[2m > [22mErrorMessage[2m > [22mdark mode styling[2m > [22mshould apply light theme background in light mode[32m 16[2mms[22m[39m
 [32m✓[39m src/components/ErrorMessage.test.jsx[2m > [22mErrorMessage[2m > [22mdark mode styling[2m > [22mshould apply dark theme border in dark mode[32m 20[2mms[22m[39m
 [32m✓[39m src/components/ErrorMessage.test.jsx[2m > [22mErrorMessage[2m > [22mdark mode styling[2m > [22mshould apply light theme border in light mode[32m 7[2mms[22m[39m
 [32m✓[39m src/components/ErrorBoundary.test.jsx[2m > [22mErrorBoundary[2m > [22mshowDetails prop[2m > [22mshould show actual error message in details[32m 30[2mms[22m[39m
 [32m✓[39m src/components/ErrorBoundary.test.jsx[2m > [22mErrorBoundary[2m > [22mcallbacks[2m > [22mshould call onError callback when error is caught[32m 60[2mms[22m[39m
 [32m✓[39m src/components/ErrorMessage.test.jsx[2m > [22mErrorMessage[2m > [22mdark mode styling[2m > [22mshould apply dark theme text color in dark mode[32m 10[2mms[22m[39m
 [32m✓[39m src/components/ErrorMessage.test.jsx[2m > [22mErrorMessage[2m > [22mdark mode styling[2m > [22mshould apply light theme text color in light mode[32m 7[2mms[22m[39m
 [32m✓[39m src/components/ErrorMessage.test.jsx[2m > [22mErrorMessage[2m > [22mdarkMode override prop[2m > [22mshould use darkMode override when provided (true)[32m 10[2mms[22m[39m
 [32m✓[39m src/components/ErrorMessage.test.jsx[2m > [22mErrorMessage[2m > [22mdarkMode override prop[2m > [22mshould use darkMode override when provided (false)[32m 10[2mms[22m[39m
 [32m✓[39m src/components/ErrorMessage.test.jsx[2m > [22mErrorMessage[2m > [22mdarkMode override prop[2m > [22mshould use context value when darkMode override is undefined[32m 10[2mms[22m[39m
 [32m✓[39m src/components/ErrorMessage.test.jsx[2m > [22mErrorMessage[2m > [22maccessibility[2m > [22mshould have proper paragraph element for error text[32m 12[2mms[22m[39m
 [32m✓[39m src/components/ErrorMessage.test.jsx[2m > [22mErrorMessage[2m > [22maccessibility[2m > [22mshould have icon before error text[32m 8[2mms[22m[39m
 [32m✓[39m src/components/ErrorMessage.test.jsx[2m > [22mErrorMessage[2m > [22maccessibility[2m > [22mshould have proper text styling for readability[32m 8[2mms[22m[39m
 [32m✓[39m src/components/ErrorMessage.test.jsx[2m > [22mErrorMessage[2m > [22maccessibility[2m > [22mshould have flex layout for icon and text alignment[32m 5[2mms[22m[39m
 [32m✓[39m src/components/ErrorMessage.test.jsx[2m > [22mErrorMessage[2m > [22mstyling classes[2m > [22mshould have margin bottom class[32m 8[2mms[22m[39m
 [32m✓[39m src/components/ErrorMessage.test.jsx[2m > [22mErrorMessage[2m > [22mstyling classes[2m > [22mshould have padding class[32m 7[2mms[22m[39m
 [32m✓[39m src/components/ErrorMessage.test.jsx[2m > [22mErrorMessage[2m > [22mstyling classes[2m > [22mshould have rounded corners[32m 6[2mms[22m[39m
 [32m✓[39m src/components/ErrorMessage.test.jsx[2m > [22mErrorMessage[2m > [22mstyling classes[2m > [22mshould have border class[32m 5[2mms[22m[39m
 [32m✓[39m src/components/ErrorMessage.test.jsx[2m > [22mErrorMessage[2m > [22mstyling classes[2m > [22mshould have proper icon margin[32m 6[2mms[22m[39m
 [32m✓[39m src/components/ErrorMessage.test.jsx[2m > [22mErrorMessage[2m > [22mbackward compatibility (outside ThemeProvider)[2m > [22mshould render without ThemeProvider using darkMode prop[32m 7[2mms[22m[39m
 [32m✓[39m src/components/ErrorMessage.test.jsx[2m > [22mErrorMessage[2m > [22mbackward compatibility (outside ThemeProvider)[2m > [22mshould default to light mode when outside ThemeProvider without darkMode prop[32m 11[2mms[22m[39m
 [32m✓[39m src/components/ErrorMessage.test.jsx[2m > [22mErrorMessage[2m > [22medge cases[2m > [22mshould handle error prop changing from null to string[32m 29[2mms[22m[39m
 [32m✓[39m src/components/ErrorMessage.test.jsx[2m > [22mErrorMessage[2m > [22medge cases[2m > [22mshould handle error prop changing from string to null[32m 8[2mms[22m[39m
 [32m✓[39m src/components/ErrorMessage.test.jsx[2m > [22mErrorMessage[2m > [22medge cases[2m > [22mshould handle error prop changing between different strings[32m 16[2mms[22m[39m
 [32m✓[39m src/components/ErrorMessage.test.jsx[2m > [22mErrorMessage[2m > [22medge cases[2m > [22mshould handle whitespace-only error (treated as truthy)[32m 8[2mms[22m[39m
 [32m✓[39m src/components/ErrorMessage.test.jsx[2m > [22mErrorMessage[2m > [22medge cases[2m > [22mshould handle numeric error converted to string[32m 7[2mms[22m[39m
 [32m✓[39m src/components/ErrorMessage.test.jsx[2m > [22mErrorMessage[2m > [22medge cases[2m > [22mshould handle zero as error (falsy but valid)[32m 2[2mms[22m[39m
 [32m✓[39m src/components/ErrorMessage.test.jsx[2m > [22mErrorMessage[2m > [22mreturn value[2m > [22mshould return null when error is falsy[32m 5[2mms[22m[39m
 [32m✓[39m src/components/ErrorMessage.test.jsx[2m > [22mErrorMessage[2m > [22mreturn value[2m > [22mshould return content when error is truthy[32m 5[2mms[22m[39m
 [32m✓[39m src/components/ErrorBoundary.test.jsx[2m > [22mErrorBoundary[2m > [22mcallbacks[2m > [22mshould call onReset callback when reset is triggered[32m 173[2mms[22m[39m
 [32m✓[39m src/components/ErrorBoundary.test.jsx[2m > [22mErrorBoundary[2m > [22mreset functionality[2m > [22mshould render Try Again button in default fallback[32m 61[2mms[22m[39m
 [32m✓[39m src/components/ErrorMessage.test.jsx[2m > [22mErrorMessage[2m > [22mreturn value[2m > [22mshould return null for empty string[32m 4[2mms[22m[39m
 [32m✓[39m src/components/ErrorMessage.test.jsx[2m > [22mErrorMessage[2m > [22micon rendering[2m > [22mshould render ShieldAlert icon with correct size[32m 9[2mms[22m[39m
 [32m✓[39m src/components/ErrorMessage.test.jsx[2m > [22mErrorMessage[2m > [22micon rendering[2m > [22mshould have margin between icon and text[32m 7[2mms[22m[39m
 [32m✓[39m src/components/ErrorMessage.test.jsx[2m > [22mErrorMessage[2m > [22manimation[2m > [22mshould have motion.div wrapper[32m 10[2mms[22m[39m
 [32m✓[39m src/components/ErrorBoundary.test.jsx[2m > [22mErrorBoundary[2m > [22mreset functionality[2m > [22mshould render Reload Page button in default fallback[32m 60[2mms[22m[39m
 [32m✓[39m src/components/ErrorBoundary.test.jsx[2m > [22mErrorBoundary[2m > [22mreset functionality[2m > [22mshould pass resetErrorBoundary to FallbackComponent[32m 6[2mms[22m[39m
 [32m✓[39m src/components/ErrorBoundary.test.jsx[2m > [22mErrorBoundary[2m > [22mreset functionality[2m > [22mshould reset state when Try Again is clicked[32m 92[2mms[22m[39m
 [32m✓[39m src/components/ErrorBoundary.test.jsx[2m > [22mErrorBoundary[2m > [22mreset functionality[2m > [22mshould call window.location.reload when Reload Page is clicked[32m 59[2mms[22m[39m
 [32m✓[39m src/components/ErrorBoundary.test.jsx[2m > [22mErrorBoundary[2m > [22mstyling[2m > [22mshould have centered layout[32m 17[2mms[22m[39m
 [32m✓[39m src/components/ErrorBoundary.test.jsx[2m > [22mErrorBoundary[2m > [22mstyling[2m > [22mshould have rounded card styling[32m 15[2mms[22m[39m
 [32m✓[39m src/components/ErrorBoundary.test.jsx[2m > [22mErrorBoundary[2m > [22mstyling[2m > [22mshould have shadow styling[32m 23[2mms[22m[39m
 [32m✓[39m src/components/ErrorBoundary.test.jsx[2m > [22mErrorBoundary[2m > [22mbutton styling[2m > [22mshould have styled Try Again button[32m 68[2mms[22m[39m
 [32m✓[39m src/components/ErrorBoundary.test.jsx[2m > [22mErrorBoundary[2m > [22mbutton styling[2m > [22mshould have styled Reload Page button[32m 49[2mms[22m[39m
 [32m✓[39m src/components/ErrorBoundary.test.jsx[2m > [22mErrorBoundary[2m > [22merror logging[2m > [22mshould log error to console[32m 11[2mms[22m[39m
 [32m✓[39m src/components/ErrorBoundary.test.jsx[2m > [22mErrorBoundary[2m > [22mgetDerivedStateFromError[2m > [22mshould set hasError to true when error occurs[32m 25[2mms[22m[39m
 [32m✓[39m src/components/ErrorBoundary.test.jsx[2m > [22mErrorBoundary[2m > [22medge cases[2m > [22mshould handle errors without message[32m 21[2mms[22m[39m
 [32m✓[39m src/components/ErrorBoundary.test.jsx[2m > [22mErrorBoundary[2m > [22medge cases[2m > [22mshould handle non-Error throws[32m 23[2mms[22m[39m
 [32m✓[39m src/components/ErrorBoundary.test.jsx[2m > [22mErrorBoundary[2m > [22medge cases[2m > [22mshould not crash with deeply nested children[32m 13[2mms[22m[39m
 [32m✓[39m src/App.test.jsx[2m > [22mApp[2m > [22minitial loading state[2m > [22mshould render loading screen initially[32m 55[2mms[22m[39m
 [32m✓[39m src/App.test.jsx[2m > [22mApp[2m > [22minitial loading state[2m > [22mshould not render dashboard while loading[32m 8[2mms[22m[39m
 [32m✓[39m src/App.test.jsx[2m > [22mApp[2m > [22minitial loading state[2m > [22mshould show loading screen text[32m 11[2mms[22m[39m
 [32m✓[39m src/App.test.jsx[2m > [22mApp[2m > [22mloading completion[2m > [22mshould hide loading screen after max loading time (4 seconds)[32m 15[2mms[22m[39m
 [32m✓[39m src/App.test.jsx[2m > [22mApp[2m > [22mloading completion[2m > [22mshould show dashboard after loading completes[32m 10[2mms[22m[39m
 [32m✓[39m src/App.test.jsx[2m > [22mApp[2m > [22mloading completion[2m > [22mshould complete loading when document is already complete[32m 6[2mms[22m[39m
 [32m✓[39m src/App.test.jsx[2m > [22mApp[2m > [22mloading completion[2m > [22mshould transition to dashboard after window load event[32m 9[2mms[22m[39m
 [32m✓[39m src/App.test.jsx[2m > [22mApp[2m > [22mminimum loading time[2m > [22mshould maintain loading screen for at least 1.5 seconds after load[32m 7[2mms[22m[39m
 [32m✓[39m src/App.test.jsx[2m > [22mApp[2m > [22mmaximum loading time[2m > [22mshould not exceed 4 seconds of loading time[32m 7[2mms[22m[39m
 [32m✓[39m src/App.test.jsx[2m > [22mApp[2m > [22mmaximum loading time[2m > [22mshould show dashboard after exactly 4 seconds[32m 5[2mms[22m[39m
 [32m✓[39m src/App.test.jsx[2m > [22mApp[2m > [22mcleanup on unmount[2m > [22mshould cleanup timeouts on unmount[32m 4[2mms[22m[39m
 [32m✓[39m src/App.test.jsx[2m > [22mApp[2m > [22mcleanup on unmount[2m > [22mshould remove load event listener on unmount[32m 9[2mms[22m[39m
 [32m✓[39m src/App.test.jsx[2m > [22mApp[2m > [22mstate transitions[2m > [22mshould only show one component at a time[32m 4[2mms[22m[39m
 [32m✓[39m src/App.test.jsx[2m > [22mApp[2m > [22mstate transitions[2m > [22mshould not flicker between states[32m 7[2mms[22m[39m
 [32m✓[39m src/App.test.jsx[2m > [22mApp[2m > [22medge cases[2m > [22mshould handle multiple load events gracefully[32m 8[2mms[22m[39m
 [32m✓[39m src/App.test.jsx[2m > [22mApp[2m > [22medge cases[2m > [22mshould handle re-renders during loading[32m 6[2mms[22m[39m
 [32m✓[39m src/App.test.jsx[2m > [22mApp[2m > [22mintegration[2m > [22mshould complete full loading cycle[32m 5[2mms[22m[39m
 [32m✓[39m src/components/MeetingScheduleCard.test.jsx[2m > [22mMeetingScheduleCard[2m > [22mbasic rendering[2m > [22mshould render the component[32m 148[2mms[22m[39m
 [31m×[39m src/components/MeetingScheduleCard.test.jsx[2m > [22mMeetingScheduleCard[2m > [22mbasic rendering[2m > [22mshould render the current month and year[32m 120[2mms[22m[39m[33m (retry x1)[39m
[31m   → Found multiple elements with the text: /June/i

Here are the matching elements:

Ignored nodes: comments, script, style
[36m<span[31m
  [33mclass[31m=[32m"text-xs sm:text-sm font-semibold text-slate-700"[31m
  [33mstyle[31m=[32m"font-family: \"Manrope\", sans-serif;"[31m
[36m>[31m
  [0mJune 2024[0m
[36m</span>[31m

Ignored nodes: comments, script, style
[36m<p[31m
  [33mclass[31m=[32m"text-[10px] text-center text-slate-600"[31m
  [33mstyle[31m=[32m"font-family: \"Manrope\", sans-serif;"[31m
[36m>[31m
  [0m3[0m
  [0m [0m
  [0mmeetings[0m
  [0m [0m
  [0mscheduled in [0m
  [0mJune[0m
  [0m [0m
  [0m2024[0m
[36m</p>[31m

(If this is intentional, then use the `*AllBy*` variant of the query (like `queryAllByText`, `getAllByText`, or `findAllByText`)).

Ignored nodes: comments, script, style
[36m<body>[31m
  [36m<div>[31m
    [36m<div[31m
      [33mclass[31m=[32m"bg-white/90 border-slate-200/60 shadow-xl shadow-slate-900/10 backdrop-blur-lg rounded-2xl p-4 sm:p-5 border transition-all duration-300 hover:shadow-2xl h-auto min-[634px]:h-150 flex flex-col"[31m
      [33mvariants[31m=[32m"[object Object]"[31m
      [33mwhilehover[31m=[32m"[object Object]"[31m
    [36m>[31m
      [36m<div[31m
        [33mclass[31m=[32m"flex items-center justify-between mb-3"[31m
      [36m>[31m
        [36m<div[31m
          [33mclass[31m=[32m"flex items-center gap-2"[31m
        [36m>[31m
          [36m<div[31m
            [33mclass[31m=[32m"p-2 rounded-lg bg-blue-100"[31m
          [36m>[31m
            [36m<svg[31m
              [33maria-hidden[31m=[32m"true"[31m
              [33mclass[31m=[32m"lucide lucide-calendar w-4 h-4 text-blue-600"[31m
              [33mfill[31m=[32m"none"[31m
              [33mheight[31m=[32m"24"[31m
              [33mstroke[31m=[32m"currentColor"[31m
              [33mstroke-linecap[31m=[32m"round"[31m
              [33mstroke-linejoin[31m=[32m"round"[31m
              [33mstroke-width[31m=[32m"2"[31m
              [33mviewBox[31m=[32m"0 0 24 24"[31m
              [33mwidth[31m=[32m"24"[31m
              [33mxmlns[31m=[32m"http://www.w3.org/2000/svg"[31m
            [36m>[31m
              [36m<path[31m
                [33md[31m=[32m"M8 2v4"[31m
              [36m/>[31m
              [36m<path[31m
                [33md[31m=[32m"M16 2v4"[31m
              [36m/>[31m
              [36m<rect[31m
                [33mheight[31m=[32m"18"[31m
                [33mrx[31m=[32m"2"[31m
                [33mwidth[31m=[32m"18"[31m
                [33mx[31m=[32m"3"[31m
                [33my[31m=[32m"4"[31m
              [36m/>[31m
              [36m<path[31m
                [33md[31m=[32m"M3 10h18"[31m
              [36m/>[31m
            [36m</svg>[31m
          [36m</div>[31m
          [36m<h3[31m
            [33mclass[31m=[32m"text-base sm:text-lg font-bold text-slate-700"[31m
            [33mstyle[31m=[32m"font-family: \"Manrope\", sans-serif;"[31m
          [36m>[31m
            [0mMeeting Schedule[0m
          [36m</h3>[31m
        [36m</div>[31m
        [36m<div[31m
          [33mclass[31m=[32m"flex items-center gap-2"[31m
        [36m>[31m
          [36m<button[31m
            [33maria-label[31m=[32m"Create new meeting"[31m
            [33mclass[31m=[32m"p-2 rounded-lg transition-all duration-200 cursor-pointer bg-blue-100 text-blue-600 hover:bg-blue-200"[31m
            [33mwhilehover[31m=[32m"[object Object]"[31m
            [33mwhiletap[31m=[32m"[object Object]"[31m
          [36m>[31m
            [36m<svg[31m
              [33maria-hidden[31m=[32m"true"[31m
              [33mclass[31m=[32m"lucide lucide-plus w-4 h-4"[31m
              [33mfill[31m=[32m"none"[31m
              [33mheight[31m=[32m"24"[31m
              [33mstroke[31m=[32m"currentColor"[31m
              [33mstroke-linecap[31m=[32m"round"[31m
              [33mstroke-linejoin[31m=[32m"round"[31m
              [33mstroke-width[31m=[32m"2"[31m
              [33mviewBox[31m=[32m"0 0 24 24"[31m
              [33mwidth[31m=[32m"24"[31m
              [33mxmlns[31m=[32m"http://www.w3.org/2000/svg"[31m
            [36m>[31m
              [36m<path[31m
                [33md[31m=[32m"M5 12h14"[31m
              [36m/>[31m
              [36m<path[31m
                [33md[31m=[32m"M12 5v14"[31m
              [36m/>[31m
            [36m</svg>[31m
          [36m</button>[31m
          [36m<div[31m
            [33mclass[31m=[32m"flex items-center gap-1 p-1 rounded-lg bg-slate-100"[31m
          [36m>[31m
            [36m<button[31m
              [33maria-label[31m=[32m"Calendar view"[31m
              [33mclass[31m=[32m"p-2 rounded-md transition-all duration-200 cursor-pointer bg-white text-blue-600 shadow-md"[31m
              [33mwhilehover[31m=[32m"[object Object]"[31m
              [33mwhiletap[31m=[32m"[object Object]"[31m
            [36m>[31m
              [36m<svg[31m
                [33maria-hidden[31m=[32m"true"[31m
                [33mclass[31m=[32m"lucide lucide-calendar w-4 h-4"[31m
                [33mfill[31m=[32m"none"[31m
                [33mheight[31m=[32m"24"[31m
                [33mstroke[31m=[32m"currentColor"[31m
                [33mstroke-linecap[31m=[32m"round"[31m
                [33mstroke-linejoin[31m=[32m"round"[31m
                [33mstroke-width[31m=[32m"2"[31m
                [33mviewBox[31m=[32m"0 0 24 24"[31m
                [33mwidth[31m=[32m"24"[31m
                [33mxmlns[31m=[32m"http://www.w3.org/2000/svg"[31m
              [36m>[31m
                [36m<path[31m
                  [33md[31m=[32m"M8 2v4"[31m
                [36m/>[31m
                [36m<path[31m
                  [33md[31m=[32m"M16 2v4"[31m
                [36m/>[31m
                [36m<rect[31m
                  [33mheight[31m=[32m"18"[31m
                  [33mrx[31m=[32m"2"[31m
                  [33mwidth[31m=[32m"18"[31m
                  [33mx[31m=[32m"3"[31m
                  [33my[31m=[32m"4"[31m
                [36m/>[31m
                [36m<path[31m
                  [33md[31m=[32m"M3 10h18"[31m
                [36m/>[31m
              [36m</svg>[31m
            [36m</button>[31m
            [36m<button[31m
              [33maria-label[31m=[32m"List view"[31m
              [33mclass[31m=[32m"p-2 rounded-md transition-all duration-200 cursor-pointer text-slate-600 hover:text-slate-800"[31m
              [33mwhilehover[31m=[32m"[object Object]"[31m
              [33mwhiletap[31m=[32m"[object Object]"[31m
            [36m>[31m
              [36m<svg[31m
                [33maria-hidden[31m=[32m"true"[31m
                [33mclass[31m=[32m"lucide lucide-list w-4 h-4"[31m
                [33mfill[31m=[32m"none"[31m
                [33mheight[31m=[32m"24"[31m
                [33mstroke[31m=[32m"currentColor"[31m
                [33mstroke-linecap[31m=[32m"round"[31m
                [33mstroke-linejoin[31m=[32m"round"[31m
                [33mstroke-width[31m=[32m"2"[31m
                [33mviewBox[31m=[32m"0 0 24 24"[31m
                [33mwidth[31m=[32m"24"[31m
                [33mxmlns[31m=[32m"http://www.w3.org/2000/svg"[31m
              [36m>[31m
                [36m<path[31m
                  [33md[31m=[32m"M3 5h.01"[31m
                [36m/>[31m
                [36m<path[31m
                  [33md[31m=[32m"M3 12h.01"[31m
                [36m/>[31m
                [36m<path[31m
                  [33md[31m=[32m"M3 1...[39m
[31m   → Found multiple elements with the text: /June/i

Here are the matching elements:

Ignored nodes: comments, script, style
[36m<span[31m
  [33mclass[31m=[32m"text-xs sm:text-sm font-semibold text-slate-700"[31m
  [33mstyle[31m=[32m"font-family: \"Manrope\", sans-serif;"[31m
[36m>[31m
  [0mJune 2024[0m
[36m</span>[31m

Ignored nodes: comments, script, style
[36m<p[31m
  [33mclass[31m=[32m"text-[10px] text-center text-slate-600"[31m
  [33mstyle[31m=[32m"font-family: \"Manrope\", sans-serif;"[31m
[36m>[31m
  [0m3[0m
  [0m [0m
  [0mmeetings[0m
  [0m [0m
  [0mscheduled in [0m
  [0mJune[0m
  [0m [0m
  [0m2024[0m
[36m</p>[31m

(If this is intentional, then use the `*AllBy*` variant of the query (like `queryAllByText`, `getAllByText`, or `findAllByText`)).

Ignored nodes: comments, script, style
[36m<body>[31m
  [36m<div>[31m
    [36m<div[31m
      [33mclass[31m=[32m"bg-white/90 border-slate-200/60 shadow-xl shadow-slate-900/10 backdrop-blur-lg rounded-2xl p-4 sm:p-5 border transition-all duration-300 hover:shadow-2xl h-auto min-[634px]:h-150 flex flex-col"[31m
      [33mvariants[31m=[32m"[object Object]"[31m
      [33mwhilehover[31m=[32m"[object Object]"[31m
    [36m>[31m
      [36m<div[31m
        [33mclass[31m=[32m"flex items-center justify-between mb-3"[31m
      [36m>[31m
        [36m<div[31m
          [33mclass[31m=[32m"flex items-center gap-2"[31m
        [36m>[31m
          [36m<div[31m
            [33mclass[31m=[32m"p-2 rounded-lg bg-blue-100"[31m
          [36m>[31m
            [36m<svg[31m
              [33maria-hidden[31m=[32m"true"[31m
              [33mclass[31m=[32m"lucide lucide-calendar w-4 h-4 text-blue-600"[31m
              [33mfill[31m=[32m"none"[31m
              [33mheight[31m=[32m"24"[31m
              [33mstroke[31m=[32m"currentColor"[31m
              [33mstroke-linecap[31m=[32m"round"[31m
              [33mstroke-linejoin[31m=[32m"round"[31m
              [33mstroke-width[31m=[32m"2"[31m
              [33mviewBox[31m=[32m"0 0 24 24"[31m
              [33mwidth[31m=[32m"24"[31m
              [33mxmlns[31m=[32m"http://www.w3.org/2000/svg"[31m
            [36m>[31m
              [36m<path[31m
                [33md[31m=[32m"M8 2v4"[31m
              [36m/>[31m
              [36m<path[31m
                [33md[31m=[32m"M16 2v4"[31m
              [36m/>[31m
              [36m<rect[31m
                [33mheight[31m=[32m"18"[31m
                [33mrx[31m=[32m"2"[31m
                [33mwidth[31m=[32m"18"[31m
                [33mx[31m=[32m"3"[31m
                [33my[31m=[32m"4"[31m
              [36m/>[31m
              [36m<path[31m
                [33md[31m=[32m"M3 10h18"[31m
              [36m/>[31m
            [36m</svg>[31m
          [36m</div>[31m
          [36m<h3[31m
            [33mclass[31m=[32m"text-base sm:text-lg font-bold text-slate-700"[31m
            [33mstyle[31m=[32m"font-family: \"Manrope\", sans-serif;"[31m
          [36m>[31m
            [0mMeeting Schedule[0m
          [36m</h3>[31m
        [36m</div>[31m
        [36m<div[31m
          [33mclass[31m=[32m"flex items-center gap-2"[31m
        [36m>[31m
          [36m<button[31m
            [33maria-label[31m=[32m"Create new meeting"[31m
            [33mclass[31m=[32m"p-2 rounded-lg transition-all duration-200 cursor-pointer bg-blue-100 text-blue-600 hover:bg-blue-200"[31m
            [33mwhilehover[31m=[32m"[object Object]"[31m
            [33mwhiletap[31m=[32m"[object Object]"[31m
          [36m>[31m
            [36m<svg[31m
              [33maria-hidden[31m=[32m"true"[31m
              [33mclass[31m=[32m"lucide lucide-plus w-4 h-4"[31m
              [33mfill[31m=[32m"none"[31m
              [33mheight[31m=[32m"24"[31m
              [33mstroke[31m=[32m"currentColor"[31m
              [33mstroke-linecap[31m=[32m"round"[31m
              [33mstroke-linejoin[31m=[32m"round"[31m
              [33mstroke-width[31m=[32m"2"[31m
              [33mviewBox[31m=[32m"0 0 24 24"[31m
              [33mwidth[31m=[32m"24"[31m
              [33mxmlns[31m=[32m"http://www.w3.org/2000/svg"[31m
            [36m>[31m
              [36m<path[31m
                [33md[31m=[32m"M5 12h14"[31m
              [36m/>[31m
              [36m<path[31m
                [33md[31m=[32m"M12 5v14"[31m
              [36m/>[31m
            [36m</svg>[31m
          [36m</button>[31m
          [36m<div[31m
            [33mclass[31m=[32m"flex items-center gap-1 p-1 rounded-lg bg-slate-100"[31m
          [36m>[31m
            [36m<button[31m
              [33maria-label[31m=[32m"Calendar view"[31m
              [33mclass[31m=[32m"p-2 rounded-md transition-all duration-200 cursor-pointer bg-white text-blue-600 shadow-md"[31m
              [33mwhilehover[31m=[32m"[object Object]"[31m
              [33mwhiletap[31m=[32m"[object Object]"[31m
            [36m>[31m
              [36m<svg[31m
                [33maria-hidden[31m=[32m"true"[31m
                [33mclass[31m=[32m"lucide lucide-calendar w-4 h-4"[31m
                [33mfill[31m=[32m"none"[31m
                [33mheight[31m=[32m"24"[31m
                [33mstroke[31m=[32m"currentColor"[31m
                [33mstroke-linecap[31m=[32m"round"[31m
                [33mstroke-linejoin[31m=[32m"round"[31m
                [33mstroke-width[31m=[32m"2"[31m
                [33mviewBox[31m=[32m"0 0 24 24"[31m
                [33mwidth[31m=[32m"24"[31m
                [33mxmlns[31m=[32m"http://www.w3.org/2000/svg"[31m
              [36m>[31m
                [36m<path[31m
                  [33md[31m=[32m"M8 2v4"[31m
                [36m/>[31m
                [36m<path[31m
                  [33md[31m=[32m"M16 2v4"[31m
                [36m/>[31m
                [36m<rect[31m
                  [33mheight[31m=[32m"18"[31m
                  [33mrx[31m=[32m"2"[31m
                  [33mwidth[31m=[32m"18"[31m
                  [33mx[31m=[32m"3"[31m
                  [33my[31m=[32m"4"[31m
                [36m/>[31m
                [36m<path[31m
                  [33md[31m=[32m"M3 10h18"[31m
                [36m/>[31m
              [36m</svg>[31m
            [36m</button>[31m
            [36m<button[31m
              [33maria-label[31m=[32m"List view"[31m
              [33mclass[31m=[32m"p-2 rounded-md transition-all duration-200 cursor-pointer text-slate-600 hover:text-slate-800"[31m
              [33mwhilehover[31m=[32m"[object Object]"[31m
              [33mwhiletap[31m=[32m"[object Object]"[31m
            [36m>[31m
              [36m<svg[31m
                [33maria-hidden[31m=[32m"true"[31m
                [33mclass[31m=[32m"lucide lucide-list w-4 h-4"[31m
                [33mfill[31m=[32m"none"[31m
                [33mheight[31m=[32m"24"[31m
                [33mstroke[31m=[32m"currentColor"[31m
                [33mstroke-linecap[31m=[32m"round"[31m
                [33mstroke-linejoin[31m=[32m"round"[31m
                [33mstroke-width[31m=[32m"2"[31m
                [33mviewBox[31m=[32m"0 0 24 24"[31m
                [33mwidth[31m=[32m"24"[31m
                [33mxmlns[31m=[32m"http://www.w3.org/2000/svg"[31m
              [36m>[31m
                [36m<path[31m
                  [33md[31m=[32m"M3 5h.01"[31m
                [36m/>[31m
                [36m<path[31m
                  [33md[31m=[32m"M3 12h.01"[31m
                [36m/>[31m
                [36m<path[31m
                  [33md[31m=[32m"M3 1...[39m
 [32m✓[39m src/components/MeetingScheduleCard.test.jsx[2m > [22mMeetingScheduleCard[2m > [22mbasic rendering[2m > [22mshould render navigation buttons[32m 263[2mms[22m[39m
 [31m×[39m src/components/MeetingScheduleCard.test.jsx[2m > [22mMeetingScheduleCard[2m > [22mbasic rendering[2m > [22mshould render day headers[32m 98[2mms[22m[39m[33m (retry x1)[39m
[31m   → Unable to find an element with the text: Sun. This could be because the text is broken up by multiple elements. In this case, you can provide a function for your text matcher to make your matcher more flexible.

Ignored nodes: comments, script, style
[36m<body>[31m
  [36m<div>[31m
    [36m<div[31m
      [33mclass[31m=[32m"bg-white/90 border-slate-200/60 shadow-xl shadow-slate-900/10 backdrop-blur-lg rounded-2xl p-4 sm:p-5 border transition-all duration-300 hover:shadow-2xl h-auto min-[634px]:h-150 flex flex-col"[31m
      [33mvariants[31m=[32m"[object Object]"[31m
      [33mwhilehover[31m=[32m"[object Object]"[31m
    [36m>[31m
      [36m<div[31m
        [33mclass[31m=[32m"flex items-center justify-between mb-3"[31m
      [36m>[31m
        [36m<div[31m
          [33mclass[31m=[32m"flex items-center gap-2"[31m
        [36m>[31m
          [36m<div[31m
            [33mclass[31m=[32m"p-2 rounded-lg bg-blue-100"[31m
          [36m>[31m
            [36m<svg[31m
              [33maria-hidden[31m=[32m"true"[31m
              [33mclass[31m=[32m"lucide lucide-calendar w-4 h-4 text-blue-600"[31m
              [33mfill[31m=[32m"none"[31m
              [33mheight[31m=[32m"24"[31m
              [33mstroke[31m=[32m"currentColor"[31m
              [33mstroke-linecap[31m=[32m"round"[31m
              [33mstroke-linejoin[31m=[32m"round"[31m
              [33mstroke-width[31m=[32m"2"[31m
              [33mviewBox[31m=[32m"0 0 24 24"[31m
              [33mwidth[31m=[32m"24"[31m
              [33mxmlns[31m=[32m"http://www.w3.org/2000/svg"[31m
            [36m>[31m
              [36m<path[31m
                [33md[31m=[32m"M8 2v4"[31m
              [36m/>[31m
              [36m<path[31m
                [33md[31m=[32m"M16 2v4"[31m
              [36m/>[31m
              [36m<rect[31m
                [33mheight[31m=[32m"18"[31m
                [33mrx[31m=[32m"2"[31m
                [33mwidth[31m=[32m"18"[31m
                [33mx[31m=[32m"3"[31m
                [33my[31m=[32m"4"[31m
              [36m/>[31m
              [36m<path[31m
                [33md[31m=[32m"M3 10h18"[31m
              [36m/>[31m
            [36m</svg>[31m
          [36m</div>[31m
          [36m<h3[31m
            [33mclass[31m=[32m"text-base sm:text-lg font-bold text-slate-700"[31m
            [33mstyle[31m=[32m"font-family: \"Manrope\", sans-serif;"[31m
          [36m>[31m
            [0mMeeting Schedule[0m
          [36m</h3>[31m
        [36m</div>[31m
        [36m<div[31m
          [33mclass[31m=[32m"flex items-center gap-2"[31m
        [36m>[31m
          [36m<button[31m
            [33maria-label[31m=[32m"Create new meeting"[31m
            [33mclass[31m=[32m"p-2 rounded-lg transition-all duration-200 cursor-pointer bg-blue-100 text-blue-600 hover:bg-blue-200"[31m
            [33mwhilehover[31m=[32m"[object Object]"[31m
            [33mwhiletap[31m=[32m"[object Object]"[31m
          [36m>[31m
            [36m<svg[31m
              [33maria-hidden[31m=[32m"true"[31m
              [33mclass[31m=[32m"lucide lucide-plus w-4 h-4"[31m
              [33mfill[31m=[32m"none"[31m
              [33mheight[31m=[32m"24"[31m
              [33mstroke[31m=[32m"currentColor"[31m
              [33mstroke-linecap[31m=[32m"round"[31m
              [33mstroke-linejoin[31m=[32m"round"[31m
              [33mstroke-width[31m=[32m"2"[31m
              [33mviewBox[31m=[32m"0 0 24 24"[31m
              [33mwidth[31m=[32m"24"[31m
              [33mxmlns[31m=[32m"http://www.w3.org/2000/svg"[31m
            [36m>[31m
              [36m<path[31m
                [33md[31m=[32m"M5 12h14"[31m
              [36m/>[31m
              [36m<path[31m
                [33md[31m=[32m"M12 5v14"[31m
              [36m/>[31m
            [36m</svg>[31m
          [36m</button>[31m
          [36m<div[31m
            [33mclass[31m=[32m"flex items-center gap-1 p-1 rounded-lg bg-slate-100"[31m
          [36m>[31m
            [36m<button[31m
              [33maria-label[31m=[32m"Calendar view"[31m
              [33mclass[31m=[32m"p-2 rounded-md transition-all duration-200 cursor-pointer bg-white text-blue-600 shadow-md"[31m
              [33mwhilehover[31m=[32m"[object Object]"[31m
              [33mwhiletap[31m=[32m"[object Object]"[31m
            [36m>[31m
              [36m<svg[31m
                [33maria-hidden[31m=[32m"true"[31m
                [33mclass[31m=[32m"lucide lucide-calendar w-4 h-4"[31m
                [33mfill[31m=[32m"none"[31m
                [33mheight[31m=[32m"24"[31m
                [33mstroke[31m=[32m"currentColor"[31m
                [33mstroke-linecap[31m=[32m"round"[31m
                [33mstroke-linejoin[31m=[32m"round"[31m
                [33mstroke-width[31m=[32m"2"[31m
                [33mviewBox[31m=[32m"0 0 24 24"[31m
                [33mwidth[31m=[32m"24"[31m
                [33mxmlns[31m=[32m"http://www.w3.org/2000/svg"[31m
              [36m>[31m
                [36m<path[31m
                  [33md[31m=[32m"M8 2v4"[31m
                [36m/>[31m
                [36m<path[31m
                  [33md[31m=[32m"M16 2v4"[31m
                [36m/>[31m
                [36m<rect[31m
                  [33mheight[31m=[32m"18"[31m
                  [33mrx[31m=[32m"2"[31m
                  [33mwidth[31m=[32m"18"[31m
                  [33mx[31m=[32m"3"[31m
                  [33my[31m=[32m"4"[31m
                [36m/>[31m
                [36m<path[31m
                  [33md[31m=[32m"M3 10h18"[31m
                [36m/>[31m
              [36m</svg>[31m
            [36m</button>[31m
            [36m<button[31m
              [33maria-label[31m=[32m"List view"[31m
              [33mclass[31m=[32m"p-2 rounded-md transition-all duration-200 cursor-pointer text-slate-600 hover:text-slate-800"[31m
              [33mwhilehover[31m=[32m"[object Object]"[31m
              [33mwhiletap[31m=[32m"[object Object]"[31m
            [36m>[31m
              [36m<svg[31m
                [33maria-hidden[31m=[32m"true"[31m
                [33mclass[31m=[32m"lucide lucide-list w-4 h-4"[31m
                [33mfill[31m=[32m"none"[31m
                [33mheight[31m=[32m"24"[31m
                [33mstroke[31m=[32m"currentColor"[31m
                [33mstroke-linecap[31m=[32m"round"[31m
                [33mstroke-linejoin[31m=[32m"round"[31m
                [33mstroke-width[31m=[32m"2"[31m
                [33mviewBox[31m=[32m"0 0 24 24"[31m
                [33mwidth[31m=[32m"24"[31m
                [33mxmlns[31m=[32m"http://www.w3.org/2000/svg"[31m
              [36m>[31m
                [36m<path[31m
                  [33md[31m=[32m"M3 5h.01"[31m
                [36m/>[31m
                [36m<path[31m
                  [33md[31m=[32m"M3 12h.01"[31m
                [36m/>[31m
                [36m<path[31m
                  [33md[31m=[32m"M3 1...[39m
[31m   → Unable to find an element with the text: Sun. This could be because the text is broken up by multiple elements. In this case, you can provide a function for your text matcher to make your matcher more flexible.

Ignored nodes: comments, script, style
[36m<body>[31m
  [36m<div>[31m
    [36m<div[31m
      [33mclass[31m=[32m"bg-white/90 border-slate-200/60 shadow-xl shadow-slate-900/10 backdrop-blur-lg rounded-2xl p-4 sm:p-5 border transition-all duration-300 hover:shadow-2xl h-auto min-[634px]:h-150 flex flex-col"[31m
      [33mvariants[31m=[32m"[object Object]"[31m
      [33mwhilehover[31m=[32m"[object Object]"[31m
    [36m>[31m
      [36m<div[31m
        [33mclass[31m=[32m"flex items-center justify-between mb-3"[31m
      [36m>[31m
        [36m<div[31m
          [33mclass[31m=[32m"flex items-center gap-2"[31m
        [36m>[31m
          [36m<div[31m
            [33mclass[31m=[32m"p-2 rounded-lg bg-blue-100"[31m
          [36m>[31m
            [36m<svg[31m
              [33maria-hidden[31m=[32m"true"[31m
              [33mclass[31m=[32m"lucide lucide-calendar w-4 h-4 text-blue-600"[31m
              [33mfill[31m=[32m"none"[31m
              [33mheight[31m=[32m"24"[31m
              [33mstroke[31m=[32m"currentColor"[31m
              [33mstroke-linecap[31m=[32m"round"[31m
              [33mstroke-linejoin[31m=[32m"round"[31m
              [33mstroke-width[31m=[32m"2"[31m
              [33mviewBox[31m=[32m"0 0 24 24"[31m
              [33mwidth[31m=[32m"24"[31m
              [33mxmlns[31m=[32m"http://www.w3.org/2000/svg"[31m
            [36m>[31m
              [36m<path[31m
                [33md[31m=[32m"M8 2v4"[31m
              [36m/>[31m
              [36m<path[31m
                [33md[31m=[32m"M16 2v4"[31m
              [36m/>[31m
              [36m<rect[31m
                [33mheight[31m=[32m"18"[31m
                [33mrx[31m=[32m"2"[31m
                [33mwidth[31m=[32m"18"[31m
                [33mx[31m=[32m"3"[31m
                [33my[31m=[32m"4"[31m
              [36m/>[31m
              [36m<path[31m
                [33md[31m=[32m"M3 10h18"[31m
              [36m/>[31m
            [36m</svg>[31m
          [36m</div>[31m
          [36m<h3[31m
            [33mclass[31m=[32m"text-base sm:text-lg font-bold text-slate-700"[31m
            [33mstyle[31m=[32m"font-family: \"Manrope\", sans-serif;"[31m
          [36m>[31m
            [0mMeeting Schedule[0m
          [36m</h3>[31m
        [36m</div>[31m
        [36m<div[31m
          [33mclass[31m=[32m"flex items-center gap-2"[31m
        [36m>[31m
          [36m<button[31m
            [33maria-label[31m=[32m"Create new meeting"[31m
            [33mclass[31m=[32m"p-2 rounded-lg transition-all duration-200 cursor-pointer bg-blue-100 text-blue-600 hover:bg-blue-200"[31m
            [33mwhilehover[31m=[32m"[object Object]"[31m
            [33mwhiletap[31m=[32m"[object Object]"[31m
          [36m>[31m
            [36m<svg[31m
              [33maria-hidden[31m=[32m"true"[31m
              [33mclass[31m=[32m"lucide lucide-plus w-4 h-4"[31m
              [33mfill[31m=[32m"none"[31m
              [33mheight[31m=[32m"24"[31m
              [33mstroke[31m=[32m"currentColor"[31m
              [33mstroke-linecap[31m=[32m"round"[31m
              [33mstroke-linejoin[31m=[32m"round"[31m
              [33mstroke-width[31m=[32m"2"[31m
              [33mviewBox[31m=[32m"0 0 24 24"[31m
              [33mwidth[31m=[32m"24"[31m
              [33mxmlns[31m=[32m"http://www.w3.org/2000/svg"[31m
            [36m>[31m
              [36m<path[31m
                [33md[31m=[32m"M5 12h14"[31m
              [36m/>[31m
              [36m<path[31m
                [33md[31m=[32m"M12 5v14"[31m
              [36m/>[31m
            [36m</svg>[31m
          [36m</button>[31m
          [36m<div[31m
            [33mclass[31m=[32m"flex items-center gap-1 p-1 rounded-lg bg-slate-100"[31m
          [36m>[31m
            [36m<button[31m
              [33maria-label[31m=[32m"Calendar view"[31m
              [33mclass[31m=[32m"p-2 rounded-md transition-all duration-200 cursor-pointer bg-white text-blue-600 shadow-md"[31m
              [33mwhilehover[31m=[32m"[object Object]"[31m
              [33mwhiletap[31m=[32m"[object Object]"[31m
            [36m>[31m
              [36m<svg[31m
                [33maria-hidden[31m=[32m"true"[31m
                [33mclass[31m=[32m"lucide lucide-calendar w-4 h-4"[31m
                [33mfill[31m=[32m"none"[31m
                [33mheight[31m=[32m"24"[31m
                [33mstroke[31m=[32m"currentColor"[31m
                [33mstroke-linecap[31m=[32m"round"[31m
                [33mstroke-linejoin[31m=[32m"round"[31m
                [33mstroke-width[31m=[32m"2"[31m
                [33mviewBox[31m=[32m"0 0 24 24"[31m
                [33mwidth[31m=[32m"24"[31m
                [33mxmlns[31m=[32m"http://www.w3.org/2000/svg"[31m
              [36m>[31m
                [36m<path[31m
                  [33md[31m=[32m"M8 2v4"[31m
                [36m/>[31m
                [36m<path[31m
                  [33md[31m=[32m"M16 2v4"[31m
                [36m/>[31m
                [36m<rect[31m
                  [33mheight[31m=[32m"18"[31m
                  [33mrx[31m=[32m"2"[31m
                  [33mwidth[31m=[32m"18"[31m
                  [33mx[31m=[32m"3"[31m
                  [33my[31m=[32m"4"[31m
                [36m/>[31m
                [36m<path[31m
                  [33md[31m=[32m"M3 10h18"[31m
                [36m/>[31m
              [36m</svg>[31m
            [36m</button>[31m
            [36m<button[31m
              [33maria-label[31m=[32m"List view"[31m
              [33mclass[31m=[32m"p-2 rounded-md transition-all duration-200 cursor-pointer text-slate-600 hover:text-slate-800"[31m
              [33mwhilehover[31m=[32m"[object Object]"[31m
              [33mwhiletap[31m=[32m"[object Object]"[31m
            [36m>[31m
              [36m<svg[31m
                [33maria-hidden[31m=[32m"true"[31m
                [33mclass[31m=[32m"lucide lucide-list w-4 h-4"[31m
                [33mfill[31m=[32m"none"[31m
                [33mheight[31m=[32m"24"[31m
                [33mstroke[31m=[32m"currentColor"[31m
                [33mstroke-linecap[31m=[32m"round"[31m
                [33mstroke-linejoin[31m=[32m"round"[31m
                [33mstroke-width[31m=[32m"2"[31m
                [33mviewBox[31m=[32m"0 0 24 24"[31m
                [33mwidth[31m=[32m"24"[31m
                [33mxmlns[31m=[32m"http://www.w3.org/2000/svg"[31m
              [36m>[31m
                [36m<path[31m
                  [33md[31m=[32m"M3 5h.01"[31m
                [36m/>[31m
                [36m<path[31m
                  [33md[31m=[32m"M3 12h.01"[31m
                [36m/>[31m
                [36m<path[31m
                  [33md[31m=[32m"M3 1...[39m
 [32m✓[39m src/components/MeetingScheduleCard.test.jsx[2m > [22mMeetingScheduleCard[2m > [22mbasic rendering[2m > [22mshould render calendar days[32m 37[2mms[22m[39m
 [32m✓[39m src/components/MeetingScheduleCard.test.jsx[2m > [22mMeetingScheduleCard[2m > [22mbasic rendering[2m > [22mshould render meeting count badge[32m 30[2mms[22m[39m
 [31m×[39m src/components/MeetingScheduleCard.test.jsx[2m > [22mMeetingScheduleCard[2m > [22mcalendar navigation[2m > [22mshould navigate to previous month[33m 20040[2mms[22m[39m[33m (retry x1)[39m
[31m   → Test timed out in 10000ms.
If this is a long-running test, pass a timeout value as the last argument or configure it globally with "testTimeout".[39m
[31m   → Test timed out in 10000ms.
If this is a long-running test, pass a timeout value as the last argument or configure it globally with "testTimeout".[39m
 [31m×[39m src/components/MeetingScheduleCard.test.jsx[2m > [22mMeetingScheduleCard[2m > [22mcalendar navigation[2m > [22mshould navigate to next month[33m 20032[2mms[22m[39m[33m (retry x1)[39m
[31m   → Test timed out in 10000ms.
If this is a long-running test, pass a timeout value as the last argument or configure it globally with "testTimeout".[39m
[31m   → Test timed out in 10000ms.
If this is a long-running test, pass a timeout value as the last argument or configure it globally with "testTimeout".[39m
 [32m✓[39m src/components/MeetingScheduleCard.test.jsx[2m > [22mMeetingScheduleCard[2m > [22mmeeting display[2m > [22mshould indicate days with meetings[32m 44[2mms[22m[39m
 [31m×[39m src/components/MeetingScheduleCard.test.jsx[2m > [22mMeetingScheduleCard[2m > [22mmeeting display[2m > [22mshould show meeting details when day is clicked[33m 20024[2mms[22m[39m[33m (retry x1)[39m
[31m   → Test timed out in 10000ms.
If this is a long-running test, pass a timeout value as the last argument or configure it globally with "testTimeout".[39m
[31m   → Test timed out in 10000ms.
If this is a long-running test, pass a timeout value as the last argument or configure it globally with "testTimeout".[39m
